******************************************************************************
                  TI ARM Linker PC v18.1.1                     
******************************************************************************
>> Linked Wed Jun  6 17:28:26 2018

OUTPUT FILE NAME:   <IE119-Lab2.out>
ENTRY POINT SYMBOL: "_c_int00_noargs"  address: 00001a5d


MEMORY CONFIGURATION

         name            origin    length      used     unused   attr    fill
----------------------  --------  ---------  --------  --------  ----  --------
  MAIN                  00000000   00040000  00002174  0003de8c  R  X
  INFO                  00200000   00004000  00000000  00004000  R  X
  SRAM_CODE             01000000   00010000  0000461e  0000b9e2  RW X
  SRAM_DATA             20000000   00010000  0000461e  0000b9e2  RW  


SEGMENT ALLOCATION MAP

run origin  load origin   length   init length attrs members
----------  ----------- ---------- ----------- ----- -------
00000000    00000000    00002178   00002178    r-x
  00000000    00000000    000000e4   000000e4    r-- .intvecs
  000000e4    000000e4    00001e9e   00001e9e    r-x .text
  00001f84    00001f84    000001a6   000001a6    r-- .const
  0000212c    0000212c    00000004   00000004    r-- .init_array
  00002130    00002130    00000048   00000048    r-- .cinit
20000000    20000000    00004424   00000000    rw-
  20000000    20000000    00003ff2   00000000    rw- .bss
  20003ff8    20003ff8    00000400   00000000    rw- .sysmem
  200043f8    200043f8    0000002c   00000000    rw- .data
2000fe00    2000fe00    00000200   00000000    rw-
  2000fe00    2000fe00    00000200   00000000    rw- .stack


SECTION ALLOCATION MAP

 output                                  attributes/
section   page    origin      length       input sections
--------  ----  ----------  ----------   ----------------
.intvecs   0    00000000    000000e4     
                  00000000    000000e4     startup_msp432p401r_ccs.obj (.intvecs:retain)

.binit     0    00000000    00000000     

.text      0    000000e4    00001e9e     
                  000000e4    000001d0     Crystalfontz128x128_ST7735.obj (.text:Crystalfontz128x128_PixelDrawMultiple)
                  000002b4    0000019e     SCREEN_UPDATE.obj (.text:_ZN13SCREEN_UPDATE3runEv)
                  00000452    00000002     startup_msp432p401r_ccs.obj (.text:Default_Handler)
                  00000454    00000134     Crystalfontz128x128_ST7735.obj (.text:Crystalfontz128x128_SetDrawFrame)
                  00000588    00000130     Scheduler.obj (.text:_ZN9Scheduler3runEv)
                  000006b8    0000012c     Crystalfontz128x128_ST7735.obj (.text:Crystalfontz128x128_Init)
                  000007e4    000000e8     Mailbox.obj (.text:_ZN7Mailbox11sendMessageE10st_Message)
                  000008cc    000000e4     Mailbox.obj (.text:_ZN7Mailbox10getMessageEht)
                  000009b0    000000d8     rtsv7M4_T_le_v4SPD16_eabi.lib : memory.c.obj (.text:free)
                  00000a88    000000d0     UPDATE_ADC.obj (.text:_ZN10UPDATE_ADC5setupEv)
                  00000b58    000000cc     Mailbox.obj (.text:_ZN7Mailbox15FindMessageSlotEhbt)
                  00000c24    000000c4     LINE_COUNT.obj (.text:_ZN10LINE_COUNT3runEv)
                  00000ce8    000000a2     Scheduler.obj (.text:_ZN9Scheduler6attachEP4Task8TaskType10TaskActivehy)
                  00000d8a    00000002     rtsv7M4_T_le_v4SPD16_eabi.lib : stdlib_typeinfo.cpp.obj (.text:_ZNSt9type_infoD1Ev)
                  00000d8c    000000a0     main.obj (.text:main)
                  00000e2c    0000009c     Scheduler.obj (.text:_ZN9Scheduler9PairTasksEv)
                  00000ec8    0000009c     rtsv7M4_T_le_v4SPD16_eabi.lib : memcpy_t2.asm.obj (.text)
                  00000f64    0000009a     Crystalfontz128x128_ST7735.obj (.text:Crystalfontz128x128_RectFill)
                  00000ffe    0000007c     msp432p4xx_driverlib.lib : spi_MSP432P4XX.obj (.text:SPI_initMaster)
                  0000107a    0000007a     Mailbox.obj (.text:_ZN7Mailbox12setupMailboxEh)
                  000010f4    0000007a     rtsv7M4_T_le_v4SPD16_eabi.lib : memset_t2.asm.obj (.text)
                  0000116e    00000002                                   : _lock.c.obj (.text:_nop)
                  00001170    00000078     system_msp432p401r.obj (.text:SystemInit)
                  000011e8    00000078     rtsv7M4_T_le_v4SPD16_eabi.lib : memory.c.obj (.text:malloc)
                  00001260    00000074     Scheduler.obj (.text:_ZN9Scheduler5setupEv)
                  000012d4    00000070     UPDATE_ADC.obj (.text:_ZN10UPDATE_ADC3runEv)
                  00001344    0000006c     main.obj (.text:_ZN10LINE_COUNTC1Ev)
                  000013b0    00000068     rtsv7M4_T_le_v4SPD16_eabi.lib : copy_decompress_lzss.c.obj (.text:decompress:lzss:__TI_decompress_lzss)
                  00001418    00000060                                   : autoinit.c.obj (.text:__TI_auto_init_nobinit:__TI_auto_init_nobinit)
                  00001478    0000005e     Crystalfontz128x128_ST7735.obj (.text:Crystalfontz128x128_LineDrawV)
                  000014d6    0000005c     Mailbox.obj (.text:_ZN7Mailbox18MessageAccessWriteEh10st_Message)
                  00001532    0000005a     Crystalfontz128x128_ST7735.obj (.text:Crystalfontz128x128_LineDrawH)
                  0000158c    00000058     Mailbox.obj (.text:_ZN7MailboxC1Ev)
                  000015e4    00000054     Crystalfontz128x128_ST7735.obj (.text:Crystalfontz128x128_SetOrientation)
                  00001638    00000054     main.obj (.text:T32_INT1_IRQHandler)
                  0000168c    00000052     grlib.a : context.obj (.text:Graphics_initContext)
                  000016de    0000004e     Scheduler.obj (.text:_ZN9Scheduler13NumberOfTasksEv)
                  0000172c    0000004e     Scheduler.obj (.text:_ZN9SchedulerC1Ev)
                  0000177a    00000002     --HOLE-- [fill = 0]
                  0000177c    0000004c     msp432p4xx_driverlib.lib : gpio_MSP432P4XX.obj (.text:GPIO_setAsPeripheralModuleFunctionOutputPin)
                  000017c8    00000048     main.obj (.text:_ZN29_INTERNAL_8_main_cpp_8ea94d1918__NVIC_SetPriorityE4IRQnj)
                  00001810    00000048     UPDATE_ADC.obj (.text:_ZN36_INTERNAL_14_UPDATE_ADC_cpp_a204de0c18__NVIC_SetPriorityE4IRQnj)
                  00001858    00000046     Mailbox.obj (.text:_ZN7Mailbox23WriteOnSpecificPositionEhh10st_Message)
                  0000189e    00000002     --HOLE-- [fill = 0]
                  000018a0    00000044     main.obj (.text:_Z5Setupv)
                  000018e4    00000044     SCREEN_UPDATE.obj (.text:_ZN13SCREEN_UPDATE5setupEv)
                  00001928    00000040     HAL_MSP_EXP432P401R_Crystalfontz128x128_ST7735.obj (.text:HAL_LCD_SpiInit)
                  00001968    00000040     Task.obj (.text:_ZN4TaskC1Ev)
                  000019a8    0000003e     Crystalfontz128x128_ST7735.obj (.text:Crystalfontz128x128_PixelDraw)
                  000019e6    00000002     --HOLE-- [fill = 0]
                  000019e8    0000003c     rtsv7M4_T_le_v4SPD16_eabi.lib : memory.c.obj (.text:minsert)
                  00001a24    00000038     HAL_MSP_EXP432P401R_Crystalfontz128x128_ST7735.obj (.text:HAL_LCD_writeCommand)
                  00001a5c    00000038     rtsv7M4_T_le_v4SPD16_eabi.lib : boot_cortex_m.c.obj (.text:_c_int00_noargs:_c_int00_noargs)
                  00001a94    00000038                                   : memory.c.obj (.text:minit)
                  00001acc    00000036     Mailbox.obj (.text:_ZN7Mailbox17MessageAccessReadEhh)
                  00001b02    00000030     HAL_MSP_EXP432P401R_Crystalfontz128x128_ST7735.obj (.text:HAL_LCD_PortInit)
                  00001b32    00000002     --HOLE-- [fill = 0]
                  00001b34    00000030     main.obj (.text:_ZN29_INTERNAL_8_main_cpp_8ea94d1916__NVIC_EnableIRQE4IRQn)
                  00001b64    00000030     UPDATE_ADC.obj (.text:_ZN36_INTERNAL_14_UPDATE_ADC_cpp_a204de0c16__NVIC_EnableIRQE4IRQn)
                  00001b94    00000030     Mailbox.obj (.text:_ZN7Mailbox10getMailboxEv)
                  00001bc4    00000030     msp432p4xx_driverlib.lib : spi_MSP432P4XX.obj (.text:is_A_Module)
                  00001bf4    0000002e     Task.obj (.text:_ZN4Task11sendMessageE10st_Message)
                  00001c22    00000002     --HOLE-- [fill = 0]
                  00001c24    0000002c     Crystalfontz128x128_ST7735.obj (.text:Crystalfontz128x128_ClearScreen)
                  00001c50    0000002c     HAL_MSP_EXP432P401R_Crystalfontz128x128_ST7735.obj (.text:HAL_LCD_writeData)
                  00001c7c    0000002c     Task.obj (.text:_ZN4Task21CheckMessageIntegrityE10st_Message)
                  00001ca8    00000028     Crystalfontz128x128_ST7735.obj (.text:Crystalfontz128x128_ColorTranslate)
                  00001cd0    00000028     rtsv7M4_T_le_v4SPD16_eabi.lib : memory.c.obj (.text:mremove)
                  00001cf8    00000024     msp432p4xx_driverlib.lib : gpio_MSP432P4XX.obj (.text:GPIO_setAsOutputPin)
                  00001d1c    00000024     main.obj (.text:_ZN10UPDATE_ADCC1Ev)
                  00001d40    00000022     rtsv7M4_T_le_v4SPD16_eabi.lib : new.cpp.obj (.text:_Znwj)
                  00001d62    00000002     --HOLE-- [fill = 0]
                  00001d64    00000020     main.obj (.text:ADC14_IRQHandler)
                  00001d84    0000001e     Task.obj (.text:_ZN4Task10getMessageEht)
                  00001da2    0000001c     Mailbox.obj (.text:_ZN7Mailbox17GetDefaultMessageEv)
                  00001dbe    00000002     --HOLE-- [fill = 0]
                  00001dc0    0000001c     main.obj (.text:__sti___8_main_cpp_8ea94d19)
                  00001ddc    0000001a     grlib.a : display.obj (.text:Graphics_clearDisplayOnDisplay)
                  00001df6    0000001a             : context.obj (.text:Graphics_setBackgroundColor)
                  00001e10    0000001a     msp432p4xx_driverlib.lib : spi_MSP432P4XX.obj (.text:SPI_enableModule)
                  00001e2a    00000002     --HOLE-- [fill = 0]
                  00001e2c    00000018                              : gpio_MSP432P4XX.obj (.text:GPIO_setOutputLowOnPin)
                  00001e44    00000018     LINE_COUNT.obj (.text:_ZN10LINE_COUNT5setupEv)
                  00001e5c    00000018     main.obj (.text:_ZN13SCREEN_UPDATEC1Ev)
                  00001e74    00000016     grlib.a : display.obj (.text:Graphics_translateColorOnDisplay)
                  00001e8a    00000002     --HOLE-- [fill = 0]
                  00001e8c    00000014     msp432p4xx_driverlib.lib : gpio_MSP432P4XX.obj (.text:GPIO_setOutputHighOnPin)
                  00001ea0    00000012     grlib.a : context.obj (.text:Graphics_clearDisplay)
                  00001eb2    0000000e     rtsv7M4_T_le_v4SPD16_eabi.lib : typeinfo.c.obj (.text:_ZN10__cxxabiv117__class_type_infoD0Ev)
                  00001ec0    0000000e                                   : typeinfo.c.obj (.text:_ZN10__cxxabiv120__si_class_type_infoD0Ev)
                  00001ece    0000000e     Task.obj (.text:_ZN4Task13GetNeededDataEv)
                  00001edc    0000000e     Task.obj (.text:_ZN4Task14GetHandledDataEv)
                  00001eea    0000000e     Task.obj (.text:_ZN4Task17GetDefaultMessageEv)
                  00001ef8    0000000e     rtsv7M4_T_le_v4SPD16_eabi.lib : copy_decompress_none.c.obj (.text:decompress:none:__TI_decompress_none)
                  00001f06    0000000c     msp432p4xx_driverlib.lib : spi_MSP432P4XX.obj (.text:EUSCI_A_SPI_enable)
                  00001f12    0000000c                              : spi_MSP432P4XX.obj (.text:EUSCI_B_SPI_enable)
                  00001f1e    0000000c     startup_msp432p401r_ccs.obj (.text:Reset_Handler)
                  00001f2a    0000000c     Task.obj (.text:_ZN4Task3runEv)
                  00001f36    0000000c     Task.obj (.text:_ZN4Task5setupEv)
                  00001f42    00000002     --HOLE-- [fill = 0]
                  00001f44    0000000c     rtsv7M4_T_le_v4SPD16_eabi.lib : new.cpp.obj (.text:_ZSt15get_new_handlerv)
                  00001f50    0000000c                                   : copy_zero_init.c.obj (.text:decompress:ZI:__TI_zero_init)
                  00001f5c    0000000a     Crystalfontz128x128_ST7735.obj (.text:Crystalfontz128x128_Flush)
                  00001f66    00000008     rtsv7M4_T_le_v4SPD16_eabi.lib : new.cpp.obj (.text:_ZdlPv)
                  00001f6e    00000004                                   : typeinfo.c.obj (.text:_ZN10__cxxabiv117__class_type_infoD1Ev)
                  00001f72    00000004                                   : typeinfo.c.obj (.text:_ZN10__cxxabiv120__si_class_type_infoD1Ev)
                  00001f76    00000004                                   : new.cpp.obj (.text:_ZdlPvj)
                  00001f7a    00000004                                   : pre_init.c.obj (.text:_system_pre_init)
                  00001f7e    00000004                                   : exit.c.obj (.text:abort:abort)

.const     0    00001f84    000001a6     
                  00001f84    00000030     msp432p4xx_driverlib.lib : gpio_MSP432P4XX.obj (.const:GPIO_PORT_TO_BASE)
                  00001fb4    00000025     rtsv7M4_T_le_v4SPD16_eabi.lib : typeinfo.c.obj (.const:.typeinfo:_ZTSN10__cxxabiv120__si_class_type_infoE)
                  00001fd9    00000022                                   : typeinfo.c.obj (.const:.typeinfo:_ZTSN10__cxxabiv117__class_type_infoE)
                  00001ffb    00000001     --HOLE-- [fill = 0]
                  00001ffc    00000020     Crystalfontz128x128_ST7735.obj (.const:g_sCrystalfontz128x128_funcs)
                  0000201c    0000001c     HAL_MSP_EXP432P401R_Crystalfontz128x128_ST7735.obj (.const:$P$T0$1)
                  00002038    00000010     SCREEN_UPDATE.obj (.const:.typeinfo:_ZTS13SCREEN_UPDATE)
                  00002048    00000010     LINE_COUNT.obj (.const:_ZTV10LINE_COUNT)
                  00002058    00000010     UPDATE_ADC.obj (.const:_ZTV10UPDATE_ADC)
                  00002068    00000010     SCREEN_UPDATE.obj (.const:_ZTV13SCREEN_UPDATE)
                  00002078    00000010     Task.obj (.const:_ZTV4Task)
                  00002088    00000010     rtsv7M4_T_le_v4SPD16_eabi.lib : typeinfo.c.obj (.const:_ZTVN10__cxxabiv117__class_type_infoE)
                  00002098    00000010                                   : typeinfo.c.obj (.const:_ZTVN10__cxxabiv120__si_class_type_infoE)
                  000020a8    0000000d     LINE_COUNT.obj (.const:.typeinfo:_ZTS10LINE_COUNT)
                  000020b5    0000000d     UPDATE_ADC.obj (.const:.typeinfo:_ZTS10UPDATE_ADC)
                  000020c2    0000000d     rtsv7M4_T_le_v4SPD16_eabi.lib : stdlib_typeinfo.cpp.obj (.const:.typeinfo:_ZTSSt9type_info)
                  000020cf    00000001     --HOLE-- [fill = 0]
                  000020d0    0000000c     LINE_COUNT.obj (.const:.typeinfo:_ZTI10LINE_COUNT)
                  000020dc    0000000c     UPDATE_ADC.obj (.const:.typeinfo:_ZTI10UPDATE_ADC)
                  000020e8    0000000c     SCREEN_UPDATE.obj (.const:.typeinfo:_ZTI13SCREEN_UPDATE)
                  000020f4    0000000c     rtsv7M4_T_le_v4SPD16_eabi.lib : typeinfo.c.obj (.const:.typeinfo:_ZTIN10__cxxabiv117__class_type_infoE)
                  00002100    0000000c                                   : typeinfo.c.obj (.const:.typeinfo:_ZTIN10__cxxabiv120__si_class_type_infoE)
                  0000210c    00000008     Crystalfontz128x128_ST7735.obj (.const:$P$T0$1)
                  00002114    00000008     Task.obj (.const:.typeinfo:_ZTI4Task)
                  0000211c    00000008     rtsv7M4_T_le_v4SPD16_eabi.lib : stdlib_typeinfo.cpp.obj (.const:.typeinfo:_ZTISt9type_info)
                  00002124    00000006     Task.obj (.const:.typeinfo:_ZTS4Task)

.cinit     0    00002130    00000048     
                  00002130    00000021     (.cinit..data.load) [load image, compression = lzss]
                  00002151    00000003     --HOLE-- [fill = 0]
                  00002154    0000000c     (__TI_handler_table)
                  00002160    00000008     (.cinit..bss.load) [load image, compression = zero_init]
                  00002168    00000010     (__TI_cinit_table)

.init_array 
*          0    0000212c    00000004     
                  0000212c    00000004     main.obj (.init_array)

.bss       0    20000000    00003ff2     UNINITIALIZED
                  20000000    00003fe0     main.obj (.bss:g_MainScheduler)
                  20003fe0    00000004     main.obj (.bss)
                  20003fe4    00000004     rtsv7M4_T_le_v4SPD16_eabi.lib : new.cpp.obj (.bss)
                  20003fe8    00000002     (.common:Lcd_ScreenHeigth)
                  20003fea    00000002     (.common:Lcd_ScreenWidth)
                  20003fec    00000002     (.common:Lcd_TouchTrim)
                  20003fee    00000001     (.common:Lcd_FlagRead)
                  20003fef    00000001     (.common:Lcd_FontSolid)
                  20003ff0    00000001     (.common:Lcd_Orientation)
                  20003ff1    00000001     (.common:Lcd_PenSolid)

.sysmem    0    20003ff8    00000400     UNINITIALIZED
                  20003ff8    00000008     rtsv7M4_T_le_v4SPD16_eabi.lib : memory.c.obj (.sysmem)
                  20004000    000003f8     --HOLE--

.data      0    200043f8    0000002c     UNINITIALIZED
                  200043f8    00000011     main.obj (.data)
                  20004409    00000003     --HOLE--
                  2000440c    0000000c     rtsv7M4_T_le_v4SPD16_eabi.lib : memory.c.obj (.data:$O1$$)
                  20004418    00000008                                   : _lock.c.obj (.data:$O1$$)
                  20004420    00000004     Mailbox.obj (.data)

.stack     0    2000fe00    00000200     UNINITIALIZED
                  2000fe00    00000004     rtsv7M4_T_le_v4SPD16_eabi.lib : boot_cortex_m.c.obj (.stack)
                  2000fe04    000001fc     --HOLE--

MODULE SUMMARY

       Module                                               code   ro data   rw data
       ------                                               ----   -------   -------
    .\
       main.obj                                             660    4         32746  
       Mailbox.obj                                          1166   0         8      
       Scheduler.obj                                        894    0         0      
       Task.obj                                             250    30        0      
       system_msp432p401r.obj                               120    0         0      
    +--+----------------------------------------------------+------+---------+---------+
       Total:                                               3090   34        32754  
                                                                                    
    .\LcdDriver\
       Crystalfontz128x128_ST7735.obj                       1650   40        20     
       HAL_MSP_EXP432P401R_Crystalfontz128x128_ST7735.obj   212    28        0      
    +--+----------------------------------------------------+------+---------+---------+
       Total:                                               1862   68        20     
                                                                                    
    .\Tasks\
       SCREEN_UPDATE.obj                                    482    44        0      
       UPDATE_ADC.obj                                       440    41        0      
       LINE_COUNT.obj                                       220    41        0      
    +--+----------------------------------------------------+------+---------+---------+
       Total:                                               1142   126       0      
                                                                                    
    .\ccs\
       startup_msp432p401r_ccs.obj                          14     228       0      
    +--+----------------------------------------------------+------+---------+---------+
       Total:                                               14     228       0      
                                                                                    
    C:/ti/simplelink_msp432p4_sdk_2_10_00_14/source/ti/devices/msp432p4xx/driverlib/ccs/msp432p4xx_driverlib.lib
       spi_MSP432P4XX.obj                                   222    0         0      
       gpio_MSP432P4XX.obj                                  156    48        0      
    +--+----------------------------------------------------+------+---------+---------+
       Total:                                               378    48        0      
                                                                                    
    C:/ti/simplelink_msp432p4_sdk_2_10_00_14/source/ti/grlib/lib/ccs/m4f/grlib.a
       context.obj                                          126    0         0      
       display.obj                                          48     0         0      
    +--+----------------------------------------------------+------+---------+---------+
       Total:                                               174    0         0      
                                                                                    
    C:\ti\ccsv7\tools\compiler\ti-cgt-arm_18.1.1.LTS\lib\rtsv7M4_T_le_v4SPD16_eabi.lib
       memory.c.obj                                         492    0         24     
       typeinfo.c.obj                                       36     127       0      
       memcpy_t2.asm.obj                                    156    0         0      
       memset_t2.asm.obj                                    122    0         0      
       copy_decompress_lzss.c.obj                           104    0         0      
       autoinit.c.obj                                       96     0         0      
       new.cpp.obj                                          58     0         8      
       boot_cortex_m.c.obj                                  56     0         0      
       stdlib_typeinfo.cpp.obj                              2      21        0      
       _lock.c.obj                                          2      0         16     
       copy_decompress_none.c.obj                           14     0         0      
       copy_zero_init.c.obj                                 12     0         0      
       exit.c.obj                                           4      0         0      
       pre_init.c.obj                                       4      0         0      
    +--+----------------------------------------------------+------+---------+---------+
       Total:                                               1158   148       48     
                                                                                    
       Heap:                                                0      0         2048   
       Stack:                                               0      0         1024   
       Linker Generated:                                    0      69        0      
    +--+----------------------------------------------------+------+---------+---------+
       Grand Total:                                         7818   721       35894  


LINKER GENERATED COPY TABLES

__TI_cinit_table @ 00002168 records: 2, size/record: 8, table size: 16
	.data: load addr=00002130, load size=00000021 bytes, run addr=200043f8, run size=0000002c bytes, compression=lzss
	.bss: load addr=00002160, load size=00000008 bytes, run addr=20000000, run size=00003ff2 bytes, compression=zero_init


LINKER GENERATED HANDLER TABLE

__TI_handler_table @ 00002154 records: 3, size/record: 4, table size: 12
	index: 0, handler: __TI_decompress_lzss
	index: 1, handler: __TI_decompress_none
	index: 2, handler: __TI_zero_init


GLOBAL SYMBOLS: SORTED ALPHABETICALLY BY Name 

address   name                                               
-------   ----                                               
00001d65  ADC14_IRQHandler                                   
00001d65  ADC14_IRQHandler                                   
00000453  AES256_IRQHandler                                  
00000453  BusFault_Handler                                   
00001f7f  C$$EXIT                                            
00000453  COMP_E0_IRQHandler                                 
00000453  COMP_E1_IRQHandler                                 
00000453  CS_IRQHandler                                      
000006b9  Crystalfontz128x128_Init                           
00001533  Crystalfontz128x128_LineDrawH                      
00000f65  Crystalfontz128x128_RectFill                       
00000455  Crystalfontz128x128_SetDrawFrame                   
000015e5  Crystalfontz128x128_SetOrientation                 
00000453  DMA_ERR_IRQHandler                                 
00000453  DMA_INT0_IRQHandler                                
00000453  DMA_INT1_IRQHandler                                
00000453  DMA_INT2_IRQHandler                                
00000453  DMA_INT3_IRQHandler                                
00000453  DebugMon_Handler                                   
00000453  Default_Handler                                    
00000453  EUSCIA0_IRQHandler                                 
00000453  EUSCIA1_IRQHandler                                 
00000453  EUSCIA2_IRQHandler                                 
00000453  EUSCIA3_IRQHandler                                 
00000453  EUSCIB0_IRQHandler                                 
00000453  EUSCIB1_IRQHandler                                 
00000453  EUSCIB2_IRQHandler                                 
00000453  EUSCIB3_IRQHandler                                 
00001f07  EUSCI_A_SPI_enable                                 
00001f13  EUSCI_B_SPI_enable                                 
00000453  FLCTL_IRQHandler                                   
00000453  FPU_IRQHandler                                     
00001cf9  GPIO_setAsOutputPin                                
0000177d  GPIO_setAsPeripheralModuleFunctionOutputPin        
00001e8d  GPIO_setOutputHighOnPin                            
00001e2d  GPIO_setOutputLowOnPin                             
00001ea1  Graphics_clearDisplay                              
00001ddd  Graphics_clearDisplayOnDisplay                     
0000168d  Graphics_initContext                               
00001df7  Graphics_setBackgroundColor                        
00001e75  Graphics_translateColorOnDisplay                   
00001b03  HAL_LCD_PortInit                                   
00001929  HAL_LCD_SpiInit                                    
00001a25  HAL_LCD_writeCommand                               
00001c51  HAL_LCD_writeData                                  
00000453  HardFault_Handler                                  
20003fee  Lcd_FlagRead                                       
20003fef  Lcd_FontSolid                                      
20003ff0  Lcd_Orientation                                    
20003ff1  Lcd_PenSolid                                       
20003fe8  Lcd_ScreenHeigth                                   
20003fea  Lcd_ScreenWidth                                    
20003fec  Lcd_TouchTrim                                      
00000453  MemManage_Handler                                  
00000453  NMI_Handler                                        
00000453  PCM_IRQHandler                                     
00000453  PORT1_IRQHandler                                   
00000453  PORT2_IRQHandler                                   
00000453  PORT3_IRQHandler                                   
00000453  PORT4_IRQHandler                                   
00000453  PORT5_IRQHandler                                   
00000453  PORT6_IRQHandler                                   
00000453  PSS_IRQHandler                                     
00000453  PendSV_Handler                                     
00000453  RTC_C_IRQHandler                                   
00001f1f  Reset_Handler                                      
0000212c  SHT$$INIT_ARRAY$$Base                              
00002130  SHT$$INIT_ARRAY$$Limit                             
00001e11  SPI_enableModule                                   
00000fff  SPI_initMaster                                     
00000453  SVC_Handler                                        
00000453  SysTick_Handler                                    
00001171  SystemInit                                         
00001639  T32_INT1_IRQHandler                                
00001639  T32_INT1_IRQHandler                                
00000453  T32_INT2_IRQHandler                                
00000453  T32_INTC_IRQHandler                                
00000453  TA0_0_IRQHandler                                   
00000453  TA0_N_IRQHandler                                   
00000453  TA1_0_IRQHandler                                   
00000453  TA1_N_IRQHandler                                   
00000453  TA2_0_IRQHandler                                   
00000453  TA2_N_IRQHandler                                   
00000453  TA3_0_IRQHandler                                   
00000453  TA3_N_IRQHandler                                   
00000453  UsageFault_Handler                                 
4000480c  WDTCTL_SYM                                         
00000453  WDT_A_IRQHandler                                   
000018a1  _Z5Setupv                                          
00000c25  _ZN10LINE_COUNT3runEv                              
00001e45  _ZN10LINE_COUNT5setupEv                            
00001345  _ZN10LINE_COUNTC1Ev                                
000012d5  _ZN10UPDATE_ADC3runEv                              
00000a89  _ZN10UPDATE_ADC5setupEv                            
00001d1d  _ZN10UPDATE_ADCC1Ev                                
00001eb3  _ZN10__cxxabiv117__class_type_infoD0Ev             
00001f6f  _ZN10__cxxabiv117__class_type_infoD1Ev             
00001f6f  _ZN10__cxxabiv117__class_type_infoD2Ev             
00001ec1  _ZN10__cxxabiv120__si_class_type_infoD0Ev          
00001f73  _ZN10__cxxabiv120__si_class_type_infoD1Ev          
00001f73  _ZN10__cxxabiv120__si_class_type_infoD2Ev          
000002b5  _ZN13SCREEN_UPDATE3runEv                           
000018e5  _ZN13SCREEN_UPDATE5setupEv                         
00001e5d  _ZN13SCREEN_UPDATEC1Ev                             
00001d85  _ZN4Task10getMessageEht                            
00001bf5  _ZN4Task11sendMessageE10st_Message                 
00001ecf  _ZN4Task13GetNeededDataEv                          
00001edd  _ZN4Task14GetHandledDataEv                         
20004408  _ZN4Task14m_u8NextTaskIDE                          
00001eeb  _ZN4Task17GetDefaultMessageEv                      
00001c7d  _ZN4Task21CheckMessageIntegrityE10st_Message       
00001f2b  _ZN4Task3runEv                                     
00001f37  _ZN4Task5setupEv                                   
00001969  _ZN4TaskC1Ev                                       
00001969  _ZN4TaskC2Ev                                       
00001b95  _ZN7Mailbox10getMailboxEv                          
000008cd  _ZN7Mailbox10getMessageEht                         
000007e5  _ZN7Mailbox11sendMessageE10st_Message              
0000107b  _ZN7Mailbox12setupMailboxEh                        
00000b59  _ZN7Mailbox15FindMessageSlotEhbt                   
00001da3  _ZN7Mailbox17GetDefaultMessageEv                   
00001acd  _ZN7Mailbox17MessageAccessReadEhh                  
000014d7  _ZN7Mailbox18MessageAccessWriteEh10st_Message      
00001859  _ZN7Mailbox23WriteOnSpecificPositionEhh10st_Message
20004420  _ZN7Mailbox7MailObjE                               
0000158d  _ZN7MailboxC1Ev                                    
0000158d  _ZN7MailboxC2Ev                                    
000016df  _ZN9Scheduler13NumberOfTasksEv                     
00000589  _ZN9Scheduler3runEv                                
00001261  _ZN9Scheduler5setupEv                              
00000ce9  _ZN9Scheduler6attachEP4Task8TaskType10TaskActivehy 
00000e2d  _ZN9Scheduler9PairTasksEv                          
0000172d  _ZN9SchedulerC1Ev                                  
0000172d  _ZN9SchedulerC2Ev                                  
00000d8b  _ZNSt9type_infoD1Ev                                
00000d8b  _ZNSt9type_infoD2Ev                                
00001f45  _ZSt15get_new_handlerv                             
00001f7f  _ZSt17__throw_bad_allocv                           
000020d0  _ZTI10LINE_COUNT                                   
000020dc  _ZTI10UPDATE_ADC                                   
000020e8  _ZTI13SCREEN_UPDATE                                
00002114  _ZTI4Task                                          
000020f4  _ZTIN10__cxxabiv117__class_type_infoE              
00002100  _ZTIN10__cxxabiv120__si_class_type_infoE           
0000211c  _ZTISt9type_info                                   
000020a8  _ZTS10LINE_COUNT                                   
000020b5  _ZTS10UPDATE_ADC                                   
00002038  _ZTS13SCREEN_UPDATE                                
00002124  _ZTS4Task                                          
00001fd9  _ZTSN10__cxxabiv117__class_type_infoE              
00001fb4  _ZTSN10__cxxabiv120__si_class_type_infoE           
000020c2  _ZTSSt9type_info                                   
00002048  _ZTV10LINE_COUNT                                   
00002058  _ZTV10UPDATE_ADC                                   
00002068  _ZTV13SCREEN_UPDATE                                
00002078  _ZTV4Task                                          
00002088  _ZTVN10__cxxabiv117__class_type_infoE              
00002098  _ZTVN10__cxxabiv120__si_class_type_infoE           
00001f67  _ZdlPv                                             
00001f77  _ZdlPvj                                            
00001d41  _Znwj                                              
20010000  __STACK_END                                        
00000200  __STACK_SIZE                                       
00000400  __SYSMEM_SIZE                                      
00002168  __TI_CINIT_Base                                    
00002178  __TI_CINIT_Limit                                   
00002154  __TI_Handler_Table_Base                            
00002160  __TI_Handler_Table_Limit                           
00001419  __TI_auto_init_nobinit                             
000013b1  __TI_decompress_lzss                               
00001ef9  __TI_decompress_none                               
ffffffff  __TI_pprof_out_hndl                                
ffffffff  __TI_prof_data_size                                
ffffffff  __TI_prof_data_start                               
00000000  __TI_static_base__                                 
00001f51  __TI_zero_init                                     
000010f5  __aeabi_memclr                                     
000010f5  __aeabi_memclr4                                    
000010f5  __aeabi_memclr8                                    
00000ec9  __aeabi_memcpy                                     
00000ec9  __aeabi_memcpy4                                    
00000ec9  __aeabi_memcpy8                                    
000010f7  __aeabi_memset                                     
000010f7  __aeabi_memset4                                    
000010f7  __aeabi_memset8                                    
ffffffff  __binit__                                          
ffffffff  __c_args__                                         
UNDEFED   __mpu_init                                         
2000fe00  __stack                                            
00001dc1  __sti___8_main_cpp_8ea94d19                        
00001a5d  _c_int00_noargs                                    
20004418  _lock                                              
0000116f  _nop                                               
20003ff8  _sys_memory                                        
UNDEFED   _system_post_cinit                                 
00001f7b  _system_pre_init                                   
2000441c  _unlock                                            
00001f7f  abort                                              
ffffffff  binit                                              
000009b1  free                                               
20003fe0  g_Mailbox                                          
20000000  g_MainScheduler                                    
200043f8  g_iHeartBeatCount                                  
00001ffc  g_sCrystalfontz128x128_funcs                       
00000000  interruptVectors                                   
00000d8d  main                                               
000011e9  malloc                                             
00000ec9  memcpy                                             
000010fd  memset                                             
00001a95  minit                                              


GLOBAL SYMBOLS: SORTED BY Symbol Address 

address   name                                               
-------   ----                                               
00000000  __TI_static_base__                                 
00000000  interruptVectors                                   
00000200  __STACK_SIZE                                       
000002b5  _ZN13SCREEN_UPDATE3runEv                           
00000400  __SYSMEM_SIZE                                      
00000453  AES256_IRQHandler                                  
00000453  BusFault_Handler                                   
00000453  COMP_E0_IRQHandler                                 
00000453  COMP_E1_IRQHandler                                 
00000453  CS_IRQHandler                                      
00000453  DMA_ERR_IRQHandler                                 
00000453  DMA_INT0_IRQHandler                                
00000453  DMA_INT1_IRQHandler                                
00000453  DMA_INT2_IRQHandler                                
00000453  DMA_INT3_IRQHandler                                
00000453  DebugMon_Handler                                   
00000453  Default_Handler                                    
00000453  EUSCIA0_IRQHandler                                 
00000453  EUSCIA1_IRQHandler                                 
00000453  EUSCIA2_IRQHandler                                 
00000453  EUSCIA3_IRQHandler                                 
00000453  EUSCIB0_IRQHandler                                 
00000453  EUSCIB1_IRQHandler                                 
00000453  EUSCIB2_IRQHandler                                 
00000453  EUSCIB3_IRQHandler                                 
00000453  FLCTL_IRQHandler                                   
00000453  FPU_IRQHandler                                     
00000453  HardFault_Handler                                  
00000453  MemManage_Handler                                  
00000453  NMI_Handler                                        
00000453  PCM_IRQHandler                                     
00000453  PORT1_IRQHandler                                   
00000453  PORT2_IRQHandler                                   
00000453  PORT3_IRQHandler                                   
00000453  PORT4_IRQHandler                                   
00000453  PORT5_IRQHandler                                   
00000453  PORT6_IRQHandler                                   
00000453  PSS_IRQHandler                                     
00000453  PendSV_Handler                                     
00000453  RTC_C_IRQHandler                                   
00000453  SVC_Handler                                        
00000453  SysTick_Handler                                    
00000453  T32_INT2_IRQHandler                                
00000453  T32_INTC_IRQHandler                                
00000453  TA0_0_IRQHandler                                   
00000453  TA0_N_IRQHandler                                   
00000453  TA1_0_IRQHandler                                   
00000453  TA1_N_IRQHandler                                   
00000453  TA2_0_IRQHandler                                   
00000453  TA2_N_IRQHandler                                   
00000453  TA3_0_IRQHandler                                   
00000453  TA3_N_IRQHandler                                   
00000453  UsageFault_Handler                                 
00000453  WDT_A_IRQHandler                                   
00000455  Crystalfontz128x128_SetDrawFrame                   
00000589  _ZN9Scheduler3runEv                                
000006b9  Crystalfontz128x128_Init                           
000007e5  _ZN7Mailbox11sendMessageE10st_Message              
000008cd  _ZN7Mailbox10getMessageEht                         
000009b1  free                                               
00000a89  _ZN10UPDATE_ADC5setupEv                            
00000b59  _ZN7Mailbox15FindMessageSlotEhbt                   
00000c25  _ZN10LINE_COUNT3runEv                              
00000ce9  _ZN9Scheduler6attachEP4Task8TaskType10TaskActivehy 
00000d8b  _ZNSt9type_infoD1Ev                                
00000d8b  _ZNSt9type_infoD2Ev                                
00000d8d  main                                               
00000e2d  _ZN9Scheduler9PairTasksEv                          
00000ec9  __aeabi_memcpy                                     
00000ec9  __aeabi_memcpy4                                    
00000ec9  __aeabi_memcpy8                                    
00000ec9  memcpy                                             
00000f65  Crystalfontz128x128_RectFill                       
00000fff  SPI_initMaster                                     
0000107b  _ZN7Mailbox12setupMailboxEh                        
000010f5  __aeabi_memclr                                     
000010f5  __aeabi_memclr4                                    
000010f5  __aeabi_memclr8                                    
000010f7  __aeabi_memset                                     
000010f7  __aeabi_memset4                                    
000010f7  __aeabi_memset8                                    
000010fd  memset                                             
0000116f  _nop                                               
00001171  SystemInit                                         
000011e9  malloc                                             
00001261  _ZN9Scheduler5setupEv                              
000012d5  _ZN10UPDATE_ADC3runEv                              
00001345  _ZN10LINE_COUNTC1Ev                                
000013b1  __TI_decompress_lzss                               
00001419  __TI_auto_init_nobinit                             
000014d7  _ZN7Mailbox18MessageAccessWriteEh10st_Message      
00001533  Crystalfontz128x128_LineDrawH                      
0000158d  _ZN7MailboxC1Ev                                    
0000158d  _ZN7MailboxC2Ev                                    
000015e5  Crystalfontz128x128_SetOrientation                 
00001639  T32_INT1_IRQHandler                                
00001639  T32_INT1_IRQHandler                                
0000168d  Graphics_initContext                               
000016df  _ZN9Scheduler13NumberOfTasksEv                     
0000172d  _ZN9SchedulerC1Ev                                  
0000172d  _ZN9SchedulerC2Ev                                  
0000177d  GPIO_setAsPeripheralModuleFunctionOutputPin        
00001859  _ZN7Mailbox23WriteOnSpecificPositionEhh10st_Message
000018a1  _Z5Setupv                                          
000018e5  _ZN13SCREEN_UPDATE5setupEv                         
00001929  HAL_LCD_SpiInit                                    
00001969  _ZN4TaskC1Ev                                       
00001969  _ZN4TaskC2Ev                                       
00001a25  HAL_LCD_writeCommand                               
00001a5d  _c_int00_noargs                                    
00001a95  minit                                              
00001acd  _ZN7Mailbox17MessageAccessReadEhh                  
00001b03  HAL_LCD_PortInit                                   
00001b95  _ZN7Mailbox10getMailboxEv                          
00001bf5  _ZN4Task11sendMessageE10st_Message                 
00001c51  HAL_LCD_writeData                                  
00001c7d  _ZN4Task21CheckMessageIntegrityE10st_Message       
00001cf9  GPIO_setAsOutputPin                                
00001d1d  _ZN10UPDATE_ADCC1Ev                                
00001d41  _Znwj                                              
00001d65  ADC14_IRQHandler                                   
00001d65  ADC14_IRQHandler                                   
00001d85  _ZN4Task10getMessageEht                            
00001da3  _ZN7Mailbox17GetDefaultMessageEv                   
00001dc1  __sti___8_main_cpp_8ea94d19                        
00001ddd  Graphics_clearDisplayOnDisplay                     
00001df7  Graphics_setBackgroundColor                        
00001e11  SPI_enableModule                                   
00001e2d  GPIO_setOutputLowOnPin                             
00001e45  _ZN10LINE_COUNT5setupEv                            
00001e5d  _ZN13SCREEN_UPDATEC1Ev                             
00001e75  Graphics_translateColorOnDisplay                   
00001e8d  GPIO_setOutputHighOnPin                            
00001ea1  Graphics_clearDisplay                              
00001eb3  _ZN10__cxxabiv117__class_type_infoD0Ev             
00001ec1  _ZN10__cxxabiv120__si_class_type_infoD0Ev          
00001ecf  _ZN4Task13GetNeededDataEv                          
00001edd  _ZN4Task14GetHandledDataEv                         
00001eeb  _ZN4Task17GetDefaultMessageEv                      
00001ef9  __TI_decompress_none                               
00001f07  EUSCI_A_SPI_enable                                 
00001f13  EUSCI_B_SPI_enable                                 
00001f1f  Reset_Handler                                      
00001f2b  _ZN4Task3runEv                                     
00001f37  _ZN4Task5setupEv                                   
00001f45  _ZSt15get_new_handlerv                             
00001f51  __TI_zero_init                                     
00001f67  _ZdlPv                                             
00001f6f  _ZN10__cxxabiv117__class_type_infoD1Ev             
00001f6f  _ZN10__cxxabiv117__class_type_infoD2Ev             
00001f73  _ZN10__cxxabiv120__si_class_type_infoD1Ev          
00001f73  _ZN10__cxxabiv120__si_class_type_infoD2Ev          
00001f77  _ZdlPvj                                            
00001f7b  _system_pre_init                                   
00001f7f  C$$EXIT                                            
00001f7f  _ZSt17__throw_bad_allocv                           
00001f7f  abort                                              
00001fb4  _ZTSN10__cxxabiv120__si_class_type_infoE           
00001fd9  _ZTSN10__cxxabiv117__class_type_infoE              
00001ffc  g_sCrystalfontz128x128_funcs                       
00002038  _ZTS13SCREEN_UPDATE                                
00002048  _ZTV10LINE_COUNT                                   
00002058  _ZTV10UPDATE_ADC                                   
00002068  _ZTV13SCREEN_UPDATE                                
00002078  _ZTV4Task                                          
00002088  _ZTVN10__cxxabiv117__class_type_infoE              
00002098  _ZTVN10__cxxabiv120__si_class_type_infoE           
000020a8  _ZTS10LINE_COUNT                                   
000020b5  _ZTS10UPDATE_ADC                                   
000020c2  _ZTSSt9type_info                                   
000020d0  _ZTI10LINE_COUNT                                   
000020dc  _ZTI10UPDATE_ADC                                   
000020e8  _ZTI13SCREEN_UPDATE                                
000020f4  _ZTIN10__cxxabiv117__class_type_infoE              
00002100  _ZTIN10__cxxabiv120__si_class_type_infoE           
00002114  _ZTI4Task                                          
0000211c  _ZTISt9type_info                                   
00002124  _ZTS4Task                                          
0000212c  SHT$$INIT_ARRAY$$Base                              
00002130  SHT$$INIT_ARRAY$$Limit                             
00002154  __TI_Handler_Table_Base                            
00002160  __TI_Handler_Table_Limit                           
00002168  __TI_CINIT_Base                                    
00002178  __TI_CINIT_Limit                                   
20000000  g_MainScheduler                                    
20003fe0  g_Mailbox                                          
20003fe8  Lcd_ScreenHeigth                                   
20003fea  Lcd_ScreenWidth                                    
20003fec  Lcd_TouchTrim                                      
20003fee  Lcd_FlagRead                                       
20003fef  Lcd_FontSolid                                      
20003ff0  Lcd_Orientation                                    
20003ff1  Lcd_PenSolid                                       
20003ff8  _sys_memory                                        
200043f8  g_iHeartBeatCount                                  
20004408  _ZN4Task14m_u8NextTaskIDE                          
20004418  _lock                                              
2000441c  _unlock                                            
20004420  _ZN7Mailbox7MailObjE                               
2000fe00  __stack                                            
20010000  __STACK_END                                        
4000480c  WDTCTL_SYM                                         
ffffffff  __TI_pprof_out_hndl                                
ffffffff  __TI_prof_data_size                                
ffffffff  __TI_prof_data_start                               
ffffffff  __binit__                                          
ffffffff  __c_args__                                         
ffffffff  binit                                              
UNDEFED   __mpu_init                                         
UNDEFED   _system_post_cinit                                 

[210 symbols]
