<?xml version="1.0"?>
<link_info>
   <banner>TI ARM Linker PC v16.9.6.LTS</banner>
   <copyright>Copyright (c) 1996-2017 Texas Instruments Incorporated</copyright>
   <link_time>0x5b02f25c</link_time>
   <link_errors>0x0</link_errors>
   <output_file>IE119-Lab2.out</output_file>
   <entry_point>
      <name>_c_int00</name>
      <address>0x975</address>
   </entry_point>
   <input_file_list>
      <input_file id="fl-2">
         <path>.\</path>
         <kind>object</kind>
         <file>HAL_I2C.obj</file>
         <name>HAL_I2C.obj</name>
      </input_file>
      <input_file id="fl-3">
         <path>.\</path>
         <kind>object</kind>
         <file>HAL_OPT3001.obj</file>
         <name>HAL_OPT3001.obj</name>
      </input_file>
      <input_file id="fl-4">
         <path>.\</path>
         <kind>object</kind>
         <file>LED.obj</file>
         <name>LED.obj</name>
      </input_file>
      <input_file id="fl-5">
         <path>.\</path>
         <kind>object</kind>
         <file>Lab2utilities.obj</file>
         <name>Lab2utilities.obj</name>
      </input_file>
      <input_file id="fl-6">
         <path>.\</path>
         <kind>object</kind>
         <file>Scheduler.obj</file>
         <name>Scheduler.obj</name>
      </input_file>
      <input_file id="fl-7">
         <path>.\</path>
         <kind>object</kind>
         <file>Task.obj</file>
         <name>Task.obj</name>
      </input_file>
      <input_file id="fl-8">
         <path>.\</path>
         <kind>object</kind>
         <file>main.obj</file>
         <name>main.obj</name>
      </input_file>
      <input_file id="fl-9">
         <path>.\</path>
         <kind>object</kind>
         <file>mainViejo.obj</file>
         <name>mainViejo.obj</name>
      </input_file>
      <input_file id="fl-a">
         <path>.\</path>
         <kind>object</kind>
         <file>system_msp432p401r.obj</file>
         <name>system_msp432p401r.obj</name>
      </input_file>
      <input_file id="fl-b">
         <path>.\LcdDriver\</path>
         <kind>object</kind>
         <file>Crystalfontz128x128_ST7735.obj</file>
         <name>Crystalfontz128x128_ST7735.obj</name>
      </input_file>
      <input_file id="fl-c">
         <path>.\LcdDriver\</path>
         <kind>object</kind>
         <file>HAL_MSP_EXP432P401R_Crystalfontz128x128_ST7735.obj</file>
         <name>HAL_MSP_EXP432P401R_Crystalfontz128x128_ST7735.obj</name>
      </input_file>
      <input_file id="fl-d">
         <path>.\ccs\</path>
         <kind>object</kind>
         <file>startup_msp432p401r_ccs.obj</file>
         <name>startup_msp432p401r_ccs.obj</name>
      </input_file>
      <input_file id="fl-17">
         <kind>object</kind>
         <file>&lt;internal&gt;</file>
         <name>&lt;internal&gt;</name>
      </input_file>
      <input_file id="fl-18">
         <path>C:\ti\simplelink_msp432p4_sdk_2_10_00_14\source\ti\grlib\lib\ccs\m4f\</path>
         <kind>archive</kind>
         <file>grlib.a</file>
         <name>context.obj</name>
      </input_file>
      <input_file id="fl-19">
         <path>C:\ti\simplelink_msp432p4_sdk_2_10_00_14\source\ti\grlib\lib\ccs\m4f\</path>
         <kind>archive</kind>
         <file>grlib.a</file>
         <name>display.obj</name>
      </input_file>
      <input_file id="fl-1a">
         <path>C:\ti\simplelink_msp432p4_sdk_2_10_00_14\source\ti\devices\msp432p4xx\driverlib\ccs\</path>
         <kind>archive</kind>
         <file>msp432p4xx_driverlib.lib</file>
         <name>gpio_MSP432P4XX.obj</name>
      </input_file>
      <input_file id="fl-1b">
         <path>C:\ti\simplelink_msp432p4_sdk_2_10_00_14\source\ti\devices\msp432p4xx\driverlib\ccs\</path>
         <kind>archive</kind>
         <file>msp432p4xx_driverlib.lib</file>
         <name>i2c_MSP432P4XX.obj</name>
      </input_file>
      <input_file id="fl-1c">
         <path>C:\ti\simplelink_msp432p4_sdk_2_10_00_14\source\ti\devices\msp432p4xx\driverlib\ccs\</path>
         <kind>archive</kind>
         <file>msp432p4xx_driverlib.lib</file>
         <name>interrupt_MSP432P4XX.obj</name>
      </input_file>
      <input_file id="fl-1d">
         <path>C:\ti\simplelink_msp432p4_sdk_2_10_00_14\source\ti\devices\msp432p4xx\driverlib\ccs\</path>
         <kind>archive</kind>
         <file>msp432p4xx_driverlib.lib</file>
         <name>spi_MSP432P4XX.obj</name>
      </input_file>
      <input_file id="fl-1e">
         <path>C:\ti\simplelink_msp432p4_sdk_2_10_00_14\source\ti\devices\msp432p4xx\driverlib\ccs\</path>
         <kind>archive</kind>
         <file>msp432p4xx_driverlib.lib</file>
         <name>cpu_MSP432P4XX.obj</name>
      </input_file>
      <input_file id="fl-d4">
         <path>C:\ti\ccsv7\tools\compiler\ti-cgt-arm_16.9.6.LTS\lib\</path>
         <kind>archive</kind>
         <file>rtsv7M4_T_le_v4SPD16_eabi.lib</file>
         <name>boot.obj</name>
      </input_file>
      <input_file id="fl-d5">
         <path>C:\ti\ccsv7\tools\compiler\ti-cgt-arm_16.9.6.LTS\lib\</path>
         <kind>archive</kind>
         <file>rtsv7M4_T_le_v4SPD16_eabi.lib</file>
         <name>copy_decompress_lzss.obj</name>
      </input_file>
      <input_file id="fl-d6">
         <path>C:\ti\ccsv7\tools\compiler\ti-cgt-arm_16.9.6.LTS\lib\</path>
         <kind>archive</kind>
         <file>rtsv7M4_T_le_v4SPD16_eabi.lib</file>
         <name>copy_decompress_none.obj</name>
      </input_file>
      <input_file id="fl-d7">
         <path>C:\ti\ccsv7\tools\compiler\ti-cgt-arm_16.9.6.LTS\lib\</path>
         <kind>archive</kind>
         <file>rtsv7M4_T_le_v4SPD16_eabi.lib</file>
         <name>copy_zero_init.obj</name>
      </input_file>
      <input_file id="fl-d8">
         <path>C:\ti\ccsv7\tools\compiler\ti-cgt-arm_16.9.6.LTS\lib\</path>
         <kind>archive</kind>
         <file>rtsv7M4_T_le_v4SPD16_eabi.lib</file>
         <name>exit.obj</name>
      </input_file>
      <input_file id="fl-d9">
         <path>C:\ti\ccsv7\tools\compiler\ti-cgt-arm_16.9.6.LTS\lib\</path>
         <kind>archive</kind>
         <file>rtsv7M4_T_le_v4SPD16_eabi.lib</file>
         <name>memcpy_t2.obj</name>
      </input_file>
      <input_file id="fl-da">
         <path>C:\ti\ccsv7\tools\compiler\ti-cgt-arm_16.9.6.LTS\lib\</path>
         <kind>archive</kind>
         <file>rtsv7M4_T_le_v4SPD16_eabi.lib</file>
         <name>memset_t2.obj</name>
      </input_file>
      <input_file id="fl-db">
         <path>C:\ti\ccsv7\tools\compiler\ti-cgt-arm_16.9.6.LTS\lib\</path>
         <kind>archive</kind>
         <file>rtsv7M4_T_le_v4SPD16_eabi.lib</file>
         <name>mpu_init.obj</name>
      </input_file>
      <input_file id="fl-dc">
         <path>C:\ti\ccsv7\tools\compiler\ti-cgt-arm_16.9.6.LTS\lib\</path>
         <kind>archive</kind>
         <file>rtsv7M4_T_le_v4SPD16_eabi.lib</file>
         <name>pre_init.obj</name>
      </input_file>
      <input_file id="fl-dd">
         <path>C:\ti\ccsv7\tools\compiler\ti-cgt-arm_16.9.6.LTS\lib\</path>
         <kind>archive</kind>
         <file>rtsv7M4_T_le_v4SPD16_eabi.lib</file>
         <name>stkdepth_vars.obj</name>
      </input_file>
      <input_file id="fl-de">
         <path>C:\ti\ccsv7\tools\compiler\ti-cgt-arm_16.9.6.LTS\lib\</path>
         <kind>archive</kind>
         <file>rtsv7M4_T_le_v4SPD16_eabi.lib</file>
         <name>typeinfo_.obj</name>
      </input_file>
      <input_file id="fl-df">
         <path>C:\ti\ccsv7\tools\compiler\ti-cgt-arm_16.9.6.LTS\lib\</path>
         <kind>archive</kind>
         <file>rtsv7M4_T_le_v4SPD16_eabi.lib</file>
         <name>_lock.obj</name>
      </input_file>
      <input_file id="fl-e0">
         <path>C:\ti\ccsv7\tools\compiler\ti-cgt-arm_16.9.6.LTS\lib\</path>
         <kind>archive</kind>
         <file>rtsv7M4_T_le_v4SPD16_eabi.lib</file>
         <name>args_main.obj</name>
      </input_file>
      <input_file id="fl-e1">
         <path>C:\ti\ccsv7\tools\compiler\ti-cgt-arm_16.9.6.LTS\lib\</path>
         <kind>archive</kind>
         <file>rtsv7M4_T_le_v4SPD16_eabi.lib</file>
         <name>autoinit.obj</name>
      </input_file>
      <input_file id="fl-e2">
         <path>C:\ti\ccsv7\tools\compiler\ti-cgt-arm_16.9.6.LTS\lib\</path>
         <kind>archive</kind>
         <file>rtsv7M4_T_le_v4SPD16_eabi.lib</file>
         <name>cpy_tbl.obj</name>
      </input_file>
      <input_file id="fl-e3">
         <path>C:\ti\ccsv7\tools\compiler\ti-cgt-arm_16.9.6.LTS\lib\</path>
         <kind>archive</kind>
         <file>rtsv7M4_T_le_v4SPD16_eabi.lib</file>
         <name>delete.obj</name>
      </input_file>
      <input_file id="fl-e4">
         <path>C:\ti\ccsv7\tools\compiler\ti-cgt-arm_16.9.6.LTS\lib\</path>
         <kind>archive</kind>
         <file>rtsv7M4_T_le_v4SPD16_eabi.lib</file>
         <name>memory.obj</name>
      </input_file>
      <input_file id="fl-e5">
         <path>C:\ti\ccsv7\tools\compiler\ti-cgt-arm_16.9.6.LTS\lib\</path>
         <kind>archive</kind>
         <file>rtsv7M4_T_le_v4SPD16_eabi.lib</file>
         <name>startup.obj</name>
      </input_file>
   </input_file_list>
   <object_component_list>
      <object_component id="oc-2d">
         <name>.intvecs:retain</name>
         <load_address>0x0</load_address>
         <run_address>0x0</run_address>
         <size>0xe4</size>
         <input_file_ref idref="fl-d"/>
      </object_component>
      <object_component id="oc-271">
         <name>.text</name>
         <load_address>0xe4</load_address>
         <run_address>0xe4</run_address>
         <size>0x3d0</size>
         <input_file_ref idref="fl-e4"/>
      </object_component>
      <object_component id="oc-11e">
         <name>.text:_ZN9Scheduler3runEv</name>
         <load_address>0x4b4</load_address>
         <run_address>0x4b4</run_address>
         <size>0xbe</size>
         <input_file_ref idref="fl-6"/>
      </object_component>
      <object_component id="oc-85">
         <name>.text:Default_Handler</name>
         <load_address>0x572</load_address>
         <run_address>0x572</run_address>
         <size>0x2</size>
         <input_file_ref idref="fl-d"/>
      </object_component>
      <object_component id="oc-236">
         <name>.text</name>
         <load_address>0x574</load_address>
         <run_address>0x574</run_address>
         <size>0xbc</size>
         <input_file_ref idref="fl-de"/>
      </object_component>
      <object_component id="oc-3f">
         <name>.text</name>
         <load_address>0x630</load_address>
         <run_address>0x630</run_address>
         <size>0x9c</size>
         <input_file_ref idref="fl-d9"/>
      </object_component>
      <object_component id="oc-112">
         <name>.text:_ZN9Scheduler6attachEP4Tasky</name>
         <load_address>0x6cc</load_address>
         <run_address>0x6cc</run_address>
         <size>0x80</size>
         <input_file_ref idref="fl-6"/>
      </object_component>
      <object_component id="oc-4b">
         <name>.text</name>
         <load_address>0x74c</load_address>
         <run_address>0x74c</run_address>
         <size>0x7a</size>
         <input_file_ref idref="fl-da"/>
      </object_component>
      <object_component id="oc-57">
         <name>.text</name>
         <load_address>0x7c6</load_address>
         <run_address>0x7c6</run_address>
         <size>0x2</size>
         <input_file_ref idref="fl-db"/>
      </object_component>
      <object_component id="oc-db">
         <name>.text:SystemInit</name>
         <load_address>0x7c8</load_address>
         <run_address>0x7c8</run_address>
         <size>0x78</size>
         <input_file_ref idref="fl-a"/>
      </object_component>
      <object_component id="oc-63">
         <name>.text</name>
         <load_address>0x840</load_address>
         <run_address>0x840</run_address>
         <size>0x70</size>
         <input_file_ref idref="fl-e1"/>
      </object_component>
      <object_component id="oc-14">
         <name>.text:decompress:lzss</name>
         <load_address>0x8b0</load_address>
         <run_address>0x8b0</run_address>
         <size>0x68</size>
         <input_file_ref idref="fl-d5"/>
      </object_component>
      <object_component id="oc-be">
         <name>.text:main</name>
         <load_address>0x918</load_address>
         <run_address>0x918</run_address>
         <size>0x5c</size>
         <input_file_ref idref="fl-8"/>
      </object_component>
      <object_component id="oc-26">
         <name>.text</name>
         <load_address>0x974</load_address>
         <run_address>0x974</run_address>
         <size>0x54</size>
         <input_file_ref idref="fl-d4"/>
      </object_component>
      <object_component id="oc-6f">
         <name>.text</name>
         <load_address>0x9c8</load_address>
         <run_address>0x9c8</run_address>
         <size>0x54</size>
         <input_file_ref idref="fl-d8"/>
      </object_component>
      <object_component id="oc-118">
         <name>.text:_ZN9Scheduler5setupEv</name>
         <load_address>0xa1c</load_address>
         <run_address>0xa1c</run_address>
         <size>0x4c</size>
         <input_file_ref idref="fl-6"/>
      </object_component>
      <object_component id="oc-b0">
         <name>.text</name>
         <load_address>0xa68</load_address>
         <run_address>0xa68</run_address>
         <size>0x4c</size>
         <input_file_ref idref="fl-e2"/>
      </object_component>
      <object_component id="oc-177">
         <name>.text:_Z18__NVIC_SetPriority4IRQnj</name>
         <load_address>0xab4</load_address>
         <run_address>0xab4</run_address>
         <size>0x48</size>
         <input_file_ref idref="fl-8"/>
      </object_component>
      <object_component id="oc-10c">
         <name>.text:_Z5Setupv</name>
         <load_address>0xafc</load_address>
         <run_address>0xafc</run_address>
         <size>0x44</size>
         <input_file_ref idref="fl-8"/>
      </object_component>
      <object_component id="oc-d1">
         <name>.text:_ZN9SchedulerC1Ev</name>
         <load_address>0xb40</load_address>
         <run_address>0xb40</run_address>
         <size>0x3a</size>
         <input_file_ref idref="fl-6"/>
      </object_component>
      <object_component id="oc-b6">
         <name>.text</name>
         <load_address>0xb7a</load_address>
         <run_address>0xb7a</run_address>
         <size>0x2</size>
         <input_file_ref idref="fl-e5"/>
      </object_component>
      <object_component id="oc-8b">
         <name>.text:T32_INT1_IRQHandler</name>
         <load_address>0xb7c</load_address>
         <run_address>0xb7c</run_address>
         <size>0x34</size>
         <input_file_ref idref="fl-8"/>
      </object_component>
      <object_component id="oc-17d">
         <name>.text:_Z16__NVIC_EnableIRQ4IRQn</name>
         <load_address>0xbb0</load_address>
         <run_address>0xbb0</run_address>
         <size>0x30</size>
         <input_file_ref idref="fl-8"/>
      </object_component>
      <object_component id="oc-169">
         <name>.text:_ZN4TaskC1Ev</name>
         <load_address>0xbe0</load_address>
         <run_address>0xbe0</run_address>
         <size>0x30</size>
         <input_file_ref idref="fl-7"/>
      </object_component>
      <object_component id="oc-1f7">
         <name>.text:_ZN3LED5setupEv</name>
         <load_address>0xc10</load_address>
         <run_address>0xc10</run_address>
         <size>0x2c</size>
         <input_file_ref idref="fl-4"/>
      </object_component>
      <object_component id="oc-106">
         <name>.text:_ZN3LEDC1Et</name>
         <load_address>0xc3c</load_address>
         <run_address>0xc3c</run_address>
         <size>0x24</size>
         <input_file_ref idref="fl-4"/>
      </object_component>
      <object_component id="oc-1f1">
         <name>.text:_ZN3LED3runEv</name>
         <load_address>0xc60</load_address>
         <run_address>0xc60</run_address>
         <size>0x1c</size>
         <input_file_ref idref="fl-4"/>
      </object_component>
      <object_component id="oc-69">
         <name>.text</name>
         <load_address>0xc7c</load_address>
         <run_address>0xc7c</run_address>
         <size>0x18</size>
         <input_file_ref idref="fl-e0"/>
      </object_component>
      <object_component id="oc-133">
         <name>.text</name>
         <load_address>0xc94</load_address>
         <run_address>0xc94</run_address>
         <size>0x14</size>
         <input_file_ref idref="fl-df"/>
      </object_component>
      <object_component id="oc-79">
         <name>.text:__sti___8_main_cpp_937618a8</name>
         <load_address>0xca8</load_address>
         <run_address>0xca8</run_address>
         <size>0x10</size>
         <input_file_ref idref="fl-8"/>
      </object_component>
      <object_component id="oc-1a">
         <name>.text:decompress:none</name>
         <load_address>0xcb8</load_address>
         <run_address>0xcb8</run_address>
         <size>0xe</size>
         <input_file_ref idref="fl-d6"/>
      </object_component>
      <object_component id="oc-7f">
         <name>.text:Reset_Handler</name>
         <load_address>0xcc6</load_address>
         <run_address>0xcc6</run_address>
         <size>0xc</size>
         <input_file_ref idref="fl-d"/>
      </object_component>
      <object_component id="oc-209">
         <name>.text:_ZN4Task3runEv</name>
         <load_address>0xcd2</load_address>
         <run_address>0xcd2</run_address>
         <size>0xc</size>
         <input_file_ref idref="fl-7"/>
      </object_component>
      <object_component id="oc-210">
         <name>.text:_ZN4Task5setupEv</name>
         <load_address>0xcde</load_address>
         <run_address>0xcde</run_address>
         <size>0xc</size>
         <input_file_ref idref="fl-7"/>
      </object_component>
      <object_component id="oc-186">
         <name>.text:_ZN9Scheduler21CalculateNextScheduleEv</name>
         <load_address>0xcea</load_address>
         <run_address>0xcea</run_address>
         <size>0xc</size>
         <input_file_ref idref="fl-6"/>
      </object_component>
      <object_component id="oc-20">
         <name>.text:decompress:ZI</name>
         <load_address>0xcf6</load_address>
         <run_address>0xcf6</run_address>
         <size>0xc</size>
         <input_file_ref idref="fl-d7"/>
      </object_component>
      <object_component id="oc-249">
         <name>.text</name>
         <load_address>0xd02</load_address>
         <run_address>0xd02</run_address>
         <size>0x8</size>
         <input_file_ref idref="fl-e3"/>
      </object_component>
      <object_component id="oc-5d">
         <name>.text</name>
         <load_address>0xd0a</load_address>
         <run_address>0xd0a</run_address>
         <size>0x4</size>
         <input_file_ref idref="fl-dc"/>
      </object_component>
      <object_component id="oc-2b8">
         <name>.const:.typeinfo:_ZTSN10__cxxabiv123__fundamental_type_infoE</name>
         <load_address>0xd10</load_address>
         <run_address>0xd10</run_address>
         <size>0x28</size>
         <input_file_ref idref="fl-de"/>
      </object_component>
      <object_component id="oc-244">
         <name>.const:.typeinfo:_ZTSN10__cxxabiv120__si_class_type_infoE</name>
         <load_address>0xd38</load_address>
         <run_address>0xd38</run_address>
         <size>0x25</size>
         <input_file_ref idref="fl-de"/>
      </object_component>
      <object_component id="oc-2a4">
         <name>.const:.typeinfo:_ZTSN10__cxxabiv119__pointer_type_infoE</name>
         <load_address>0xd5d</load_address>
         <run_address>0xd5d</run_address>
         <size>0x24</size>
         <input_file_ref idref="fl-de"/>
      </object_component>
      <object_component id="oc-267">
         <name>.const:.typeinfo:_ZTSN10__cxxabiv117__class_type_infoE</name>
         <load_address>0xd81</load_address>
         <run_address>0xd81</run_address>
         <size>0x22</size>
         <input_file_ref idref="fl-de"/>
      </object_component>
      <object_component id="oc-2b3">
         <name>.const:.typeinfo:_ZTSN10__cxxabiv117__pbase_type_infoE</name>
         <load_address>0xda3</load_address>
         <run_address>0xda3</run_address>
         <size>0x22</size>
         <input_file_ref idref="fl-de"/>
      </object_component>
      <object_component id="oc-29d">
         <name>.const:.typeinfo:_ZTSe</name>
         <load_address>0xdc5</load_address>
         <run_address>0xdc5</run_address>
         <size>0x2</size>
         <input_file_ref idref="fl-de"/>
      </object_component>
      <object_component id="oc-250">
         <name>.const:.typeinfo:_ZTIPKe</name>
         <load_address>0xdc8</load_address>
         <run_address>0xdc8</run_address>
         <size>0x10</size>
         <input_file_ref idref="fl-de"/>
      </object_component>
      <object_component id="oc-16f">
         <name>.const:_ZTV3LED</name>
         <load_address>0xdd8</load_address>
         <run_address>0xdd8</run_address>
         <size>0x10</size>
         <input_file_ref idref="fl-4"/>
      </object_component>
      <object_component id="oc-1e4">
         <name>.const:_ZTV4Task</name>
         <load_address>0xde8</load_address>
         <run_address>0xde8</run_address>
         <size>0x10</size>
         <input_file_ref idref="fl-7"/>
      </object_component>
      <object_component id="oc-227">
         <name>.const:_ZTVN10__cxxabiv117__class_type_infoE</name>
         <load_address>0xdf8</load_address>
         <run_address>0xdf8</run_address>
         <size>0x10</size>
         <input_file_ref idref="fl-de"/>
      </object_component>
      <object_component id="oc-279">
         <name>.const:_ZTVN10__cxxabiv119__pointer_type_infoE</name>
         <load_address>0xe08</load_address>
         <run_address>0xe08</run_address>
         <size>0x10</size>
         <input_file_ref idref="fl-de"/>
      </object_component>
      <object_component id="oc-219">
         <name>.const:_ZTVN10__cxxabiv120__si_class_type_infoE</name>
         <load_address>0xe18</load_address>
         <run_address>0xe18</run_address>
         <size>0x10</size>
         <input_file_ref idref="fl-de"/>
      </object_component>
      <object_component id="oc-298">
         <name>.const:_ZTVN10__cxxabiv123__fundamental_type_infoE</name>
         <load_address>0xe28</load_address>
         <run_address>0xe28</run_address>
         <size>0x10</size>
         <input_file_ref idref="fl-de"/>
      </object_component>
      <object_component id="oc-288">
         <name>.const:.typeinfo:_ZTSSt9type_info</name>
         <load_address>0xe38</load_address>
         <run_address>0xe38</run_address>
         <size>0xd</size>
         <input_file_ref idref="fl-de"/>
      </object_component>
      <object_component id="oc-1ec">
         <name>.const:.typeinfo:_ZTI3LED</name>
         <load_address>0xe48</load_address>
         <run_address>0xe48</run_address>
         <size>0xc</size>
         <input_file_ref idref="fl-4"/>
      </object_component>
      <object_component id="oc-23f">
         <name>.const:.typeinfo:_ZTIN10__cxxabiv117__class_type_infoE</name>
         <load_address>0xe54</load_address>
         <run_address>0xe54</run_address>
         <size>0xc</size>
         <input_file_ref idref="fl-de"/>
      </object_component>
      <object_component id="oc-2a9">
         <name>.const:.typeinfo:_ZTIN10__cxxabiv117__pbase_type_infoE</name>
         <load_address>0xe60</load_address>
         <run_address>0xe60</run_address>
         <size>0xc</size>
         <input_file_ref idref="fl-de"/>
      </object_component>
      <object_component id="oc-293">
         <name>.const:.typeinfo:_ZTIN10__cxxabiv119__pointer_type_infoE</name>
         <load_address>0xe6c</load_address>
         <run_address>0xe6c</run_address>
         <size>0xc</size>
         <input_file_ref idref="fl-de"/>
      </object_component>
      <object_component id="oc-231">
         <name>.const:.typeinfo:_ZTIN10__cxxabiv120__si_class_type_infoE</name>
         <load_address>0xe78</load_address>
         <run_address>0xe78</run_address>
         <size>0xc</size>
         <input_file_ref idref="fl-de"/>
      </object_component>
      <object_component id="oc-2ae">
         <name>.const:.typeinfo:_ZTIN10__cxxabiv123__fundamental_type_infoE</name>
         <load_address>0xe84</load_address>
         <run_address>0xe84</run_address>
         <size>0xc</size>
         <input_file_ref idref="fl-de"/>
      </object_component>
      <object_component id="oc-204">
         <name>.const:.typeinfo:_ZTI4Task</name>
         <load_address>0xe90</load_address>
         <run_address>0xe90</run_address>
         <size>0x8</size>
         <input_file_ref idref="fl-4"/>
      </object_component>
      <object_component id="oc-26c">
         <name>.const:.typeinfo:_ZTISt9type_info</name>
         <load_address>0xe98</load_address>
         <run_address>0xe98</run_address>
         <size>0x8</size>
         <input_file_ref idref="fl-de"/>
      </object_component>
      <object_component id="oc-283">
         <name>.const:.typeinfo:_ZTIe</name>
         <load_address>0xea0</load_address>
         <run_address>0xea0</run_address>
         <size>0x8</size>
         <input_file_ref idref="fl-de"/>
      </object_component>
      <object_component id="oc-22c">
         <name>.const:.typeinfo:_ZTS4Task</name>
         <load_address>0xea8</load_address>
         <run_address>0xea8</run_address>
         <size>0x6</size>
         <input_file_ref idref="fl-4"/>
      </object_component>
      <object_component id="oc-21e">
         <name>.const:.typeinfo:_ZTS3LED</name>
         <load_address>0xeae</load_address>
         <run_address>0xeae</run_address>
         <size>0x5</size>
         <input_file_ref idref="fl-4"/>
      </object_component>
      <object_component id="oc-27e">
         <name>.const:.typeinfo:_ZTSPKe</name>
         <load_address>0xeb3</load_address>
         <run_address>0xeb3</run_address>
         <size>0x4</size>
         <input_file_ref idref="fl-de"/>
      </object_component>
      <object_component id="oc-2e4">
         <name>.cinit..data.load</name>
         <load_address>0xec0</load_address>
         <run_address>0xec0</run_address>
         <size>0x1d</size>
      </object_component>
      <object_component id="oc-2e2">
         <name>__TI_handler_table</name>
         <load_address>0xee0</load_address>
         <run_address>0xee0</run_address>
         <size>0xc</size>
      </object_component>
      <object_component id="oc-2e5">
         <name>.cinit..bss.load</name>
         <load_address>0xef0</load_address>
         <run_address>0xef0</run_address>
         <size>0x8</size>
      </object_component>
      <object_component id="oc-2e3">
         <name>__TI_cinit_table</name>
         <load_address>0xef8</load_address>
         <run_address>0xef8</run_address>
         <size>0x10</size>
      </object_component>
      <object_component id="oc-2c">
         <name>.init_array</name>
         <load_address>0xeb8</load_address>
         <run_address>0xeb8</run_address>
         <size>0x4</size>
         <input_file_ref idref="fl-8"/>
      </object_component>
      <object_component id="oc-2e6">
         <name>SHT$$INIT_ARRAY$$Limit</name>
         <load_address>0xebc</load_address>
         <run_address>0xebc</run_address>
         <size>0x0</size>
      </object_component>
      <object_component id="oc-2bf">
         <name>.binit</name>
         <load_address>0x0</load_address>
         <run_address>0x0</run_address>
         <size>0x0</size>
      </object_component>
      <object_component id="oc-e3">
         <name>.data</name>
         <load_address>0x200047f0</load_address>
         <run_address>0x200047f0</run_address>
         <size>0x9</size>
         <input_file_ref idref="fl-8"/>
      </object_component>
      <object_component id="oc-c6">
         <name>.data:$O1$$</name>
         <load_address>0x200047d8</load_address>
         <run_address>0x200047d8</run_address>
         <size>0xc</size>
         <input_file_ref idref="fl-d8"/>
      </object_component>
      <object_component id="oc-75">
         <name>.data</name>
         <load_address>0x20004804</load_address>
         <run_address>0x20004804</run_address>
         <size>0x4</size>
         <input_file_ref idref="fl-dd"/>
      </object_component>
      <object_component id="oc-c9">
         <name>.data:$O1$$</name>
         <load_address>0x200047fc</load_address>
         <run_address>0x200047fc</run_address>
         <size>0x8</size>
         <input_file_ref idref="fl-df"/>
      </object_component>
      <object_component id="oc-28d">
         <name>.data:$O1$$</name>
         <load_address>0x200047e4</load_address>
         <run_address>0x200047e4</run_address>
         <size>0xc</size>
         <input_file_ref idref="fl-e4"/>
      </object_component>
      <object_component id="oc-d7">
         <name>.bss:g_MainScheduler</name>
         <uninitialized>true</uninitialized>
         <run_address>0x20000000</run_address>
         <size>0x3fd0</size>
         <input_file_ref idref="fl-8"/>
      </object_component>
      <object_component id="oc-24f">
         <name>.common:_ZSt16__dummy_typeinfo</name>
         <uninitialized>true</uninitialized>
         <run_address>0x20003fd0</run_address>
         <size>0x4</size>
      </object_component>
      <object_component id="oc-31">
         <name>.sysmem</name>
         <uninitialized>true</uninitialized>
         <run_address>0x20003fd8</run_address>
         <size>0x8</size>
         <input_file_ref idref="fl-e4"/>
      </object_component>
      <object_component id="oc-2e8">
         <name>.sysmem</name>
         <uninitialized>true</uninitialized>
         <run_address>0x20003fd8</run_address>
         <size>0x0</size>
      </object_component>
      <object_component id="oc-30">
         <name>.stack</name>
         <uninitialized>true</uninitialized>
         <run_address>0x2000fe00</run_address>
         <size>0x0</size>
         <input_file_ref idref="fl-d4"/>
      </object_component>
      <object_component id="oc-2e7">
         <name>.stack</name>
         <uninitialized>true</uninitialized>
         <run_address>0x2000fe00</run_address>
         <size>0x0</size>
      </object_component>
      <object_component id="oc-147">
         <name>.debug_info</name>
         <load_address>0x0</load_address>
         <run_address>0x0</run_address>
         <size>0x8b</size>
         <input_file_ref idref="fl-2"/>
      </object_component>
      <object_component id="oc-3a">
         <name>.debug_info</name>
         <load_address>0x8b</load_address>
         <run_address>0x8b</run_address>
         <size>0x84</size>
         <input_file_ref idref="fl-3"/>
      </object_component>
      <object_component id="oc-175">
         <name>.debug_info</name>
         <load_address>0x10f</load_address>
         <run_address>0x10f</run_address>
         <size>0x16bc</size>
         <input_file_ref idref="fl-4"/>
      </object_component>
      <object_component id="oc-170">
         <name>.debug_info</name>
         <load_address>0x17cb</load_address>
         <run_address>0x17cb</run_address>
         <size>0xf9</size>
         <input_file_ref idref="fl-4"/>
      </object_component>
      <object_component id="oc-1ed">
         <name>.debug_info</name>
         <load_address>0x18c4</load_address>
         <run_address>0x18c4</run_address>
         <size>0xeb</size>
         <input_file_ref idref="fl-4"/>
      </object_component>
      <object_component id="oc-205">
         <name>.debug_info</name>
         <load_address>0x19af</load_address>
         <run_address>0x19af</run_address>
         <size>0xed</size>
         <input_file_ref idref="fl-4"/>
      </object_component>
      <object_component id="oc-22d">
         <name>.debug_info</name>
         <load_address>0x1a9c</load_address>
         <run_address>0x1a9c</run_address>
         <size>0xf2</size>
         <input_file_ref idref="fl-4"/>
      </object_component>
      <object_component id="oc-21f">
         <name>.debug_info</name>
         <load_address>0x1b8e</load_address>
         <run_address>0x1b8e</run_address>
         <size>0xf0</size>
         <input_file_ref idref="fl-4"/>
      </object_component>
      <object_component id="oc-107">
         <name>.debug_info</name>
         <load_address>0x1c7e</load_address>
         <run_address>0x1c7e</run_address>
         <size>0x171</size>
         <input_file_ref idref="fl-4"/>
      </object_component>
      <object_component id="oc-1f2">
         <name>.debug_info</name>
         <load_address>0x1def</load_address>
         <run_address>0x1def</run_address>
         <size>0x135</size>
         <input_file_ref idref="fl-4"/>
      </object_component>
      <object_component id="oc-1f8">
         <name>.debug_info</name>
         <load_address>0x1f24</load_address>
         <run_address>0x1f24</run_address>
         <size>0x139</size>
         <input_file_ref idref="fl-4"/>
      </object_component>
      <object_component id="oc-192">
         <name>.debug_info</name>
         <load_address>0x205d</load_address>
         <run_address>0x205d</run_address>
         <size>0x1268</size>
         <input_file_ref idref="fl-4"/>
      </object_component>
      <object_component id="oc-197">
         <name>.debug_info</name>
         <load_address>0x32c5</load_address>
         <run_address>0x32c5</run_address>
         <size>0x3fa4</size>
         <input_file_ref idref="fl-4"/>
      </object_component>
      <object_component id="oc-125">
         <name>.debug_info</name>
         <load_address>0x7269</load_address>
         <run_address>0x7269</run_address>
         <size>0xf6</size>
         <input_file_ref idref="fl-4"/>
      </object_component>
      <object_component id="oc-19c">
         <name>.debug_info</name>
         <load_address>0x735f</load_address>
         <run_address>0x735f</run_address>
         <size>0x5a</size>
         <input_file_ref idref="fl-4"/>
      </object_component>
      <object_component id="oc-151">
         <name>.debug_info</name>
         <load_address>0x73b9</load_address>
         <run_address>0x73b9</run_address>
         <size>0x17d</size>
         <input_file_ref idref="fl-4"/>
      </object_component>
      <object_component id="oc-156">
         <name>.debug_info</name>
         <load_address>0x7536</load_address>
         <run_address>0x7536</run_address>
         <size>0x18b</size>
         <input_file_ref idref="fl-4"/>
      </object_component>
      <object_component id="oc-202">
         <name>.debug_info</name>
         <load_address>0x76c1</load_address>
         <run_address>0x76c1</run_address>
         <size>0x18ba</size>
         <input_file_ref idref="fl-5"/>
      </object_component>
      <object_component id="oc-1a8">
         <name>.debug_info</name>
         <load_address>0x8f7b</load_address>
         <run_address>0x8f7b</run_address>
         <size>0xe5</size>
         <input_file_ref idref="fl-5"/>
      </object_component>
      <object_component id="oc-1ad">
         <name>.debug_info</name>
         <load_address>0x9060</load_address>
         <run_address>0x9060</run_address>
         <size>0x4e8</size>
         <input_file_ref idref="fl-5"/>
      </object_component>
      <object_component id="oc-1b2">
         <name>.debug_info</name>
         <load_address>0x9548</load_address>
         <run_address>0x9548</run_address>
         <size>0x170</size>
         <input_file_ref idref="fl-5"/>
      </object_component>
      <object_component id="oc-1b7">
         <name>.debug_info</name>
         <load_address>0x96b8</load_address>
         <run_address>0x96b8</run_address>
         <size>0x1ef</size>
         <input_file_ref idref="fl-5"/>
      </object_component>
      <object_component id="oc-1bc">
         <name>.debug_info</name>
         <load_address>0x98a7</load_address>
         <run_address>0x98a7</run_address>
         <size>0xb7</size>
         <input_file_ref idref="fl-5"/>
      </object_component>
      <object_component id="oc-1c1">
         <name>.debug_info</name>
         <load_address>0x995e</load_address>
         <run_address>0x995e</run_address>
         <size>0xa3</size>
         <input_file_ref idref="fl-5"/>
      </object_component>
      <object_component id="oc-1c6">
         <name>.debug_info</name>
         <load_address>0x9a01</load_address>
         <run_address>0x9a01</run_address>
         <size>0xdf</size>
         <input_file_ref idref="fl-5"/>
      </object_component>
      <object_component id="oc-1cb">
         <name>.debug_info</name>
         <load_address>0x9ae0</load_address>
         <run_address>0x9ae0</run_address>
         <size>0x3d7</size>
         <input_file_ref idref="fl-5"/>
      </object_component>
      <object_component id="oc-1d0">
         <name>.debug_info</name>
         <load_address>0x9eb7</load_address>
         <run_address>0x9eb7</run_address>
         <size>0x67</size>
         <input_file_ref idref="fl-5"/>
      </object_component>
      <object_component id="oc-1d5">
         <name>.debug_info</name>
         <load_address>0x9f1e</load_address>
         <run_address>0x9f1e</run_address>
         <size>0x163</size>
         <input_file_ref idref="fl-5"/>
      </object_component>
      <object_component id="oc-1da">
         <name>.debug_info</name>
         <load_address>0xa081</load_address>
         <run_address>0xa081</run_address>
         <size>0x107</size>
         <input_file_ref idref="fl-5"/>
      </object_component>
      <object_component id="oc-1df">
         <name>.debug_info</name>
         <load_address>0xa188</load_address>
         <run_address>0xa188</run_address>
         <size>0xb7</size>
         <input_file_ref idref="fl-5"/>
      </object_component>
      <object_component id="oc-145">
         <name>.debug_info</name>
         <load_address>0xa23f</load_address>
         <run_address>0xa23f</run_address>
         <size>0x1247</size>
         <input_file_ref idref="fl-6"/>
      </object_component>
      <object_component id="oc-d2">
         <name>.debug_info</name>
         <load_address>0xb486</load_address>
         <run_address>0xb486</run_address>
         <size>0x173</size>
         <input_file_ref idref="fl-6"/>
      </object_component>
      <object_component id="oc-113">
         <name>.debug_info</name>
         <load_address>0xb5f9</load_address>
         <run_address>0xb5f9</run_address>
         <size>0x23b</size>
         <input_file_ref idref="fl-6"/>
      </object_component>
      <object_component id="oc-11f">
         <name>.debug_info</name>
         <load_address>0xb834</load_address>
         <run_address>0xb834</run_address>
         <size>0x1ef</size>
         <input_file_ref idref="fl-6"/>
      </object_component>
      <object_component id="oc-119">
         <name>.debug_info</name>
         <load_address>0xba23</load_address>
         <run_address>0xba23</run_address>
         <size>0x1c6</size>
         <input_file_ref idref="fl-6"/>
      </object_component>
      <object_component id="oc-187">
         <name>.debug_info</name>
         <load_address>0xbbe9</load_address>
         <run_address>0xbbe9</run_address>
         <size>0x172</size>
         <input_file_ref idref="fl-6"/>
      </object_component>
      <object_component id="oc-140">
         <name>.debug_info</name>
         <load_address>0xbd5b</load_address>
         <run_address>0xbd5b</run_address>
         <size>0x1a7</size>
         <input_file_ref idref="fl-6"/>
      </object_component>
      <object_component id="oc-1a1">
         <name>.debug_info</name>
         <load_address>0xbf02</load_address>
         <run_address>0xbf02</run_address>
         <size>0x175</size>
         <input_file_ref idref="fl-6"/>
      </object_component>
      <object_component id="oc-1ea">
         <name>.debug_info</name>
         <load_address>0xc077</load_address>
         <run_address>0xc077</run_address>
         <size>0x15ca</size>
         <input_file_ref idref="fl-7"/>
      </object_component>
      <object_component id="oc-1e5">
         <name>.debug_info</name>
         <load_address>0xd641</load_address>
         <run_address>0xd641</run_address>
         <size>0xfc</size>
         <input_file_ref idref="fl-7"/>
      </object_component>
      <object_component id="oc-20b">
         <name>.debug_info</name>
         <load_address>0xd73d</load_address>
         <run_address>0xd73d</run_address>
         <size>0x139</size>
         <input_file_ref idref="fl-7"/>
      </object_component>
      <object_component id="oc-212">
         <name>.debug_info</name>
         <load_address>0xd876</load_address>
         <run_address>0xd876</run_address>
         <size>0x13d</size>
         <input_file_ref idref="fl-7"/>
      </object_component>
      <object_component id="oc-16b">
         <name>.debug_info</name>
         <load_address>0xd9b3</load_address>
         <run_address>0xd9b3</run_address>
         <size>0x138</size>
         <input_file_ref idref="fl-7"/>
      </object_component>
      <object_component id="oc-15b">
         <name>.debug_info</name>
         <load_address>0xdaeb</load_address>
         <run_address>0xdaeb</run_address>
         <size>0x1911</size>
         <input_file_ref idref="fl-8"/>
      </object_component>
      <object_component id="oc-e4">
         <name>.debug_info</name>
         <load_address>0xf3fc</load_address>
         <run_address>0xf3fc</run_address>
         <size>0x12f</size>
         <input_file_ref idref="fl-8"/>
      </object_component>
      <object_component id="oc-d8">
         <name>.debug_info</name>
         <load_address>0xf52b</load_address>
         <run_address>0xf52b</run_address>
         <size>0xf2</size>
         <input_file_ref idref="fl-8"/>
      </object_component>
      <object_component id="oc-180">
         <name>.debug_info</name>
         <load_address>0xf61d</load_address>
         <run_address>0xf61d</run_address>
         <size>0x1e2</size>
         <input_file_ref idref="fl-8"/>
      </object_component>
      <object_component id="oc-17a">
         <name>.debug_info</name>
         <load_address>0xf7ff</load_address>
         <run_address>0xf7ff</run_address>
         <size>0x21a</size>
         <input_file_ref idref="fl-8"/>
      </object_component>
      <object_component id="oc-c1">
         <name>.debug_info</name>
         <load_address>0xfa19</load_address>
         <run_address>0xfa19</run_address>
         <size>0x1c3</size>
         <input_file_ref idref="fl-8"/>
      </object_component>
      <object_component id="oc-10f">
         <name>.debug_info</name>
         <load_address>0xfbdc</load_address>
         <run_address>0xfbdc</run_address>
         <size>0x153</size>
         <input_file_ref idref="fl-8"/>
      </object_component>
      <object_component id="oc-8e">
         <name>.debug_info</name>
         <load_address>0xfd2f</load_address>
         <run_address>0xfd2f</run_address>
         <size>0x128</size>
         <input_file_ref idref="fl-8"/>
      </object_component>
      <object_component id="oc-7c">
         <name>.debug_info</name>
         <load_address>0xfe57</load_address>
         <run_address>0xfe57</run_address>
         <size>0x131</size>
         <input_file_ref idref="fl-8"/>
      </object_component>
      <object_component id="oc-df">
         <name>.debug_info</name>
         <load_address>0xff88</load_address>
         <run_address>0xff88</run_address>
         <size>0x13d</size>
         <input_file_ref idref="fl-a"/>
      </object_component>
      <object_component id="oc-93">
         <name>.debug_info</name>
         <load_address>0x100c5</load_address>
         <run_address>0x100c5</run_address>
         <size>0x2cb</size>
         <input_file_ref idref="fl-d"/>
      </object_component>
      <object_component id="oc-2e">
         <name>.debug_info</name>
         <load_address>0x10390</load_address>
         <run_address>0x10390</run_address>
         <size>0x109</size>
         <input_file_ref idref="fl-d"/>
      </object_component>
      <object_component id="oc-81">
         <name>.debug_info</name>
         <load_address>0x10499</load_address>
         <run_address>0x10499</run_address>
         <size>0x16c</size>
         <input_file_ref idref="fl-d"/>
      </object_component>
      <object_component id="oc-86">
         <name>.debug_info</name>
         <load_address>0x10605</load_address>
         <run_address>0x10605</run_address>
         <size>0x154</size>
         <input_file_ref idref="fl-d"/>
      </object_component>
      <object_component id="oc-27">
         <name>.debug_info</name>
         <load_address>0x10759</load_address>
         <run_address>0x10759</run_address>
         <size>0x160</size>
         <input_file_ref idref="fl-d4"/>
      </object_component>
      <object_component id="oc-9d">
         <name>.debug_info</name>
         <load_address>0x108b9</load_address>
         <run_address>0x108b9</run_address>
         <size>0x293</size>
         <input_file_ref idref="fl-d5"/>
      </object_component>
      <object_component id="oc-15">
         <name>.debug_info</name>
         <load_address>0x10b4c</load_address>
         <run_address>0x10b4c</run_address>
         <size>0x245</size>
         <input_file_ref idref="fl-d5"/>
      </object_component>
      <object_component id="oc-35">
         <name>.debug_info</name>
         <load_address>0x10d91</load_address>
         <run_address>0x10d91</run_address>
         <size>0x60</size>
         <input_file_ref idref="fl-d5"/>
      </object_component>
      <object_component id="oc-98">
         <name>.debug_info</name>
         <load_address>0x10df1</load_address>
         <run_address>0x10df1</run_address>
         <size>0x46</size>
         <input_file_ref idref="fl-d5"/>
      </object_component>
      <object_component id="oc-4a">
         <name>.debug_info</name>
         <load_address>0x10e37</load_address>
         <run_address>0x10e37</run_address>
         <size>0x2da</size>
         <input_file_ref idref="fl-d6"/>
      </object_component>
      <object_component id="oc-1b">
         <name>.debug_info</name>
         <load_address>0x11111</load_address>
         <run_address>0x11111</run_address>
         <size>0x1df</size>
         <input_file_ref idref="fl-d6"/>
      </object_component>
      <object_component id="oc-45">
         <name>.debug_info</name>
         <load_address>0x112f0</load_address>
         <run_address>0x112f0</run_address>
         <size>0x46</size>
         <input_file_ref idref="fl-d6"/>
      </object_component>
      <object_component id="oc-9f">
         <name>.debug_info</name>
         <load_address>0x11336</load_address>
         <run_address>0x11336</run_address>
         <size>0x2c</size>
         <input_file_ref idref="fl-d6"/>
      </object_component>
      <object_component id="oc-56">
         <name>.debug_info</name>
         <load_address>0x11362</load_address>
         <run_address>0x11362</run_address>
         <size>0x2c9</size>
         <input_file_ref idref="fl-d7"/>
      </object_component>
      <object_component id="oc-23">
         <name>.debug_info</name>
         <load_address>0x1162b</load_address>
         <run_address>0x1162b</run_address>
         <size>0x1aa</size>
         <input_file_ref idref="fl-d7"/>
      </object_component>
      <object_component id="oc-51">
         <name>.debug_info</name>
         <load_address>0x117d5</load_address>
         <run_address>0x117d5</run_address>
         <size>0x46</size>
         <input_file_ref idref="fl-d7"/>
      </object_component>
      <object_component id="oc-a7">
         <name>.debug_info</name>
         <load_address>0x1181b</load_address>
         <run_address>0x1181b</run_address>
         <size>0x2c</size>
         <input_file_ref idref="fl-d7"/>
      </object_component>
      <object_component id="oc-cd">
         <name>.debug_info</name>
         <load_address>0x11847</load_address>
         <run_address>0x11847</run_address>
         <size>0x3ce</size>
         <input_file_ref idref="fl-d8"/>
      </object_component>
      <object_component id="oc-c7">
         <name>.debug_info</name>
         <load_address>0x11c15</load_address>
         <run_address>0x11c15</run_address>
         <size>0x185</size>
         <input_file_ref idref="fl-d8"/>
      </object_component>
      <object_component id="oc-70">
         <name>.debug_info</name>
         <load_address>0x11d9a</load_address>
         <run_address>0x11d9a</run_address>
         <size>0x214</size>
         <input_file_ref idref="fl-d8"/>
      </object_component>
      <object_component id="oc-40">
         <name>.debug_info</name>
         <load_address>0x11fae</load_address>
         <run_address>0x11fae</run_address>
         <size>0x111</size>
         <input_file_ref idref="fl-d9"/>
      </object_component>
      <object_component id="oc-4d">
         <name>.debug_info</name>
         <load_address>0x120bf</load_address>
         <run_address>0x120bf</run_address>
         <size>0x13f</size>
         <input_file_ref idref="fl-da"/>
      </object_component>
      <object_component id="oc-5a">
         <name>.debug_info</name>
         <load_address>0x121fe</load_address>
         <run_address>0x121fe</run_address>
         <size>0x138</size>
         <input_file_ref idref="fl-db"/>
      </object_component>
      <object_component id="oc-60">
         <name>.debug_info</name>
         <load_address>0x12336</load_address>
         <run_address>0x12336</run_address>
         <size>0x148</size>
         <input_file_ref idref="fl-dc"/>
      </object_component>
      <object_component id="oc-76">
         <name>.debug_info</name>
         <load_address>0x1247e</load_address>
         <run_address>0x1247e</run_address>
         <size>0x109</size>
         <input_file_ref idref="fl-dd"/>
      </object_component>
      <object_component id="oc-23c">
         <name>.debug_info</name>
         <load_address>0x12587</load_address>
         <run_address>0x12587</run_address>
         <size>0x817</size>
         <input_file_ref idref="fl-de"/>
      </object_component>
      <object_component id="oc-228">
         <name>.debug_info</name>
         <load_address>0x12d9e</load_address>
         <run_address>0x12d9e</run_address>
         <size>0x14d</size>
         <input_file_ref idref="fl-de"/>
      </object_component>
      <object_component id="oc-299">
         <name>.debug_info</name>
         <load_address>0x12eeb</load_address>
         <run_address>0x12eeb</run_address>
         <size>0x159</size>
         <input_file_ref idref="fl-de"/>
      </object_component>
      <object_component id="oc-27a">
         <name>.debug_info</name>
         <load_address>0x13044</load_address>
         <run_address>0x13044</run_address>
         <size>0x151</size>
         <input_file_ref idref="fl-de"/>
      </object_component>
      <object_component id="oc-284">
         <name>.debug_info</name>
         <load_address>0x13195</load_address>
         <run_address>0x13195</run_address>
         <size>0x10d</size>
         <input_file_ref idref="fl-de"/>
      </object_component>
      <object_component id="oc-29e">
         <name>.debug_info</name>
         <load_address>0x132a2</load_address>
         <run_address>0x132a2</run_address>
         <size>0x112</size>
         <input_file_ref idref="fl-de"/>
      </object_component>
      <object_component id="oc-251">
         <name>.debug_info</name>
         <load_address>0x133b4</load_address>
         <run_address>0x133b4</run_address>
         <size>0x117</size>
         <input_file_ref idref="fl-de"/>
      </object_component>
      <object_component id="oc-27f">
         <name>.debug_info</name>
         <load_address>0x134cb</load_address>
         <run_address>0x134cb</run_address>
         <size>0x11c</size>
         <input_file_ref idref="fl-de"/>
      </object_component>
      <object_component id="oc-21a">
         <name>.debug_info</name>
         <load_address>0x135e7</load_address>
         <run_address>0x135e7</run_address>
         <size>0x153</size>
         <input_file_ref idref="fl-de"/>
      </object_component>
      <object_component id="oc-26d">
         <name>.debug_info</name>
         <load_address>0x1373a</load_address>
         <run_address>0x1373a</run_address>
         <size>0x11b</size>
         <input_file_ref idref="fl-de"/>
      </object_component>
      <object_component id="oc-2af">
         <name>.debug_info</name>
         <load_address>0x13855</load_address>
         <run_address>0x13855</run_address>
         <size>0x14b</size>
         <input_file_ref idref="fl-de"/>
      </object_component>
      <object_component id="oc-240">
         <name>.debug_info</name>
         <load_address>0x139a0</load_address>
         <run_address>0x139a0</run_address>
         <size>0x13f</size>
         <input_file_ref idref="fl-de"/>
      </object_component>
      <object_component id="oc-232">
         <name>.debug_info</name>
         <load_address>0x13adf</load_address>
         <run_address>0x13adf</run_address>
         <size>0x145</size>
         <input_file_ref idref="fl-de"/>
      </object_component>
      <object_component id="oc-2aa">
         <name>.debug_info</name>
         <load_address>0x13c24</load_address>
         <run_address>0x13c24</run_address>
         <size>0x13f</size>
         <input_file_ref idref="fl-de"/>
      </object_component>
      <object_component id="oc-294">
         <name>.debug_info</name>
         <load_address>0x13d63</load_address>
         <run_address>0x13d63</run_address>
         <size>0x143</size>
         <input_file_ref idref="fl-de"/>
      </object_component>
      <object_component id="oc-289">
         <name>.debug_info</name>
         <load_address>0x13ea6</load_address>
         <run_address>0x13ea6</run_address>
         <size>0x120</size>
         <input_file_ref idref="fl-de"/>
      </object_component>
      <object_component id="oc-2b9">
         <name>.debug_info</name>
         <load_address>0x13fc6</load_address>
         <run_address>0x13fc6</run_address>
         <size>0x150</size>
         <input_file_ref idref="fl-de"/>
      </object_component>
      <object_component id="oc-268">
         <name>.debug_info</name>
         <load_address>0x14116</load_address>
         <run_address>0x14116</run_address>
         <size>0x144</size>
         <input_file_ref idref="fl-de"/>
      </object_component>
      <object_component id="oc-245">
         <name>.debug_info</name>
         <load_address>0x1425a</load_address>
         <run_address>0x1425a</run_address>
         <size>0x14a</size>
         <input_file_ref idref="fl-de"/>
      </object_component>
      <object_component id="oc-2b4">
         <name>.debug_info</name>
         <load_address>0x143a4</load_address>
         <run_address>0x143a4</run_address>
         <size>0x144</size>
         <input_file_ref idref="fl-de"/>
      </object_component>
      <object_component id="oc-2a5">
         <name>.debug_info</name>
         <load_address>0x144e8</load_address>
         <run_address>0x144e8</run_address>
         <size>0x148</size>
         <input_file_ref idref="fl-de"/>
      </object_component>
      <object_component id="oc-238">
         <name>.debug_info</name>
         <load_address>0x14630</load_address>
         <run_address>0x14630</run_address>
         <size>0x10ad</size>
         <input_file_ref idref="fl-de"/>
      </object_component>
      <object_component id="oc-25b">
         <name>.debug_info</name>
         <load_address>0x156dd</load_address>
         <run_address>0x156dd</run_address>
         <size>0x582</size>
         <input_file_ref idref="fl-de"/>
      </object_component>
      <object_component id="oc-262">
         <name>.debug_info</name>
         <load_address>0x15c5f</load_address>
         <run_address>0x15c5f</run_address>
         <size>0x2c</size>
         <input_file_ref idref="fl-de"/>
      </object_component>
      <object_component id="oc-256">
         <name>.debug_info</name>
         <load_address>0x15c8b</load_address>
         <run_address>0x15c8b</run_address>
         <size>0xec</size>
         <input_file_ref idref="fl-de"/>
      </object_component>
      <object_component id="oc-13b">
         <name>.debug_info</name>
         <load_address>0x15d77</load_address>
         <run_address>0x15d77</run_address>
         <size>0x2be</size>
         <input_file_ref idref="fl-df"/>
      </object_component>
      <object_component id="oc-ca">
         <name>.debug_info</name>
         <load_address>0x16035</load_address>
         <run_address>0x16035</run_address>
         <size>0x113</size>
         <input_file_ref idref="fl-df"/>
      </object_component>
      <object_component id="oc-137">
         <name>.debug_info</name>
         <load_address>0x16148</load_address>
         <run_address>0x16148</run_address>
         <size>0x21f</size>
         <input_file_ref idref="fl-df"/>
      </object_component>
      <object_component id="oc-c5">
         <name>.debug_info</name>
         <load_address>0x16367</load_address>
         <run_address>0x16367</run_address>
         <size>0x300</size>
         <input_file_ref idref="fl-e0"/>
      </object_component>
      <object_component id="oc-6b">
         <name>.debug_info</name>
         <load_address>0x16667</load_address>
         <run_address>0x16667</run_address>
         <size>0x167</size>
         <input_file_ref idref="fl-e0"/>
      </object_component>
      <object_component id="oc-12c">
         <name>.debug_info</name>
         <load_address>0x167ce</load_address>
         <run_address>0x167ce</run_address>
         <size>0x5e</size>
         <input_file_ref idref="fl-e0"/>
      </object_component>
      <object_component id="oc-bd">
         <name>.debug_info</name>
         <load_address>0x1682c</load_address>
         <run_address>0x1682c</run_address>
         <size>0x483</size>
         <input_file_ref idref="fl-e1"/>
      </object_component>
      <object_component id="oc-66">
         <name>.debug_info</name>
         <load_address>0x16caf</load_address>
         <run_address>0x16caf</run_address>
         <size>0x190</size>
         <input_file_ref idref="fl-e1"/>
      </object_component>
      <object_component id="oc-fc">
         <name>.debug_info</name>
         <load_address>0x16e3f</load_address>
         <run_address>0x16e3f</run_address>
         <size>0x39</size>
         <input_file_ref idref="fl-e1"/>
      </object_component>
      <object_component id="oc-164">
         <name>.debug_info</name>
         <load_address>0x16e78</load_address>
         <run_address>0x16e78</run_address>
         <size>0x39</size>
         <input_file_ref idref="fl-e1"/>
      </object_component>
      <object_component id="oc-101">
         <name>.debug_info</name>
         <load_address>0x16eb1</load_address>
         <run_address>0x16eb1</run_address>
         <size>0xcd</size>
         <input_file_ref idref="fl-e1"/>
      </object_component>
      <object_component id="oc-f8">
         <name>.debug_info</name>
         <load_address>0x16f7e</load_address>
         <run_address>0x16f7e</run_address>
         <size>0x37a</size>
         <input_file_ref idref="fl-e2"/>
      </object_component>
      <object_component id="oc-b2">
         <name>.debug_info</name>
         <load_address>0x172f8</load_address>
         <run_address>0x172f8</run_address>
         <size>0x183</size>
         <input_file_ref idref="fl-e2"/>
      </object_component>
      <object_component id="oc-15f">
         <name>.debug_info</name>
         <load_address>0x1747b</load_address>
         <run_address>0x1747b</run_address>
         <size>0x2c</size>
         <input_file_ref idref="fl-e2"/>
      </object_component>
      <object_component id="oc-278">
         <name>.debug_info</name>
         <load_address>0x174a7</load_address>
         <run_address>0x174a7</run_address>
         <size>0x296</size>
         <input_file_ref idref="fl-e3"/>
      </object_component>
      <object_component id="oc-24a">
         <name>.debug_info</name>
         <load_address>0x1773d</load_address>
         <run_address>0x1773d</run_address>
         <size>0x164</size>
         <input_file_ref idref="fl-e3"/>
      </object_component>
      <object_component id="oc-96">
         <name>.debug_info</name>
         <load_address>0x178a1</load_address>
         <run_address>0x178a1</run_address>
         <size>0x3bc</size>
         <input_file_ref idref="fl-e4"/>
      </object_component>
      <object_component id="oc-32">
         <name>.debug_info</name>
         <load_address>0x17c5d</load_address>
         <run_address>0x17c5d</run_address>
         <size>0x101</size>
         <input_file_ref idref="fl-e4"/>
      </object_component>
      <object_component id="oc-28e">
         <name>.debug_info</name>
         <load_address>0x17d5e</load_address>
         <run_address>0x17d5e</run_address>
         <size>0x14c</size>
         <input_file_ref idref="fl-e4"/>
      </object_component>
      <object_component id="oc-275">
         <name>.debug_info</name>
         <load_address>0x17eaa</load_address>
         <run_address>0x17eaa</run_address>
         <size>0x885</size>
         <input_file_ref idref="fl-e4"/>
      </object_component>
      <object_component id="oc-eb">
         <name>.debug_info</name>
         <load_address>0x1872f</load_address>
         <run_address>0x1872f</run_address>
         <size>0x2c</size>
         <input_file_ref idref="fl-e4"/>
      </object_component>
      <object_component id="oc-f0">
         <name>.debug_info</name>
         <load_address>0x1875b</load_address>
         <run_address>0x1875b</run_address>
         <size>0x62</size>
         <input_file_ref idref="fl-e4"/>
      </object_component>
      <object_component id="oc-b7">
         <name>.debug_info</name>
         <load_address>0x187bd</load_address>
         <run_address>0x187bd</run_address>
         <size>0x145</size>
         <input_file_ref idref="fl-e5"/>
      </object_component>
      <object_component id="oc-2e9">
         <name>.debug_info</name>
         <load_address>0x18902</load_address>
         <run_address>0x18902</run_address>
         <size>0xb4</size>
      </object_component>
      <object_component id="oc-14a">
         <name>.debug_line</name>
         <load_address>0x0</load_address>
         <run_address>0x0</run_address>
         <size>0x20</size>
         <input_file_ref idref="fl-2"/>
      </object_component>
      <object_component id="oc-3d">
         <name>.debug_line</name>
         <load_address>0x20</load_address>
         <run_address>0x20</run_address>
         <size>0x20</size>
         <input_file_ref idref="fl-3"/>
      </object_component>
      <object_component id="oc-1fe">
         <name>.debug_line</name>
         <load_address>0x40</load_address>
         <run_address>0x40</run_address>
         <size>0x3d</size>
         <input_file_ref idref="fl-4"/>
      </object_component>
      <object_component id="oc-173">
         <name>.debug_line</name>
         <load_address>0x7d</load_address>
         <run_address>0x7d</run_address>
         <size>0x2e</size>
         <input_file_ref idref="fl-4"/>
      </object_component>
      <object_component id="oc-1f0">
         <name>.debug_line</name>
         <load_address>0xab</load_address>
         <run_address>0xab</run_address>
         <size>0x2e</size>
         <input_file_ref idref="fl-4"/>
      </object_component>
      <object_component id="oc-208">
         <name>.debug_line</name>
         <load_address>0xd9</load_address>
         <run_address>0xd9</run_address>
         <size>0x2e</size>
         <input_file_ref idref="fl-4"/>
      </object_component>
      <object_component id="oc-230">
         <name>.debug_line</name>
         <load_address>0x107</load_address>
         <run_address>0x107</run_address>
         <size>0x2e</size>
         <input_file_ref idref="fl-4"/>
      </object_component>
      <object_component id="oc-222">
         <name>.debug_line</name>
         <load_address>0x135</load_address>
         <run_address>0x135</run_address>
         <size>0x2e</size>
         <input_file_ref idref="fl-4"/>
      </object_component>
      <object_component id="oc-10a">
         <name>.debug_line</name>
         <load_address>0x163</load_address>
         <run_address>0x163</run_address>
         <size>0x43</size>
         <input_file_ref idref="fl-4"/>
      </object_component>
      <object_component id="oc-1f6">
         <name>.debug_line</name>
         <load_address>0x1a6</load_address>
         <run_address>0x1a6</run_address>
         <size>0x46</size>
         <input_file_ref idref="fl-4"/>
      </object_component>
      <object_component id="oc-1fc">
         <name>.debug_line</name>
         <load_address>0x1ec</load_address>
         <run_address>0x1ec</run_address>
         <size>0x45</size>
         <input_file_ref idref="fl-4"/>
      </object_component>
      <object_component id="oc-195">
         <name>.debug_line</name>
         <load_address>0x231</load_address>
         <run_address>0x231</run_address>
         <size>0x78</size>
         <input_file_ref idref="fl-4"/>
      </object_component>
      <object_component id="oc-19a">
         <name>.debug_line</name>
         <load_address>0x2a9</load_address>
         <run_address>0x2a9</run_address>
         <size>0x7b</size>
         <input_file_ref idref="fl-4"/>
      </object_component>
      <object_component id="oc-128">
         <name>.debug_line</name>
         <load_address>0x324</load_address>
         <run_address>0x324</run_address>
         <size>0x3d</size>
         <input_file_ref idref="fl-4"/>
      </object_component>
      <object_component id="oc-19f">
         <name>.debug_line</name>
         <load_address>0x361</load_address>
         <run_address>0x361</run_address>
         <size>0x7e</size>
         <input_file_ref idref="fl-4"/>
      </object_component>
      <object_component id="oc-154">
         <name>.debug_line</name>
         <load_address>0x3df</load_address>
         <run_address>0x3df</run_address>
         <size>0x2f</size>
         <input_file_ref idref="fl-4"/>
      </object_component>
      <object_component id="oc-159">
         <name>.debug_line</name>
         <load_address>0x40e</load_address>
         <run_address>0x40e</run_address>
         <size>0x65</size>
         <input_file_ref idref="fl-4"/>
      </object_component>
      <object_component id="oc-226">
         <name>.debug_line</name>
         <load_address>0x473</load_address>
         <run_address>0x473</run_address>
         <size>0xce</size>
         <input_file_ref idref="fl-5"/>
      </object_component>
      <object_component id="oc-1ab">
         <name>.debug_line</name>
         <load_address>0x541</load_address>
         <run_address>0x541</run_address>
         <size>0x64</size>
         <input_file_ref idref="fl-5"/>
      </object_component>
      <object_component id="oc-1b0">
         <name>.debug_line</name>
         <load_address>0x5a5</load_address>
         <run_address>0x5a5</run_address>
         <size>0x64</size>
         <input_file_ref idref="fl-5"/>
      </object_component>
      <object_component id="oc-1b5">
         <name>.debug_line</name>
         <load_address>0x609</load_address>
         <run_address>0x609</run_address>
         <size>0x75</size>
         <input_file_ref idref="fl-5"/>
      </object_component>
      <object_component id="oc-1ba">
         <name>.debug_line</name>
         <load_address>0x67e</load_address>
         <run_address>0x67e</run_address>
         <size>0x7c</size>
         <input_file_ref idref="fl-5"/>
      </object_component>
      <object_component id="oc-1bf">
         <name>.debug_line</name>
         <load_address>0x6fa</load_address>
         <run_address>0x6fa</run_address>
         <size>0x7c</size>
         <input_file_ref idref="fl-5"/>
      </object_component>
      <object_component id="oc-1c4">
         <name>.debug_line</name>
         <load_address>0x776</load_address>
         <run_address>0x776</run_address>
         <size>0x79</size>
         <input_file_ref idref="fl-5"/>
      </object_component>
      <object_component id="oc-1c9">
         <name>.debug_line</name>
         <load_address>0x7ef</load_address>
         <run_address>0x7ef</run_address>
         <size>0x7b</size>
         <input_file_ref idref="fl-5"/>
      </object_component>
      <object_component id="oc-1ce">
         <name>.debug_line</name>
         <load_address>0x86a</load_address>
         <run_address>0x86a</run_address>
         <size>0x7d</size>
         <input_file_ref idref="fl-5"/>
      </object_component>
      <object_component id="oc-1d3">
         <name>.debug_line</name>
         <load_address>0x8e7</load_address>
         <run_address>0x8e7</run_address>
         <size>0x65</size>
         <input_file_ref idref="fl-5"/>
      </object_component>
      <object_component id="oc-1d8">
         <name>.debug_line</name>
         <load_address>0x94c</load_address>
         <run_address>0x94c</run_address>
         <size>0x79</size>
         <input_file_ref idref="fl-5"/>
      </object_component>
      <object_component id="oc-1dd">
         <name>.debug_line</name>
         <load_address>0x9c5</load_address>
         <run_address>0x9c5</run_address>
         <size>0x7a</size>
         <input_file_ref idref="fl-5"/>
      </object_component>
      <object_component id="oc-1e2">
         <name>.debug_line</name>
         <load_address>0xa3f</load_address>
         <run_address>0xa3f</run_address>
         <size>0x79</size>
         <input_file_ref idref="fl-5"/>
      </object_component>
      <object_component id="oc-191">
         <name>.debug_line</name>
         <load_address>0xab8</load_address>
         <run_address>0xab8</run_address>
         <size>0x20</size>
         <input_file_ref idref="fl-6"/>
      </object_component>
      <object_component id="oc-d6">
         <name>.debug_line</name>
         <load_address>0xad8</load_address>
         <run_address>0xad8</run_address>
         <size>0x5c</size>
         <input_file_ref idref="fl-6"/>
      </object_component>
      <object_component id="oc-116">
         <name>.debug_line</name>
         <load_address>0xb34</load_address>
         <run_address>0xb34</run_address>
         <size>0x62</size>
         <input_file_ref idref="fl-6"/>
      </object_component>
      <object_component id="oc-123">
         <name>.debug_line</name>
         <load_address>0xb96</load_address>
         <run_address>0xb96</run_address>
         <size>0x79</size>
         <input_file_ref idref="fl-6"/>
      </object_component>
      <object_component id="oc-11d">
         <name>.debug_line</name>
         <load_address>0xc0f</load_address>
         <run_address>0xc0f</run_address>
         <size>0x65</size>
         <input_file_ref idref="fl-6"/>
      </object_component>
      <object_component id="oc-18b">
         <name>.debug_line</name>
         <load_address>0xc74</load_address>
         <run_address>0xc74</run_address>
         <size>0x4c</size>
         <input_file_ref idref="fl-6"/>
      </object_component>
      <object_component id="oc-143">
         <name>.debug_line</name>
         <load_address>0xcc0</load_address>
         <run_address>0xcc0</run_address>
         <size>0x34</size>
         <input_file_ref idref="fl-6"/>
      </object_component>
      <object_component id="oc-1a4">
         <name>.debug_line</name>
         <load_address>0xcf4</load_address>
         <run_address>0xcf4</run_address>
         <size>0x2f</size>
         <input_file_ref idref="fl-6"/>
      </object_component>
      <object_component id="oc-218">
         <name>.debug_line</name>
         <load_address>0xd23</load_address>
         <run_address>0xd23</run_address>
         <size>0x2f</size>
         <input_file_ref idref="fl-7"/>
      </object_component>
      <object_component id="oc-1e8">
         <name>.debug_line</name>
         <load_address>0xd52</load_address>
         <run_address>0xd52</run_address>
         <size>0x2f</size>
         <input_file_ref idref="fl-7"/>
      </object_component>
      <object_component id="oc-20a">
         <name>.debug_line</name>
         <load_address>0xd81</load_address>
         <run_address>0xd81</run_address>
         <size>0x44</size>
         <input_file_ref idref="fl-7"/>
      </object_component>
      <object_component id="oc-211">
         <name>.debug_line</name>
         <load_address>0xdc5</load_address>
         <run_address>0xdc5</run_address>
         <size>0x44</size>
         <input_file_ref idref="fl-7"/>
      </object_component>
      <object_component id="oc-16a">
         <name>.debug_line</name>
         <load_address>0xe09</load_address>
         <run_address>0xe09</run_address>
         <size>0x46</size>
         <input_file_ref idref="fl-7"/>
      </object_component>
      <object_component id="oc-1a7">
         <name>.debug_line</name>
         <load_address>0xe4f</load_address>
         <run_address>0xe4f</run_address>
         <size>0x42</size>
         <input_file_ref idref="fl-8"/>
      </object_component>
      <object_component id="oc-150">
         <name>.debug_line</name>
         <load_address>0xe91</load_address>
         <run_address>0xe91</run_address>
         <size>0x2f</size>
         <input_file_ref idref="fl-8"/>
      </object_component>
      <object_component id="oc-14d">
         <name>.debug_line</name>
         <load_address>0xec0</load_address>
         <run_address>0xec0</run_address>
         <size>0x2f</size>
         <input_file_ref idref="fl-8"/>
      </object_component>
      <object_component id="oc-17e">
         <name>.debug_line</name>
         <load_address>0xeef</load_address>
         <run_address>0xeef</run_address>
         <size>0x93</size>
         <input_file_ref idref="fl-8"/>
      </object_component>
      <object_component id="oc-178">
         <name>.debug_line</name>
         <load_address>0xf82</load_address>
         <run_address>0xf82</run_address>
         <size>0x99</size>
         <input_file_ref idref="fl-8"/>
      </object_component>
      <object_component id="oc-bf">
         <name>.debug_line</name>
         <load_address>0x101b</load_address>
         <run_address>0x101b</run_address>
         <size>0x57</size>
         <input_file_ref idref="fl-8"/>
      </object_component>
      <object_component id="oc-10d">
         <name>.debug_line</name>
         <load_address>0x1072</load_address>
         <run_address>0x1072</run_address>
         <size>0x4d</size>
         <input_file_ref idref="fl-8"/>
      </object_component>
      <object_component id="oc-8c">
         <name>.debug_line</name>
         <load_address>0x10bf</load_address>
         <run_address>0x10bf</run_address>
         <size>0x4a</size>
         <input_file_ref idref="fl-8"/>
      </object_component>
      <object_component id="oc-7a">
         <name>.debug_line</name>
         <load_address>0x1109</load_address>
         <run_address>0x1109</run_address>
         <size>0x3e</size>
         <input_file_ref idref="fl-8"/>
      </object_component>
      <object_component id="oc-de">
         <name>.debug_line</name>
         <load_address>0x1147</load_address>
         <run_address>0x1147</run_address>
         <size>0x66</size>
         <input_file_ref idref="fl-a"/>
      </object_component>
      <object_component id="oc-e8">
         <name>.debug_line</name>
         <load_address>0x11ad</load_address>
         <run_address>0x11ad</run_address>
         <size>0x44</size>
         <input_file_ref idref="fl-d"/>
      </object_component>
      <object_component id="oc-92">
         <name>.debug_line</name>
         <load_address>0x11f1</load_address>
         <run_address>0x11f1</run_address>
         <size>0x44</size>
         <input_file_ref idref="fl-d"/>
      </object_component>
      <object_component id="oc-84">
         <name>.debug_line</name>
         <load_address>0x1235</load_address>
         <run_address>0x1235</run_address>
         <size>0x5d</size>
         <input_file_ref idref="fl-d"/>
      </object_component>
      <object_component id="oc-8a">
         <name>.debug_line</name>
         <load_address>0x1292</load_address>
         <run_address>0x1292</run_address>
         <size>0x59</size>
         <input_file_ref idref="fl-d"/>
      </object_component>
      <object_component id="oc-2a">
         <name>.debug_line</name>
         <load_address>0x12eb</load_address>
         <run_address>0x12eb</run_address>
         <size>0x53</size>
         <input_file_ref idref="fl-d4"/>
      </object_component>
      <object_component id="oc-f6">
         <name>.debug_line</name>
         <load_address>0x133e</load_address>
         <run_address>0x133e</run_address>
         <size>0x20</size>
         <input_file_ref idref="fl-d5"/>
      </object_component>
      <object_component id="oc-19">
         <name>.debug_line</name>
         <load_address>0x135e</load_address>
         <run_address>0x135e</run_address>
         <size>0xa9</size>
         <input_file_ref idref="fl-d5"/>
      </object_component>
      <object_component id="oc-38">
         <name>.debug_line</name>
         <load_address>0x1407</load_address>
         <run_address>0x1407</run_address>
         <size>0x3a</size>
         <input_file_ref idref="fl-d5"/>
      </object_component>
      <object_component id="oc-9b">
         <name>.debug_line</name>
         <load_address>0x1441</load_address>
         <run_address>0x1441</run_address>
         <size>0x8a</size>
         <input_file_ref idref="fl-d5"/>
      </object_component>
      <object_component id="oc-a5">
         <name>.debug_line</name>
         <load_address>0x14cb</load_address>
         <run_address>0x14cb</run_address>
         <size>0x8a</size>
         <input_file_ref idref="fl-d6"/>
      </object_component>
      <object_component id="oc-1e">
         <name>.debug_line</name>
         <load_address>0x1555</load_address>
         <run_address>0x1555</run_address>
         <size>0x55</size>
         <input_file_ref idref="fl-d6"/>
      </object_component>
      <object_component id="oc-48">
         <name>.debug_line</name>
         <load_address>0x15aa</load_address>
         <run_address>0x15aa</run_address>
         <size>0x3a</size>
         <input_file_ref idref="fl-d6"/>
      </object_component>
      <object_component id="oc-a2">
         <name>.debug_line</name>
         <load_address>0x15e4</load_address>
         <run_address>0x15e4</run_address>
         <size>0x8a</size>
         <input_file_ref idref="fl-d6"/>
      </object_component>
      <object_component id="oc-ad">
         <name>.debug_line</name>
         <load_address>0x166e</load_address>
         <run_address>0x166e</run_address>
         <size>0x8a</size>
         <input_file_ref idref="fl-d7"/>
      </object_component>
      <object_component id="oc-21">
         <name>.debug_line</name>
         <load_address>0x16f8</load_address>
         <run_address>0x16f8</run_address>
         <size>0x4f</size>
         <input_file_ref idref="fl-d7"/>
      </object_component>
      <object_component id="oc-54">
         <name>.debug_line</name>
         <load_address>0x1747</load_address>
         <run_address>0x1747</run_address>
         <size>0x34</size>
         <input_file_ref idref="fl-d7"/>
      </object_component>
      <object_component id="oc-aa">
         <name>.debug_line</name>
         <load_address>0x177b</load_address>
         <run_address>0x177b</run_address>
         <size>0x8a</size>
         <input_file_ref idref="fl-d7"/>
[...]
         <name>__aeabi_memset4</name>
         <value>0x74f</value>
         <object_component_ref idref="oc-4b"/>
      </symbol>
      <symbol id="sm-2a9">
         <name>__aeabi_memclr8</name>
         <value>0x74d</value>
         <object_component_ref idref="oc-4b"/>
      </symbol>
      <symbol id="sm-2aa">
         <name>__aeabi_memclr4</name>
         <value>0x74d</value>
         <object_component_ref idref="oc-4b"/>
      </symbol>
      <symbol id="sm-2ab">
         <name>__aeabi_memclr</name>
         <value>0x74d</value>
         <object_component_ref idref="oc-4b"/>
      </symbol>
      <symbol id="sm-2b5">
         <name>__mpu_init</name>
         <value>0x7c7</value>
         <object_component_ref idref="oc-57"/>
      </symbol>
      <symbol id="sm-2bf">
         <name>_system_pre_init</name>
         <value>0xd0b</value>
         <object_component_ref idref="oc-5d"/>
      </symbol>
      <symbol id="sm-2c7">
         <name>main_func_sp</name>
         <value>0x20004804</value>
         <object_component_ref idref="oc-75"/>
      </symbol>
      <symbol id="sm-387">
         <name>_ZSt16__dummy_typeinfo</name>
         <value>0x20003fd0</value>
      </symbol>
      <symbol id="sm-388">
         <name>_ZN10__cxxabiv120__function_type_infoD1Ev</name>
         <value>0x5ed</value>
         <object_component_ref idref="oc-236"/>
      </symbol>
      <symbol id="sm-389">
         <name>_ZTIN10__cxxabiv119__pointer_type_infoE</name>
         <value>0xe6c</value>
         <object_component_ref idref="oc-293"/>
      </symbol>
      <symbol id="sm-38a">
         <name>_ZTSSt9type_info</name>
         <value>0xe38</value>
         <object_component_ref idref="oc-288"/>
      </symbol>
      <symbol id="sm-38b">
         <name>_ZN10__cxxabiv123__fundamental_type_infoD2Ev</name>
         <value>0x5cf</value>
         <object_component_ref idref="oc-236"/>
      </symbol>
      <symbol id="sm-38c">
         <name>_ZN10__cxxabiv117__class_type_infoD1Ev</name>
         <value>0x60b</value>
         <object_component_ref idref="oc-236"/>
      </symbol>
      <symbol id="sm-38d">
         <name>_ZN10__cxxabiv129__pointer_to_member_type_infoD2Ev</name>
         <value>0x5c5</value>
         <object_component_ref idref="oc-236"/>
      </symbol>
      <symbol id="sm-38e">
         <name>_ZN10__cxxabiv116__enum_type_infoD1Ev</name>
         <value>0x61f</value>
         <object_component_ref idref="oc-236"/>
      </symbol>
      <symbol id="sm-38f">
         <name>_ZN10__cxxabiv121__vmi_class_type_infoD1Ev</name>
         <value>0x5d9</value>
         <object_component_ref idref="oc-236"/>
      </symbol>
      <symbol id="sm-390">
         <name>_ZTSN10__cxxabiv123__fundamental_type_infoE</name>
         <value>0xd10</value>
         <object_component_ref idref="oc-2b8"/>
      </symbol>
      <symbol id="sm-391">
         <name>_ZN10__cxxabiv117__pbase_type_infoD1Ev</name>
         <value>0x601</value>
         <object_component_ref idref="oc-236"/>
      </symbol>
      <symbol id="sm-392">
         <name>_ZTVN10__cxxabiv123__fundamental_type_infoE</name>
         <value>0xe28</value>
         <object_component_ref idref="oc-298"/>
      </symbol>
      <symbol id="sm-393">
         <name>_ZTSN10__cxxabiv120__si_class_type_infoE</name>
         <value>0xd38</value>
         <object_component_ref idref="oc-244"/>
      </symbol>
      <symbol id="sm-394">
         <name>_ZN10__cxxabiv117__array_type_infoD1Ev</name>
         <value>0x615</value>
         <object_component_ref idref="oc-236"/>
      </symbol>
      <symbol id="sm-395">
         <name>_ZTVN10__cxxabiv119__pointer_type_infoE</name>
         <value>0xe08</value>
         <object_component_ref idref="oc-279"/>
      </symbol>
      <symbol id="sm-396">
         <name>_ZTSPKe</name>
         <value>0xeb3</value>
         <object_component_ref idref="oc-27e"/>
      </symbol>
      <symbol id="sm-397">
         <name>_ZNKSt9type_infoneERKS_</name>
         <value>0x58b</value>
         <object_component_ref idref="oc-236"/>
      </symbol>
      <symbol id="sm-398">
         <name>_ZN10__cxxabiv119__pointer_type_infoD1Ev</name>
         <value>0x5f7</value>
         <object_component_ref idref="oc-236"/>
      </symbol>
      <symbol id="sm-399">
         <name>_ZNSt9type_infoD2Ev</name>
         <value>0x57d</value>
         <object_component_ref idref="oc-236"/>
      </symbol>
      <symbol id="sm-39a">
         <name>_ZNKSt9type_info6beforeERKS_</name>
         <value>0x5b7</value>
         <object_component_ref idref="oc-236"/>
      </symbol>
      <symbol id="sm-39b">
         <name>_ZN10__cxxabiv123__fundamental_type_infoD1Ev</name>
         <value>0x5cf</value>
         <object_component_ref idref="oc-236"/>
      </symbol>
      <symbol id="sm-39c">
         <name>_ZTSN10__cxxabiv119__pointer_type_infoE</name>
         <value>0xd5d</value>
         <object_component_ref idref="oc-2a4"/>
      </symbol>
      <symbol id="sm-39d">
         <name>_ZN10__cxxabiv121__vmi_class_type_infoD2Ev</name>
         <value>0x5d9</value>
         <object_component_ref idref="oc-236"/>
      </symbol>
      <symbol id="sm-39e">
         <name>_ZTSN10__cxxabiv117__class_type_infoE</name>
         <value>0xd81</value>
         <object_component_ref idref="oc-267"/>
      </symbol>
      <symbol id="sm-39f">
         <name>_ZN10__cxxabiv120__function_type_infoD2Ev</name>
         <value>0x5ed</value>
         <object_component_ref idref="oc-236"/>
      </symbol>
      <symbol id="sm-3a0">
         <name>_ZN10__cxxabiv117__class_type_infoD2Ev</name>
         <value>0x60b</value>
         <object_component_ref idref="oc-236"/>
      </symbol>
      <symbol id="sm-3a1">
         <name>_ZN10__cxxabiv116__enum_type_infoD2Ev</name>
         <value>0x61f</value>
         <object_component_ref idref="oc-236"/>
      </symbol>
      <symbol id="sm-3a2">
         <name>_ZN10__cxxabiv119__pointer_type_infoD2Ev</name>
         <value>0x5f7</value>
         <object_component_ref idref="oc-236"/>
      </symbol>
      <symbol id="sm-3a3">
         <name>_ZN10__cxxabiv120__si_class_type_infoD2Ev</name>
         <value>0x5e3</value>
         <object_component_ref idref="oc-236"/>
      </symbol>
      <symbol id="sm-3a4">
         <name>_ZN10__cxxabiv117__pbase_type_infoD2Ev</name>
         <value>0x601</value>
         <object_component_ref idref="oc-236"/>
      </symbol>
      <symbol id="sm-3a5">
         <name>_ZTVN10__cxxabiv117__class_type_infoE</name>
         <value>0xdf8</value>
         <object_component_ref idref="oc-227"/>
      </symbol>
      <symbol id="sm-3a6">
         <name>_ZN10__cxxabiv117__array_type_infoD2Ev</name>
         <value>0x615</value>
         <object_component_ref idref="oc-236"/>
      </symbol>
      <symbol id="sm-3a7">
         <name>_ZNSt9type_infoD1Ev</name>
         <value>0x57d</value>
         <object_component_ref idref="oc-236"/>
      </symbol>
      <symbol id="sm-3a8">
         <name>_ZTIN10__cxxabiv123__fundamental_type_infoE</name>
         <value>0xe84</value>
         <object_component_ref idref="oc-2ae"/>
      </symbol>
      <symbol id="sm-3a9">
         <name>_ZTISt9type_info</name>
         <value>0xe98</value>
         <object_component_ref idref="oc-26c"/>
      </symbol>
      <symbol id="sm-3aa">
         <name>_ZN10__cxxabiv123__fundamental_type_infoD0Ev</name>
         <value>0x5d1</value>
         <object_component_ref idref="oc-236"/>
      </symbol>
      <symbol id="sm-3ab">
         <name>_ZTIN10__cxxabiv117__pbase_type_infoE</name>
         <value>0xe60</value>
         <object_component_ref idref="oc-2a9"/>
      </symbol>
      <symbol id="sm-3ac">
         <name>_ZTSe</name>
         <value>0xdc5</value>
         <object_component_ref idref="oc-29d"/>
      </symbol>
      <symbol id="sm-3ad">
         <name>_ZNKSt9type_info4nameEv</name>
         <value>0x587</value>
         <object_component_ref idref="oc-236"/>
      </symbol>
      <symbol id="sm-3ae">
         <name>_ZTIN10__cxxabiv117__class_type_infoE</name>
         <value>0xe54</value>
         <object_component_ref idref="oc-23f"/>
      </symbol>
      <symbol id="sm-3af">
         <name>_ZN10__cxxabiv129__pointer_to_member_type_infoD0Ev</name>
         <value>0x5c7</value>
         <object_component_ref idref="oc-236"/>
      </symbol>
      <symbol id="sm-3b0">
         <name>_ZN10__cxxabiv120__si_class_type_infoD1Ev</name>
         <value>0x5e3</value>
         <object_component_ref idref="oc-236"/>
      </symbol>
      <symbol id="sm-3b1">
         <name>_ZTIN10__cxxabiv120__si_class_type_infoE</name>
         <value>0xe78</value>
         <object_component_ref idref="oc-231"/>
      </symbol>
      <symbol id="sm-3b2">
         <name>_ZNSt9type_infoD0Ev</name>
         <value>0x57f</value>
         <object_component_ref idref="oc-236"/>
      </symbol>
      <symbol id="sm-3b3">
         <name>_ZN10__cxxabiv120__function_type_infoD0Ev</name>
         <value>0x5ef</value>
         <object_component_ref idref="oc-236"/>
      </symbol>
      <symbol id="sm-3b4">
         <name>_ZN10__cxxabiv117__class_type_infoD0Ev</name>
         <value>0x60d</value>
         <object_component_ref idref="oc-236"/>
      </symbol>
      <symbol id="sm-3b5">
         <name>_ZTSN10__cxxabiv117__pbase_type_infoE</name>
         <value>0xda3</value>
         <object_component_ref idref="oc-2b3"/>
      </symbol>
      <symbol id="sm-3b6">
         <name>_ZN10__cxxabiv116__enum_type_infoD0Ev</name>
         <value>0x621</value>
         <object_component_ref idref="oc-236"/>
      </symbol>
      <symbol id="sm-3b7">
         <name>_ZTIe</name>
         <value>0xea0</value>
         <object_component_ref idref="oc-283"/>
      </symbol>
      <symbol id="sm-3b8">
         <name>_ZN10__cxxabiv121__vmi_class_type_infoD0Ev</name>
         <value>0x5db</value>
         <object_component_ref idref="oc-236"/>
      </symbol>
      <symbol id="sm-3b9">
         <name>_ZTVN10__cxxabiv120__si_class_type_infoE</name>
         <value>0xe18</value>
         <object_component_ref idref="oc-219"/>
      </symbol>
      <symbol id="sm-3ba">
         <name>_ZN10__cxxabiv117__pbase_type_infoD0Ev</name>
         <value>0x603</value>
         <object_component_ref idref="oc-236"/>
      </symbol>
      <symbol id="sm-3bb">
         <name>_ZN10__cxxabiv117__array_type_infoD0Ev</name>
         <value>0x617</value>
         <object_component_ref idref="oc-236"/>
      </symbol>
      <symbol id="sm-3bc">
         <name>_ZSt21__gen_dummy_typeinfosv</name>
         <value>0x575</value>
         <object_component_ref idref="oc-236"/>
      </symbol>
      <symbol id="sm-3bd">
         <name>_ZN10__cxxabiv129__pointer_to_member_type_infoD1Ev</name>
         <value>0x5c5</value>
         <object_component_ref idref="oc-236"/>
      </symbol>
      <symbol id="sm-3be">
         <name>_ZN10__cxxabiv119__pointer_type_infoD0Ev</name>
         <value>0x5f9</value>
         <object_component_ref idref="oc-236"/>
      </symbol>
      <symbol id="sm-3bf">
         <name>_ZN10__cxxabiv120__si_class_type_infoD0Ev</name>
         <value>0x5e5</value>
         <object_component_ref idref="oc-236"/>
      </symbol>
      <symbol id="sm-3c0">
         <name>_ZTIPKe</name>
         <value>0xdc8</value>
         <object_component_ref idref="oc-250"/>
      </symbol>
      <symbol id="sm-3c1">
         <name>_ZNKSt9type_infoeqERKS_</name>
         <value>0x5a1</value>
         <object_component_ref idref="oc-236"/>
      </symbol>
      <symbol id="sm-3da">
         <name>_nop</name>
         <value>0xca3</value>
         <object_component_ref idref="oc-133"/>
      </symbol>
      <symbol id="sm-3db">
         <name>_lock</name>
         <value>0x200047fc</value>
         <object_component_ref idref="oc-c9"/>
      </symbol>
      <symbol id="sm-3dc">
         <name>_unlock</name>
         <value>0x20004800</value>
         <object_component_ref idref="oc-c9"/>
      </symbol>
      <symbol id="sm-3dd">
         <name>_register_lock</name>
         <value>0xc9b</value>
         <object_component_ref idref="oc-133"/>
      </symbol>
      <symbol id="sm-3de">
         <name>_register_unlock</name>
         <value>0xc95</value>
         <object_component_ref idref="oc-133"/>
      </symbol>
      <symbol id="sm-3f2">
         <name>_args_main</name>
         <value>0xc7d</value>
         <object_component_ref idref="oc-69"/>
      </symbol>
      <symbol id="sm-41c">
         <name>__TI_auto_init</name>
         <value>0x841</value>
         <object_component_ref idref="oc-63"/>
      </symbol>
      <symbol id="sm-436">
         <name>copy_in</name>
         <value>0xa69</value>
         <object_component_ref idref="oc-b0"/>
      </symbol>
      <symbol id="sm-444">
         <name>_ZdlPv</name>
         <value>0xd03</value>
         <object_component_ref idref="oc-249"/>
      </symbol>
      <symbol id="sm-4bb">
         <name>_sys_memory</name>
         <value>0x20003fd8</value>
         <object_component_ref idref="oc-31"/>
      </symbol>
      <symbol id="sm-4bc">
         <name>free</name>
         <value>0x1cf</value>
         <object_component_ref idref="oc-271"/>
      </symbol>
      <symbol id="sm-4bd">
         <name>realloc</name>
         <value>0x28f</value>
         <object_component_ref idref="oc-271"/>
      </symbol>
      <symbol id="sm-4be">
         <name>memalign</name>
         <value>0x399</value>
         <object_component_ref idref="oc-271"/>
      </symbol>
      <symbol id="sm-4bf">
         <name>calloc</name>
         <value>0x485</value>
         <object_component_ref idref="oc-271"/>
      </symbol>
      <symbol id="sm-4c0">
         <name>malloc</name>
         <value>0x165</value>
         <object_component_ref idref="oc-271"/>
      </symbol>
      <symbol id="sm-4c1">
         <name>minit</name>
         <value>0xe5</value>
         <object_component_ref idref="oc-271"/>
      </symbol>
      <symbol id="sm-4cb">
         <name>_system_post_cinit</name>
         <value>0xb7b</value>
         <object_component_ref idref="oc-b6"/>
      </symbol>
      <symbol id="sm-4cc">
         <name>__TI_static_base__</name>
         <value>0x0</value>
      </symbol>
      <symbol id="sm-4cf">
         <name>NMI_Handler</name>
         <value>0x573</value>
      </symbol>
      <symbol id="sm-4d0">
         <name>HardFault_Handler</name>
         <value>0x573</value>
      </symbol>
      <symbol id="sm-4d1">
         <name>MemManage_Handler</name>
         <value>0x573</value>
      </symbol>
      <symbol id="sm-4d2">
         <name>BusFault_Handler</name>
         <value>0x573</value>
      </symbol>
      <symbol id="sm-4d3">
         <name>UsageFault_Handler</name>
         <value>0x573</value>
      </symbol>
      <symbol id="sm-4d4">
         <name>SVC_Handler</name>
         <value>0x573</value>
      </symbol>
      <symbol id="sm-4d5">
         <name>DebugMon_Handler</name>
         <value>0x573</value>
      </symbol>
      <symbol id="sm-4d6">
         <name>PendSV_Handler</name>
         <value>0x573</value>
      </symbol>
      <symbol id="sm-4d7">
         <name>SysTick_Handler</name>
         <value>0x573</value>
      </symbol>
      <symbol id="sm-4d8">
         <name>PSS_IRQHandler</name>
         <value>0x573</value>
      </symbol>
      <symbol id="sm-4d9">
         <name>CS_IRQHandler</name>
         <value>0x573</value>
      </symbol>
      <symbol id="sm-4da">
         <name>PCM_IRQHandler</name>
         <value>0x573</value>
      </symbol>
      <symbol id="sm-4db">
         <name>WDT_A_IRQHandler</name>
         <value>0x573</value>
      </symbol>
      <symbol id="sm-4dc">
         <name>FPU_IRQHandler</name>
         <value>0x573</value>
      </symbol>
      <symbol id="sm-4dd">
         <name>FLCTL_IRQHandler</name>
         <value>0x573</value>
      </symbol>
      <symbol id="sm-4de">
         <name>COMP_E0_IRQHandler</name>
         <value>0x573</value>
      </symbol>
      <symbol id="sm-4df">
         <name>COMP_E1_IRQHandler</name>
         <value>0x573</value>
      </symbol>
      <symbol id="sm-4e0">
         <name>TA0_0_IRQHandler</name>
         <value>0x573</value>
      </symbol>
      <symbol id="sm-4e1">
         <name>TA0_N_IRQHandler</name>
         <value>0x573</value>
      </symbol>
      <symbol id="sm-4e2">
         <name>TA1_0_IRQHandler</name>
         <value>0x573</value>
      </symbol>
      <symbol id="sm-4e3">
         <name>TA1_N_IRQHandler</name>
         <value>0x573</value>
      </symbol>
      <symbol id="sm-4e4">
         <name>TA2_0_IRQHandler</name>
         <value>0x573</value>
      </symbol>
      <symbol id="sm-4e5">
         <name>TA2_N_IRQHandler</name>
         <value>0x573</value>
      </symbol>
      <symbol id="sm-4e6">
         <name>TA3_0_IRQHandler</name>
         <value>0x573</value>
      </symbol>
      <symbol id="sm-4e7">
         <name>TA3_N_IRQHandler</name>
         <value>0x573</value>
      </symbol>
      <symbol id="sm-4e8">
         <name>EUSCIA0_IRQHandler</name>
         <value>0x573</value>
      </symbol>
      <symbol id="sm-4e9">
         <name>EUSCIA1_IRQHandler</name>
         <value>0x573</value>
      </symbol>
      <symbol id="sm-4ea">
         <name>EUSCIA2_IRQHandler</name>
         <value>0x573</value>
      </symbol>
      <symbol id="sm-4eb">
         <name>EUSCIA3_IRQHandler</name>
         <value>0x573</value>
      </symbol>
      <symbol id="sm-4ec">
         <name>EUSCIB0_IRQHandler</name>
         <value>0x573</value>
      </symbol>
      <symbol id="sm-4ed">
         <name>EUSCIB1_IRQHandler</name>
         <value>0x573</value>
      </symbol>
      <symbol id="sm-4ee">
         <name>EUSCIB2_IRQHandler</name>
         <value>0x573</value>
      </symbol>
      <symbol id="sm-4ef">
         <name>EUSCIB3_IRQHandler</name>
         <value>0x573</value>
      </symbol>
      <symbol id="sm-4f0">
         <name>ADC14_IRQHandler</name>
         <value>0x573</value>
      </symbol>
      <symbol id="sm-4f1">
         <name>T32_INT1_IRQHandler</name>
         <value>0xb7d</value>
      </symbol>
      <symbol id="sm-4f2">
         <name>T32_INT2_IRQHandler</name>
         <value>0x573</value>
      </symbol>
      <symbol id="sm-4f3">
         <name>T32_INTC_IRQHandler</name>
         <value>0x573</value>
      </symbol>
      <symbol id="sm-4f4">
         <name>AES256_IRQHandler</name>
         <value>0x573</value>
      </symbol>
      <symbol id="sm-4f5">
         <name>RTC_C_IRQHandler</name>
         <value>0x573</value>
      </symbol>
      <symbol id="sm-4f6">
         <name>DMA_ERR_IRQHandler</name>
         <value>0x573</value>
      </symbol>
      <symbol id="sm-4f7">
         <name>DMA_INT3_IRQHandler</name>
         <value>0x573</value>
      </symbol>
      <symbol id="sm-4f8">
         <name>DMA_INT2_IRQHandler</name>
         <value>0x573</value>
      </symbol>
      <symbol id="sm-4f9">
         <name>DMA_INT1_IRQHandler</name>
         <value>0x573</value>
      </symbol>
      <symbol id="sm-4fa">
         <name>DMA_INT0_IRQHandler</name>
         <value>0x573</value>
      </symbol>
      <symbol id="sm-4fb">
         <name>PORT1_IRQHandler</name>
         <value>0x573</value>
      </symbol>
      <symbol id="sm-4fc">
         <name>PORT2_IRQHandler</name>
         <value>0x573</value>
      </symbol>
      <symbol id="sm-4fd">
         <name>PORT3_IRQHandler</name>
         <value>0x573</value>
      </symbol>
      <symbol id="sm-4fe">
         <name>PORT4_IRQHandler</name>
         <value>0x573</value>
      </symbol>
      <symbol id="sm-4ff">
         <name>PORT5_IRQHandler</name>
         <value>0x573</value>
      </symbol>
      <symbol id="sm-500">
         <name>PORT6_IRQHandler</name>
         <value>0x573</value>
      </symbol>
   </symbol_table>
   <title>Link successful</title>
</link_info>
