******************************************************************************
                  TI ARM Linker Unix v18.1.1                   
******************************************************************************
>> Linked Sun Jun 10 19:10:45 2018

OUTPUT FILE NAME:   <IE119-Lab2v0.1.out>
ENTRY POINT SYMBOL: "_c_int00_noargs"  address: 00001d09


MEMORY CONFIGURATION

         name            origin    length      used     unused   attr    fill
----------------------  --------  ---------  --------  --------  ----  --------
  MAIN                  00000000   00040000  000023dc  0003dc24  R  X
  INFO                  00200000   00004000  00000000  00004000  R  X
  SRAM_CODE             01000000   00010000  0000461e  0000b9e2  RW X
  SRAM_DATA             20000000   00010000  0000461e  0000b9e2  RW  


SEGMENT ALLOCATION MAP

run origin  load origin   length   init length attrs members
----------  ----------- ---------- ----------- ----- -------
00000000    00000000    000023e0   000023e0    r-x
  00000000    00000000    000000e4   000000e4    r-- .intvecs
  000000e4    000000e4    00002106   00002106    r-x .text
  000021ec    000021ec    000001a6   000001a6    r-- .const
  00002394    00002394    00000004   00000004    r-- .init_array
  00002398    00002398    00000048   00000048    r-- .cinit
20000000    20000000    00004424   00000000    rw-
  20000000    20000000    00003ff2   00000000    rw- .bss
  20003ff8    20003ff8    00000400   00000000    rw- .sysmem
  200043f8    200043f8    0000002c   00000000    rw- .data
2000fe00    2000fe00    00000200   00000000    rw-
  2000fe00    2000fe00    00000200   00000000    rw- .stack


SECTION ALLOCATION MAP

 output                                  attributes/
section   page    origin      length       input sections
--------  ----  ----------  ----------   ----------------
.intvecs   0    00000000    000000e4     
                  00000000    000000e4     startup_msp432p401r_ccs.obj (.intvecs:retain)

.binit     0    00000000    00000000     

.text      0    000000e4    00002106     
                  000000e4    00000270     Scheduler.obj (.text:_ZN9Scheduler22SortScheduleByPriorityEv)
                  00000354    000001d4     SCREEN_UPDATE.obj (.text:_ZN13SCREEN_UPDATE3runEv)
                  00000528    000001d0     Crystalfontz128x128_ST7735.obj (.text:Crystalfontz128x128_PixelDrawMultiple)
                  000006f8    00000134     Crystalfontz128x128_ST7735.obj (.text:Crystalfontz128x128_SetDrawFrame)
                  0000082c    0000012c     Crystalfontz128x128_ST7735.obj (.text:Crystalfontz128x128_Init)
                  00000958    00000126     Scheduler.obj (.text:_ZN9Scheduler3runEv)
                  00000a7e    00000104     LINE_COUNT.obj (.text:_ZN10LINE_COUNT3runEv)
                  00000b82    000000da     Mailbox.obj (.text:_ZN7Mailbox10getMessageEht)
                  00000c5c    000000d8     rtsv7M4_T_le_v4SPD16_eabi.lib : memory.c.obj (.text:free)
                  00000d34    000000d0     UPDATE_ADC.obj (.text:_ZN10UPDATE_ADC5setupEv)
                  00000e04    000000c4     Mailbox.obj (.text:_ZN7Mailbox15FindMessageSlotEhbt)
                  00000ec8    000000bc     Scheduler.obj (.text:_ZN9Scheduler20UpdateTaskActivenessEv)
                  00000f84    000000b4     UPDATE_ADC.obj (.text:_ZN10UPDATE_ADC3runEv)
                  00001038    000000a2     Scheduler.obj (.text:_ZN9Scheduler6attachEP4Task8TaskType10TaskActivehy)
                  000010da    0000009c     Scheduler.obj (.text:_ZN9Scheduler9PairTasksEv)
                  00001176    00000002     startup_msp432p401r_ccs.obj (.text:Default_Handler)
                  00001178    0000009c     main.obj (.text:main)
                  00001214    0000009c     rtsv7M4_T_le_v4SPD16_eabi.lib : memcpy_t2.asm.obj (.text)
                  000012b0    0000009a     Crystalfontz128x128_ST7735.obj (.text:Crystalfontz128x128_RectFill)
                  0000134a    00000092     Mailbox.obj (.text:_ZN7Mailbox11sendMessageE10st_Message)
                  000013dc    0000007c     msp432p4xx_driverlib.lib : spi_MSP432P4XX.obj (.text:SPI_initMaster)
                  00001458    0000007a     Scheduler.obj (.text:_ZN9Scheduler5setupEv)
                  000014d2    0000007a     rtsv7M4_T_le_v4SPD16_eabi.lib : memset_t2.asm.obj (.text)
                  0000154c    00000078     system_msp432p401r.obj (.text:SystemInit)
                  000015c4    00000078     rtsv7M4_T_le_v4SPD16_eabi.lib : memory.c.obj (.text:malloc)
                  0000163c    0000006c     main.obj (.text:_ZN10LINE_COUNTC1Ev)
                  000016a8    00000068     Mailbox.obj (.text:_ZN7Mailbox12setupMailboxEh)
                  00001710    00000068     rtsv7M4_T_le_v4SPD16_eabi.lib : copy_decompress_lzss.c.obj (.text:decompress:lzss:__TI_decompress_lzss)
                  00001778    00000060                                   : autoinit.c.obj (.text:__TI_auto_init_nobinit:__TI_auto_init_nobinit)
                  000017d8    0000005e     Crystalfontz128x128_ST7735.obj (.text:Crystalfontz128x128_LineDrawV)
                  00001836    0000005a     Crystalfontz128x128_ST7735.obj (.text:Crystalfontz128x128_LineDrawH)
                  00001890    00000054     Crystalfontz128x128_ST7735.obj (.text:Crystalfontz128x128_SetOrientation)
                  000018e4    00000054     main.obj (.text:T32_INT1_IRQHandler)
                  00001938    00000052     grlib.a : context.obj (.text:Graphics_initContext)
                  0000198a    0000004e     Scheduler.obj (.text:_ZN9Scheduler13NumberOfTasksEv)
                  000019d8    0000004e     Scheduler.obj (.text:_ZN9SchedulerC1Ev)
                  00001a26    00000002     rtsv7M4_T_le_v4SPD16_eabi.lib : stdlib_typeinfo.cpp.obj (.text:_ZNSt9type_infoD1Ev)
                  00001a28    0000004c     msp432p4xx_driverlib.lib : gpio_MSP432P4XX.obj (.text:GPIO_setAsPeripheralModuleFunctionOutputPin)
                  00001a74    00000048     main.obj (.text:_ZN29_INTERNAL_8_main_cpp_8ea94d1918__NVIC_SetPriorityE4IRQnj)
                  00001abc    00000048     UPDATE_ADC.obj (.text:_ZN36_INTERNAL_14_UPDATE_ADC_cpp_a204de0c18__NVIC_SetPriorityE4IRQnj)
                  00001b04    00000048     Mailbox.obj (.text:_ZN7MailboxC1Ev)
                  00001b4c    00000044     main.obj (.text:_Z5Setupv)
                  00001b90    00000044     SCREEN_UPDATE.obj (.text:_ZN13SCREEN_UPDATE5setupEv)
                  00001bd4    00000040     HAL_MSP_EXP432P401R_Crystalfontz128x128_ST7735.obj (.text:HAL_LCD_SpiInit)
                  00001c14    00000040     Task.obj (.text:_ZN4TaskC1Ev)
                  00001c54    0000003e     Crystalfontz128x128_ST7735.obj (.text:Crystalfontz128x128_PixelDraw)
                  00001c92    00000002     rtsv7M4_T_le_v4SPD16_eabi.lib : _lock.c.obj (.text:_nop)
                  00001c94    0000003c                                   : memory.c.obj (.text:minsert)
                  00001cd0    00000038     HAL_MSP_EXP432P401R_Crystalfontz128x128_ST7735.obj (.text:HAL_LCD_writeCommand)
                  00001d08    00000038     rtsv7M4_T_le_v4SPD16_eabi.lib : boot_cortex_m.c.obj (.text:_c_int00_noargs:_c_int00_noargs)
                  00001d40    00000038                                   : memory.c.obj (.text:minit)
                  00001d78    00000030     HAL_MSP_EXP432P401R_Crystalfontz128x128_ST7735.obj (.text:HAL_LCD_PortInit)
                  00001da8    00000030     main.obj (.text:_ZN29_INTERNAL_8_main_cpp_8ea94d1916__NVIC_EnableIRQE4IRQn)
                  00001dd8    00000030     UPDATE_ADC.obj (.text:_ZN36_INTERNAL_14_UPDATE_ADC_cpp_a204de0c16__NVIC_EnableIRQE4IRQn)
                  00001e08    00000030     Mailbox.obj (.text:_ZN7Mailbox10getMailboxEv)
                  00001e38    00000030     msp432p4xx_driverlib.lib : spi_MSP432P4XX.obj (.text:is_A_Module)
                  00001e68    0000002e     Task.obj (.text:_ZN4Task11sendMessageE10st_Message)
                  00001e96    00000002     --HOLE-- [fill = 0]
                  00001e98    0000002c     Crystalfontz128x128_ST7735.obj (.text:Crystalfontz128x128_ClearScreen)
                  00001ec4    0000002c     HAL_MSP_EXP432P401R_Crystalfontz128x128_ST7735.obj (.text:HAL_LCD_writeData)
                  00001ef0    0000002c     Task.obj (.text:_ZN4Task21CheckMessageIntegrityE10st_Message)
                  00001f1c    00000028     Crystalfontz128x128_ST7735.obj (.text:Crystalfontz128x128_ColorTranslate)
                  00001f44    00000028     rtsv7M4_T_le_v4SPD16_eabi.lib : memory.c.obj (.text:mremove)
                  00001f6c    00000024     msp432p4xx_driverlib.lib : gpio_MSP432P4XX.obj (.text:GPIO_setAsOutputPin)
                  00001f90    00000024     main.obj (.text:_ZN10UPDATE_ADCC1Ev)
                  00001fb4    00000022     rtsv7M4_T_le_v4SPD16_eabi.lib : new.cpp.obj (.text:_Znwj)
                  00001fd6    00000002     --HOLE-- [fill = 0]
                  00001fd8    00000020     main.obj (.text:ADC14_IRQHandler)
                  00001ff8    0000001e     Task.obj (.text:_ZN4Task10getMessageEht)
                  00002016    00000002     --HOLE-- [fill = 0]
                  00002018    0000001c     main.obj (.text:__sti___8_main_cpp_8ea94d19)
                  00002034    0000001a     grlib.a : display.obj (.text:Graphics_clearDisplayOnDisplay)
                  0000204e    0000001a             : context.obj (.text:Graphics_setBackgroundColor)
                  00002068    0000001a     msp432p4xx_driverlib.lib : spi_MSP432P4XX.obj (.text:SPI_enableModule)
                  00002082    00000002     --HOLE-- [fill = 0]
                  00002084    00000018                              : gpio_MSP432P4XX.obj (.text:GPIO_setOutputLowOnPin)
                  0000209c    00000018     LINE_COUNT.obj (.text:_ZN10LINE_COUNT5setupEv)
                  000020b4    00000018     main.obj (.text:_ZN13SCREEN_UPDATEC1Ev)
                  000020cc    00000016     grlib.a : display.obj (.text:Graphics_translateColorOnDisplay)
                  000020e2    00000002     --HOLE-- [fill = 0]
                  000020e4    00000014     msp432p4xx_driverlib.lib : gpio_MSP432P4XX.obj (.text:GPIO_setOutputHighOnPin)
                  000020f8    00000012     grlib.a : context.obj (.text:Graphics_clearDisplay)
                  0000210a    00000010     Mailbox.obj (.text:_ZN7Mailbox21GetSchedulerMailboxIDEv)
                  0000211a    0000000e     rtsv7M4_T_le_v4SPD16_eabi.lib : typeinfo.c.obj (.text:_ZN10__cxxabiv117__class_type_infoD0Ev)
                  00002128    0000000e                                   : typeinfo.c.obj (.text:_ZN10__cxxabiv120__si_class_type_infoD0Ev)
                  00002136    0000000e     Task.obj (.text:_ZN4Task13GetNeededDataEv)
                  00002144    0000000e     Task.obj (.text:_ZN4Task14GetHandledDataEv)
                  00002152    0000000e     Task.obj (.text:_ZN4Task21GetSchedulerMailboxIDEv)
                  00002160    0000000e     rtsv7M4_T_le_v4SPD16_eabi.lib : copy_decompress_none.c.obj (.text:decompress:none:__TI_decompress_none)
                  0000216e    0000000c     msp432p4xx_driverlib.lib : spi_MSP432P4XX.obj (.text:EUSCI_A_SPI_enable)
                  0000217a    0000000c                              : spi_MSP432P4XX.obj (.text:EUSCI_B_SPI_enable)
                  00002186    0000000c     startup_msp432p401r_ccs.obj (.text:Reset_Handler)
                  00002192    0000000c     Task.obj (.text:_ZN4Task3runEv)
                  0000219e    0000000c     Task.obj (.text:_ZN4Task5setupEv)
                  000021aa    00000002     --HOLE-- [fill = 0]
                  000021ac    0000000c     rtsv7M4_T_le_v4SPD16_eabi.lib : new.cpp.obj (.text:_ZSt15get_new_handlerv)
                  000021b8    0000000c                                   : copy_zero_init.c.obj (.text:decompress:ZI:__TI_zero_init)
                  000021c4    0000000a     Crystalfontz128x128_ST7735.obj (.text:Crystalfontz128x128_Flush)
                  000021ce    00000008     rtsv7M4_T_le_v4SPD16_eabi.lib : new.cpp.obj (.text:_ZdlPv)
                  000021d6    00000004                                   : typeinfo.c.obj (.text:_ZN10__cxxabiv117__class_type_infoD1Ev)
                  000021da    00000004                                   : typeinfo.c.obj (.text:_ZN10__cxxabiv120__si_class_type_infoD1Ev)
                  000021de    00000004                                   : new.cpp.obj (.text:_ZdlPvj)
                  000021e2    00000004                                   : pre_init.c.obj (.text:_system_pre_init)
                  000021e6    00000004                                   : exit.c.obj (.text:abort:abort)

.const     0    000021ec    000001a6     
                  000021ec    00000030     msp432p4xx_driverlib.lib : gpio_MSP432P4XX.obj (.const:GPIO_PORT_TO_BASE)
                  0000221c    00000025     rtsv7M4_T_le_v4SPD16_eabi.lib : typeinfo.c.obj (.const:.typeinfo:_ZTSN10__cxxabiv120__si_class_type_infoE)
                  00002241    00000022                                   : typeinfo.c.obj (.const:.typeinfo:_ZTSN10__cxxabiv117__class_type_infoE)
                  00002263    00000001     --HOLE-- [fill = 0]
                  00002264    00000020     Crystalfontz128x128_ST7735.obj (.const:g_sCrystalfontz128x128_funcs)
                  00002284    0000001c     HAL_MSP_EXP432P401R_Crystalfontz128x128_ST7735.obj (.const:$P$T0$1)
                  000022a0    00000010     SCREEN_UPDATE.obj (.const:.typeinfo:_ZTS13SCREEN_UPDATE)
                  000022b0    00000010     LINE_COUNT.obj (.const:_ZTV10LINE_COUNT)
                  000022c0    00000010     UPDATE_ADC.obj (.const:_ZTV10UPDATE_ADC)
                  000022d0    00000010     SCREEN_UPDATE.obj (.const:_ZTV13SCREEN_UPDATE)
                  000022e0    00000010     Task.obj (.const:_ZTV4Task)
                  000022f0    00000010     rtsv7M4_T_le_v4SPD16_eabi.lib : typeinfo.c.obj (.const:_ZTVN10__cxxabiv117__class_type_infoE)
                  00002300    00000010                                   : typeinfo.c.obj (.const:_ZTVN10__cxxabiv120__si_class_type_infoE)
                  00002310    0000000d     LINE_COUNT.obj (.const:.typeinfo:_ZTS10LINE_COUNT)
                  0000231d    0000000d     UPDATE_ADC.obj (.const:.typeinfo:_ZTS10UPDATE_ADC)
                  0000232a    0000000d     rtsv7M4_T_le_v4SPD16_eabi.lib : stdlib_typeinfo.cpp.obj (.const:.typeinfo:_ZTSSt9type_info)
                  00002337    00000001     --HOLE-- [fill = 0]
                  00002338    0000000c     LINE_COUNT.obj (.const:.typeinfo:_ZTI10LINE_COUNT)
                  00002344    0000000c     UPDATE_ADC.obj (.const:.typeinfo:_ZTI10UPDATE_ADC)
                  00002350    0000000c     SCREEN_UPDATE.obj (.const:.typeinfo:_ZTI13SCREEN_UPDATE)
                  0000235c    0000000c     rtsv7M4_T_le_v4SPD16_eabi.lib : typeinfo.c.obj (.const:.typeinfo:_ZTIN10__cxxabiv117__class_type_infoE)
                  00002368    0000000c                                   : typeinfo.c.obj (.const:.typeinfo:_ZTIN10__cxxabiv120__si_class_type_infoE)
                  00002374    00000008     Crystalfontz128x128_ST7735.obj (.const:$P$T0$1)
                  0000237c    00000008     Task.obj (.const:.typeinfo:_ZTI4Task)
                  00002384    00000008     rtsv7M4_T_le_v4SPD16_eabi.lib : stdlib_typeinfo.cpp.obj (.const:.typeinfo:_ZTISt9type_info)
                  0000238c    00000006     Task.obj (.const:.typeinfo:_ZTS4Task)

.cinit     0    00002398    00000048     
                  00002398    00000021     (.cinit..data.load) [load image, compression = lzss]
                  000023b9    00000003     --HOLE-- [fill = 0]
                  000023bc    0000000c     (__TI_handler_table)
                  000023c8    00000008     (.cinit..bss.load) [load image, compression = zero_init]
                  000023d0    00000010     (__TI_cinit_table)

.init_array 
*          0    00002394    00000004     
                  00002394    00000004     main.obj (.init_array)

.bss       0    20000000    00003ff2     UNINITIALIZED
                  20000000    00003fe0     main.obj (.bss:g_MainScheduler)
                  20003fe0    00000004     main.obj (.bss)
                  20003fe4    00000004     rtsv7M4_T_le_v4SPD16_eabi.lib : new.cpp.obj (.bss)
                  20003fe8    00000002     (.common:Lcd_ScreenHeigth)
                  20003fea    00000002     (.common:Lcd_ScreenWidth)
                  20003fec    00000002     (.common:Lcd_TouchTrim)
                  20003fee    00000001     (.common:Lcd_FlagRead)
                  20003fef    00000001     (.common:Lcd_FontSolid)
                  20003ff0    00000001     (.common:Lcd_Orientation)
                  20003ff1    00000001     (.common:Lcd_PenSolid)

.sysmem    0    20003ff8    00000400     UNINITIALIZED
                  20003ff8    00000008     rtsv7M4_T_le_v4SPD16_eabi.lib : memory.c.obj (.sysmem)
                  20004000    000003f8     --HOLE--

.data      0    200043f8    0000002c     UNINITIALIZED
                  200043f8    00000011     main.obj (.data)
                  20004409    00000003     --HOLE--
                  2000440c    0000000c     rtsv7M4_T_le_v4SPD16_eabi.lib : memory.c.obj (.data:$O1$$)
                  20004418    00000008                                   : _lock.c.obj (.data:$O1$$)
                  20004420    00000004     Mailbox.obj (.data)

.stack     0    2000fe00    00000200     UNINITIALIZED
                  2000fe00    00000004     rtsv7M4_T_le_v4SPD16_eabi.lib : boot_cortex_m.c.obj (.stack)
                  2000fe04    000001fc     --HOLE--

MODULE SUMMARY

       Module                                               code   ro data   rw data
       ------                                               ----   -------   -------
    ./
       main.obj                                             656    4         32746  
       Scheduler.obj                                        1702   0         0      
       Mailbox.obj                                          800    0         8      
       Task.obj                                             250    30        0      
       system_msp432p401r.obj                               120    0         0      
    +--+----------------------------------------------------+------+---------+---------+
       Total:                                               3528   34        32754  
                                                                                    
    ./LcdDriver/
       Crystalfontz128x128_ST7735.obj                       1650   40        20     
       HAL_MSP_EXP432P401R_Crystalfontz128x128_ST7735.obj   212    28        0      
    +--+----------------------------------------------------+------+---------+---------+
       Total:                                               1862   68        20     
                                                                                    
    ./Tasks/
       SCREEN_UPDATE.obj                                    536    44        0      
       UPDATE_ADC.obj                                       508    41        0      
       LINE_COUNT.obj                                       284    41        0      
    +--+----------------------------------------------------+------+---------+---------+
       Total:                                               1328   126       0      
                                                                                    
    ./ccs/
       startup_msp432p401r_ccs.obj                          14     228       0      
    +--+----------------------------------------------------+------+---------+---------+
       Total:                                               14     228       0      
                                                                                    
    /home/esteban/ti/ccsv7/tools/compiler/ti-cgt-arm_18.1.1.LTS/lib/rtsv7M4_T_le_v4SPD16_eabi.lib
       memory.c.obj                                         492    0         24     
       typeinfo.c.obj                                       36     127       0      
       memcpy_t2.asm.obj                                    156    0         0      
       memset_t2.asm.obj                                    122    0         0      
       copy_decompress_lzss.c.obj                           104    0         0      
       autoinit.c.obj                                       96     0         0      
       new.cpp.obj                                          58     0         8      
       boot_cortex_m.c.obj                                  56     0         0      
       stdlib_typeinfo.cpp.obj                              2      21        0      
       _lock.c.obj                                          2      0         16     
       copy_decompress_none.c.obj                           14     0         0      
       copy_zero_init.c.obj                                 12     0         0      
       exit.c.obj                                           4      0         0      
       pre_init.c.obj                                       4      0         0      
    +--+----------------------------------------------------+------+---------+---------+
       Total:                                               1158   148       48     
                                                                                    
    /home/esteban/ti/simplelink_msp432p4_sdk_2_10_00_14/source/ti/devices/msp432p4xx/driverlib/ccs/msp432p4xx_driverlib.lib
       spi_MSP432P4XX.obj                                   222    0         0      
       gpio_MSP432P4XX.obj                                  156    48        0      
    +--+----------------------------------------------------+------+---------+---------+
       Total:                                               378    48        0      
                                                                                    
    /home/esteban/ti/simplelink_msp432p4_sdk_2_10_00_14/source/ti/grlib/lib/ccs/m4f/grlib.a
       context.obj                                          126    0         0      
       display.obj                                          48     0         0      
    +--+----------------------------------------------------+------+---------+---------+
       Total:                                               174    0         0      
                                                                                    
       Heap:                                                0      0         2048   
       Stack:                                               0      0         1024   
       Linker Generated:                                    0      69        0      
    +--+----------------------------------------------------+------+---------+---------+
       Grand Total:                                         8442   721       35894  


LINKER GENERATED COPY TABLES

__TI_cinit_table @ 000023d0 records: 2, size/record: 8, table size: 16
	.data: load addr=00002398, load size=00000021 bytes, run addr=200043f8, run size=0000002c bytes, compression=lzss
	.bss: load addr=000023c8, load size=00000008 bytes, run addr=20000000, run size=00003ff2 bytes, compression=zero_init


LINKER GENERATED HANDLER TABLE

__TI_handler_table @ 000023bc records: 3, size/record: 4, table size: 12
	index: 0, handler: __TI_decompress_lzss
	index: 1, handler: __TI_decompress_none
	index: 2, handler: __TI_zero_init


GLOBAL SYMBOLS: SORTED ALPHABETICALLY BY Name 

address   name                                              
-------   ----                                              
00001fd9  ADC14_IRQHandler                                  
00001fd9  ADC14_IRQHandler                                  
00001177  AES256_IRQHandler                                 
00001177  BusFault_Handler                                  
000021e7  C$$EXIT                                           
00001177  COMP_E0_IRQHandler                                
00001177  COMP_E1_IRQHandler                                
00001177  CS_IRQHandler                                     
0000082d  Crystalfontz128x128_Init                          
00001837  Crystalfontz128x128_LineDrawH                     
000012b1  Crystalfontz128x128_RectFill                      
000006f9  Crystalfontz128x128_SetDrawFrame                  
00001891  Crystalfontz128x128_SetOrientation                
00001177  DMA_ERR_IRQHandler                                
00001177  DMA_INT0_IRQHandler                               
00001177  DMA_INT1_IRQHandler                               
00001177  DMA_INT2_IRQHandler                               
00001177  DMA_INT3_IRQHandler                               
00001177  DebugMon_Handler                                  
00001177  Default_Handler                                   
00001177  EUSCIA0_IRQHandler                                
00001177  EUSCIA1_IRQHandler                                
00001177  EUSCIA2_IRQHandler                                
00001177  EUSCIA3_IRQHandler                                
00001177  EUSCIB0_IRQHandler                                
00001177  EUSCIB1_IRQHandler                                
00001177  EUSCIB2_IRQHandler                                
00001177  EUSCIB3_IRQHandler                                
0000216f  EUSCI_A_SPI_enable                                
0000217b  EUSCI_B_SPI_enable                                
00001177  FLCTL_IRQHandler                                  
00001177  FPU_IRQHandler                                    
00001f6d  GPIO_setAsOutputPin                               
00001a29  GPIO_setAsPeripheralModuleFunctionOutputPin       
000020e5  GPIO_setOutputHighOnPin                           
00002085  GPIO_setOutputLowOnPin                            
000020f9  Graphics_clearDisplay                             
00002035  Graphics_clearDisplayOnDisplay                    
00001939  Graphics_initContext                              
0000204f  Graphics_setBackgroundColor                       
000020cd  Graphics_translateColorOnDisplay                  
00001d79  HAL_LCD_PortInit                                  
00001bd5  HAL_LCD_SpiInit                                   
00001cd1  HAL_LCD_writeCommand                              
00001ec5  HAL_LCD_writeData                                 
00001177  HardFault_Handler                                 
20003fee  Lcd_FlagRead                                      
20003fef  Lcd_FontSolid                                     
20003ff0  Lcd_Orientation                                   
20003ff1  Lcd_PenSolid                                      
20003fe8  Lcd_ScreenHeigth                                  
20003fea  Lcd_ScreenWidth                                   
20003fec  Lcd_TouchTrim                                     
00001177  MemManage_Handler                                 
00001177  NMI_Handler                                       
00001177  PCM_IRQHandler                                    
00001177  PORT1_IRQHandler                                  
00001177  PORT2_IRQHandler                                  
00001177  PORT3_IRQHandler                                  
00001177  PORT4_IRQHandler                                  
00001177  PORT5_IRQHandler                                  
00001177  PORT6_IRQHandler                                  
00001177  PSS_IRQHandler                                    
00001177  PendSV_Handler                                    
00001177  RTC_C_IRQHandler                                  
00002187  Reset_Handler                                     
00002394  SHT$$INIT_ARRAY$$Base                             
00002398  SHT$$INIT_ARRAY$$Limit                            
00002069  SPI_enableModule                                  
000013dd  SPI_initMaster                                    
00001177  SVC_Handler                                       
00001177  SysTick_Handler                                   
0000154d  SystemInit                                        
000018e5  T32_INT1_IRQHandler                               
000018e5  T32_INT1_IRQHandler                               
00001177  T32_INT2_IRQHandler                               
00001177  T32_INTC_IRQHandler                               
00001177  TA0_0_IRQHandler                                  
00001177  TA0_N_IRQHandler                                  
00001177  TA1_0_IRQHandler                                  
00001177  TA1_N_IRQHandler                                  
00001177  TA2_0_IRQHandler                                  
00001177  TA2_N_IRQHandler                                  
00001177  TA3_0_IRQHandler                                  
00001177  TA3_N_IRQHandler                                  
00001177  UsageFault_Handler                                
4000480c  WDTCTL_SYM                                        
00001177  WDT_A_IRQHandler                                  
00001b4d  _Z5Setupv                                         
00000a7f  _ZN10LINE_COUNT3runEv                             
0000209d  _ZN10LINE_COUNT5setupEv                           
0000163d  _ZN10LINE_COUNTC1Ev                               
00000f85  _ZN10UPDATE_ADC3runEv                             
00000d35  _ZN10UPDATE_ADC5setupEv                           
00001f91  _ZN10UPDATE_ADCC1Ev                               
0000211b  _ZN10__cxxabiv117__class_type_infoD0Ev            
000021d7  _ZN10__cxxabiv117__class_type_infoD1Ev            
000021d7  _ZN10__cxxabiv117__class_type_infoD2Ev            
00002129  _ZN10__cxxabiv120__si_class_type_infoD0Ev         
000021db  _ZN10__cxxabiv120__si_class_type_infoD1Ev         
000021db  _ZN10__cxxabiv120__si_class_type_infoD2Ev         
00000355  _ZN13SCREEN_UPDATE3runEv                          
00001b91  _ZN13SCREEN_UPDATE5setupEv                        
000020b5  _ZN13SCREEN_UPDATEC1Ev                            
00001ff9  _ZN4Task10getMessageEht                           
00001e69  _ZN4Task11sendMessageE10st_Message                
00002137  _ZN4Task13GetNeededDataEv                         
00002145  _ZN4Task14GetHandledDataEv                        
20004408  _ZN4Task14m_u8NextTaskIDE                         
00001ef1  _ZN4Task21CheckMessageIntegrityE10st_Message      
00002153  _ZN4Task21GetSchedulerMailboxIDEv                 
00002193  _ZN4Task3runEv                                    
0000219f  _ZN4Task5setupEv                                  
00001c15  _ZN4TaskC1Ev                                      
00001c15  _ZN4TaskC2Ev                                      
00001e09  _ZN7Mailbox10getMailboxEv                         
00000b83  _ZN7Mailbox10getMessageEht                        
0000134b  _ZN7Mailbox11sendMessageE10st_Message             
000016a9  _ZN7Mailbox12setupMailboxEh                       
00000e05  _ZN7Mailbox15FindMessageSlotEhbt                  
0000210b  _ZN7Mailbox21GetSchedulerMailboxIDEv              
20004420  _ZN7Mailbox7MailObjE                              
00001b05  _ZN7MailboxC1Ev                                   
00001b05  _ZN7MailboxC2Ev                                   
0000198b  _ZN9Scheduler13NumberOfTasksEv                    
00000ec9  _ZN9Scheduler20UpdateTaskActivenessEv             
000000e5  _ZN9Scheduler22SortScheduleByPriorityEv           
00000959  _ZN9Scheduler3runEv                               
00001459  _ZN9Scheduler5setupEv                             
00001039  _ZN9Scheduler6attachEP4Task8TaskType10TaskActivehy
000010db  _ZN9Scheduler9PairTasksEv                         
000019d9  _ZN9SchedulerC1Ev                                 
000019d9  _ZN9SchedulerC2Ev                                 
00001a27  _ZNSt9type_infoD1Ev                               
00001a27  _ZNSt9type_infoD2Ev                               
000021ad  _ZSt15get_new_handlerv                            
000021e7  _ZSt17__throw_bad_allocv                          
00002338  _ZTI10LINE_COUNT                                  
00002344  _ZTI10UPDATE_ADC                                  
00002350  _ZTI13SCREEN_UPDATE                               
0000237c  _ZTI4Task                                         
0000235c  _ZTIN10__cxxabiv117__class_type_infoE             
00002368  _ZTIN10__cxxabiv120__si_class_type_infoE          
00002384  _ZTISt9type_info                                  
00002310  _ZTS10LINE_COUNT                                  
0000231d  _ZTS10UPDATE_ADC                                  
000022a0  _ZTS13SCREEN_UPDATE                               
0000238c  _ZTS4Task                                         
00002241  _ZTSN10__cxxabiv117__class_type_infoE             
0000221c  _ZTSN10__cxxabiv120__si_class_type_infoE          
0000232a  _ZTSSt9type_info                                  
000022b0  _ZTV10LINE_COUNT                                  
000022c0  _ZTV10UPDATE_ADC                                  
000022d0  _ZTV13SCREEN_UPDATE                               
000022e0  _ZTV4Task                                         
000022f0  _ZTVN10__cxxabiv117__class_type_infoE             
00002300  _ZTVN10__cxxabiv120__si_class_type_infoE          
000021cf  _ZdlPv                                            
000021df  _ZdlPvj                                           
00001fb5  _Znwj                                             
20010000  __STACK_END                                       
00000200  __STACK_SIZE                                      
00000400  __SYSMEM_SIZE                                     
000023d0  __TI_CINIT_Base                                   
000023e0  __TI_CINIT_Limit                                  
000023bc  __TI_Handler_Table_Base                           
000023c8  __TI_Handler_Table_Limit                          
00001779  __TI_auto_init_nobinit                            
00001711  __TI_decompress_lzss                              
00002161  __TI_decompress_none                              
ffffffff  __TI_pprof_out_hndl                               
ffffffff  __TI_prof_data_size                               
ffffffff  __TI_prof_data_start                              
00000000  __TI_static_base__                                
000021b9  __TI_zero_init                                    
000014d3  __aeabi_memclr                                    
000014d3  __aeabi_memclr4                                   
000014d3  __aeabi_memclr8                                   
00001215  __aeabi_memcpy                                    
00001215  __aeabi_memcpy4                                   
00001215  __aeabi_memcpy8                                   
000014d5  __aeabi_memset                                    
000014d5  __aeabi_memset4                                   
000014d5  __aeabi_memset8                                   
ffffffff  __binit__                                         
ffffffff  __c_args__                                        
UNDEFED   __mpu_init                                        
2000fe00  __stack                                           
00002019  __sti___8_main_cpp_8ea94d19                       
00001d09  _c_int00_noargs                                   
20004418  _lock                                             
00001c93  _nop                                              
20003ff8  _sys_memory                                       
UNDEFED   _system_post_cinit                                
000021e3  _system_pre_init                                  
2000441c  _unlock                                           
000021e7  abort                                             
ffffffff  binit                                             
00000c5d  free                                              
20003fe0  g_Mailbox                                         
20000000  g_MainScheduler                                   
200043f8  g_iHeartBeatCount                                 
00002264  g_sCrystalfontz128x128_funcs                      
00000000  interruptVectors                                  
00001179  main                                              
000015c5  malloc                                            
00001215  memcpy                                            
000014db  memset                                            
00001d41  minit                                             


GLOBAL SYMBOLS: SORTED BY Symbol Address 

address   name                                              
-------   ----                                              
00000000  __TI_static_base__                                
00000000  interruptVectors                                  
000000e5  _ZN9Scheduler22SortScheduleByPriorityEv           
00000200  __STACK_SIZE                                      
00000355  _ZN13SCREEN_UPDATE3runEv                          
00000400  __SYSMEM_SIZE                                     
000006f9  Crystalfontz128x128_SetDrawFrame                  
0000082d  Crystalfontz128x128_Init                          
00000959  _ZN9Scheduler3runEv                               
00000a7f  _ZN10LINE_COUNT3runEv                             
00000b83  _ZN7Mailbox10getMessageEht                        
00000c5d  free                                              
00000d35  _ZN10UPDATE_ADC5setupEv                           
00000e05  _ZN7Mailbox15FindMessageSlotEhbt                  
00000ec9  _ZN9Scheduler20UpdateTaskActivenessEv             
00000f85  _ZN10UPDATE_ADC3runEv                             
00001039  _ZN9Scheduler6attachEP4Task8TaskType10TaskActivehy
000010db  _ZN9Scheduler9PairTasksEv                         
00001177  AES256_IRQHandler                                 
00001177  BusFault_Handler                                  
00001177  COMP_E0_IRQHandler                                
00001177  COMP_E1_IRQHandler                                
00001177  CS_IRQHandler                                     
00001177  DMA_ERR_IRQHandler                                
00001177  DMA_INT0_IRQHandler                               
00001177  DMA_INT1_IRQHandler                               
00001177  DMA_INT2_IRQHandler                               
00001177  DMA_INT3_IRQHandler                               
00001177  DebugMon_Handler                                  
00001177  Default_Handler                                   
00001177  EUSCIA0_IRQHandler                                
00001177  EUSCIA1_IRQHandler                                
00001177  EUSCIA2_IRQHandler                                
00001177  EUSCIA3_IRQHandler                                
00001177  EUSCIB0_IRQHandler                                
00001177  EUSCIB1_IRQHandler                                
00001177  EUSCIB2_IRQHandler                                
00001177  EUSCIB3_IRQHandler                                
00001177  FLCTL_IRQHandler                                  
00001177  FPU_IRQHandler                                    
00001177  HardFault_Handler                                 
00001177  MemManage_Handler                                 
00001177  NMI_Handler                                       
00001177  PCM_IRQHandler                                    
00001177  PORT1_IRQHandler                                  
00001177  PORT2_IRQHandler                                  
00001177  PORT3_IRQHandler                                  
00001177  PORT4_IRQHandler                                  
00001177  PORT5_IRQHandler                                  
00001177  PORT6_IRQHandler                                  
00001177  PSS_IRQHandler                                    
00001177  PendSV_Handler                                    
00001177  RTC_C_IRQHandler                                  
00001177  SVC_Handler                                       
00001177  SysTick_Handler                                   
00001177  T32_INT2_IRQHandler                               
00001177  T32_INTC_IRQHandler                               
00001177  TA0_0_IRQHandler                                  
00001177  TA0_N_IRQHandler                                  
00001177  TA1_0_IRQHandler                                  
00001177  TA1_N_IRQHandler                                  
00001177  TA2_0_IRQHandler                                  
00001177  TA2_N_IRQHandler                                  
00001177  TA3_0_IRQHandler                                  
00001177  TA3_N_IRQHandler                                  
00001177  UsageFault_Handler                                
00001177  WDT_A_IRQHandler                                  
00001179  main                                              
00001215  __aeabi_memcpy                                    
00001215  __aeabi_memcpy4                                   
00001215  __aeabi_memcpy8                                   
00001215  memcpy                                            
000012b1  Crystalfontz128x128_RectFill                      
0000134b  _ZN7Mailbox11sendMessageE10st_Message             
000013dd  SPI_initMaster                                    
00001459  _ZN9Scheduler5setupEv                             
000014d3  __aeabi_memclr                                    
000014d3  __aeabi_memclr4                                   
000014d3  __aeabi_memclr8                                   
000014d5  __aeabi_memset                                    
000014d5  __aeabi_memset4                                   
000014d5  __aeabi_memset8                                   
000014db  memset                                            
0000154d  SystemInit                                        
000015c5  malloc                                            
0000163d  _ZN10LINE_COUNTC1Ev                               
000016a9  _ZN7Mailbox12setupMailboxEh                       
00001711  __TI_decompress_lzss                              
00001779  __TI_auto_init_nobinit                            
00001837  Crystalfontz128x128_LineDrawH                     
00001891  Crystalfontz128x128_SetOrientation                
000018e5  T32_INT1_IRQHandler                               
000018e5  T32_INT1_IRQHandler                               
00001939  Graphics_initContext                              
0000198b  _ZN9Scheduler13NumberOfTasksEv                    
000019d9  _ZN9SchedulerC1Ev                                 
000019d9  _ZN9SchedulerC2Ev                                 
00001a27  _ZNSt9type_infoD1Ev                               
00001a27  _ZNSt9type_infoD2Ev                               
00001a29  GPIO_setAsPeripheralModuleFunctionOutputPin       
00001b05  _ZN7MailboxC1Ev                                   
00001b05  _ZN7MailboxC2Ev                                   
00001b4d  _Z5Setupv                                         
00001b91  _ZN13SCREEN_UPDATE5setupEv                        
00001bd5  HAL_LCD_SpiInit                                   
00001c15  _ZN4TaskC1Ev                                      
00001c15  _ZN4TaskC2Ev                                      
00001c93  _nop                                              
00001cd1  HAL_LCD_writeCommand                              
00001d09  _c_int00_noargs                                   
00001d41  minit                                             
00001d79  HAL_LCD_PortInit                                  
00001e09  _ZN7Mailbox10getMailboxEv                         
00001e69  _ZN4Task11sendMessageE10st_Message                
00001ec5  HAL_LCD_writeData                                 
00001ef1  _ZN4Task21CheckMessageIntegrityE10st_Message      
00001f6d  GPIO_setAsOutputPin                               
00001f91  _ZN10UPDATE_ADCC1Ev                               
00001fb5  _Znwj                                             
00001fd9  ADC14_IRQHandler                                  
00001fd9  ADC14_IRQHandler                                  
00001ff9  _ZN4Task10getMessageEht                           
00002019  __sti___8_main_cpp_8ea94d19                       
00002035  Graphics_clearDisplayOnDisplay                    
0000204f  Graphics_setBackgroundColor                       
00002069  SPI_enableModule                                  
00002085  GPIO_setOutputLowOnPin                            
0000209d  _ZN10LINE_COUNT5setupEv                           
000020b5  _ZN13SCREEN_UPDATEC1Ev                            
000020cd  Graphics_translateColorOnDisplay                  
000020e5  GPIO_setOutputHighOnPin                           
000020f9  Graphics_clearDisplay                             
0000210b  _ZN7Mailbox21GetSchedulerMailboxIDEv              
0000211b  _ZN10__cxxabiv117__class_type_infoD0Ev            
00002129  _ZN10__cxxabiv120__si_class_type_infoD0Ev         
00002137  _ZN4Task13GetNeededDataEv                         
00002145  _ZN4Task14GetHandledDataEv                        
00002153  _ZN4Task21GetSchedulerMailboxIDEv                 
00002161  __TI_decompress_none                              
0000216f  EUSCI_A_SPI_enable                                
0000217b  EUSCI_B_SPI_enable                                
00002187  Reset_Handler                                     
00002193  _ZN4Task3runEv                                    
0000219f  _ZN4Task5setupEv                                  
000021ad  _ZSt15get_new_handlerv                            
000021b9  __TI_zero_init                                    
000021cf  _ZdlPv                                            
000021d7  _ZN10__cxxabiv117__class_type_infoD1Ev            
000021d7  _ZN10__cxxabiv117__class_type_infoD2Ev            
000021db  _ZN10__cxxabiv120__si_class_type_infoD1Ev         
000021db  _ZN10__cxxabiv120__si_class_type_infoD2Ev         
000021df  _ZdlPvj                                           
000021e3  _system_pre_init                                  
000021e7  C$$EXIT                                           
000021e7  _ZSt17__throw_bad_allocv                          
000021e7  abort                                             
0000221c  _ZTSN10__cxxabiv120__si_class_type_infoE          
00002241  _ZTSN10__cxxabiv117__class_type_infoE             
00002264  g_sCrystalfontz128x128_funcs                      
000022a0  _ZTS13SCREEN_UPDATE                               
000022b0  _ZTV10LINE_COUNT                                  
000022c0  _ZTV10UPDATE_ADC                                  
000022d0  _ZTV13SCREEN_UPDATE                               
000022e0  _ZTV4Task                                         
000022f0  _ZTVN10__cxxabiv117__class_type_infoE             
00002300  _ZTVN10__cxxabiv120__si_class_type_infoE          
00002310  _ZTS10LINE_COUNT                                  
0000231d  _ZTS10UPDATE_ADC                                  
0000232a  _ZTSSt9type_info                                  
00002338  _ZTI10LINE_COUNT                                  
00002344  _ZTI10UPDATE_ADC                                  
00002350  _ZTI13SCREEN_UPDATE                               
0000235c  _ZTIN10__cxxabiv117__class_type_infoE             
00002368  _ZTIN10__cxxabiv120__si_class_type_infoE          
0000237c  _ZTI4Task                                         
00002384  _ZTISt9type_info                                  
0000238c  _ZTS4Task                                         
00002394  SHT$$INIT_ARRAY$$Base                             
00002398  SHT$$INIT_ARRAY$$Limit                            
000023bc  __TI_Handler_Table_Base                           
000023c8  __TI_Handler_Table_Limit                          
000023d0  __TI_CINIT_Base                                   
000023e0  __TI_CINIT_Limit                                  
20000000  g_MainScheduler                                   
20003fe0  g_Mailbox                                         
20003fe8  Lcd_ScreenHeigth                                  
20003fea  Lcd_ScreenWidth                                   
20003fec  Lcd_TouchTrim                                     
20003fee  Lcd_FlagRead                                      
20003fef  Lcd_FontSolid                                     
20003ff0  Lcd_Orientation                                   
20003ff1  Lcd_PenSolid                                      
20003ff8  _sys_memory                                       
200043f8  g_iHeartBeatCount                                 
20004408  _ZN4Task14m_u8NextTaskIDE                         
20004418  _lock                                             
2000441c  _unlock                                           
20004420  _ZN7Mailbox7MailObjE                              
2000fe00  __stack                                           
20010000  __STACK_END                                       
4000480c  WDTCTL_SYM                                        
ffffffff  __TI_pprof_out_hndl                               
ffffffff  __TI_prof_data_size                               
ffffffff  __TI_prof_data_start                              
ffffffff  __binit__                                         
ffffffff  __c_args__                                        
ffffffff  binit                                             
UNDEFED   __mpu_init                                        
UNDEFED   _system_post_cinit                                

[209 symbols]
