******************************************************************************
                  TI ARM Linker Unix v16.9.6                   
******************************************************************************
>> Linked Sat Apr 21 15:26:09 2018

OUTPUT FILE NAME:   <Copy of Test_for_Light_w_class.out>
ENTRY POINT SYMBOL: "_c_int00"  address: 00000329


MEMORY CONFIGURATION

         name            origin    length      used     unused   attr    fill
----------------------  --------  ---------  --------  --------  ----  --------
  MAIN                  00000000   00040000  000006e4  0003f91c  R  X
  INFO                  00200000   00004000  00000000  00004000  R  X
  SRAM_CODE             01000000   00010000  00000224  0000fddc  RW X
  SRAM_DATA             20000000   00010000  00000224  0000fddc  RW  


SEGMENT ALLOCATION MAP

run origin  load origin   length   init length attrs members
----------  ----------- ---------- ----------- ----- -------
00000000    00000000    000006e4   000006e4    r-x
  00000000    00000000    000000e4   000000e4    r-- .intvecs
  000000e4    000000e4    000005a4   000005a4    r-x .text
  00000688    00000688    00000030   00000030    r-- .const
  000006b8    000006b8    0000002c   0000002c    r-- .cinit
20000000    20000000    00000024   00000000    rw-
  20000000    20000000    00000024   00000000    rw- .data
2000fe00    2000fe00    00000200   00000000    rw-
  2000fe00    2000fe00    00000200   00000000    rw- .stack


SECTION ALLOCATION MAP

 output                                  attributes/
section   page    origin      length       input sections
--------  ----  ----------  ----------   ----------------
.intvecs   0    00000000    000000e4     
                  00000000    000000e4     startup_msp432p401r_ccs.obj (.intvecs:retain)

.text      0    000000e4    000005a4     
                  000000e4    0000009c     rtsv7M4_T_le_v4SPD16_eabi.lib : memcpy_t2.obj (.text)
                  00000180    00000078     system_msp432p401r.obj (.text:SystemInit)
                  000001f8    00000070     rtsv7M4_T_le_v4SPD16_eabi.lib : autoinit.obj (.text)
                  00000268    00000068                                   : copy_decompress_lzss.obj (.text:decompress:lzss)
                  000002d0    00000058     Lab1utilities.obj (.text:_ZN14Lab1_utilities15ADC_CONF_SINGLEEv)
                  00000328    00000054     rtsv7M4_T_le_v4SPD16_eabi.lib : boot.obj (.text)
                  0000037c    00000054                                   : exit.obj (.text)
                  000003d0    0000004c     msp432p4xx_driverlib.lib : gpio_MSP432P4XX.obj (.text:GPIO_setAsPeripheralModuleFunctionOutputPin)
                  0000041c    0000004c     rtsv7M4_T_le_v4SPD16_eabi.lib : cpy_tbl.obj (.text)
                  00000468    00000048     Lab1utilities.obj (.text:_Z18__NVIC_SetPriority4IRQnj)
                  000004b0    00000044     Lab1utilities.obj (.text:_ZN14Lab1_utilities8START_UPEjPs)
                  000004f4    0000003c     main.obj (.text:T32_INT2_IRQHandler)
                  00000530    00000038     Lab1utilities.obj (.text:_Z17__NVIC_DisableIRQ4IRQn)
                  00000568    00000038     main.obj (.text:main)
                  000005a0    00000030     Lab1utilities.obj (.text:_Z16__NVIC_EnableIRQ4IRQn)
                  000005d0    0000002c     Lab1utilities.obj (.text:_ZN14Lab1_utilities14TIMER32_2_CONFEj)
                  000005fc    00000018     main.obj (.text:ADC14_IRQHandler)
                  00000614    00000018     HAL_I2C.obj (.text:Init_I2C_GPIO)
                  0000062c    00000018     rtsv7M4_T_le_v4SPD16_eabi.lib : args_main.obj (.text)
                  00000644    00000014                                   : _lock.obj (.text)
                  00000658    0000000e                                   : copy_decompress_none.obj (.text:decompress:none)
                  00000666    0000000c     startup_msp432p401r_ccs.obj (.text:Reset_Handler)
                  00000672    0000000c     Lab1utilities.obj (.text:_ZN14Lab1_utilitiesC1Ev)
                  0000067e    00000004     rtsv7M4_T_le_v4SPD16_eabi.lib : pre_init.obj (.text)
                  00000682    00000002     startup_msp432p401r_ccs.obj (.text:Default_Handler)
                  00000684    00000002     rtsv7M4_T_le_v4SPD16_eabi.lib : mpu_init.obj (.text)
                  00000686    00000002                                   : startup.obj (.text)

.const     0    00000688    00000030     
                  00000688    00000030     msp432p4xx_driverlib.lib : gpio_MSP432P4XX.obj (.const:GPIO_PORT_TO_BASE)

.cinit     0    000006b8    0000002c     
                  000006b8    0000001b     (.cinit..data.load) [load image, compression = lzss]
                  000006d3    00000001     --HOLE-- [fill = 0]
                  000006d4    00000008     (__TI_handler_table)
                  000006dc    00000008     (__TI_cinit_table)

.init_array 
*          0    00000000    00000000     UNINITIALIZED

.binit     0    00000000    00000000     

.data      0    20000000    00000024     UNINITIALIZED
                  20000000    0000000c     rtsv7M4_T_le_v4SPD16_eabi.lib : exit.obj (.data:$O1$$)
                  2000000c    0000000a     main.obj (.data)
                  20000016    00000002     --HOLE--
                  20000018    00000008     rtsv7M4_T_le_v4SPD16_eabi.lib : _lock.obj (.data:$O1$$)
                  20000020    00000004                                   : stkdepth_vars.obj (.data)

.stack     0    2000fe00    00000200     UNINITIALIZED
                  2000fe00    00000200     --HOLE--

MODULE SUMMARY

       Module                        code   ro data   rw data
       ------                        ----   -------   -------
    ./
       Lab1utilities.obj             388    0         0      
       main.obj                      140    0         20     
       system_msp432p401r.obj        120    0         0      
       HAL_I2C.obj                   24     0         0      
    +--+-----------------------------+------+---------+---------+
       Total:                        672    0         20     
                                                             
    ./ccs/
       startup_msp432p401r_ccs.obj   14     228       0      
    +--+-----------------------------+------+---------+---------+
       Total:                        14     228       0      
                                                             
    /home/esteban/ti/ccsv7/tools/compiler/ti-cgt-arm_16.9.6.LTS/lib/rtsv7M4_T_le_v4SPD16_eabi.lib
       memcpy_t2.obj                 156    0         0      
       autoinit.obj                  112    0         0      
       exit.obj                      84     0         24     
       copy_decompress_lzss.obj      104    0         0      
       boot.obj                      84     0         0      
       cpy_tbl.obj                   76     0         0      
       _lock.obj                     20     0         16     
       args_main.obj                 24     0         0      
       copy_decompress_none.obj      14     0         0      
       stkdepth_vars.obj             0      0         8      
       pre_init.obj                  4      0         0      
       mpu_init.obj                  2      0         0      
       startup.obj                   2      0         0      
    +--+-----------------------------+------+---------+---------+
       Total:                        682    0         48     
                                                             
    /home/esteban/ti/simplelink_msp432p4_sdk_2_10_00_14/source/ti/devices/msp432p4xx/driverlib/ccs/msp432p4xx_driverlib.lib
       gpio_MSP432P4XX.obj           76     48        0      
    +--+-----------------------------+------+---------+---------+
       Total:                        76     48        0      
                                                             
       Stack:                        0      0         1024   
       Linker Generated:             0      43        0      
    +--+-----------------------------+------+---------+---------+
       Grand Total:                  1444   319       1092   


LINKER GENERATED COPY TABLES

__TI_cinit_table @ 000006dc records: 1, size/record: 8, table size: 8
	.data: load addr=000006b8, load size=0000001b bytes, run addr=20000000, run size=00000024 bytes, compression=lzss


LINKER GENERATED HANDLER TABLE

__TI_handler_table @ 000006d4 records: 2, size/record: 4, table size: 8
	index: 0, handler: __TI_decompress_lzss
	index: 1, handler: __TI_decompress_none


GLOBAL SYMBOLS: SORTED ALPHABETICALLY BY Name 

address   name                                       
-------   ----                                       
000005fd  ADC14_IRQHandler                           
000005fd  ADC14_IRQHandler                           
00000683  AES256_IRQHandler                          
00000683  BusFault_Handler                           
0000037d  C$$EXIT                                    
00000683  COMP_E0_IRQHandler                         
00000683  COMP_E1_IRQHandler                         
00000683  CS_IRQHandler                              
00000683  DMA_ERR_IRQHandler                         
00000683  DMA_INT0_IRQHandler                        
00000683  DMA_INT1_IRQHandler                        
00000683  DMA_INT2_IRQHandler                        
00000683  DMA_INT3_IRQHandler                        
00000683  DebugMon_Handler                           
00000683  Default_Handler                            
00000683  EUSCIA0_IRQHandler                         
00000683  EUSCIA1_IRQHandler                         
00000683  EUSCIA2_IRQHandler                         
00000683  EUSCIA3_IRQHandler                         
00000683  EUSCIB0_IRQHandler                         
00000683  EUSCIB1_IRQHandler                         
00000683  EUSCIB2_IRQHandler                         
00000683  EUSCIB3_IRQHandler                         
00000683  FLCTL_IRQHandler                           
00000683  FPU_IRQHandler                             
000003d1  GPIO_setAsPeripheralModuleFunctionOutputPin
00000683  HardFault_Handler                          
00000615  Init_I2C_GPIO                              
00000683  MemManage_Handler                          
00000683  NMI_Handler                                
00000683  PCM_IRQHandler                             
00000683  PORT1_IRQHandler                           
00000683  PORT2_IRQHandler                           
00000683  PORT3_IRQHandler                           
00000683  PORT4_IRQHandler                           
00000683  PORT5_IRQHandler                           
00000683  PORT6_IRQHandler                           
00000683  PSS_IRQHandler                             
00000683  PendSV_Handler                             
00000683  RTC_C_IRQHandler                           
00000667  Reset_Handler                              
UNDEFED   SHT$$INIT_ARRAY$$Base                      
UNDEFED   SHT$$INIT_ARRAY$$Limit                     
00000683  SVC_Handler                                
00000683  SysTick_Handler                            
00000181  SystemInit                                 
00000683  T32_INT1_IRQHandler                        
000004f5  T32_INT2_IRQHandler                        
000004f5  T32_INT2_IRQHandler                        
00000683  T32_INTC_IRQHandler                        
00000683  TA0_0_IRQHandler                           
00000683  TA0_N_IRQHandler                           
00000683  TA1_0_IRQHandler                           
00000683  TA1_N_IRQHandler                           
00000683  TA2_0_IRQHandler                           
00000683  TA2_N_IRQHandler                           
00000683  TA3_0_IRQHandler                           
00000683  TA3_N_IRQHandler                           
00000683  UsageFault_Handler                         
4000480c  WDTCTL_SYM                                 
00000683  WDT_A_IRQHandler                           
000005d1  _ZN14Lab1_utilities14TIMER32_2_CONFEj      
000002d1  _ZN14Lab1_utilities15ADC_CONF_SINGLEEv     
000004b1  _ZN14Lab1_utilities8START_UPEjPs           
00000673  _ZN14Lab1_utilitiesC1Ev                    
00000673  _ZN14Lab1_utilitiesC2Ev                    
20010000  __STACK_END                                
00000200  __STACK_SIZE                               
000006dc  __TI_CINIT_Base                            
000006e4  __TI_CINIT_Limit                           
000006d4  __TI_Handler_Table_Base                    
000006dc  __TI_Handler_Table_Limit                   
000001f9  __TI_auto_init                             
20000000  __TI_cleanup_ptr                           
00000269  __TI_decompress_lzss                       
00000659  __TI_decompress_none                       
20000004  __TI_dtors_ptr                             
20000008  __TI_enable_exit_profile_output            
ffffffff  __TI_pprof_out_hndl                        
ffffffff  __TI_prof_data_size                        
ffffffff  __TI_prof_data_start                       
00000000  __TI_static_base__                         
000000e5  __aeabi_memcpy                             
000000e5  __aeabi_memcpy4                            
000000e5  __aeabi_memcpy8                            
ffffffff  __binit__                                  
ffffffff  __c_args__                                 
00000685  __mpu_init                                 
2000fe00  __stack                                    
0000062d  _args_main                                 
00000329  _c_int00                                   
20000018  _lock                                      
00000653  _nop                                       
0000064b  _register_lock                             
00000645  _register_unlock                           
00000687  _system_post_cinit                         
0000067f  _system_pre_init                           
2000001c  _unlock                                    
00000381  abort                                      
ffffffff  binit                                      
0000041d  copy_in                                    
00000389  exit                                       
2000000c  g_16iBlinkCount                            
2000000e  g_bInitialState                            
20000014  g_u16ADCResult                             
20000010  g_u32PeriodCount                           
00000000  interruptVectors                           
00000569  main                                       
20000020  main_func_sp                               
000000e5  memcpy                                     


GLOBAL SYMBOLS: SORTED BY Symbol Address 

address   name                                       
-------   ----                                       
00000000  __TI_static_base__                         
00000000  interruptVectors                           
000000e5  __aeabi_memcpy                             
000000e5  __aeabi_memcpy4                            
000000e5  __aeabi_memcpy8                            
000000e5  memcpy                                     
00000181  SystemInit                                 
000001f9  __TI_auto_init                             
00000200  __STACK_SIZE                               
00000269  __TI_decompress_lzss                       
000002d1  _ZN14Lab1_utilities15ADC_CONF_SINGLEEv     
00000329  _c_int00                                   
0000037d  C$$EXIT                                    
00000381  abort                                      
00000389  exit                                       
000003d1  GPIO_setAsPeripheralModuleFunctionOutputPin
0000041d  copy_in                                    
000004b1  _ZN14Lab1_utilities8START_UPEjPs           
000004f5  T32_INT2_IRQHandler                        
000004f5  T32_INT2_IRQHandler                        
00000569  main                                       
000005d1  _ZN14Lab1_utilities14TIMER32_2_CONFEj      
000005fd  ADC14_IRQHandler                           
000005fd  ADC14_IRQHandler                           
00000615  Init_I2C_GPIO                              
0000062d  _args_main                                 
00000645  _register_unlock                           
0000064b  _register_lock                             
00000653  _nop                                       
00000659  __TI_decompress_none                       
00000667  Reset_Handler                              
00000673  _ZN14Lab1_utilitiesC1Ev                    
00000673  _ZN14Lab1_utilitiesC2Ev                    
0000067f  _system_pre_init                           
00000683  AES256_IRQHandler                          
00000683  BusFault_Handler                           
00000683  COMP_E0_IRQHandler                         
00000683  COMP_E1_IRQHandler                         
00000683  CS_IRQHandler                              
00000683  DMA_ERR_IRQHandler                         
00000683  DMA_INT0_IRQHandler                        
00000683  DMA_INT1_IRQHandler                        
00000683  DMA_INT2_IRQHandler                        
00000683  DMA_INT3_IRQHandler                        
00000683  DebugMon_Handler                           
00000683  Default_Handler                            
00000683  EUSCIA0_IRQHandler                         
00000683  EUSCIA1_IRQHandler                         
00000683  EUSCIA2_IRQHandler                         
00000683  EUSCIA3_IRQHandler                         
00000683  EUSCIB0_IRQHandler                         
00000683  EUSCIB1_IRQHandler                         
00000683  EUSCIB2_IRQHandler                         
00000683  EUSCIB3_IRQHandler                         
00000683  FLCTL_IRQHandler                           
00000683  FPU_IRQHandler                             
00000683  HardFault_Handler                          
00000683  MemManage_Handler                          
00000683  NMI_Handler                                
00000683  PCM_IRQHandler                             
00000683  PORT1_IRQHandler                           
00000683  PORT2_IRQHandler                           
00000683  PORT3_IRQHandler                           
00000683  PORT4_IRQHandler                           
00000683  PORT5_IRQHandler                           
00000683  PORT6_IRQHandler                           
00000683  PSS_IRQHandler                             
00000683  PendSV_Handler                             
00000683  RTC_C_IRQHandler                           
00000683  SVC_Handler                                
00000683  SysTick_Handler                            
00000683  T32_INT1_IRQHandler                        
00000683  T32_INTC_IRQHandler                        
00000683  TA0_0_IRQHandler                           
00000683  TA0_N_IRQHandler                           
00000683  TA1_0_IRQHandler                           
00000683  TA1_N_IRQHandler                           
00000683  TA2_0_IRQHandler                           
00000683  TA2_N_IRQHandler                           
00000683  TA3_0_IRQHandler                           
00000683  TA3_N_IRQHandler                           
00000683  UsageFault_Handler                         
00000683  WDT_A_IRQHandler                           
00000685  __mpu_init                                 
00000687  _system_post_cinit                         
000006d4  __TI_Handler_Table_Base                    
000006dc  __TI_CINIT_Base                            
000006dc  __TI_Handler_Table_Limit                   
000006e4  __TI_CINIT_Limit                           
20000000  __TI_cleanup_ptr                           
20000004  __TI_dtors_ptr                             
20000008  __TI_enable_exit_profile_output            
2000000c  g_16iBlinkCount                            
2000000e  g_bInitialState                            
20000010  g_u32PeriodCount                           
20000014  g_u16ADCResult                             
20000018  _lock                                      
2000001c  _unlock                                    
20000020  main_func_sp                               
2000fe00  __stack                                    
20010000  __STACK_END                                
4000480c  WDTCTL_SYM                                 
ffffffff  __TI_pprof_out_hndl                        
ffffffff  __TI_prof_data_size                        
ffffffff  __TI_prof_data_start                       
ffffffff  __binit__                                  
ffffffff  __c_args__                                 
ffffffff  binit                                      
UNDEFED   SHT$$INIT_ARRAY$$Base                      
UNDEFED   SHT$$INIT_ARRAY$$Limit                     

[110 symbols]
