******************************************************************************
                  TI ARM Linker PC v16.9.6                     
******************************************************************************
>> Linked Mon Apr 23 16:44:46 2018

OUTPUT FILE NAME:   <IE119-Lab1.out>
ENTRY POINT SYMBOL: "_c_int00"  address: 000003a9


MEMORY CONFIGURATION

         name            origin    length      used     unused   attr    fill
----------------------  --------  ---------  --------  --------  ----  --------
  MAIN                  00000000   00040000  00000722  0003f8de  R  X
  INFO                  00200000   00004000  00000000  00004000  R  X
  SRAM_CODE             01000000   00010000  00000231  0000fdcf  RW X
  SRAM_DATA             20000000   00010000  00000231  0000fdcf  RW  


SEGMENT ALLOCATION MAP

run origin  load origin   length   init length attrs members
----------  ----------- ---------- ----------- ----- -------
00000000    00000000    00000728   00000728    r-x
  00000000    00000000    000000e4   000000e4    r-- .intvecs
  000000e4    000000e4    000005ee   000005ee    r-x .text
  000006d8    000006d8    00000050   00000050    r-- .cinit
20000000    20000000    00000031   00000000    rw-
  20000000    20000000    00000030   00000000    rw- .data
  20000030    20000030    00000001   00000000    rw- .bss
2000fe00    2000fe00    00000200   00000000    rw-
  2000fe00    2000fe00    00000200   00000000    rw- .stack


SECTION ALLOCATION MAP

 output                                  attributes/
section   page    origin      length       input sections
--------  ----  ----------  ----------   ----------------
.intvecs   0    00000000    000000e4     
                  00000000    000000e4     startup_msp432p401r_ccs.obj (.intvecs:retain)

.binit     0    00000000    00000000     

.text      0    000000e4    000005ee     
                  000000e4    0000009c     rtsv7M4_T_le_v4SPD16_eabi.lib : memcpy_t2.obj (.text)
                  00000180    0000007a                                   : memset_t2.obj (.text)
                  000001fa    00000002     startup_msp432p401r_ccs.obj (.text:Default_Handler)
                  000001fc    00000078     system_msp432p401r.obj (.text:SystemInit)
                  00000274    00000070     rtsv7M4_T_le_v4SPD16_eabi.lib : autoinit.obj (.text)
                  000002e4    00000068                                   : copy_decompress_lzss.obj (.text:decompress:lzss)
                  0000034c    0000005c     main.obj (.text:main)
                  000003a8    00000054     rtsv7M4_T_le_v4SPD16_eabi.lib : boot.obj (.text)
                  000003fc    00000054                                   : exit.obj (.text)
                  00000450    00000050     Lab1utilities.obj (.text:_ZN14Lab1_utilities8START_UPEjPsh)
                  000004a0    0000004c     main.obj (.text:T32_INT2_IRQHandler)
                  000004ec    0000004c     rtsv7M4_T_le_v4SPD16_eabi.lib : cpy_tbl.obj (.text)
                  00000538    00000048     Lab1utilities.obj (.text:_Z18__NVIC_SetPriority4IRQnj)
                  00000580    00000038     Lab1utilities.obj (.text:_Z17__NVIC_DisableIRQ4IRQn)
                  000005b8    00000038     Lab1utilities.obj (.text:_ZN14Lab1_utilities13NUM_LIGHT_SELEi)
                  000005f0    00000030     Lab1utilities.obj (.text:_Z16__NVIC_EnableIRQ4IRQn)
                  00000620    0000002c     Lab1utilities.obj (.text:_ZN14Lab1_utilities14TIMER32_2_CONFEj)
                  0000064c    00000020     main.obj (.text:ADC14_IRQHandler)
                  0000066c    00000018     rtsv7M4_T_le_v4SPD16_eabi.lib : args_main.obj (.text)
                  00000684    00000014                                   : _lock.obj (.text)
                  00000698    0000000e                                   : copy_decompress_none.obj (.text:decompress:none)
                  000006a6    0000000c     startup_msp432p401r_ccs.obj (.text:Reset_Handler)
                  000006b2    0000000c     Lab1utilities.obj (.text:_ZN14Lab1_utilitiesC1Ev)
                  000006be    0000000c     rtsv7M4_T_le_v4SPD16_eabi.lib : copy_zero_init.obj (.text:decompress:ZI)
                  000006ca    00000004                                   : pre_init.obj (.text)
                  000006ce    00000002                                   : mpu_init.obj (.text)
                  000006d0    00000002                                   : startup.obj (.text)

.cinit     0    000006d8    00000050     
                  000006d8    00000028     (.cinit..data.load) [load image, compression = lzss]
                  00000700    0000000c     (__TI_handler_table)
                  0000070c    00000004     --HOLE-- [fill = 0]
                  00000710    00000008     (.cinit..bss.load) [load image, compression = zero_init]
                  00000718    00000010     (__TI_cinit_table)

.init_array 
*          0    00000000    00000000     UNINITIALIZED

.data      0    20000000    00000030     UNINITIALIZED
                  20000000    00000018     main.obj (.data)
                  20000018    0000000c     rtsv7M4_T_le_v4SPD16_eabi.lib : exit.obj (.data:$O1$$)
                  20000024    00000008                                   : _lock.obj (.data:$O1$$)
                  2000002c    00000004                                   : stkdepth_vars.obj (.data)

.bss       0    20000030    00000001     UNINITIALIZED
                  20000030    00000001     (.common:g_u16PowerMode)

.stack     0    2000fe00    00000200     UNINITIALIZED
                  2000fe00    00000200     --HOLE--

MODULE SUMMARY

       Module                        code   ro data   rw data
       ------                        ----   -------   -------
    .\
       Lab1utilities.obj             368    0         0      
       main.obj                      200    0         50     
       system_msp432p401r.obj        120    0         0      
    +--+-----------------------------+------+---------+---------+
       Total:                        688    0         50     
                                                             
    .\ccs\
       startup_msp432p401r_ccs.obj   14     228       0      
    +--+-----------------------------+------+---------+---------+
       Total:                        14     228       0      
                                                             
    C:\ti\ccsv7\tools\compiler\ti-cgt-arm_16.9.6.LTS\lib\rtsv7M4_T_le_v4SPD16_eabi.lib
       memcpy_t2.obj                 156    0         0      
       memset_t2.obj                 122    0         0      
       autoinit.obj                  112    0         0      
       exit.obj                      84     0         24     
       copy_decompress_lzss.obj      104    0         0      
       boot.obj                      84     0         0      
       cpy_tbl.obj                   76     0         0      
       _lock.obj                     20     0         16     
       args_main.obj                 24     0         0      
       copy_decompress_none.obj      14     0         0      
       copy_zero_init.obj            12     0         0      
       stkdepth_vars.obj             0      0         8      
       pre_init.obj                  4      0         0      
       mpu_init.obj                  2      0         0      
       startup.obj                   2      0         0      
    +--+-----------------------------+------+---------+---------+
       Total:                        816    0         48     
                                                             
       Stack:                        0      0         1024   
       Linker Generated:             0      76        0      
    +--+-----------------------------+------+---------+---------+
       Grand Total:                  1518   304       1122   


LINKER GENERATED COPY TABLES

__TI_cinit_table @ 00000718 records: 2, size/record: 8, table size: 16
	.data: load addr=000006d8, load size=00000028 bytes, run addr=20000000, run size=00000030 bytes, compression=lzss
	.bss: load addr=00000710, load size=00000008 bytes, run addr=20000030, run size=00000001 bytes, compression=zero_init


LINKER GENERATED HANDLER TABLE

__TI_handler_table @ 00000700 records: 3, size/record: 4, table size: 12
	index: 0, handler: __TI_decompress_lzss
	index: 1, handler: __TI_decompress_none
	index: 2, handler: __TI_zero_init


GLOBAL SYMBOLS: SORTED ALPHABETICALLY BY Name 

address   name                                 
-------   ----                                 
0000064d  ADC14_IRQHandler                     
0000064d  ADC14_IRQHandler                     
000001fb  AES256_IRQHandler                    
000001fb  BusFault_Handler                     
000003fd  C$$EXIT                              
000001fb  COMP_E0_IRQHandler                   
000001fb  COMP_E1_IRQHandler                   
000001fb  CS_IRQHandler                        
000001fb  DMA_ERR_IRQHandler                   
000001fb  DMA_INT0_IRQHandler                  
000001fb  DMA_INT1_IRQHandler                  
000001fb  DMA_INT2_IRQHandler                  
000001fb  DMA_INT3_IRQHandler                  
000001fb  DebugMon_Handler                     
000001fb  Default_Handler                      
000001fb  EUSCIA0_IRQHandler                   
000001fb  EUSCIA1_IRQHandler                   
000001fb  EUSCIA2_IRQHandler                   
000001fb  EUSCIA3_IRQHandler                   
000001fb  EUSCIB0_IRQHandler                   
000001fb  EUSCIB1_IRQHandler                   
000001fb  EUSCIB2_IRQHandler                   
000001fb  EUSCIB3_IRQHandler                   
000001fb  FLCTL_IRQHandler                     
000001fb  FPU_IRQHandler                       
000001fb  HardFault_Handler                    
000001fb  MemManage_Handler                    
000001fb  NMI_Handler                          
000001fb  PCM_IRQHandler                       
000001fb  PORT1_IRQHandler                     
000001fb  PORT2_IRQHandler                     
000001fb  PORT3_IRQHandler                     
000001fb  PORT4_IRQHandler                     
000001fb  PORT5_IRQHandler                     
000001fb  PORT6_IRQHandler                     
000001fb  PSS_IRQHandler                       
000001fb  PendSV_Handler                       
000001fb  RTC_C_IRQHandler                     
000006a7  Reset_Handler                        
UNDEFED   SHT$$INIT_ARRAY$$Base                
UNDEFED   SHT$$INIT_ARRAY$$Limit               
000001fb  SVC_Handler                          
000001fb  SysTick_Handler                      
000001fd  SystemInit                           
000001fb  T32_INT1_IRQHandler                  
000004a1  T32_INT2_IRQHandler                  
000004a1  T32_INT2_IRQHandler                  
000001fb  T32_INTC_IRQHandler                  
000001fb  TA0_0_IRQHandler                     
000001fb  TA0_N_IRQHandler                     
000001fb  TA1_0_IRQHandler                     
000001fb  TA1_N_IRQHandler                     
000001fb  TA2_0_IRQHandler                     
000001fb  TA2_N_IRQHandler                     
000001fb  TA3_0_IRQHandler                     
000001fb  TA3_N_IRQHandler                     
000001fb  UsageFault_Handler                   
4000480c  WDTCTL_SYM                           
000001fb  WDT_A_IRQHandler                     
000005b9  _ZN14Lab1_utilities13NUM_LIGHT_SELEi 
00000621  _ZN14Lab1_utilities14TIMER32_2_CONFEj
00000451  _ZN14Lab1_utilities8START_UPEjPsh    
000006b3  _ZN14Lab1_utilitiesC1Ev              
000006b3  _ZN14Lab1_utilitiesC2Ev              
20010000  __STACK_END                          
00000200  __STACK_SIZE                         
00000718  __TI_CINIT_Base                      
00000728  __TI_CINIT_Limit                     
00000700  __TI_Handler_Table_Base              
0000070c  __TI_Handler_Table_Limit             
00000275  __TI_auto_init                       
20000018  __TI_cleanup_ptr                     
000002e5  __TI_decompress_lzss                 
00000699  __TI_decompress_none                 
2000001c  __TI_dtors_ptr                       
20000020  __TI_enable_exit_profile_output      
ffffffff  __TI_pprof_out_hndl                  
ffffffff  __TI_prof_data_size                  
ffffffff  __TI_prof_data_start                 
00000000  __TI_static_base__                   
000006bf  __TI_zero_init                       
00000181  __aeabi_memclr                       
00000181  __aeabi_memclr4                      
00000181  __aeabi_memclr8                      
000000e5  __aeabi_memcpy                       
000000e5  __aeabi_memcpy4                      
000000e5  __aeabi_memcpy8                      
00000183  __aeabi_memset                       
00000183  __aeabi_memset4                      
00000183  __aeabi_memset8                      
ffffffff  __binit__                            
ffffffff  __c_args__                           
000006cf  __mpu_init                           
2000fe00  __stack                              
0000066d  _args_main                           
000003a9  _c_int00                             
20000024  _lock                                
00000693  _nop                                 
0000068b  _register_lock                       
00000685  _register_unlock                     
000006d1  _system_post_cinit                   
000006cb  _system_pre_init                     
20000028  _unlock                              
00000401  abort                                
ffffffff  binit                                
000004ed  copy_in                              
00000409  exit                                 
20000000  g_16iBlinkCount                      
20000014  g_bInitialState                      
20000010  g_fLightNomlevel                     
2000000c  g_iLightNumber                       
20000016  g_u16ADCResult                       
20000030  g_u16PowerMode                       
20000008  g_u32NominalPeriodCount              
20000004  g_u32StartPeriodCount                
00000000  interruptVectors                     
0000034d  main                                 
2000002c  main_func_sp                         
000000e5  memcpy                               
00000189  memset                               


GLOBAL SYMBOLS: SORTED BY Symbol Address 

address   name                                 
-------   ----                                 
00000000  __TI_static_base__                   
00000000  interruptVectors                     
000000e5  __aeabi_memcpy                       
000000e5  __aeabi_memcpy4                      
000000e5  __aeabi_memcpy8                      
000000e5  memcpy                               
00000181  __aeabi_memclr                       
00000181  __aeabi_memclr4                      
00000181  __aeabi_memclr8                      
00000183  __aeabi_memset                       
00000183  __aeabi_memset4                      
00000183  __aeabi_memset8                      
00000189  memset                               
000001fb  AES256_IRQHandler                    
000001fb  BusFault_Handler                     
000001fb  COMP_E0_IRQHandler                   
000001fb  COMP_E1_IRQHandler                   
000001fb  CS_IRQHandler                        
000001fb  DMA_ERR_IRQHandler                   
000001fb  DMA_INT0_IRQHandler                  
000001fb  DMA_INT1_IRQHandler                  
000001fb  DMA_INT2_IRQHandler                  
000001fb  DMA_INT3_IRQHandler                  
000001fb  DebugMon_Handler                     
000001fb  Default_Handler                      
000001fb  EUSCIA0_IRQHandler                   
000001fb  EUSCIA1_IRQHandler                   
000001fb  EUSCIA2_IRQHandler                   
000001fb  EUSCIA3_IRQHandler                   
000001fb  EUSCIB0_IRQHandler                   
000001fb  EUSCIB1_IRQHandler                   
000001fb  EUSCIB2_IRQHandler                   
000001fb  EUSCIB3_IRQHandler                   
000001fb  FLCTL_IRQHandler                     
000001fb  FPU_IRQHandler                       
000001fb  HardFault_Handler                    
000001fb  MemManage_Handler                    
000001fb  NMI_Handler                          
000001fb  PCM_IRQHandler                       
000001fb  PORT1_IRQHandler                     
000001fb  PORT2_IRQHandler                     
000001fb  PORT3_IRQHandler                     
000001fb  PORT4_IRQHandler                     
000001fb  PORT5_IRQHandler                     
000001fb  PORT6_IRQHandler                     
000001fb  PSS_IRQHandler                       
000001fb  PendSV_Handler                       
000001fb  RTC_C_IRQHandler                     
000001fb  SVC_Handler                          
000001fb  SysTick_Handler                      
000001fb  T32_INT1_IRQHandler                  
000001fb  T32_INTC_IRQHandler                  
000001fb  TA0_0_IRQHandler                     
000001fb  TA0_N_IRQHandler                     
000001fb  TA1_0_IRQHandler                     
000001fb  TA1_N_IRQHandler                     
000001fb  TA2_0_IRQHandler                     
000001fb  TA2_N_IRQHandler                     
000001fb  TA3_0_IRQHandler                     
000001fb  TA3_N_IRQHandler                     
000001fb  UsageFault_Handler                   
000001fb  WDT_A_IRQHandler                     
000001fd  SystemInit                           
00000200  __STACK_SIZE                         
00000275  __TI_auto_init                       
000002e5  __TI_decompress_lzss                 
0000034d  main                                 
000003a9  _c_int00                             
000003fd  C$$EXIT                              
00000401  abort                                
00000409  exit                                 
00000451  _ZN14Lab1_utilities8START_UPEjPsh    
000004a1  T32_INT2_IRQHandler                  
000004a1  T32_INT2_IRQHandler                  
000004ed  copy_in                              
000005b9  _ZN14Lab1_utilities13NUM_LIGHT_SELEi 
00000621  _ZN14Lab1_utilities14TIMER32_2_CONFEj
0000064d  ADC14_IRQHandler                     
0000064d  ADC14_IRQHandler                     
0000066d  _args_main                           
00000685  _register_unlock                     
0000068b  _register_lock                       
00000693  _nop                                 
00000699  __TI_decompress_none                 
000006a7  Reset_Handler                        
000006b3  _ZN14Lab1_utilitiesC1Ev              
000006b3  _ZN14Lab1_utilitiesC2Ev              
000006bf  __TI_zero_init                       
000006cb  _system_pre_init                     
000006cf  __mpu_init                           
000006d1  _system_post_cinit                   
00000700  __TI_Handler_Table_Base              
0000070c  __TI_Handler_Table_Limit             
00000718  __TI_CINIT_Base                      
00000728  __TI_CINIT_Limit                     
20000000  g_16iBlinkCount                      
20000004  g_u32StartPeriodCount                
20000008  g_u32NominalPeriodCount              
2000000c  g_iLightNumber                       
20000010  g_fLightNomlevel                     
20000014  g_bInitialState                      
20000016  g_u16ADCResult                       
20000018  __TI_cleanup_ptr                     
2000001c  __TI_dtors_ptr                       
20000020  __TI_enable_exit_profile_output      
20000024  _lock                                
20000028  _unlock                              
2000002c  main_func_sp                         
20000030  g_u16PowerMode                       
2000fe00  __stack                              
20010000  __STACK_END                          
4000480c  WDTCTL_SYM                           
ffffffff  __TI_pprof_out_hndl                  
ffffffff  __TI_prof_data_size                  
ffffffff  __TI_prof_data_start                 
ffffffff  __binit__                            
ffffffff  __c_args__                           
ffffffff  binit                                
UNDEFED   SHT$$INIT_ARRAY$$Base                
UNDEFED   SHT$$INIT_ARRAY$$Limit               

[120 symbols]
