******************************************************************************
                  TI ARM Linker PC v16.9.6                     
******************************************************************************
>> Linked Mon Apr 23 15:31:46 2018

OUTPUT FILE NAME:   <IE119-Lab1.out>
ENTRY POINT SYMBOL: "_c_int00"  address: 000002d1


MEMORY CONFIGURATION

         name            origin    length      used     unused   attr    fill
----------------------  --------  ---------  --------  --------  ----  --------
  MAIN                  00000000   00040000  0000063c  0003f9c4  R  X
  INFO                  00200000   00004000  00000000  00004000  R  X
  SRAM_CODE             01000000   00010000  00000230  0000fdd0  RW X
  SRAM_DATA             20000000   00010000  00000230  0000fdd0  RW  


SEGMENT ALLOCATION MAP

run origin  load origin   length   init length attrs members
----------  ----------- ---------- ----------- ----- -------
00000000    00000000    0000063c   0000063c    r-x
  00000000    00000000    000000e4   000000e4    r-- .intvecs
  000000e4    000000e4    0000051c   0000051c    r-x .text
  00000600    00000600    0000003c   0000003c    r-- .cinit
20000000    20000000    00000030   00000000    rw-
  20000000    20000000    00000030   00000000    rw- .data
2000fe00    2000fe00    00000200   00000000    rw-
  2000fe00    2000fe00    00000200   00000000    rw- .stack


SECTION ALLOCATION MAP

 output                                  attributes/
section   page    origin      length       input sections
--------  ----  ----------  ----------   ----------------
.intvecs   0    00000000    000000e4     
                  00000000    000000e4     startup_msp432p401r_ccs.obj (.intvecs:retain)

.binit     0    00000000    00000000     

.text      0    000000e4    0000051c     
                  000000e4    0000009c     rtsv7M4_T_le_v4SPD16_eabi.lib : memcpy_t2.obj (.text)
                  00000180    00000078     system_msp432p401r.obj (.text:SystemInit)
                  000001f8    00000070     rtsv7M4_T_le_v4SPD16_eabi.lib : autoinit.obj (.text)
                  00000268    00000068                                   : copy_decompress_lzss.obj (.text:decompress:lzss)
                  000002d0    00000054                                   : boot.obj (.text)
                  00000324    00000054                                   : exit.obj (.text)
                  00000378    00000050     Lab1utilities.obj (.text:_ZN14Lab1_utilities8START_UPEjPsh)
                  000003c8    0000004c     main.obj (.text:T32_INT2_IRQHandler)
                  00000414    0000004c     rtsv7M4_T_le_v4SPD16_eabi.lib : cpy_tbl.obj (.text)
                  00000460    00000048     Lab1utilities.obj (.text:_Z18__NVIC_SetPriority4IRQnj)
                  000004a8    00000048     main.obj (.text:main)
                  000004f0    00000038     Lab1utilities.obj (.text:_Z17__NVIC_DisableIRQ4IRQn)
                  00000528    00000030     Lab1utilities.obj (.text:_Z16__NVIC_EnableIRQ4IRQn)
                  00000558    0000002c     Lab1utilities.obj (.text:_ZN14Lab1_utilities14TIMER32_2_CONFEj)
                  00000584    00000020     main.obj (.text:ADC14_IRQHandler)
                  000005a4    00000018     rtsv7M4_T_le_v4SPD16_eabi.lib : args_main.obj (.text)
                  000005bc    00000014                                   : _lock.obj (.text)
                  000005d0    0000000e                                   : copy_decompress_none.obj (.text:decompress:none)
                  000005de    0000000c     startup_msp432p401r_ccs.obj (.text:Reset_Handler)
                  000005ea    0000000c     Lab1utilities.obj (.text:_ZN14Lab1_utilitiesC1Ev)
                  000005f6    00000004     rtsv7M4_T_le_v4SPD16_eabi.lib : pre_init.obj (.text)
                  000005fa    00000002     startup_msp432p401r_ccs.obj (.text:Default_Handler)
                  000005fc    00000002     rtsv7M4_T_le_v4SPD16_eabi.lib : mpu_init.obj (.text)
                  000005fe    00000002                                   : startup.obj (.text)

.cinit     0    00000600    0000003c     
                  00000600    00000029     (.cinit..data.load) [load image, compression = lzss]
                  00000629    00000003     --HOLE-- [fill = 0]
                  0000062c    00000008     (__TI_handler_table)
                  00000634    00000008     (__TI_cinit_table)

.init_array 
*          0    00000000    00000000     UNINITIALIZED

.data      0    20000000    00000030     UNINITIALIZED
                  20000000    00000018     main.obj (.data)
                  20000018    0000000c     rtsv7M4_T_le_v4SPD16_eabi.lib : exit.obj (.data:$O1$$)
                  20000024    00000008                                   : _lock.obj (.data:$O1$$)
                  2000002c    00000004                                   : stkdepth_vars.obj (.data)

.stack     0    2000fe00    00000200     UNINITIALIZED
                  2000fe00    00000200     --HOLE--

MODULE SUMMARY

       Module                        code   ro data   rw data
       ------                        ----   -------   -------
    .\
       Lab1utilities.obj             312    0         0      
       main.obj                      180    0         48     
       system_msp432p401r.obj        120    0         0      
    +--+-----------------------------+------+---------+---------+
       Total:                        612    0         48     
                                                             
    .\ccs\
       startup_msp432p401r_ccs.obj   14     228       0      
    +--+-----------------------------+------+---------+---------+
       Total:                        14     228       0      
                                                             
    C:\ti\ccsv7\tools\compiler\ti-cgt-arm_16.9.6.LTS\lib\rtsv7M4_T_le_v4SPD16_eabi.lib
       memcpy_t2.obj                 156    0         0      
       autoinit.obj                  112    0         0      
       exit.obj                      84     0         24     
       copy_decompress_lzss.obj      104    0         0      
       boot.obj                      84     0         0      
       cpy_tbl.obj                   76     0         0      
       _lock.obj                     20     0         16     
       args_main.obj                 24     0         0      
       copy_decompress_none.obj      14     0         0      
       stkdepth_vars.obj             0      0         8      
       pre_init.obj                  4      0         0      
       mpu_init.obj                  2      0         0      
       startup.obj                   2      0         0      
    +--+-----------------------------+------+---------+---------+
       Total:                        682    0         48     
                                                             
       Stack:                        0      0         1024   
       Linker Generated:             0      57        0      
    +--+-----------------------------+------+---------+---------+
       Grand Total:                  1308   285       1120   


LINKER GENERATED COPY TABLES

__TI_cinit_table @ 00000634 records: 1, size/record: 8, table size: 8
	.data: load addr=00000600, load size=00000029 bytes, run addr=20000000, run size=00000030 bytes, compression=lzss


LINKER GENERATED HANDLER TABLE

__TI_handler_table @ 0000062c records: 2, size/record: 4, table size: 8
	index: 0, handler: __TI_decompress_lzss
	index: 1, handler: __TI_decompress_none


GLOBAL SYMBOLS: SORTED ALPHABETICALLY BY Name 

address   name                                 
-------   ----                                 
00000585  ADC14_IRQHandler                     
00000585  ADC14_IRQHandler                     
000005fb  AES256_IRQHandler                    
000005fb  BusFault_Handler                     
00000325  C$$EXIT                              
000005fb  COMP_E0_IRQHandler                   
000005fb  COMP_E1_IRQHandler                   
000005fb  CS_IRQHandler                        
000005fb  DMA_ERR_IRQHandler                   
000005fb  DMA_INT0_IRQHandler                  
000005fb  DMA_INT1_IRQHandler                  
000005fb  DMA_INT2_IRQHandler                  
000005fb  DMA_INT3_IRQHandler                  
000005fb  DebugMon_Handler                     
000005fb  Default_Handler                      
000005fb  EUSCIA0_IRQHandler                   
000005fb  EUSCIA1_IRQHandler                   
000005fb  EUSCIA2_IRQHandler                   
000005fb  EUSCIA3_IRQHandler                   
000005fb  EUSCIB0_IRQHandler                   
000005fb  EUSCIB1_IRQHandler                   
000005fb  EUSCIB2_IRQHandler                   
000005fb  EUSCIB3_IRQHandler                   
000005fb  FLCTL_IRQHandler                     
000005fb  FPU_IRQHandler                       
000005fb  HardFault_Handler                    
000005fb  MemManage_Handler                    
000005fb  NMI_Handler                          
000005fb  PCM_IRQHandler                       
000005fb  PORT1_IRQHandler                     
000005fb  PORT2_IRQHandler                     
000005fb  PORT3_IRQHandler                     
000005fb  PORT4_IRQHandler                     
000005fb  PORT5_IRQHandler                     
000005fb  PORT6_IRQHandler                     
000005fb  PSS_IRQHandler                       
000005fb  PendSV_Handler                       
000005fb  RTC_C_IRQHandler                     
000005df  Reset_Handler                        
UNDEFED   SHT$$INIT_ARRAY$$Base                
UNDEFED   SHT$$INIT_ARRAY$$Limit               
000005fb  SVC_Handler                          
000005fb  SysTick_Handler                      
00000181  SystemInit                           
000005fb  T32_INT1_IRQHandler                  
000003c9  T32_INT2_IRQHandler                  
000003c9  T32_INT2_IRQHandler                  
000005fb  T32_INTC_IRQHandler                  
000005fb  TA0_0_IRQHandler                     
000005fb  TA0_N_IRQHandler                     
000005fb  TA1_0_IRQHandler                     
000005fb  TA1_N_IRQHandler                     
000005fb  TA2_0_IRQHandler                     
000005fb  TA2_N_IRQHandler                     
000005fb  TA3_0_IRQHandler                     
000005fb  TA3_N_IRQHandler                     
000005fb  UsageFault_Handler                   
4000480c  WDTCTL_SYM                           
000005fb  WDT_A_IRQHandler                     
00000559  _ZN14Lab1_utilities14TIMER32_2_CONFEj
00000379  _ZN14Lab1_utilities8START_UPEjPsh    
000005eb  _ZN14Lab1_utilitiesC1Ev              
000005eb  _ZN14Lab1_utilitiesC2Ev              
20010000  __STACK_END                          
00000200  __STACK_SIZE                         
00000634  __TI_CINIT_Base                      
0000063c  __TI_CINIT_Limit                     
0000062c  __TI_Handler_Table_Base              
00000634  __TI_Handler_Table_Limit             
000001f9  __TI_auto_init                       
20000018  __TI_cleanup_ptr                     
00000269  __TI_decompress_lzss                 
000005d1  __TI_decompress_none                 
2000001c  __TI_dtors_ptr                       
20000020  __TI_enable_exit_profile_output      
ffffffff  __TI_pprof_out_hndl                  
ffffffff  __TI_prof_data_size                  
ffffffff  __TI_prof_data_start                 
00000000  __TI_static_base__                   
000000e5  __aeabi_memcpy                       
000000e5  __aeabi_memcpy4                      
000000e5  __aeabi_memcpy8                      
ffffffff  __binit__                            
ffffffff  __c_args__                           
000005fd  __mpu_init                           
2000fe00  __stack                              
000005a5  _args_main                           
000002d1  _c_int00                             
20000024  _lock                                
000005cb  _nop                                 
000005c3  _register_lock                       
000005bd  _register_unlock                     
000005ff  _system_post_cinit                   
000005f7  _system_pre_init                     
20000028  _unlock                              
00000329  abort                                
ffffffff  binit                                
00000415  copy_in                              
00000331  exit                                 
20000000  g_16iBlinkCount                      
20000014  g_bInitialState                      
20000010  g_fLightNomlevel                     
20000016  g_u16ADCResult                       
2000000c  g_u16PowerMode                       
20000008  g_u32NominalPeriodCount              
20000004  g_u32StartPeriodCount                
00000000  interruptVectors                     
000004a9  main                                 
2000002c  main_func_sp                         
000000e5  memcpy                               


GLOBAL SYMBOLS: SORTED BY Symbol Address 

address   name                                 
-------   ----                                 
00000000  __TI_static_base__                   
00000000  interruptVectors                     
000000e5  __aeabi_memcpy                       
000000e5  __aeabi_memcpy4                      
000000e5  __aeabi_memcpy8                      
000000e5  memcpy                               
00000181  SystemInit                           
000001f9  __TI_auto_init                       
00000200  __STACK_SIZE                         
00000269  __TI_decompress_lzss                 
000002d1  _c_int00                             
00000325  C$$EXIT                              
00000329  abort                                
00000331  exit                                 
00000379  _ZN14Lab1_utilities8START_UPEjPsh    
000003c9  T32_INT2_IRQHandler                  
000003c9  T32_INT2_IRQHandler                  
00000415  copy_in                              
000004a9  main                                 
00000559  _ZN14Lab1_utilities14TIMER32_2_CONFEj
00000585  ADC14_IRQHandler                     
00000585  ADC14_IRQHandler                     
000005a5  _args_main                           
000005bd  _register_unlock                     
000005c3  _register_lock                       
000005cb  _nop                                 
000005d1  __TI_decompress_none                 
000005df  Reset_Handler                        
000005eb  _ZN14Lab1_utilitiesC1Ev              
000005eb  _ZN14Lab1_utilitiesC2Ev              
000005f7  _system_pre_init                     
000005fb  AES256_IRQHandler                    
000005fb  BusFault_Handler                     
000005fb  COMP_E0_IRQHandler                   
000005fb  COMP_E1_IRQHandler                   
000005fb  CS_IRQHandler                        
000005fb  DMA_ERR_IRQHandler                   
000005fb  DMA_INT0_IRQHandler                  
000005fb  DMA_INT1_IRQHandler                  
000005fb  DMA_INT2_IRQHandler                  
000005fb  DMA_INT3_IRQHandler                  
000005fb  DebugMon_Handler                     
000005fb  Default_Handler                      
000005fb  EUSCIA0_IRQHandler                   
000005fb  EUSCIA1_IRQHandler                   
000005fb  EUSCIA2_IRQHandler                   
000005fb  EUSCIA3_IRQHandler                   
000005fb  EUSCIB0_IRQHandler                   
000005fb  EUSCIB1_IRQHandler                   
000005fb  EUSCIB2_IRQHandler                   
000005fb  EUSCIB3_IRQHandler                   
000005fb  FLCTL_IRQHandler                     
000005fb  FPU_IRQHandler                       
000005fb  HardFault_Handler                    
000005fb  MemManage_Handler                    
000005fb  NMI_Handler                          
000005fb  PCM_IRQHandler                       
000005fb  PORT1_IRQHandler                     
000005fb  PORT2_IRQHandler                     
000005fb  PORT3_IRQHandler                     
000005fb  PORT4_IRQHandler                     
000005fb  PORT5_IRQHandler                     
000005fb  PORT6_IRQHandler                     
000005fb  PSS_IRQHandler                       
000005fb  PendSV_Handler                       
000005fb  RTC_C_IRQHandler                     
000005fb  SVC_Handler                          
000005fb  SysTick_Handler                      
000005fb  T32_INT1_IRQHandler                  
000005fb  T32_INTC_IRQHandler                  
000005fb  TA0_0_IRQHandler                     
000005fb  TA0_N_IRQHandler                     
000005fb  TA1_0_IRQHandler                     
000005fb  TA1_N_IRQHandler                     
000005fb  TA2_0_IRQHandler                     
000005fb  TA2_N_IRQHandler                     
000005fb  TA3_0_IRQHandler                     
000005fb  TA3_N_IRQHandler                     
000005fb  UsageFault_Handler                   
000005fb  WDT_A_IRQHandler                     
000005fd  __mpu_init                           
000005ff  _system_post_cinit                   
0000062c  __TI_Handler_Table_Base              
00000634  __TI_CINIT_Base                      
00000634  __TI_Handler_Table_Limit             
0000063c  __TI_CINIT_Limit                     
20000000  g_16iBlinkCount                      
20000004  g_u32StartPeriodCount                
20000008  g_u32NominalPeriodCount              
2000000c  g_u16PowerMode                       
20000010  g_fLightNomlevel                     
20000014  g_bInitialState                      
20000016  g_u16ADCResult                       
20000018  __TI_cleanup_ptr                     
2000001c  __TI_dtors_ptr                       
20000020  __TI_enable_exit_profile_output      
20000024  _lock                                
20000028  _unlock                              
2000002c  main_func_sp                         
2000fe00  __stack                              
20010000  __STACK_END                          
4000480c  WDTCTL_SYM                           
ffffffff  __TI_pprof_out_hndl                  
ffffffff  __TI_prof_data_size                  
ffffffff  __TI_prof_data_start                 
ffffffff  __binit__                            
ffffffff  __c_args__                           
ffffffff  binit                                
UNDEFED   SHT$$INIT_ARRAY$$Base                
UNDEFED   SHT$$INIT_ARRAY$$Limit               

[110 symbols]
