******************************************************************************
                  TI ARM Linker Unix v16.9.6                   
******************************************************************************
>> Linked Sat Apr 21 15:09:11 2018

OUTPUT FILE NAME:   <Test_for_Light.out>
ENTRY POINT SYMBOL: "_c_int00"  address: 00000379


MEMORY CONFIGURATION

         name            origin    length      used     unused   attr    fill
----------------------  --------  ---------  --------  --------  ----  --------
  MAIN                  00000000   00040000  0000086e  0003f792  R  X
  INFO                  00200000   00004000  00000000  00004000  R  X
  SRAM_CODE             01000000   00010000  00000224  0000fddc  RW X
  SRAM_DATA             20000000   00010000  00000224  0000fddc  RW  


SEGMENT ALLOCATION MAP

run origin  load origin   length   init length attrs members
----------  ----------- ---------- ----------- ----- -------
00000000    00000000    00000874   00000874    r-x
  00000000    00000000    000000e4   000000e4    r-- .intvecs
  000000e4    000000e4    0000074a   0000074a    r-x .text
  00000830    00000830    00000014   00000014    r-- .const
  00000848    00000848    0000002c   0000002c    r-- .cinit
20000000    20000000    00000024   00000000    rw-
  20000000    20000000    00000024   00000000    rw- .data
2000fe00    2000fe00    00000200   00000000    rw-
  2000fe00    2000fe00    00000200   00000000    rw- .stack


SECTION ALLOCATION MAP

 output                                  attributes/
section   page    origin      length       input sections
--------  ----  ----------  ----------   ----------------
.intvecs   0    00000000    000000e4     
                  00000000    000000e4     startup_msp432p401r_ccs.obj (.intvecs:retain)

.text      0    000000e4    0000074a     
                  000000e4    0000009c     rtsv7M4_T_le_v4SPD16_eabi.lib : memcpy_t2.obj (.text)
                  00000180    00000078     system_msp432p401r.obj (.text:SystemInit)
                  000001f8    00000070     rtsv7M4_T_le_v4SPD16_eabi.lib : autoinit.obj (.text)
                  00000268    00000068                                   : copy_decompress_lzss.obj (.text:decompress:lzss)
                  000002d0    00000054     msp432p4xx_driverlib.lib : i2c_MSP432P4XX.obj (.text:I2C_masterSendMultiByteFinish)
                  00000324    00000054     main.obj (.text:_Z17LIGHT_SENSOR_CONFv)
                  00000378    00000054     rtsv7M4_T_le_v4SPD16_eabi.lib : boot.obj (.text)
                  000003cc    00000054                                   : exit.obj (.text)
                  00000420    00000050     main.obj (.text:_Z15ADC_CONF_SINGLEv)
                  00000470    0000004c     rtsv7M4_T_le_v4SPD16_eabi.lib : cpy_tbl.obj (.text)
                  000004bc    00000048     HAL_I2C.obj (.text:I2C_write16)
                  00000504    00000048     main.obj (.text:_Z18__NVIC_SetPriority4IRQnj)
                  0000054c    00000040     msp432p4xx_driverlib.lib : i2c_MSP432P4XX.obj (.text:I2C_masterSendMultiByteStart)
                  0000058c    00000040     main.obj (.text:_Z8START_UPjPs)
                  000005cc    0000003e     msp432p4xx_driverlib.lib : i2c_MSP432P4XX.obj (.text:I2C_initMaster)
                  0000060a    00000002     startup_msp432p401r_ccs.obj (.text:Default_Handler)
                  0000060c    00000038     main.obj (.text:T32_INT2_IRQHandler)
                  00000644    00000038     main.obj (.text:_Z17__NVIC_DisableIRQ4IRQn)
                  0000067c    00000034     main.obj (.text:main)
                  000006b0    00000030     main.obj (.text:_Z16__NVIC_EnableIRQ4IRQn)
                  000006e0    00000028     main.obj (.text:_Z14TIMER32_1_CONFj)
                  00000708    00000024     msp432p4xx_driverlib.lib : i2c_MSP432P4XX.obj (.text:I2C_masterSendMultiByteNext)
                  0000072c    00000020     HAL_I2C.obj (.text:I2C_init)
                  0000074c    0000001c     HAL_I2C.obj (.text:I2C_setslave)
                  00000768    00000018     main.obj (.text:ADC14_IRQHandler)
                  00000780    00000018     rtsv7M4_T_le_v4SPD16_eabi.lib : args_main.obj (.text)
                  00000798    00000014     msp432p4xx_driverlib.lib : i2c_MSP432P4XX.obj (.text:I2C_isBusBusy)
                  000007ac    00000014     HAL_OPT3001.obj (.text:OPT3001_init)
                  000007c0    00000014     rtsv7M4_T_le_v4SPD16_eabi.lib : _lock.obj (.text)
                  000007d4    0000000e     msp432p4xx_driverlib.lib : i2c_MSP432P4XX.obj (.text:I2C_clearInterruptFlag)
                  000007e2    0000000e                              : i2c_MSP432P4XX.obj (.text:I2C_setMode)
                  000007f0    0000000e     rtsv7M4_T_le_v4SPD16_eabi.lib : copy_decompress_none.obj (.text:decompress:none)
                  000007fe    0000000c     msp432p4xx_driverlib.lib : i2c_MSP432P4XX.obj (.text:I2C_disableModule)
                  0000080a    0000000c                              : i2c_MSP432P4XX.obj (.text:I2C_enableModule)
                  00000816    0000000c     startup_msp432p401r_ccs.obj (.text:Reset_Handler)
                  00000822    00000004     msp432p4xx_driverlib.lib : i2c_MSP432P4XX.obj (.text:I2C_setSlaveAddress)
                  00000826    00000004     rtsv7M4_T_le_v4SPD16_eabi.lib : pre_init.obj (.text)
                  0000082a    00000002                                   : mpu_init.obj (.text)
                  0000082c    00000002                                   : startup.obj (.text)

.const     0    00000830    00000014     
                  00000830    00000014     HAL_I2C.obj (.const:i2cConfig)

.cinit     0    00000848    0000002c     
                  00000848    0000001b     (.cinit..data.load) [load image, compression = lzss]
                  00000863    00000001     --HOLE-- [fill = 0]
                  00000864    00000008     (__TI_handler_table)
                  0000086c    00000008     (__TI_cinit_table)

.init_array 
*          0    00000000    00000000     UNINITIALIZED

.binit     0    00000000    00000000     

.data      0    20000000    00000024     UNINITIALIZED
                  20000000    0000000c     rtsv7M4_T_le_v4SPD16_eabi.lib : exit.obj (.data:$O1$$)
                  2000000c    0000000a     main.obj (.data)
                  20000016    00000002     --HOLE--
                  20000018    00000008     rtsv7M4_T_le_v4SPD16_eabi.lib : _lock.obj (.data:$O1$$)
                  20000020    00000004                                   : stkdepth_vars.obj (.data)

.stack     0    2000fe00    00000200     UNINITIALIZED
                  2000fe00    00000200     --HOLE--

MODULE SUMMARY

       Module                        code   ro data   rw data
       ------                        ----   -------   -------
    ./
       main.obj                      576    0         20     
       HAL_I2C.obj                   132    20        0      
       system_msp432p401r.obj        120    0         0      
       HAL_OPT3001.obj               20     0         0      
    +--+-----------------------------+------+---------+---------+
       Total:                        848    20        20     
                                                             
    ./ccs/
       startup_msp432p401r_ccs.obj   14     228       0      
    +--+-----------------------------+------+---------+---------+
       Total:                        14     228       0      
                                                             
    /home/esteban/ti/ccsv7/tools/compiler/ti-cgt-arm_16.9.6.LTS/lib/rtsv7M4_T_le_v4SPD16_eabi.lib
       memcpy_t2.obj                 156    0         0      
       autoinit.obj                  112    0         0      
       exit.obj                      84     0         24     
       copy_decompress_lzss.obj      104    0         0      
       boot.obj                      84     0         0      
       cpy_tbl.obj                   76     0         0      
       _lock.obj                     20     0         16     
       args_main.obj                 24     0         0      
       copy_decompress_none.obj      14     0         0      
       stkdepth_vars.obj             0      0         8      
       pre_init.obj                  4      0         0      
       mpu_init.obj                  2      0         0      
       startup.obj                   2      0         0      
    +--+-----------------------------+------+---------+---------+
       Total:                        682    0         48     
                                                             
    /home/esteban/ti/simplelink_msp432p4_sdk_2_10_00_14/source/ti/devices/msp432p4xx/driverlib/ccs/msp432p4xx_driverlib.lib
       i2c_MSP432P4XX.obj            322    0         0      
    +--+-----------------------------+------+---------+---------+
       Total:                        322    0         0      
                                                             
       Stack:                        0      0         1024   
       Linker Generated:             0      43        0      
    +--+-----------------------------+------+---------+---------+
       Grand Total:                  1866   291       1092   


LINKER GENERATED COPY TABLES

__TI_cinit_table @ 0000086c records: 1, size/record: 8, table size: 8
	.data: load addr=00000848, load size=0000001b bytes, run addr=20000000, run size=00000024 bytes, compression=lzss


LINKER GENERATED HANDLER TABLE

__TI_handler_table @ 00000864 records: 2, size/record: 4, table size: 8
	index: 0, handler: __TI_decompress_lzss
	index: 1, handler: __TI_decompress_none


GLOBAL SYMBOLS: SORTED ALPHABETICALLY BY Name 

address   name                           
-------   ----                           
00000769  ADC14_IRQHandler               
00000769  ADC14_IRQHandler               
0000060b  AES256_IRQHandler              
0000060b  BusFault_Handler               
000003cd  C$$EXIT                        
0000060b  COMP_E0_IRQHandler             
0000060b  COMP_E1_IRQHandler             
0000060b  CS_IRQHandler                  
0000060b  DMA_ERR_IRQHandler             
0000060b  DMA_INT0_IRQHandler            
0000060b  DMA_INT1_IRQHandler            
0000060b  DMA_INT2_IRQHandler            
0000060b  DMA_INT3_IRQHandler            
0000060b  DebugMon_Handler               
0000060b  Default_Handler                
0000060b  EUSCIA0_IRQHandler             
0000060b  EUSCIA1_IRQHandler             
0000060b  EUSCIA2_IRQHandler             
0000060b  EUSCIA3_IRQHandler             
0000060b  EUSCIB0_IRQHandler             
0000060b  EUSCIB1_IRQHandler             
0000060b  EUSCIB2_IRQHandler             
0000060b  EUSCIB3_IRQHandler             
0000060b  FLCTL_IRQHandler               
0000060b  FPU_IRQHandler                 
0000060b  HardFault_Handler              
000007d5  I2C_clearInterruptFlag         
000007ff  I2C_disableModule              
0000080b  I2C_enableModule               
0000072d  I2C_init                       
000005cd  I2C_initMaster                 
00000799  I2C_isBusBusy                  
000002d1  I2C_masterSendMultiByteFinish  
00000709  I2C_masterSendMultiByteNext    
0000054d  I2C_masterSendMultiByteStart   
000007e3  I2C_setMode                    
00000823  I2C_setSlaveAddress            
0000074d  I2C_setslave                   
000004bd  I2C_write16                    
0000060b  MemManage_Handler              
0000060b  NMI_Handler                    
000007ad  OPT3001_init                   
0000060b  PCM_IRQHandler                 
0000060b  PORT1_IRQHandler               
0000060b  PORT2_IRQHandler               
0000060b  PORT3_IRQHandler               
0000060b  PORT4_IRQHandler               
0000060b  PORT5_IRQHandler               
0000060b  PORT6_IRQHandler               
0000060b  PSS_IRQHandler                 
0000060b  PendSV_Handler                 
0000060b  RTC_C_IRQHandler               
00000817  Reset_Handler                  
UNDEFED   SHT$$INIT_ARRAY$$Base          
UNDEFED   SHT$$INIT_ARRAY$$Limit         
0000060b  SVC_Handler                    
0000060b  SysTick_Handler                
00000181  SystemInit                     
0000060b  T32_INT1_IRQHandler            
0000060d  T32_INT2_IRQHandler            
0000060d  T32_INT2_IRQHandler            
0000060b  T32_INTC_IRQHandler            
0000060b  TA0_0_IRQHandler               
0000060b  TA0_N_IRQHandler               
0000060b  TA1_0_IRQHandler               
0000060b  TA1_N_IRQHandler               
0000060b  TA2_0_IRQHandler               
0000060b  TA2_N_IRQHandler               
0000060b  TA3_0_IRQHandler               
0000060b  TA3_N_IRQHandler               
0000060b  UsageFault_Handler             
4000480c  WDTCTL_SYM                     
0000060b  WDT_A_IRQHandler               
000006e1  _Z14TIMER32_1_CONFj            
00000421  _Z15ADC_CONF_SINGLEv           
00000325  _Z17LIGHT_SENSOR_CONFv         
0000058d  _Z8START_UPjPs                 
20010000  __STACK_END                    
00000200  __STACK_SIZE                   
0000086c  __TI_CINIT_Base                
00000874  __TI_CINIT_Limit               
00000864  __TI_Handler_Table_Base        
0000086c  __TI_Handler_Table_Limit       
000001f9  __TI_auto_init                 
20000000  __TI_cleanup_ptr               
00000269  __TI_decompress_lzss           
000007f1  __TI_decompress_none           
20000004  __TI_dtors_ptr                 
20000008  __TI_enable_exit_profile_output
ffffffff  __TI_pprof_out_hndl            
ffffffff  __TI_prof_data_size            
ffffffff  __TI_prof_data_start           
00000000  __TI_static_base__             
000000e5  __aeabi_memcpy                 
000000e5  __aeabi_memcpy4                
000000e5  __aeabi_memcpy8                
ffffffff  __binit__                      
ffffffff  __c_args__                     
0000082b  __mpu_init                     
2000fe00  __stack                        
00000781  _args_main                     
00000379  _c_int00                       
20000018  _lock                          
000007cf  _nop                           
000007c7  _register_lock                 
000007c1  _register_unlock               
0000082d  _system_post_cinit             
00000827  _system_pre_init               
2000001c  _unlock                        
000003d1  abort                          
ffffffff  binit                          
00000471  copy_in                        
000003d9  exit                           
2000000c  g_16iBlinkCount                
2000000e  g_bInitialState                
20000014  g_u16ADCResult                 
20000010  g_u32PeriodCount               
00000830  i2cConfig                      
00000000  interruptVectors               
0000067d  main                           
20000020  main_func_sp                   
000000e5  memcpy                         


GLOBAL SYMBOLS: SORTED BY Symbol Address 

address   name                           
-------   ----                           
00000000  __TI_static_base__             
00000000  interruptVectors               
000000e5  __aeabi_memcpy                 
000000e5  __aeabi_memcpy4                
000000e5  __aeabi_memcpy8                
000000e5  memcpy                         
00000181  SystemInit                     
000001f9  __TI_auto_init                 
00000200  __STACK_SIZE                   
00000269  __TI_decompress_lzss           
000002d1  I2C_masterSendMultiByteFinish  
00000325  _Z17LIGHT_SENSOR_CONFv         
00000379  _c_int00                       
000003cd  C$$EXIT                        
000003d1  abort                          
000003d9  exit                           
00000421  _Z15ADC_CONF_SINGLEv           
00000471  copy_in                        
000004bd  I2C_write16                    
0000054d  I2C_masterSendMultiByteStart   
0000058d  _Z8START_UPjPs                 
000005cd  I2C_initMaster                 
0000060b  AES256_IRQHandler              
0000060b  BusFault_Handler               
0000060b  COMP_E0_IRQHandler             
0000060b  COMP_E1_IRQHandler             
0000060b  CS_IRQHandler                  
0000060b  DMA_ERR_IRQHandler             
0000060b  DMA_INT0_IRQHandler            
0000060b  DMA_INT1_IRQHandler            
0000060b  DMA_INT2_IRQHandler            
0000060b  DMA_INT3_IRQHandler            
0000060b  DebugMon_Handler               
0000060b  Default_Handler                
0000060b  EUSCIA0_IRQHandler             
0000060b  EUSCIA1_IRQHandler             
0000060b  EUSCIA2_IRQHandler             
0000060b  EUSCIA3_IRQHandler             
0000060b  EUSCIB0_IRQHandler             
0000060b  EUSCIB1_IRQHandler             
0000060b  EUSCIB2_IRQHandler             
0000060b  EUSCIB3_IRQHandler             
0000060b  FLCTL_IRQHandler               
0000060b  FPU_IRQHandler                 
0000060b  HardFault_Handler              
0000060b  MemManage_Handler              
0000060b  NMI_Handler                    
0000060b  PCM_IRQHandler                 
0000060b  PORT1_IRQHandler               
0000060b  PORT2_IRQHandler               
0000060b  PORT3_IRQHandler               
0000060b  PORT4_IRQHandler               
0000060b  PORT5_IRQHandler               
0000060b  PORT6_IRQHandler               
0000060b  PSS_IRQHandler                 
0000060b  PendSV_Handler                 
0000060b  RTC_C_IRQHandler               
0000060b  SVC_Handler                    
0000060b  SysTick_Handler                
0000060b  T32_INT1_IRQHandler            
0000060b  T32_INTC_IRQHandler            
0000060b  TA0_0_IRQHandler               
0000060b  TA0_N_IRQHandler               
0000060b  TA1_0_IRQHandler               
0000060b  TA1_N_IRQHandler               
0000060b  TA2_0_IRQHandler               
0000060b  TA2_N_IRQHandler               
0000060b  TA3_0_IRQHandler               
0000060b  TA3_N_IRQHandler               
0000060b  UsageFault_Handler             
0000060b  WDT_A_IRQHandler               
0000060d  T32_INT2_IRQHandler            
0000060d  T32_INT2_IRQHandler            
0000067d  main                           
000006e1  _Z14TIMER32_1_CONFj            
00000709  I2C_masterSendMultiByteNext    
0000072d  I2C_init                       
0000074d  I2C_setslave                   
00000769  ADC14_IRQHandler               
00000769  ADC14_IRQHandler               
00000781  _args_main                     
00000799  I2C_isBusBusy                  
000007ad  OPT3001_init                   
000007c1  _register_unlock               
000007c7  _register_lock                 
000007cf  _nop                           
000007d5  I2C_clearInterruptFlag         
000007e3  I2C_setMode                    
000007f1  __TI_decompress_none           
000007ff  I2C_disableModule              
0000080b  I2C_enableModule               
00000817  Reset_Handler                  
00000823  I2C_setSlaveAddress            
00000827  _system_pre_init               
0000082b  __mpu_init                     
0000082d  _system_post_cinit             
00000830  i2cConfig                      
00000864  __TI_Handler_Table_Base        
0000086c  __TI_CINIT_Base                
0000086c  __TI_Handler_Table_Limit       
00000874  __TI_CINIT_Limit               
20000000  __TI_cleanup_ptr               
20000004  __TI_dtors_ptr                 
20000008  __TI_enable_exit_profile_output
2000000c  g_16iBlinkCount                
2000000e  g_bInitialState                
20000010  g_u32PeriodCount               
20000014  g_u16ADCResult                 
20000018  _lock                          
2000001c  _unlock                        
20000020  main_func_sp                   
2000fe00  __stack                        
20010000  __STACK_END                    
4000480c  WDTCTL_SYM                     
ffffffff  __TI_pprof_out_hndl            
ffffffff  __TI_prof_data_size            
ffffffff  __TI_prof_data_start           
ffffffff  __binit__                      
ffffffff  __c_args__                     
ffffffff  binit                          
UNDEFED   SHT$$INIT_ARRAY$$Base          
UNDEFED   SHT$$INIT_ARRAY$$Limit         

[122 symbols]
