******************************************************************************
                  TI ARM Linker Unix v16.9.6                   
******************************************************************************
>> Linked Sat Apr 21 14:44:08 2018

OUTPUT FILE NAME:   <boostxl_edumkii_lightsensor_msp432p401r_MSP_EXP432P401R_nortos_ccs.out>
ENTRY POINT SYMBOL: "_c_int00"  address: 00002dbd


MEMORY CONFIGURATION

         name            origin    length      used     unused   attr    fill
----------------------  --------  ---------  --------  --------  ----  --------
  MAIN                  00000000   00040000  00003d22  0003c2de  R  X
  INFO                  00200000   00004000  00000000  00004000  R  X
  SRAM_CODE             01000000   00010000  00000266  0000fd9a  RW X
  SRAM_DATA             20000000   00010000  00000266  0000fd9a  RW  


SEGMENT ALLOCATION MAP

run origin  load origin   length   init length attrs members
----------  ----------- ---------- ----------- ----- -------
00000000    00000000    00003d28   00003d28    r-x
  00000000    00000000    000000e4   000000e4    r-- .intvecs
  000000e4    000000e4    00003692   00003692    r-x .text
  00003778    00003778    00000564   00000564    r-- .const
  00003ce0    00003ce0    00000048   00000048    r-- .cinit
20000000    20000000    00000066   00000000    rw-
  20000000    20000000    0000003c   00000000    rw- .data
  2000003c    2000003c    0000002a   00000000    rw- .bss
2000fe00    2000fe00    00000200   00000000    rw-
  2000fe00    2000fe00    00000200   00000000    rw- .stack


SECTION ALLOCATION MAP

 output                                  attributes/
section   page    origin      length       input sections
--------  ----  ----------  ----------   ----------------
.intvecs   0    00000000    000000e4     
                  00000000    000000e4     startup_msp432p401r_ccs.obj (.intvecs:retain)

.text      0    000000e4    00003692     
                  000000e4    0000113e     rtsv7M4_T_le_v4SPD16_eabi.lib : _printfi.obj (.text)
                  00001222    0000047e     grlib.a : string.obj (.text:Graphics_drawString)
                  000016a0    00000258     main.obj (.text:main)
                  000018f8    000001f4     rtsv7M4_T_le_v4SPD16_eabi.lib : ull_div_t2.obj (.text)
                  00001aec    000001d8     Crystalfontz128x128_ST7735.obj (.text:Crystalfontz128x128_PixelDrawMultiple)
                  00001cc4    000001b6     rtsv7M4_T_le_v4SPD16_eabi.lib : fd_add_t2.obj (.text)
                  00001e7a    00000136                                   : fd_div_t2.obj (.text)
                  00001fb0    00000134     Crystalfontz128x128_ST7735.obj (.text:Crystalfontz128x128_SetDrawFrame)
                  000020e4    0000012c     Crystalfontz128x128_ST7735.obj (.text:Crystalfontz128x128_Init)
                  00002210    000000fc     rtsv7M4_T_le_v4SPD16_eabi.lib : fd_mul_t2.obj (.text)
                  0000230c    000000fc                                   : s_scalbn.obj (.text)
                  00002408    000000fa     grlib.a : string.obj (.text:Graphics_getStringWidth)
                  00002502    00000002     startup_msp432p401r_ccs.obj (.text:Default_Handler)
                  00002504    000000d8     HAL_OPT3001.obj (.text:OPT3001_getLux)
                  000025dc    0000009c     Crystalfontz128x128_ST7735.obj (.text:Crystalfontz128x128_RectFill)
                  00002678    0000009c     grlib.a : line.obj (.text:Graphics_drawLineH)
                  00002714    0000009c     rtsv7M4_T_le_v4SPD16_eabi.lib : memcpy_t2.obj (.text)
                  000027b0    0000008c     HAL_I2C.obj (.text:I2C_read16)
                  0000283c    00000086     rtsv7M4_T_le_v4SPD16_eabi.lib : fd_cmp_t2.obj (.text:__aeabi_cdcmple)
                  000028c2    00000086                                   : fd_cmp_t2.obj (.text:__aeabi_cdrcmple)
                  00002948    0000007c     msp432p4xx_driverlib.lib : spi_MSP432P4XX.obj (.text:SPI_initMaster)
                  000029c4    0000007a     rtsv7M4_T_le_v4SPD16_eabi.lib : memset_t2.obj (.text)
                  00002a3e    00000002                                   : mpu_init.obj (.text)
                  00002a40    00000078     system_msp432p401r.obj (.text:SystemInit)
                  00002ab8    00000070     rtsv7M4_T_le_v4SPD16_eabi.lib : autoinit.obj (.text)
                  00002b28    00000068                                   : copy_decompress_lzss.obj (.text:decompress:lzss)
                  00002b90    00000064                                   : s_frexp.obj (.text)
                  00002bf4    00000060     Crystalfontz128x128_ST7735.obj (.text:Crystalfontz128x128_LineDrawH)
                  00002c54    00000060     Crystalfontz128x128_ST7735.obj (.text:Crystalfontz128x128_LineDrawV)
                  00002cb4    00000060     rtsv7M4_T_le_v4SPD16_eabi.lib : sprintf.obj (.text)
                  00002d14    00000054     Crystalfontz128x128_ST7735.obj (.text:Crystalfontz128x128_SetOrientation)
                  00002d68    00000054     msp432p4xx_driverlib.lib : i2c_MSP432P4XX.obj (.text:I2C_masterSendMultiByteFinish)
                  00002dbc    00000054     rtsv7M4_T_le_v4SPD16_eabi.lib : boot.obj (.text)
                  00002e10    00000054                                   : exit.obj (.text)
                  00002e64    00000054                                   : ltoa.obj (.text)
                  00002eb8    00000052     grlib.a : context.obj (.text:Graphics_initContext)
                  00002f0a    00000002     rtsv7M4_T_le_v4SPD16_eabi.lib : startup.obj (.text)
                  00002f0c    0000004c     msp432p4xx_driverlib.lib : gpio_MSP432P4XX.obj (.text:GPIO_setAsPeripheralModuleFunctionOutputPin)
                  00002f58    0000004c     rtsv7M4_T_le_v4SPD16_eabi.lib : atoi.obj (.text)
                  00002fa4    0000004c                                   : cpy_tbl.obj (.text)
                  00002ff0    00000048     grlib.a : string.obj (.text:Graphics_drawStringCentered)
                  00003038    00000048     HAL_I2C.obj (.text:I2C_write16)
                  00003080    00000048     rtsv7M4_T_le_v4SPD16_eabi.lib : fd_toi_t2.obj (.text)
                  000030c8    00000044                                   : fd_tou_t2.obj (.text)
                  0000310c    00000040     Crystalfontz128x128_ST7735.obj (.text:Crystalfontz128x128_PixelDraw)
                  0000314c    00000040     grlib.a : string.obj (.text:Graphics_getNumberOfLeadingZeros)
                  0000318c    00000040     HAL_MSP_EXP432P401R_Crystalfontz128x128_ST7735.obj (.text:HAL_LCD_SpiInit)
                  000031cc    00000040     msp432p4xx_driverlib.lib : i2c_MSP432P4XX.obj (.text:I2C_masterSendMultiByteStart)
                  0000320c    0000003e                              : i2c_MSP432P4XX.obj (.text:I2C_initMaster)
                  0000324a    00000002     --HOLE-- [fill = 0]
                  0000324c    00000038     HAL_MSP_EXP432P401R_Crystalfontz128x128_ST7735.obj (.text:HAL_LCD_writeCommand)
                  00003284    00000038     rtsv7M4_T_le_v4SPD16_eabi.lib : fs_tod_t2.obj (.text)
                  000032bc    00000036     grlib.a : display.obj (.text:Graphics_drawHorizontalLineOnDisplay)
                  000032f2    00000030     HAL_MSP_EXP432P401R_Crystalfontz128x128_ST7735.obj (.text:HAL_LCD_PortInit)
                  00003322    00000002     --HOLE-- [fill = 0]
                  00003324    00000030     msp432p4xx_driverlib.lib : i2c_MSP432P4XX.obj (.text:I2C_masterReceiveMultiByteFinish)
                  00003354    00000030                              : i2c_MSP432P4XX.obj (.text:I2C_masterSendMultiByteStop)
                  00003384    00000030                              : spi_MSP432P4XX.obj (.text:is_A_Module)
                  000033b4    0000002e     rtsv7M4_T_le_v4SPD16_eabi.lib : i_tofd_t2.obj (.text)
                  000033e2    00000002     --HOLE-- [fill = 0]
                  000033e4    0000002c     Crystalfontz128x128_ST7735.obj (.text:Crystalfontz128x128_ClearScreen)
                  00003410    0000002c     grlib.a : display.obj (.text:Graphics_drawPixelOnDisplay)
                  0000343c    0000002c     HAL_MSP_EXP432P401R_Crystalfontz128x128_ST7735.obj (.text:HAL_LCD_writeData)
                  00003468    00000028     Crystalfontz128x128_ST7735.obj (.text:Crystalfontz128x128_ColorTranslate)
                  00003490    00000026     msp432p4xx_driverlib.lib : timer_a_MSP432P4XX.obj (.text:Timer_A_initCompare)
                  000034b6    00000002     --HOLE-- [fill = 0]
                  000034b8    00000024                              : gpio_MSP432P4XX.obj (.text:GPIO_setAsOutputPin)
                  000034dc    00000024                              : i2c_MSP432P4XX.obj (.text:I2C_masterSendMultiByteNext)
                  00003500    00000020     HAL_I2C.obj (.text:I2C_init)
                  00003520    0000001c     HAL_I2C.obj (.text:I2C_setslave)
                  0000353c    0000001c     rtsv7M4_T_le_v4SPD16_eabi.lib : memccpy.obj (.text)
                  00003558    0000001a     grlib.a : display.obj (.text:Graphics_clearDisplayOnDisplay)
                  00003572    0000001a             : context.obj (.text:Graphics_setBackgroundColor)
                  0000358c    0000001a             : context.obj (.text:Graphics_setFont)
                  000035a6    0000001a     msp432p4xx_driverlib.lib : spi_MSP432P4XX.obj (.text:SPI_enableModule)
                  000035c0    00000018                              : gpio_MSP432P4XX.obj (.text:GPIO_setOutputLowOnPin)
                  000035d8    00000018     HAL_I2C.obj (.text:Init_I2C_GPIO)
                  000035f0    00000018     rtsv7M4_T_le_v4SPD16_eabi.lib : args_main.obj (.text)
                  00003608    00000016     grlib.a : context.obj (.text:Graphics_setForegroundColor)
                  0000361e    00000016             : display.obj (.text:Graphics_translateColorOnDisplay)
                  00003634    00000016     rtsv7M4_T_le_v4SPD16_eabi.lib : strchr.obj (.text)
                  0000364a    00000002     --HOLE-- [fill = 0]
                  0000364c    00000014     msp432p4xx_driverlib.lib : gpio_MSP432P4XX.obj (.text:GPIO_setOutputHighOnPin)
                  00003660    00000014                              : i2c_MSP432P4XX.obj (.text:I2C_isBusBusy)
                  00003674    00000014     HAL_OPT3001.obj (.text:OPT3001_init)
                  00003688    00000014     rtsv7M4_T_le_v4SPD16_eabi.lib : _lock.obj (.text)
                  0000369c    00000014                                   : s_copysign.obj (.text)
                  000036b0    00000014                                   : strlen.obj (.text)
                  000036c4    00000012     grlib.a : context.obj (.text:Graphics_clearDisplay)
                  000036d6    00000010     msp432p4xx_driverlib.lib : i2c_MSP432P4XX.obj (.text:I2C_masterReceiveStart)
                  000036e6    0000000e                              : i2c_MSP432P4XX.obj (.text:I2C_clearInterruptFlag)
                  000036f4    0000000e                              : i2c_MSP432P4XX.obj (.text:I2C_setMode)
                  00003702    0000000e     rtsv7M4_T_le_v4SPD16_eabi.lib : copy_decompress_none.obj (.text:decompress:none)
                  00003710    0000000c     msp432p4xx_driverlib.lib : spi_MSP432P4XX.obj (.text:EUSCI_A_SPI_enable)
                  0000371c    0000000c                              : spi_MSP432P4XX.obj (.text:EUSCI_B_SPI_enable)
                  00003728    0000000c                              : i2c_MSP432P4XX.obj (.text:I2C_disableModule)
                  00003734    0000000c                              : i2c_MSP432P4XX.obj (.text:I2C_enableModule)
                  00003740    0000000c     startup_msp432p401r_ccs.obj (.text:Reset_Handler)
                  0000374c    0000000c     rtsv7M4_T_le_v4SPD16_eabi.lib : copy_zero_init.obj (.text:decompress:ZI)
                  00003758    0000000a     Crystalfontz128x128_ST7735.obj (.text:Crystalfontz128x128_Flush)
                  00003762    00000006     msp432p4xx_driverlib.lib : i2c_MSP432P4XX.obj (.text:I2C_getInterruptStatus)
                  00003768    00000006                              : i2c_MSP432P4XX.obj (.text:I2C_masterReceiveMultiByteNext)
                  0000376e    00000004                              : i2c_MSP432P4XX.obj (.text:I2C_setSlaveAddress)
                  00003772    00000004     rtsv7M4_T_le_v4SPD16_eabi.lib : pre_init.obj (.text)

.const     0    00003778    00000564     
                  00003778    000002f8     grlib.a : fontfixed6x8.obj (.const:.string:g_pucFontFixed6x8Data)
                  00003a70    00000101     rtsv7M4_T_le_v4SPD16_eabi.lib : ctype.obj (.const:.string:_ctypes_)
                  00003b71    00000003     --HOLE-- [fill = 0]
                  00003b74    000000c8     grlib.a : fontfixed6x8.obj (.const:g_sFontFixed6x8)
                  00003c3c    00000030     msp432p4xx_driverlib.lib : gpio_MSP432P4XX.obj (.const:GPIO_PORT_TO_BASE)
                  00003c6c    00000020     Crystalfontz128x128_ST7735.obj (.const:g_sCrystalfontz128x128_funcs)
                  00003c8c    0000001c     HAL_MSP_EXP432P401R_Crystalfontz128x128_ST7735.obj (.const:$P$T0$1)
                  00003ca8    00000018     main.obj (.const:upConfig)
                  00003cc0    00000014     HAL_I2C.obj (.const:i2cConfig)
                  00003cd4    00000008     Crystalfontz128x128_ST7735.obj (.const:$P$T0$1)

.cinit     0    00003ce0    00000048     
                  00003ce0    00000021     (.cinit..data.load) [load image, compression = lzss]
                  00003d01    00000003     --HOLE-- [fill = 0]
                  00003d04    0000000c     (__TI_handler_table)
                  00003d10    00000008     (.cinit..bss.load) [load image, compression = zero_init]
                  00003d18    00000010     (__TI_cinit_table)

.init_array 
*          0    00000000    00000000     UNINITIALIZED

.binit     0    00000000    00000000     

.data      0    20000000    0000003c     UNINITIALIZED
                  20000000    00000010     main.obj (.data:compareConfig_PWM)
                  20000010    00000010     Crystalfontz128x128_ST7735.obj (.data:g_sCrystalfontz128x128)
                  20000020    0000000c     rtsv7M4_T_le_v4SPD16_eabi.lib : exit.obj (.data:$O1$$)
                  2000002c    00000008                                   : _lock.obj (.data:$O1$$)
                  20000034    00000004                                   : errno.obj (.data)
                  20000038    00000004                                   : stkdepth_vars.obj (.data)

.bss       0    2000003c    0000002a     UNINITIALIZED
                  2000003c    0000001c     (.common:g_sContext)
                  20000058    00000004     (.common:lux)
                  2000005c    00000002     (.common:Lcd_ScreenHeigth)
                  2000005e    00000002     (.common:Lcd_ScreenWidth)
                  20000060    00000002     (.common:Lcd_TouchTrim)
                  20000062    00000001     (.common:Lcd_FlagRead)
                  20000063    00000001     (.common:Lcd_FontSolid)
                  20000064    00000001     (.common:Lcd_Orientation)
                  20000065    00000001     (.common:Lcd_PenSolid)

.stack     0    2000fe00    00000200     UNINITIALIZED
                  2000fe00    00000200     --HOLE--

MODULE SUMMARY

       Module                                               code    ro data   rw data
       ------                                               ----    -------   -------
    ./
       main.obj                                             600     24        96     
       HAL_I2C.obj                                          296     20        0      
       HAL_OPT3001.obj                                      236     0         0      
       system_msp432p401r.obj                               120     0         0      
    +--+----------------------------------------------------+-------+---------+---------+
       Total:                                               1252    44        96     
                                                                                     
    ./LcdDriver/
       Crystalfontz128x128_ST7735.obj                       1670    40        52     
       HAL_MSP_EXP432P401R_Crystalfontz128x128_ST7735.obj   212     28        0      
    +--+----------------------------------------------------+-------+---------+---------+
       Total:                                               1882    68        52     
                                                                                     
    ./ccs/
       startup_msp432p401r_ccs.obj                          14      228       0      
    +--+----------------------------------------------------+-------+---------+---------+
       Total:                                               14      228       0      
                                                                                     
    /home/esteban/ti/ccsv7/tools/compiler/ti-cgt-arm_16.9.6.LTS/lib/rtsv7M4_T_le_v4SPD16_eabi.lib
       _printfi.obj                                         4414    0         0      
       ull_div_t2.obj                                       500     0         0      
       fd_add_t2.obj                                        438     0         0      
       fd_div_t2.obj                                        310     0         0      
       fd_cmp_t2.obj                                        268     0         0      
       ctype.obj                                            0       257       0      
       fd_mul_t2.obj                                        252     0         0      
       s_scalbn.obj                                         252     0         0      
       memcpy_t2.obj                                        156     0         0      
       memset_t2.obj                                        122     0         0      
       autoinit.obj                                         112     0         0      
       exit.obj                                             84      0         24     
       copy_decompress_lzss.obj                             104     0         0      
       s_frexp.obj                                          100     0         0      
       sprintf.obj                                          96      0         0      
       boot.obj                                             84      0         0      
       ltoa.obj                                             84      0         0      
       atoi.obj                                             76      0         0      
       cpy_tbl.obj                                          76      0         0      
       fd_toi_t2.obj                                        72      0         0      
       fd_tou_t2.obj                                        68      0         0      
       fs_tod_t2.obj                                        56      0         0      
       i_tofd_t2.obj                                        46      0         0      
       _lock.obj                                            20      0         16     
       memccpy.obj                                          28      0         0      
       args_main.obj                                        24      0         0      
       strchr.obj                                           22      0         0      
       s_copysign.obj                                       20      0         0      
       strlen.obj                                           20      0         0      
       copy_decompress_none.obj                             14      0         0      
       copy_zero_init.obj                                   12      0         0      
       errno.obj                                            0       0         8      
       stkdepth_vars.obj                                    0       0         8      
       pre_init.obj                                         4       0         0      
       mpu_init.obj                                         2       0         0      
       startup.obj                                          2       0         0      
    +--+----------------------------------------------------+-------+---------+---------+
       Total:                                               7938    257       56     
                                                                                     
    /home/esteban/ti/simplelink_msp432p4_sdk_2_10_00_14/source/ti/devices/msp432p4xx/driverlib/ccs/msp432p4xx_driverlib.lib
       i2c_MSP432P4XX.obj                                   446     0         0      
       spi_MSP432P4XX.obj                                   222     0         0      
       gpio_MSP432P4XX.obj                                  156     48        0      
       timer_a_MSP432P4XX.obj                               38      0         0      
    +--+----------------------------------------------------+-------+---------+---------+
       Total:                                               862     48        0      
                                                                                     
    /home/esteban/ti/simplelink_msp432p4_sdk_2_10_00_14/source/ti/grlib/lib/ccs/m4f/grlib.a
       string.obj                                           1536    0         0      
       fontfixed6x8.obj                                     0       960       0      
       context.obj                                          174     0         0      
       line.obj                                             156     0         0      
       display.obj                                          146     0         0      
    +--+----------------------------------------------------+-------+---------+---------+
       Total:                                               2012    960       0      
                                                                                     
       Stack:                                               0       0         1024   
       Linker Generated:                                    0       69        0      
    +--+----------------------------------------------------+-------+---------+---------+
       Grand Total:                                         13960   1674      1228   


LINKER GENERATED COPY TABLES

__TI_cinit_table @ 00003d18 records: 2, size/record: 8, table size: 16
	.data: load addr=00003ce0, load size=00000021 bytes, run addr=20000000, run size=0000003c bytes, compression=lzss
	.bss: load addr=00003d10, load size=00000008 bytes, run addr=2000003c, run size=0000002a bytes, compression=zero_init


LINKER GENERATED HANDLER TABLE

__TI_handler_table @ 00003d04 records: 3, size/record: 4, table size: 12
	index: 0, handler: __TI_decompress_lzss
	index: 1, handler: __TI_decompress_none
	index: 2, handler: __TI_zero_init


GLOBAL SYMBOLS: SORTED ALPHABETICALLY BY Name 

address   name                                       
-------   ----                                       
00002503  ADC14_IRQHandler                           
00002503  AES256_IRQHandler                          
00002503  BusFault_Handler                           
00002e11  C$$EXIT                                    
00002503  COMP_E0_IRQHandler                         
00002503  COMP_E1_IRQHandler                         
00002503  CS_IRQHandler                              
000020e5  Crystalfontz128x128_Init                   
00001fb1  Crystalfontz128x128_SetDrawFrame           
00002d15  Crystalfontz128x128_SetOrientation         
00002503  DMA_ERR_IRQHandler                         
00002503  DMA_INT0_IRQHandler                        
00002503  DMA_INT1_IRQHandler                        
00002503  DMA_INT2_IRQHandler                        
00002503  DMA_INT3_IRQHandler                        
00002503  DebugMon_Handler                           
00002503  Default_Handler                            
00002503  EUSCIA0_IRQHandler                         
00002503  EUSCIA1_IRQHandler                         
00002503  EUSCIA2_IRQHandler                         
00002503  EUSCIA3_IRQHandler                         
00002503  EUSCIB0_IRQHandler                         
00002503  EUSCIB1_IRQHandler                         
00002503  EUSCIB2_IRQHandler                         
00002503  EUSCIB3_IRQHandler                         
00003711  EUSCI_A_SPI_enable                         
0000371d  EUSCI_B_SPI_enable                         
00002503  FLCTL_IRQHandler                           
00002503  FPU_IRQHandler                             
000034b9  GPIO_setAsOutputPin                        
00002f0d  GPIO_setAsPeripheralModuleFunctionOutputPin
0000364d  GPIO_setOutputHighOnPin                    
000035c1  GPIO_setOutputLowOnPin                     
000036c5  Graphics_clearDisplay                      
00003559  Graphics_clearDisplayOnDisplay             
000032bd  Graphics_drawHorizontalLineOnDisplay       
00002679  Graphics_drawLineH                         
00003411  Graphics_drawPixelOnDisplay                
00001223  Graphics_drawString                        
00002ff1  Graphics_drawStringCentered                
00002409  Graphics_getStringWidth                    
00002eb9  Graphics_initContext                       
00003573  Graphics_setBackgroundColor                
0000358d  Graphics_setFont                           
00003609  Graphics_setForegroundColor                
0000361f  Graphics_translateColorOnDisplay           
000032f3  HAL_LCD_PortInit                           
0000318d  HAL_LCD_SpiInit                            
0000324d  HAL_LCD_writeCommand                       
0000343d  HAL_LCD_writeData                          
00002503  HardFault_Handler                          
000036e7  I2C_clearInterruptFlag                     
00003729  I2C_disableModule                          
00003735  I2C_enableModule                           
00003763  I2C_getInterruptStatus                     
00003501  I2C_init                                   
0000320d  I2C_initMaster                             
00003661  I2C_isBusBusy                              
00003325  I2C_masterReceiveMultiByteFinish           
00003769  I2C_masterReceiveMultiByteNext             
000036d7  I2C_masterReceiveStart                     
00002d69  I2C_masterSendMultiByteFinish              
000034dd  I2C_masterSendMultiByteNext                
000031cd  I2C_masterSendMultiByteStart               
00003355  I2C_masterSendMultiByteStop                
000027b1  I2C_read16                                 
000036f5  I2C_setMode                                
0000376f  I2C_setSlaveAddress                        
00003521  I2C_setslave                               
00003039  I2C_write16                                
000035d9  Init_I2C_GPIO                              
20000062  Lcd_FlagRead                               
20000063  Lcd_FontSolid                              
20000064  Lcd_Orientation                            
20000065  Lcd_PenSolid                               
2000005c  Lcd_ScreenHeigth                           
2000005e  Lcd_ScreenWidth                            
20000060  Lcd_TouchTrim                              
00002503  MemManage_Handler                          
00002503  NMI_Handler                                
00002505  OPT3001_getLux                             
00003675  OPT3001_init                               
00002503  PCM_IRQHandler                             
00002503  PORT1_IRQHandler                           
00002503  PORT2_IRQHandler                           
00002503  PORT3_IRQHandler                           
00002503  PORT4_IRQHandler                           
00002503  PORT5_IRQHandler                           
00002503  PORT6_IRQHandler                           
00002503  PSS_IRQHandler                             
00002503  PendSV_Handler                             
00002503  RTC_C_IRQHandler                           
00003741  Reset_Handler                              
UNDEFED   SHT$$INIT_ARRAY$$Base                      
UNDEFED   SHT$$INIT_ARRAY$$Limit                     
000035a7  SPI_enableModule                           
00002949  SPI_initMaster                             
00002503  SVC_Handler                                
00002503  SysTick_Handler                            
00002a41  SystemInit                                 
00002503  T32_INT1_IRQHandler                        
00002503  T32_INT2_IRQHandler                        
00002503  T32_INTC_IRQHandler                        
00002503  TA0_0_IRQHandler                           
00002503  TA0_N_IRQHandler                           
00002503  TA1_0_IRQHandler                           
00002503  TA1_N_IRQHandler                           
00002503  TA2_0_IRQHandler                           
00002503  TA2_N_IRQHandler                           
00002503  TA3_0_IRQHandler                           
00002503  TA3_N_IRQHandler                           
00003491  Timer_A_initCompare                        
00002503  UsageFault_Handler                         
4000480c  WDTCTL_SYM                                 
00002503  WDT_A_IRQHandler                           
20010000  __STACK_END                                
00000200  __STACK_SIZE                               
00003d18  __TI_CINIT_Base                            
00003d28  __TI_CINIT_Limit                           
00003d04  __TI_Handler_Table_Base                    
00003d10  __TI_Handler_Table_Limit                   
00002ab9  __TI_auto_init                             
20000020  __TI_cleanup_ptr                           
00002b29  __TI_decompress_lzss                       
00003703  __TI_decompress_none                       
20000024  __TI_dtors_ptr                             
20000028  __TI_enable_exit_profile_output            
ffffffff  __TI_pprof_out_hndl                        
00000929  __TI_printfi                               
ffffffff  __TI_prof_data_size                        
ffffffff  __TI_prof_data_start                       
00000000  __TI_static_base__                         
0000374d  __TI_zero_init                             
0000283d  __aeabi_cdcmpeq                            
0000283d  __aeabi_cdcmple                            
000028c3  __aeabi_cdrcmple                           
00003081  __aeabi_d2iz                               
000030c9  __aeabi_d2uiz                              
00001ccf  __aeabi_dadd                               
00001e7b  __aeabi_ddiv                               
00002211  __aeabi_dmul                               
00001cc5  __aeabi_dsub                               
00003285  __aeabi_f2d                                
000033b5  __aeabi_i2d                                
000029c5  __aeabi_memclr                             
000029c5  __aeabi_memclr4                            
000029c5  __aeabi_memclr8                            
00002715  __aeabi_memcpy                             
00002715  __aeabi_memcpy4                            
00002715  __aeabi_memcpy8                            
000029c7  __aeabi_memset                             
000029c7  __aeabi_memset4                            
000029c7  __aeabi_memset8                            
000018f9  __aeabi_uldivmod                           
ffffffff  __binit__                                  
ffffffff  __c_args__                                 
00002a3f  __mpu_init                                 
2000fe00  __stack                                    
000035f1  _args_main                                 
00002dbd  _c_int00                                   
00003a70  _ctypes_                                   
2000002c  _lock                                      
00003697  _nop                                       
0000368f  _register_lock                             
00003689  _register_unlock                           
00002f0b  _system_post_cinit                         
00003773  _system_pre_init                           
20000030  _unlock                                    
00002e15  abort                                      
00002f59  atoi                                       
ffffffff  binit                                      
20000000  compareConfig_PWM                          
00002fa5  copy_in                                    
0000369d  copysign                                   
0000369d  copysignl                                  
20000034  errno                                      
00002e1d  exit                                       
00002b91  frexp                                      
00002b91  frexpl                                     
2000003c  g_sContext                                 
20000010  g_sCrystalfontz128x128                     
00003c6c  g_sCrystalfontz128x128_funcs               
00003b74  g_sFontFixed6x8                            
00003cc0  i2cConfig                                  
00000000  interruptVectors                           
0000230d  ldexp                                      
0000230d  ldexpl                                     
00002e65  ltoa                                       
20000058  lux                                        
000016a1  main                                       
20000038  main_func_sp                               
0000353d  memccpy                                    
00002715  memcpy                                     
000029cd  memset                                     
0000230d  scalbn                                     
0000230d  scalbnl                                    
00002cb5  sprintf                                    
00003635  strchr                                     
000036b1  strlen                                     
00003ca8  upConfig                                   


GLOBAL SYMBOLS: SORTED BY Symbol Address 

address   name                                       
-------   ----                                       
00000000  __TI_static_base__                         
00000000  interruptVectors                           
00000200  __STACK_SIZE                               
00000929  __TI_printfi                               
00001223  Graphics_drawString                        
000016a1  main                                       
000018f9  __aeabi_uldivmod                           
00001cc5  __aeabi_dsub                               
00001ccf  __aeabi_dadd                               
00001e7b  __aeabi_ddiv                               
00001fb1  Crystalfontz128x128_SetDrawFrame           
000020e5  Crystalfontz128x128_Init                   
00002211  __aeabi_dmul                               
0000230d  ldexp                                      
0000230d  ldexpl                                     
0000230d  scalbn                                     
0000230d  scalbnl                                    
00002409  Graphics_getStringWidth                    
00002503  ADC14_IRQHandler                           
00002503  AES256_IRQHandler                          
00002503  BusFault_Handler                           
00002503  COMP_E0_IRQHandler                         
00002503  COMP_E1_IRQHandler                         
00002503  CS_IRQHandler                              
00002503  DMA_ERR_IRQHandler                         
00002503  DMA_INT0_IRQHandler                        
00002503  DMA_INT1_IRQHandler                        
00002503  DMA_INT2_IRQHandler                        
00002503  DMA_INT3_IRQHandler                        
00002503  DebugMon_Handler                           
00002503  Default_Handler                            
00002503  EUSCIA0_IRQHandler                         
00002503  EUSCIA1_IRQHandler                         
00002503  EUSCIA2_IRQHandler                         
00002503  EUSCIA3_IRQHandler                         
00002503  EUSCIB0_IRQHandler                         
00002503  EUSCIB1_IRQHandler                         
00002503  EUSCIB2_IRQHandler                         
00002503  EUSCIB3_IRQHandler                         
00002503  FLCTL_IRQHandler                           
00002503  FPU_IRQHandler                             
00002503  HardFault_Handler                          
00002503  MemManage_Handler                          
00002503  NMI_Handler                                
00002503  PCM_IRQHandler                             
00002503  PORT1_IRQHandler                           
00002503  PORT2_IRQHandler                           
00002503  PORT3_IRQHandler                           
00002503  PORT4_IRQHandler                           
00002503  PORT5_IRQHandler                           
00002503  PORT6_IRQHandler                           
00002503  PSS_IRQHandler                             
00002503  PendSV_Handler                             
00002503  RTC_C_IRQHandler                           
00002503  SVC_Handler                                
00002503  SysTick_Handler                            
00002503  T32_INT1_IRQHandler                        
00002503  T32_INT2_IRQHandler                        
00002503  T32_INTC_IRQHandler                        
00002503  TA0_0_IRQHandler                           
00002503  TA0_N_IRQHandler                           
00002503  TA1_0_IRQHandler                           
00002503  TA1_N_IRQHandler                           
00002503  TA2_0_IRQHandler                           
00002503  TA2_N_IRQHandler                           
00002503  TA3_0_IRQHandler                           
00002503  TA3_N_IRQHandler                           
00002503  UsageFault_Handler                         
00002503  WDT_A_IRQHandler                           
00002505  OPT3001_getLux                             
00002679  Graphics_drawLineH                         
00002715  __aeabi_memcpy                             
00002715  __aeabi_memcpy4                            
00002715  __aeabi_memcpy8                            
00002715  memcpy                                     
000027b1  I2C_read16                                 
0000283d  __aeabi_cdcmpeq                            
0000283d  __aeabi_cdcmple                            
000028c3  __aeabi_cdrcmple                           
00002949  SPI_initMaster                             
000029c5  __aeabi_memclr                             
000029c5  __aeabi_memclr4                            
000029c5  __aeabi_memclr8                            
000029c7  __aeabi_memset                             
000029c7  __aeabi_memset4                            
000029c7  __aeabi_memset8                            
000029cd  memset                                     
00002a3f  __mpu_init                                 
00002a41  SystemInit                                 
00002ab9  __TI_auto_init                             
00002b29  __TI_decompress_lzss                       
00002b91  frexp                                      
00002b91  frexpl                                     
00002cb5  sprintf                                    
00002d15  Crystalfontz128x128_SetOrientation         
00002d69  I2C_masterSendMultiByteFinish              
00002dbd  _c_int00                                   
00002e11  C$$EXIT                                    
00002e15  abort                                      
00002e1d  exit                                       
00002e65  ltoa                                       
00002eb9  Graphics_initContext                       
00002f0b  _system_post_cinit                         
00002f0d  GPIO_setAsPeripheralModuleFunctionOutputPin
00002f59  atoi                                       
00002fa5  copy_in                                    
00002ff1  Graphics_drawStringCentered                
00003039  I2C_write16                                
00003081  __aeabi_d2iz                               
000030c9  __aeabi_d2uiz                              
0000318d  HAL_LCD_SpiInit                            
000031cd  I2C_masterSendMultiByteStart               
0000320d  I2C_initMaster                             
0000324d  HAL_LCD_writeCommand                       
00003285  __aeabi_f2d                                
000032bd  Graphics_drawHorizontalLineOnDisplay       
000032f3  HAL_LCD_PortInit                           
00003325  I2C_masterReceiveMultiByteFinish           
00003355  I2C_masterSendMultiByteStop                
000033b5  __aeabi_i2d                                
00003411  Graphics_drawPixelOnDisplay                
0000343d  HAL_LCD_writeData                          
00003491  Timer_A_initCompare                        
000034b9  GPIO_setAsOutputPin                        
000034dd  I2C_masterSendMultiByteNext                
00003501  I2C_init                                   
00003521  I2C_setslave                               
0000353d  memccpy                                    
00003559  Graphics_clearDisplayOnDisplay             
00003573  Graphics_setBackgroundColor                
0000358d  Graphics_setFont                           
000035a7  SPI_enableModule                           
000035c1  GPIO_setOutputLowOnPin                     
000035d9  Init_I2C_GPIO                              
000035f1  _args_main                                 
00003609  Graphics_setForegroundColor                
0000361f  Graphics_translateColorOnDisplay           
00003635  strchr                                     
0000364d  GPIO_setOutputHighOnPin                    
00003661  I2C_isBusBusy                              
00003675  OPT3001_init                               
00003689  _register_unlock                           
0000368f  _register_lock                             
00003697  _nop                                       
0000369d  copysign                                   
0000369d  copysignl                                  
000036b1  strlen                                     
000036c5  Graphics_clearDisplay                      
000036d7  I2C_masterReceiveStart                     
000036e7  I2C_clearInterruptFlag                     
000036f5  I2C_setMode                                
00003703  __TI_decompress_none                       
00003711  EUSCI_A_SPI_enable                         
0000371d  EUSCI_B_SPI_enable                         
00003729  I2C_disableModule                          
00003735  I2C_enableModule                           
00003741  Reset_Handler                              
0000374d  __TI_zero_init                             
00003763  I2C_getInterruptStatus                     
00003769  I2C_masterReceiveMultiByteNext             
0000376f  I2C_setSlaveAddress                        
00003773  _system_pre_init                           
00003a70  _ctypes_                                   
00003b74  g_sFontFixed6x8                            
00003c6c  g_sCrystalfontz128x128_funcs               
00003ca8  upConfig                                   
00003cc0  i2cConfig                                  
00003d04  __TI_Handler_Table_Base                    
00003d10  __TI_Handler_Table_Limit                   
00003d18  __TI_CINIT_Base                            
00003d28  __TI_CINIT_Limit                           
20000000  compareConfig_PWM                          
20000010  g_sCrystalfontz128x128                     
20000020  __TI_cleanup_ptr                           
20000024  __TI_dtors_ptr                             
20000028  __TI_enable_exit_profile_output            
2000002c  _lock                                      
20000030  _unlock                                    
20000034  errno                                      
20000038  main_func_sp                               
2000003c  g_sContext                                 
20000058  lux                                        
2000005c  Lcd_ScreenHeigth                           
2000005e  Lcd_ScreenWidth                            
20000060  Lcd_TouchTrim                              
20000062  Lcd_FlagRead                               
20000063  Lcd_FontSolid                              
20000064  Lcd_Orientation                            
20000065  Lcd_PenSolid                               
2000fe00  __stack                                    
20010000  __STACK_END                                
4000480c  WDTCTL_SYM                                 
ffffffff  __TI_pprof_out_hndl                        
ffffffff  __TI_prof_data_size                        
ffffffff  __TI_prof_data_start                       
ffffffff  __binit__                                  
ffffffff  __c_args__                                 
ffffffff  binit                                      
UNDEFED   SHT$$INIT_ARRAY$$Base                      
UNDEFED   SHT$$INIT_ARRAY$$Limit                     

[200 symbols]
