******************************************************************************
                  TI ARM Linker Unix v16.9.6                   
******************************************************************************
>> Linked Thu Apr 19 18:18:01 2018

OUTPUT FILE NAME:   <L1.out>
ENTRY POINT SYMBOL: "_c_int00"  address: 0000078d


MEMORY CONFIGURATION

         name            origin    length      used     unused   attr    fill
----------------------  --------  ---------  --------  --------  ----  --------
  MAIN                  00000000   00040000  00000900  0003f700  R  X
  INFO                  00200000   00004000  00000000  00004000  R  X
  SRAM_CODE             01000000   00010000  00000228  0000fdd8  RW X
  SRAM_DATA             20000000   00010000  00000228  0000fdd8  RW  


SEGMENT ALLOCATION MAP

run origin  load origin   length   init length attrs members
----------  ----------- ---------- ----------- ----- -------
00000000    00000000    00000900   00000900    r-x
  00000000    00000000    000000e4   000000e4    r-- .intvecs
  000000e4    000000e4    000007ec   000007ec    r-x .text
  000008d0    000008d0    00000030   00000030    r-- .cinit
20000000    20000000    00000028   00000000    rw-
  20000000    20000000    00000028   00000000    rw- .data
2000fe00    2000fe00    00000200   00000000    rw-
  2000fe00    2000fe00    00000200   00000000    rw- .stack


SECTION ALLOCATION MAP

 output                                  attributes/
section   page    origin      length       input sections
--------  ----  ----------  ----------   ----------------
.intvecs   0    00000000    000000e4     
                  00000000    000000e4     startup_msp432p401r_ccs.obj (.intvecs:retain)

.text      0    000000e4    000007ec     
                  000000e4    00000334     system_msp432p401r.obj (.text)
                  00000418    00000184     Lab1utilities.obj (.text)
                  0000059c    0000009c     rtsv7M4_T_le_v4SPD16_eabi.lib : memcpy_t2.obj (.text)
                  00000638    0000007c     main.obj (.text)
                  000006b4    00000070     rtsv7M4_T_le_v4SPD16_eabi.lib : autoinit.obj (.text)
                  00000724    00000068                                   : copy_decompress_lzss.obj (.text:decompress:lzss)
                  0000078c    00000054                                   : boot.obj (.text)
                  000007e0    00000054                                   : exit.obj (.text)
                  00000834    0000004c                                   : cpy_tbl.obj (.text)
                  00000880    00000018                                   : args_main.obj (.text)
                  00000898    00000014                                   : _lock.obj (.text)
                  000008ac    0000000e                                   : copy_decompress_none.obj (.text:decompress:none)
                  000008ba    0000000e     startup_msp432p401r_ccs.obj (.text)
                  000008c8    00000004     rtsv7M4_T_le_v4SPD16_eabi.lib : pre_init.obj (.text)
                  000008cc    00000002                                   : mpu_init.obj (.text)
                  000008ce    00000002                                   : startup.obj (.text)

.cinit     0    000008d0    00000030     
                  000008d0    0000001f     (.cinit..data.load) [load image, compression = lzss]
                  000008ef    00000001     --HOLE-- [fill = 0]
                  000008f0    00000008     (__TI_handler_table)
                  000008f8    00000008     (__TI_cinit_table)

.init_array 
*          0    00000000    00000000     UNINITIALIZED

.binit     0    00000000    00000000     

.data      0    20000000    00000028     UNINITIALIZED
                  20000000    0000000c     rtsv7M4_T_le_v4SPD16_eabi.lib : exit.obj (.data:$O1$$)
                  2000000c    0000000a     main.obj (.data)
                  20000016    00000002     --HOLE--
                  20000018    00000008     rtsv7M4_T_le_v4SPD16_eabi.lib : _lock.obj (.data:$O1$$)
                  20000020    00000004                                   : stkdepth_vars.obj (.data)
                  20000024    00000004     system_msp432p401r.obj (.data)

.stack     0    2000fe00    00000200     UNINITIALIZED
                  2000fe00    00000200     --HOLE--

MODULE SUMMARY

       Module                        code   ro data   rw data
       ------                        ----   -------   -------
    ./
       system_msp432p401r.obj        820    0         8      
       Lab1utilities.obj             388    0         0      
       startup_msp432p401r_ccs.obj   14     228       0      
       main.obj                      124    0         20     
    +--+-----------------------------+------+---------+---------+
       Total:                        1346   228       28     
                                                             
    /home/esteban/ti/ccsv7/tools/compiler/ti-cgt-arm_16.9.6.LTS/lib/rtsv7M4_T_le_v4SPD16_eabi.lib
       memcpy_t2.obj                 156    0         0      
       autoinit.obj                  112    0         0      
       exit.obj                      84     0         24     
       copy_decompress_lzss.obj      104    0         0      
       boot.obj                      84     0         0      
       cpy_tbl.obj                   76     0         0      
       _lock.obj                     20     0         16     
       args_main.obj                 24     0         0      
       copy_decompress_none.obj      14     0         0      
       stkdepth_vars.obj             0      0         8      
       pre_init.obj                  4      0         0      
       mpu_init.obj                  2      0         0      
       startup.obj                   2      0         0      
    +--+-----------------------------+------+---------+---------+
       Total:                        682    0         48     
                                                             
       Stack:                        0      0         1024   
       Linker Generated:             0      47        0      
    +--+-----------------------------+------+---------+---------+
       Grand Total:                  2028   275       1100   


LINKER GENERATED COPY TABLES

__TI_cinit_table @ 000008f8 records: 1, size/record: 8, table size: 8
	.data: load addr=000008d0, load size=0000001f bytes, run addr=20000000, run size=00000028 bytes, compression=lzss


LINKER GENERATED HANDLER TABLE

__TI_handler_table @ 000008f0 records: 2, size/record: 4, table size: 8
	index: 0, handler: __TI_decompress_lzss
	index: 1, handler: __TI_decompress_none


GLOBAL SYMBOLS: SORTED ALPHABETICALLY BY Name 

address   name                                    
-------   ----                                    
00000687  ADC14_IRQHandler                        
00000687  ADC14_IRQHandler                        
000008c7  AES256_IRQHandler                       
000008c7  BusFault_Handler                        
000007e1  C$$EXIT                                 
000008c7  COMP_E0_IRQHandler                      
000008c7  COMP_E1_IRQHandler                      
000008c7  CS_IRQHandler                           
000008c7  DMA_ERR_IRQHandler                      
000008c7  DMA_INT0_IRQHandler                     
000008c7  DMA_INT1_IRQHandler                     
000008c7  DMA_INT2_IRQHandler                     
000008c7  DMA_INT3_IRQHandler                     
000008c7  DebugMon_Handler                        
000008c7  Default_Handler                         
000008c7  EUSCIA0_IRQHandler                      
000008c7  EUSCIA1_IRQHandler                      
000008c7  EUSCIA2_IRQHandler                      
000008c7  EUSCIA3_IRQHandler                      
000008c7  EUSCIB0_IRQHandler                      
000008c7  EUSCIB1_IRQHandler                      
000008c7  EUSCIB2_IRQHandler                      
000008c7  EUSCIB3_IRQHandler                      
000008c7  FLCTL_IRQHandler                        
000008c7  FPU_IRQHandler                          
000008c7  HardFault_Handler                       
000008c7  MemManage_Handler                       
000008c7  NMI_Handler                             
000008c7  PCM_IRQHandler                          
000008c7  PORT1_IRQHandler                        
000008c7  PORT2_IRQHandler                        
000008c7  PORT3_IRQHandler                        
000008c7  PORT4_IRQHandler                        
000008c7  PORT5_IRQHandler                        
000008c7  PORT6_IRQHandler                        
000008c7  PSS_IRQHandler                          
000008c7  PendSV_Handler                          
000008c7  RTC_C_IRQHandler                        
000008bb  Reset_Handler                           
UNDEFED   SHT$$INIT_ARRAY$$Base                   
UNDEFED   SHT$$INIT_ARRAY$$Limit                  
000008c7  SVC_Handler                             
000008c7  SysTick_Handler                         
20000024  SystemCoreClock                         
000000e5  SystemCoreClockUpdate                   
0000035d  SystemInit                              
000008c7  T32_INT1_IRQHandler                     
00000661  T32_INT2_IRQHandler                     
00000661  T32_INT2_IRQHandler                     
000008c7  T32_INTC_IRQHandler                     
000008c7  TA0_0_IRQHandler                        
000008c7  TA0_N_IRQHandler                        
000008c7  TA1_0_IRQHandler                        
000008c7  TA1_N_IRQHandler                        
000008c7  TA2_0_IRQHandler                        
000008c7  TA2_N_IRQHandler                        
000008c7  TA3_0_IRQHandler                        
000008c7  TA3_N_IRQHandler                        
000008c7  UsageFault_Handler                      
4000480c  WDTCTL_SYM                              
000008c7  WDT_A_IRQHandler                        
00000535  _ZN14Lab1_utilities12TIMER32_CONFEj     
000004f9  _ZN14Lab1_utilities15ADC_CONF_SINGLEEv  
00000557  _ZN14Lab1_utilities17LIGHT_SENSOR_CONFEv
000004c3  _ZN14Lab1_utilities8START_UPEjPs        
000004b7  _ZN14Lab1_utilitiesC1Ev                 
000004b7  _ZN14Lab1_utilitiesC2Ev                 
20010000  __STACK_END                             
00000200  __STACK_SIZE                            
000008f8  __TI_CINIT_Base                         
00000900  __TI_CINIT_Limit                        
000008f0  __TI_Handler_Table_Base                 
000008f8  __TI_Handler_Table_Limit                
000006b5  __TI_auto_init                          
20000000  __TI_cleanup_ptr                        
00000725  __TI_decompress_lzss                    
000008ad  __TI_decompress_none                    
20000004  __TI_dtors_ptr                          
20000008  __TI_enable_exit_profile_output         
ffffffff  __TI_pprof_out_hndl                     
ffffffff  __TI_prof_data_size                     
ffffffff  __TI_prof_data_start                    
00000000  __TI_static_base__                      
0000059d  __aeabi_memcpy                          
0000059d  __aeabi_memcpy4                         
0000059d  __aeabi_memcpy8                         
ffffffff  __binit__                               
ffffffff  __c_args__                              
000008cd  __mpu_init                              
2000fe00  __stack                                 
00000881  _args_main                              
0000078d  _c_int00                                
20000018  _lock                                   
000008a7  _nop                                    
0000089f  _register_lock                          
00000899  _register_unlock                        
000008cf  _system_post_cinit                      
000008c9  _system_pre_init                        
2000001c  _unlock                                 
000007e5  abort                                   
ffffffff  binit                                   
00000835  copy_in                                 
000007ed  exit                                    
2000000c  g_16iBlinkCount                         
2000000e  g_bInitialState                         
20000014  g_u16ADCResult                          
20000010  g_u32PeriodCount                        
00000000  interruptVectors                        
00000639  main                                    
20000020  main_func_sp                            
0000059d  memcpy                                  


GLOBAL SYMBOLS: SORTED BY Symbol Address 

address   name                                    
-------   ----                                    
00000000  __TI_static_base__                      
00000000  interruptVectors                        
000000e5  SystemCoreClockUpdate                   
00000200  __STACK_SIZE                            
0000035d  SystemInit                              
000004b7  _ZN14Lab1_utilitiesC1Ev                 
000004b7  _ZN14Lab1_utilitiesC2Ev                 
000004c3  _ZN14Lab1_utilities8START_UPEjPs        
000004f9  _ZN14Lab1_utilities15ADC_CONF_SINGLEEv  
00000535  _ZN14Lab1_utilities12TIMER32_CONFEj     
00000557  _ZN14Lab1_utilities17LIGHT_SENSOR_CONFEv
0000059d  __aeabi_memcpy                          
0000059d  __aeabi_memcpy4                         
0000059d  __aeabi_memcpy8                         
0000059d  memcpy                                  
00000639  main                                    
00000661  T32_INT2_IRQHandler                     
00000661  T32_INT2_IRQHandler                     
00000687  ADC14_IRQHandler                        
00000687  ADC14_IRQHandler                        
000006b5  __TI_auto_init                          
00000725  __TI_decompress_lzss                    
0000078d  _c_int00                                
000007e1  C$$EXIT                                 
000007e5  abort                                   
000007ed  exit                                    
00000835  copy_in                                 
00000881  _args_main                              
00000899  _register_unlock                        
0000089f  _register_lock                          
000008a7  _nop                                    
000008ad  __TI_decompress_none                    
000008bb  Reset_Handler                           
000008c7  AES256_IRQHandler                       
000008c7  BusFault_Handler                        
000008c7  COMP_E0_IRQHandler                      
000008c7  COMP_E1_IRQHandler                      
000008c7  CS_IRQHandler                           
000008c7  DMA_ERR_IRQHandler                      
000008c7  DMA_INT0_IRQHandler                     
000008c7  DMA_INT1_IRQHandler                     
000008c7  DMA_INT2_IRQHandler                     
000008c7  DMA_INT3_IRQHandler                     
000008c7  DebugMon_Handler                        
000008c7  Default_Handler                         
000008c7  EUSCIA0_IRQHandler                      
000008c7  EUSCIA1_IRQHandler                      
000008c7  EUSCIA2_IRQHandler                      
000008c7  EUSCIA3_IRQHandler                      
000008c7  EUSCIB0_IRQHandler                      
000008c7  EUSCIB1_IRQHandler                      
000008c7  EUSCIB2_IRQHandler                      
000008c7  EUSCIB3_IRQHandler                      
000008c7  FLCTL_IRQHandler                        
000008c7  FPU_IRQHandler                          
000008c7  HardFault_Handler                       
000008c7  MemManage_Handler                       
000008c7  NMI_Handler                             
000008c7  PCM_IRQHandler                          
000008c7  PORT1_IRQHandler                        
000008c7  PORT2_IRQHandler                        
000008c7  PORT3_IRQHandler                        
000008c7  PORT4_IRQHandler                        
000008c7  PORT5_IRQHandler                        
000008c7  PORT6_IRQHandler                        
000008c7  PSS_IRQHandler                          
000008c7  PendSV_Handler                          
000008c7  RTC_C_IRQHandler                        
000008c7  SVC_Handler                             
000008c7  SysTick_Handler                         
000008c7  T32_INT1_IRQHandler                     
000008c7  T32_INTC_IRQHandler                     
000008c7  TA0_0_IRQHandler                        
000008c7  TA0_N_IRQHandler                        
000008c7  TA1_0_IRQHandler                        
000008c7  TA1_N_IRQHandler                        
000008c7  TA2_0_IRQHandler                        
000008c7  TA2_N_IRQHandler                        
000008c7  TA3_0_IRQHandler                        
000008c7  TA3_N_IRQHandler                        
000008c7  UsageFault_Handler                      
000008c7  WDT_A_IRQHandler                        
000008c9  _system_pre_init                        
000008cd  __mpu_init                              
000008cf  _system_post_cinit                      
000008f0  __TI_Handler_Table_Base                 
000008f8  __TI_CINIT_Base                         
000008f8  __TI_Handler_Table_Limit                
00000900  __TI_CINIT_Limit                        
20000000  __TI_cleanup_ptr                        
20000004  __TI_dtors_ptr                          
20000008  __TI_enable_exit_profile_output         
2000000c  g_16iBlinkCount                         
2000000e  g_bInitialState                         
20000010  g_u32PeriodCount                        
20000014  g_u16ADCResult                          
20000018  _lock                                   
2000001c  _unlock                                 
20000020  main_func_sp                            
20000024  SystemCoreClock                         
2000fe00  __stack                                 
20010000  __STACK_END                             
4000480c  WDTCTL_SYM                              
ffffffff  __TI_pprof_out_hndl                     
ffffffff  __TI_prof_data_size                     
ffffffff  __TI_prof_data_start                    
ffffffff  __binit__                               
ffffffff  __c_args__                              
ffffffff  binit                                   
UNDEFED   SHT$$INIT_ARRAY$$Base                   
UNDEFED   SHT$$INIT_ARRAY$$Limit                  

[111 symbols]
