******************************************************************************
                  TI ARM Linker Unix v16.9.6                   
******************************************************************************
>> Linked Mon Apr 16 15:43:45 2018

OUTPUT FILE NAME:   <L1.out>
ENTRY POINT SYMBOL: "_c_int00"  address: 00000785


MEMORY CONFIGURATION

         name            origin    length      used     unused   attr    fill
----------------------  --------  ---------  --------  --------  ----  --------
  MAIN                  00000000   00040000  000008f8  0003f708  R  X
  INFO                  00200000   00004000  00000000  00004000  R  X
  SRAM_CODE             01000000   00010000  00000228  0000fdd8  RW X
  SRAM_DATA             20000000   00010000  00000228  0000fdd8  RW  


SEGMENT ALLOCATION MAP

run origin  load origin   length   init length attrs members
----------  ----------- ---------- ----------- ----- -------
00000000    00000000    000008f8   000008f8    r-x
  00000000    00000000    000000e4   000000e4    r-- .intvecs
  000000e4    000000e4    000007e4   000007e4    r-x .text
  000008c8    000008c8    00000030   00000030    r-- .cinit
20000000    20000000    00000028   00000000    rw-
  20000000    20000000    00000028   00000000    rw- .data
2000fe00    2000fe00    00000200   00000000    rw-
  2000fe00    2000fe00    00000200   00000000    rw- .stack


SECTION ALLOCATION MAP

 output                                  attributes/
section   page    origin      length       input sections
--------  ----  ----------  ----------   ----------------
.intvecs   0    00000000    000000e4     
                  00000000    000000e4     startup_msp432p401r_ccs.obj (.intvecs:retain)

.text      0    000000e4    000007e4     
                  000000e4    00000334     system_msp432p401r.obj (.text)
                  00000418    00000198     Lab1utilities.obj (.text)
                  000005b0    0000009c     rtsv7M4_T_le_v4SPD16_eabi.lib : memcpy_t2.obj (.text)
                  0000064c    00000070                                   : autoinit.obj (.text)
                  000006bc    00000068                                   : copy_decompress_lzss.obj (.text:decompress:lzss)
                  00000724    00000060     main.obj (.text)
                  00000784    00000054     rtsv7M4_T_le_v4SPD16_eabi.lib : boot.obj (.text)
                  000007d8    00000054                                   : exit.obj (.text)
                  0000082c    0000004c                                   : cpy_tbl.obj (.text)
                  00000878    00000018                                   : args_main.obj (.text)
                  00000890    00000014                                   : _lock.obj (.text)
                  000008a4    0000000e                                   : copy_decompress_none.obj (.text:decompress:none)
                  000008b2    0000000e     startup_msp432p401r_ccs.obj (.text)
                  000008c0    00000004     rtsv7M4_T_le_v4SPD16_eabi.lib : pre_init.obj (.text)
                  000008c4    00000002                                   : mpu_init.obj (.text)
                  000008c6    00000002                                   : startup.obj (.text)

.cinit     0    000008c8    00000030     
                  000008c8    00000020     (.cinit..data.load) [load image, compression = lzss]
                  000008e8    00000008     (__TI_handler_table)
                  000008f0    00000008     (__TI_cinit_table)

.init_array 
*          0    00000000    00000000     UNINITIALIZED

.binit     0    00000000    00000000     

.data      0    20000000    00000028     UNINITIALIZED
                  20000000    0000000c     rtsv7M4_T_le_v4SPD16_eabi.lib : exit.obj (.data:$O1$$)
                  2000000c    00000009     main.obj (.data)
                  20000015    00000003     --HOLE--
                  20000018    00000008     rtsv7M4_T_le_v4SPD16_eabi.lib : _lock.obj (.data:$O1$$)
                  20000020    00000004                                   : stkdepth_vars.obj (.data)
                  20000024    00000004     system_msp432p401r.obj (.data)

.stack     0    2000fe00    00000200     UNINITIALIZED
                  2000fe00    00000200     --HOLE--

MODULE SUMMARY

       Module                        code   ro data   rw data
       ------                        ----   -------   -------
    ./
       system_msp432p401r.obj        820    0         8      
       Lab1utilities.obj             408    0         0      
       startup_msp432p401r_ccs.obj   14     228       0      
       main.obj                      96     0         18     
    +--+-----------------------------+------+---------+---------+
       Total:                        1338   228       26     
                                                             
    /home/esteban/ti/ccsv7/tools/compiler/ti-cgt-arm_16.9.6.LTS/lib/rtsv7M4_T_le_v4SPD16_eabi.lib
       memcpy_t2.obj                 156    0         0      
       autoinit.obj                  112    0         0      
       exit.obj                      84     0         24     
       copy_decompress_lzss.obj      104    0         0      
       boot.obj                      84     0         0      
       cpy_tbl.obj                   76     0         0      
       _lock.obj                     20     0         16     
       args_main.obj                 24     0         0      
       copy_decompress_none.obj      14     0         0      
       stkdepth_vars.obj             0      0         8      
       pre_init.obj                  4      0         0      
       mpu_init.obj                  2      0         0      
       startup.obj                   2      0         0      
    +--+-----------------------------+------+---------+---------+
       Total:                        682    0         48     
                                                             
       Stack:                        0      0         1024   
       Linker Generated:             0      48        0      
    +--+-----------------------------+------+---------+---------+
       Grand Total:                  2020   276       1098   


LINKER GENERATED COPY TABLES

__TI_cinit_table @ 000008f0 records: 1, size/record: 8, table size: 8
	.data: load addr=000008c8, load size=00000020 bytes, run addr=20000000, run size=00000028 bytes, compression=lzss


LINKER GENERATED HANDLER TABLE

__TI_handler_table @ 000008e8 records: 2, size/record: 4, table size: 8
	index: 0, handler: __TI_decompress_lzss
	index: 1, handler: __TI_decompress_none


GLOBAL SYMBOLS: SORTED ALPHABETICALLY BY Name 

address   name                               
-------   ----                               
000008bf  ADC14_IRQHandler                   
000008bf  AES256_IRQHandler                  
000008bf  BusFault_Handler                   
000007d9  C$$EXIT                            
000008bf  COMP_E0_IRQHandler                 
000008bf  COMP_E1_IRQHandler                 
000008bf  CS_IRQHandler                      
000008bf  DMA_ERR_IRQHandler                 
000008bf  DMA_INT0_IRQHandler                
000008bf  DMA_INT1_IRQHandler                
000008bf  DMA_INT2_IRQHandler                
000008bf  DMA_INT3_IRQHandler                
000008bf  DebugMon_Handler                   
000008bf  Default_Handler                    
000008bf  EUSCIA0_IRQHandler                 
000008bf  EUSCIA1_IRQHandler                 
000008bf  EUSCIA2_IRQHandler                 
000008bf  EUSCIA3_IRQHandler                 
000008bf  EUSCIB0_IRQHandler                 
000008bf  EUSCIB1_IRQHandler                 
000008bf  EUSCIB2_IRQHandler                 
000008bf  EUSCIB3_IRQHandler                 
000008bf  FLCTL_IRQHandler                   
000008bf  FPU_IRQHandler                     
000008bf  HardFault_Handler                  
000008bf  MemManage_Handler                  
000008bf  NMI_Handler                        
000008bf  PCM_IRQHandler                     
000008bf  PORT1_IRQHandler                   
000008bf  PORT2_IRQHandler                   
000008bf  PORT3_IRQHandler                   
000008bf  PORT4_IRQHandler                   
000008bf  PORT5_IRQHandler                   
000008bf  PORT6_IRQHandler                   
000008bf  PSS_IRQHandler                     
000008bf  PendSV_Handler                     
000008bf  RTC_C_IRQHandler                   
000008b3  Reset_Handler                      
UNDEFED   SHT$$INIT_ARRAY$$Base              
UNDEFED   SHT$$INIT_ARRAY$$Limit             
000008bf  SVC_Handler                        
000008bf  SysTick_Handler                    
20000024  SystemCoreClock                    
000000e5  SystemCoreClockUpdate              
0000035d  SystemInit                         
000008bf  T32_INT1_IRQHandler                
00000747  T32_INT2_IRQHandler                
00000747  T32_INT2_IRQHandler                
000008bf  T32_INTC_IRQHandler                
000008bf  TA0_0_IRQHandler                   
000008bf  TA0_N_IRQHandler                   
000008bf  TA1_0_IRQHandler                   
000008bf  TA1_N_IRQHandler                   
000008bf  TA2_0_IRQHandler                   
000008bf  TA2_N_IRQHandler                   
000008bf  TA3_0_IRQHandler                   
000008bf  TA3_N_IRQHandler                   
000008bf  UsageFault_Handler                 
4000480c  WDTCTL_SYM                         
000008bf  WDT_A_IRQHandler                   
00000567  _ZN14Lab1_utilities12TIMER32_CONFEj
000004f7  _ZN14Lab1_utilities8ADC_CONFEv     
000004c3  _ZN14Lab1_utilities8START_UPEjPt   
000004b7  _ZN14Lab1_utilitiesC1Ev            
000004b7  _ZN14Lab1_utilitiesC2Ev            
20010000  __STACK_END                        
00000200  __STACK_SIZE                       
000008f0  __TI_CINIT_Base                    
000008f8  __TI_CINIT_Limit                   
000008e8  __TI_Handler_Table_Base            
000008f0  __TI_Handler_Table_Limit           
0000064d  __TI_auto_init                     
20000000  __TI_cleanup_ptr                   
000006bd  __TI_decompress_lzss               
000008a5  __TI_decompress_none               
20000004  __TI_dtors_ptr                     
20000008  __TI_enable_exit_profile_output    
ffffffff  __TI_pprof_out_hndl                
ffffffff  __TI_prof_data_size                
ffffffff  __TI_prof_data_start               
00000000  __TI_static_base__                 
000005b1  __aeabi_memcpy                     
000005b1  __aeabi_memcpy4                    
000005b1  __aeabi_memcpy8                    
ffffffff  __binit__                          
ffffffff  __c_args__                         
000008c5  __mpu_init                         
2000fe00  __stack                            
00000879  _args_main                         
00000785  _c_int00                           
20000018  _lock                              
0000089f  _nop                               
00000897  _register_lock                     
00000891  _register_unlock                   
000008c7  _system_post_cinit                 
000008c1  _system_pre_init                   
2000001c  _unlock                            
000007dd  abort                              
ffffffff  binit                              
0000082d  copy_in                            
000007e5  exit                               
2000000c  g_16iBlinkCount                    
20000014  g_bInitialState                    
00000000  interruptVectors                   
00000725  main                               
20000020  main_func_sp                       
000005b1  memcpy                             
20000010  p_16iBlinkCount                    


GLOBAL SYMBOLS: SORTED BY Symbol Address 

address   name                               
-------   ----                               
00000000  __TI_static_base__                 
00000000  interruptVectors                   
000000e5  SystemCoreClockUpdate              
00000200  __STACK_SIZE                       
0000035d  SystemInit                         
000004b7  _ZN14Lab1_utilitiesC1Ev            
000004b7  _ZN14Lab1_utilitiesC2Ev            
000004c3  _ZN14Lab1_utilities8START_UPEjPt   
000004f7  _ZN14Lab1_utilities8ADC_CONFEv     
00000567  _ZN14Lab1_utilities12TIMER32_CONFEj
000005b1  __aeabi_memcpy                     
000005b1  __aeabi_memcpy4                    
000005b1  __aeabi_memcpy8                    
000005b1  memcpy                             
0000064d  __TI_auto_init                     
000006bd  __TI_decompress_lzss               
00000725  main                               
00000747  T32_INT2_IRQHandler                
00000747  T32_INT2_IRQHandler                
00000785  _c_int00                           
000007d9  C$$EXIT                            
000007dd  abort                              
000007e5  exit                               
0000082d  copy_in                            
00000879  _args_main                         
00000891  _register_unlock                   
00000897  _register_lock                     
0000089f  _nop                               
000008a5  __TI_decompress_none               
000008b3  Reset_Handler                      
000008bf  ADC14_IRQHandler                   
000008bf  AES256_IRQHandler                  
000008bf  BusFault_Handler                   
000008bf  COMP_E0_IRQHandler                 
000008bf  COMP_E1_IRQHandler                 
000008bf  CS_IRQHandler                      
000008bf  DMA_ERR_IRQHandler                 
000008bf  DMA_INT0_IRQHandler                
000008bf  DMA_INT1_IRQHandler                
000008bf  DMA_INT2_IRQHandler                
000008bf  DMA_INT3_IRQHandler                
000008bf  DebugMon_Handler                   
000008bf  Default_Handler                    
000008bf  EUSCIA0_IRQHandler                 
000008bf  EUSCIA1_IRQHandler                 
000008bf  EUSCIA2_IRQHandler                 
000008bf  EUSCIA3_IRQHandler                 
000008bf  EUSCIB0_IRQHandler                 
000008bf  EUSCIB1_IRQHandler                 
000008bf  EUSCIB2_IRQHandler                 
000008bf  EUSCIB3_IRQHandler                 
000008bf  FLCTL_IRQHandler                   
000008bf  FPU_IRQHandler                     
000008bf  HardFault_Handler                  
000008bf  MemManage_Handler                  
000008bf  NMI_Handler                        
000008bf  PCM_IRQHandler                     
000008bf  PORT1_IRQHandler                   
000008bf  PORT2_IRQHandler                   
000008bf  PORT3_IRQHandler                   
000008bf  PORT4_IRQHandler                   
000008bf  PORT5_IRQHandler                   
000008bf  PORT6_IRQHandler                   
000008bf  PSS_IRQHandler                     
000008bf  PendSV_Handler                     
000008bf  RTC_C_IRQHandler                   
000008bf  SVC_Handler                        
000008bf  SysTick_Handler                    
000008bf  T32_INT1_IRQHandler                
000008bf  T32_INTC_IRQHandler                
000008bf  TA0_0_IRQHandler                   
000008bf  TA0_N_IRQHandler                   
000008bf  TA1_0_IRQHandler                   
000008bf  TA1_N_IRQHandler                   
000008bf  TA2_0_IRQHandler                   
000008bf  TA2_N_IRQHandler                   
000008bf  TA3_0_IRQHandler                   
000008bf  TA3_N_IRQHandler                   
000008bf  UsageFault_Handler                 
000008bf  WDT_A_IRQHandler                   
000008c1  _system_pre_init                   
000008c5  __mpu_init                         
000008c7  _system_post_cinit                 
000008e8  __TI_Handler_Table_Base            
000008f0  __TI_CINIT_Base                    
000008f0  __TI_Handler_Table_Limit           
000008f8  __TI_CINIT_Limit                   
20000000  __TI_cleanup_ptr                   
20000004  __TI_dtors_ptr                     
20000008  __TI_enable_exit_profile_output    
2000000c  g_16iBlinkCount                    
20000010  p_16iBlinkCount                    
20000014  g_bInitialState                    
20000018  _lock                              
2000001c  _unlock                            
20000020  main_func_sp                       
20000024  SystemCoreClock                    
2000fe00  __stack                            
20010000  __STACK_END                        
4000480c  WDTCTL_SYM                         
ffffffff  __TI_pprof_out_hndl                
ffffffff  __TI_prof_data_size                
ffffffff  __TI_prof_data_start               
ffffffff  __binit__                          
ffffffff  __c_args__                         
ffffffff  binit                              
UNDEFED   SHT$$INIT_ARRAY$$Base              
UNDEFED   SHT$$INIT_ARRAY$$Limit             

[108 symbols]
