******************************************************************************
                  TI ARM Linker Unix v18.1.1                   
******************************************************************************
>> Linked Sun Jun  3 14:24:16 2018

OUTPUT FILE NAME:   <IE119-Lab2v0.1.out>
ENTRY POINT SYMBOL: "_c_int00_noargs"  address: 000012a9


MEMORY CONFIGURATION

         name            origin    length      used     unused   attr    fill
----------------------  --------  ---------  --------  --------  ----  --------
  MAIN                  00000000   00040000  00001839  0003e7c7  R  X
  INFO                  00200000   00004000  00000000  00004000  R  X
  SRAM_CODE             01000000   00010000  00004616  0000b9ea  RW X
  SRAM_DATA             20000000   00010000  00004616  0000b9ea  RW  


SEGMENT ALLOCATION MAP

run origin  load origin   length   init length attrs members
----------  ----------- ---------- ----------- ----- -------
00000000    00000000    00001840   00001840    r-x
  00000000    00000000    000000e4   000000e4    r-- .intvecs
  000000e4    000000e4    000015be   000015be    r-x .text
  000016a4    000016a4    0000014b   0000014b    r-- .const
  000017f0    000017f0    00000004   00000004    r-- .init_array
  000017f8    000017f8    00000048   00000048    r-- .cinit
20000000    20000000    0000441c   00000000    rw-
  20000000    20000000    00003fea   00000000    rw- .bss
  20003ff0    20003ff0    00000400   00000000    rw- .sysmem
  200043f0    200043f0    0000002c   00000000    rw- .data
2000fe00    2000fe00    00000200   00000000    rw-
  2000fe00    2000fe00    00000200   00000000    rw- .stack


SECTION ALLOCATION MAP

 output                                  attributes/
section   page    origin      length       input sections
--------  ----  ----------  ----------   ----------------
.intvecs   0    00000000    000000e4     
                  00000000    000000e4     startup_msp432p401r_ccs.obj (.intvecs:retain)

.binit     0    00000000    00000000     

.text      0    000000e4    000015be     
                  000000e4    000001d8     Crystalfontz128x128_ST7735.obj (.text:Crystalfontz128x128_PixelDrawMultiple)
                  000002bc    00000134     Crystalfontz128x128_ST7735.obj (.text:Crystalfontz128x128_SetDrawFrame)
                  000003f0    00000134     Scheduler.obj (.text:_ZN9Scheduler3runEv)
                  00000524    0000012c     Crystalfontz128x128_ST7735.obj (.text:Crystalfontz128x128_Init)
                  00000650    0000012c     main.obj (.text:_Z5Setupv)
                  0000077c    000000d8     rtsv7M4_T_le_v4SPD16_eabi.lib : memory.c.obj (.text:free)
                  00000854    000000c4     Mailbox.obj (.text:_ZN7Mailbox12setupMailboxEh)
                  00000918    0000009c     Crystalfontz128x128_ST7735.obj (.text:Crystalfontz128x128_RectFill)
                  000009b4    0000009c     rtsv7M4_T_le_v4SPD16_eabi.lib : memcpy_t2.asm.obj (.text)
                  00000a50    0000009a     Scheduler.obj (.text:_ZN9Scheduler6attachEP4Task8TaskType10TaskActivey)
                  00000aea    00000002     startup_msp432p401r_ccs.obj (.text:Default_Handler)
                  00000aec    00000088     main.obj (.text:main)
                  00000b74    0000007c     msp432p4xx_driverlib.lib : spi_MSP432P4XX.obj (.text:SPI_initMaster)
                  00000bf0    0000007a     rtsv7M4_T_le_v4SPD16_eabi.lib : memset_t2.asm.obj (.text)
                  00000c6a    00000002                                   : stdlib_typeinfo.cpp.obj (.text:_ZNSt9type_infoD1Ev)
                  00000c6c    00000078     system_msp432p401r.obj (.text:SystemInit)
                  00000ce4    00000078     rtsv7M4_T_le_v4SPD16_eabi.lib : memory.c.obj (.text:malloc)
                  00000d5c    00000068     Scheduler.obj (.text:_ZN9Scheduler5setupEv)
                  00000dc4    00000068     rtsv7M4_T_le_v4SPD16_eabi.lib : copy_decompress_lzss.c.obj (.text:decompress:lzss:__TI_decompress_lzss)
                  00000e2c    00000060     Crystalfontz128x128_ST7735.obj (.text:Crystalfontz128x128_LineDrawH)
                  00000e8c    00000060     Crystalfontz128x128_ST7735.obj (.text:Crystalfontz128x128_LineDrawV)
                  00000eec    00000060     rtsv7M4_T_le_v4SPD16_eabi.lib : autoinit.c.obj (.text:__TI_auto_init_nobinit:__TI_auto_init_nobinit)
                  00000f4c    00000054     Crystalfontz128x128_ST7735.obj (.text:Crystalfontz128x128_SetOrientation)
                  00000fa0    00000052     grlib.a : context.obj (.text:Graphics_initContext)
                  00000ff2    00000052     Scheduler.obj (.text:_ZN9SchedulerC1Ev)
                  00001044    00000050     main.obj (.text:T32_INT1_IRQHandler)
                  00001094    0000004e     Scheduler.obj (.text:_ZN9Scheduler13NumberOfTasksEv)
                  000010e2    00000002     rtsv7M4_T_le_v4SPD16_eabi.lib : _lock.c.obj (.text:_nop)
                  000010e4    0000004c     msp432p4xx_driverlib.lib : gpio_MSP432P4XX.obj (.text:GPIO_setAsPeripheralModuleFunctionOutputPin)
                  00001130    00000048     main.obj (.text:_ZN29_INTERNAL_8_main_cpp_8ea94d1918__NVIC_SetPriorityE4IRQnj)
                  00001178    00000040     Crystalfontz128x128_ST7735.obj (.text:Crystalfontz128x128_PixelDraw)
                  000011b8    00000040     HAL_MSP_EXP432P401R_Crystalfontz128x128_ST7735.obj (.text:HAL_LCD_SpiInit)
                  000011f8    0000003c     rtsv7M4_T_le_v4SPD16_eabi.lib : memory.c.obj (.text:minsert)
                  00001234    0000003a     Mailbox.obj (.text:_ZN7MailboxC1Ev)
                  0000126e    00000002     --HOLE-- [fill = 0]
                  00001270    00000038     HAL_MSP_EXP432P401R_Crystalfontz128x128_ST7735.obj (.text:HAL_LCD_writeCommand)
                  000012a8    00000038     rtsv7M4_T_le_v4SPD16_eabi.lib : boot_cortex_m.c.obj (.text:_c_int00_noargs:_c_int00_noargs)
                  000012e0    00000038                                   : memory.c.obj (.text:minit)
                  00001318    00000034     Task.obj (.text:_ZN4TaskC1Ev)
                  0000134c    00000030     HAL_MSP_EXP432P401R_Crystalfontz128x128_ST7735.obj (.text:HAL_LCD_PortInit)
                  0000137c    00000030     main.obj (.text:_ZN29_INTERNAL_8_main_cpp_8ea94d1916__NVIC_EnableIRQE4IRQn)
                  000013ac    00000030     Mailbox.obj (.text:_ZN7Mailbox10getMailboxEv)
                  000013dc    00000030     msp432p4xx_driverlib.lib : spi_MSP432P4XX.obj (.text:is_A_Module)
                  0000140c    0000002c     Crystalfontz128x128_ST7735.obj (.text:Crystalfontz128x128_ClearScreen)
                  00001438    0000002c     HAL_MSP_EXP432P401R_Crystalfontz128x128_ST7735.obj (.text:HAL_LCD_writeData)
                  00001464    0000002c     LED.obj (.text:_ZN3LED5setupEv)
                  00001490    00000028     Crystalfontz128x128_ST7735.obj (.text:Crystalfontz128x128_ColorTranslate)
                  000014b8    00000028     rtsv7M4_T_le_v4SPD16_eabi.lib : memory.c.obj (.text:mremove)
                  000014e0    00000024     msp432p4xx_driverlib.lib : gpio_MSP432P4XX.obj (.text:GPIO_setAsOutputPin)
                  00001504    00000024     LED.obj (.text:_ZN3LEDC1Et)
                  00001528    00000022     rtsv7M4_T_le_v4SPD16_eabi.lib : new.cpp.obj (.text:_Znwj)
                  0000154a    00000002     --HOLE-- [fill = 0]
                  0000154c    0000001c     LED.obj (.text:_ZN3LED3runEv)
                  00001568    0000001c     main.obj (.text:__sti___8_main_cpp_8ea94d19)
                  00001584    0000001a     grlib.a : context.obj (.text:Graphics_setBackgroundColor)
                  0000159e    0000001a     msp432p4xx_driverlib.lib : spi_MSP432P4XX.obj (.text:SPI_enableModule)
                  000015b8    00000018                              : gpio_MSP432P4XX.obj (.text:GPIO_setOutputLowOnPin)
                  000015d0    00000016     grlib.a : display.obj (.text:Graphics_translateColorOnDisplay)
                  000015e6    00000002     --HOLE-- [fill = 0]
                  000015e8    00000014     msp432p4xx_driverlib.lib : gpio_MSP432P4XX.obj (.text:GPIO_setOutputHighOnPin)
                  000015fc    0000000e     rtsv7M4_T_le_v4SPD16_eabi.lib : typeinfo.c.obj (.text:_ZN10__cxxabiv117__class_type_infoD0Ev)
                  0000160a    0000000e                                   : typeinfo.c.obj (.text:_ZN10__cxxabiv120__si_class_type_infoD0Ev)
                  00001618    0000000e                                   : copy_decompress_none.c.obj (.text:decompress:none:__TI_decompress_none)
                  00001626    0000000c     msp432p4xx_driverlib.lib : spi_MSP432P4XX.obj (.text:EUSCI_A_SPI_enable)
                  00001632    0000000c                              : spi_MSP432P4XX.obj (.text:EUSCI_B_SPI_enable)
                  0000163e    0000000c     startup_msp432p401r_ccs.obj (.text:Reset_Handler)
                  0000164a    0000000c     Task.obj (.text:_ZN4Task3runEv)
                  00001656    0000000c     Task.obj (.text:_ZN4Task5setupEv)
                  00001662    00000002     --HOLE-- [fill = 0]
                  00001664    0000000c     rtsv7M4_T_le_v4SPD16_eabi.lib : new.cpp.obj (.text:_ZSt15get_new_handlerv)
                  00001670    0000000c                                   : copy_zero_init.c.obj (.text:decompress:ZI:__TI_zero_init)
                  0000167c    0000000a     Crystalfontz128x128_ST7735.obj (.text:Crystalfontz128x128_Flush)
                  00001686    00000008     rtsv7M4_T_le_v4SPD16_eabi.lib : new.cpp.obj (.text:_ZdlPv)
                  0000168e    00000004                                   : typeinfo.c.obj (.text:_ZN10__cxxabiv117__class_type_infoD1Ev)
                  00001692    00000004                                   : typeinfo.c.obj (.text:_ZN10__cxxabiv120__si_class_type_infoD1Ev)
                  00001696    00000004                                   : new.cpp.obj (.text:_ZdlPvj)
                  0000169a    00000004                                   : pre_init.c.obj (.text:_system_pre_init)
                  0000169e    00000004                                   : exit.c.obj (.text:abort:abort)

.const     0    000016a4    0000014b     
                  000016a4    00000030     msp432p4xx_driverlib.lib : gpio_MSP432P4XX.obj (.const:GPIO_PORT_TO_BASE)
                  000016d4    00000025     rtsv7M4_T_le_v4SPD16_eabi.lib : typeinfo.c.obj (.const:.typeinfo:_ZTSN10__cxxabiv120__si_class_type_infoE)
                  000016f9    00000022                                   : typeinfo.c.obj (.const:.typeinfo:_ZTSN10__cxxabiv117__class_type_infoE)
                  0000171b    00000001     --HOLE-- [fill = 0]
                  0000171c    00000020     Crystalfontz128x128_ST7735.obj (.const:g_sCrystalfontz128x128_funcs)
                  0000173c    0000001c     HAL_MSP_EXP432P401R_Crystalfontz128x128_ST7735.obj (.const:$P$T0$1)
                  00001758    00000010     LED.obj (.const:_ZTV3LED)
                  00001768    00000010     Task.obj (.const:_ZTV4Task)
                  00001778    00000010     rtsv7M4_T_le_v4SPD16_eabi.lib : typeinfo.c.obj (.const:_ZTVN10__cxxabiv117__class_type_infoE)
                  00001788    00000010                                   : typeinfo.c.obj (.const:_ZTVN10__cxxabiv120__si_class_type_infoE)
                  00001798    0000000d                                   : stdlib_typeinfo.cpp.obj (.const:.typeinfo:_ZTSSt9type_info)
                  000017a5    00000003     --HOLE-- [fill = 0]
                  000017a8    0000000c     LED.obj (.const:.typeinfo:_ZTI3LED)
                  000017b4    0000000c     rtsv7M4_T_le_v4SPD16_eabi.lib : typeinfo.c.obj (.const:.typeinfo:_ZTIN10__cxxabiv117__class_type_infoE)
                  000017c0    0000000c                                   : typeinfo.c.obj (.const:.typeinfo:_ZTIN10__cxxabiv120__si_class_type_infoE)
                  000017cc    00000008     Crystalfontz128x128_ST7735.obj (.const:$P$T0$1)
                  000017d4    00000008     Task.obj (.const:.typeinfo:_ZTI4Task)
                  000017dc    00000008     rtsv7M4_T_le_v4SPD16_eabi.lib : stdlib_typeinfo.cpp.obj (.const:.typeinfo:_ZTISt9type_info)
                  000017e4    00000006     Task.obj (.const:.typeinfo:_ZTS4Task)
                  000017ea    00000005     LED.obj (.const:.typeinfo:_ZTS3LED)

.cinit     0    000017f8    00000048     
                  000017f8    00000021     (.cinit..data.load) [load image, compression = lzss]
                  00001819    00000003     --HOLE-- [fill = 0]
                  0000181c    0000000c     (__TI_handler_table)
                  00001828    00000008     (.cinit..bss.load) [load image, compression = zero_init]
                  00001830    00000010     (__TI_cinit_table)

.init_array 
*          0    000017f0    00000004     
                  000017f0    00000004     main.obj (.init_array)

.bss       0    20000000    00003fea     UNINITIALIZED
                  20000000    00003fd8     main.obj (.bss:g_MainScheduler)
                  20003fd8    00000004     main.obj (.bss)
                  20003fdc    00000004     rtsv7M4_T_le_v4SPD16_eabi.lib : new.cpp.obj (.bss)
                  20003fe0    00000002     (.common:Lcd_ScreenHeigth)
                  20003fe2    00000002     (.common:Lcd_ScreenWidth)
                  20003fe4    00000002     (.common:Lcd_TouchTrim)
                  20003fe6    00000001     (.common:Lcd_FlagRead)
                  20003fe7    00000001     (.common:Lcd_FontSolid)
                  20003fe8    00000001     (.common:Lcd_Orientation)
                  20003fe9    00000001     (.common:Lcd_PenSolid)

.sysmem    0    20003ff0    00000400     UNINITIALIZED
                  20003ff0    00000008     rtsv7M4_T_le_v4SPD16_eabi.lib : memory.c.obj (.sysmem)
                  20003ff8    000003f8     --HOLE--

.data      0    200043f0    0000002c     UNINITIALIZED
                  200043f0    00000011     main.obj (.data)
                  20004401    00000003     --HOLE--
                  20004404    0000000c     rtsv7M4_T_le_v4SPD16_eabi.lib : memory.c.obj (.data:$O1$$)
                  20004410    00000008                                   : _lock.c.obj (.data:$O1$$)
                  20004418    00000004     Mailbox.obj (.data)

.stack     0    2000fe00    00000200     UNINITIALIZED
                  2000fe00    00000004     rtsv7M4_T_le_v4SPD16_eabi.lib : boot_cortex_m.c.obj (.stack)
                  2000fe04    000001fc     --HOLE--

MODULE SUMMARY

       Module                                               code   ro data   rw data
       ------                                               ----   -------   -------
    ./
       main.obj                                             664    4         32730  
       Scheduler.obj                                        726    0         0      
       Mailbox.obj                                          302    0         8      
       system_msp432p401r.obj                               120    0         0      
       Task.obj                                             76     30        0      
    +--+----------------------------------------------------+------+---------+---------+
       Total:                                               1888   34        32738  
                                                                                    
    ./LcdDriver/
       Crystalfontz128x128_ST7735.obj                       1670   40        20     
       HAL_MSP_EXP432P401R_Crystalfontz128x128_ST7735.obj   212    28        0      
    +--+----------------------------------------------------+------+---------+---------+
       Total:                                               1882   68        20     
                                                                                    
    ./Tasks/
       LED.obj                                              108    33        0      
    +--+----------------------------------------------------+------+---------+---------+
       Total:                                               108    33        0      
                                                                                    
    ./ccs/
       startup_msp432p401r_ccs.obj                          14     228       0      
    +--+----------------------------------------------------+------+---------+---------+
       Total:                                               14     228       0      
                                                                                    
    /home/esteban/ti/ccsv7/tools/compiler/ti-cgt-arm_18.1.1.LTS/lib/rtsv7M4_T_le_v4SPD16_eabi.lib
       memory.c.obj                                         492    0         24     
       typeinfo.c.obj                                       36     127       0      
       memcpy_t2.asm.obj                                    156    0         0      
       memset_t2.asm.obj                                    122    0         0      
       copy_decompress_lzss.c.obj                           104    0         0      
       autoinit.c.obj                                       96     0         0      
       new.cpp.obj                                          58     0         8      
       boot_cortex_m.c.obj                                  56     0         0      
       stdlib_typeinfo.cpp.obj                              2      21        0      
       _lock.c.obj                                          2      0         16     
       copy_decompress_none.c.obj                           14     0         0      
       copy_zero_init.c.obj                                 12     0         0      
       exit.c.obj                                           4      0         0      
       pre_init.c.obj                                       4      0         0      
    +--+----------------------------------------------------+------+---------+---------+
       Total:                                               1158   148       48     
                                                                                    
    /home/esteban/ti/simplelink_msp432p4_sdk_2_10_00_14/source/ti/devices/msp432p4xx/driverlib/ccs/msp432p4xx_driverlib.lib
       spi_MSP432P4XX.obj                                   222    0         0      
       gpio_MSP432P4XX.obj                                  156    48        0      
    +--+----------------------------------------------------+------+---------+---------+
       Total:                                               378    48        0      
                                                                                    
    /home/esteban/ti/simplelink_msp432p4_sdk_2_10_00_14/source/ti/grlib/lib/ccs/m4f/grlib.a
       context.obj                                          108    0         0      
       display.obj                                          22     0         0      
    +--+----------------------------------------------------+------+---------+---------+
       Total:                                               130    0         0      
                                                                                    
       Heap:                                                0      0         2048   
       Stack:                                               0      0         1024   
       Linker Generated:                                    0      69        0      
    +--+----------------------------------------------------+------+---------+---------+
       Grand Total:                                         5558   628       35878  


LINKER GENERATED COPY TABLES

__TI_cinit_table @ 00001830 records: 2, size/record: 8, table size: 16
	.data: load addr=000017f8, load size=00000021 bytes, run addr=200043f0, run size=0000002c bytes, compression=lzss
	.bss: load addr=00001828, load size=00000008 bytes, run addr=20000000, run size=00003fea bytes, compression=zero_init


LINKER GENERATED HANDLER TABLE

__TI_handler_table @ 0000181c records: 3, size/record: 4, table size: 12
	index: 0, handler: __TI_decompress_lzss
	index: 1, handler: __TI_decompress_none
	index: 2, handler: __TI_zero_init


GLOBAL SYMBOLS: SORTED ALPHABETICALLY BY Name 

address   name                                             
-------   ----                                             
00000aeb  ADC14_IRQHandler                                 
00000aeb  AES256_IRQHandler                                
00000aeb  BusFault_Handler                                 
0000169f  C$$EXIT                                          
00000aeb  COMP_E0_IRQHandler                               
00000aeb  COMP_E1_IRQHandler                               
00000aeb  CS_IRQHandler                                    
00000525  Crystalfontz128x128_Init                         
00000e2d  Crystalfontz128x128_LineDrawH                    
00000919  Crystalfontz128x128_RectFill                     
000002bd  Crystalfontz128x128_SetDrawFrame                 
00000f4d  Crystalfontz128x128_SetOrientation               
00000aeb  DMA_ERR_IRQHandler                               
00000aeb  DMA_INT0_IRQHandler                              
00000aeb  DMA_INT1_IRQHandler                              
00000aeb  DMA_INT2_IRQHandler                              
00000aeb  DMA_INT3_IRQHandler                              
00000aeb  DebugMon_Handler                                 
00000aeb  Default_Handler                                  
00000aeb  EUSCIA0_IRQHandler                               
00000aeb  EUSCIA1_IRQHandler                               
00000aeb  EUSCIA2_IRQHandler                               
00000aeb  EUSCIA3_IRQHandler                               
00000aeb  EUSCIB0_IRQHandler                               
00000aeb  EUSCIB1_IRQHandler                               
00000aeb  EUSCIB2_IRQHandler                               
00000aeb  EUSCIB3_IRQHandler                               
00001627  EUSCI_A_SPI_enable                               
00001633  EUSCI_B_SPI_enable                               
00000aeb  FLCTL_IRQHandler                                 
00000aeb  FPU_IRQHandler                                   
000014e1  GPIO_setAsOutputPin                              
000010e5  GPIO_setAsPeripheralModuleFunctionOutputPin      
000015e9  GPIO_setOutputHighOnPin                          
000015b9  GPIO_setOutputLowOnPin                           
00000fa1  Graphics_initContext                             
00001585  Graphics_setBackgroundColor                      
000015d1  Graphics_translateColorOnDisplay                 
0000134d  HAL_LCD_PortInit                                 
000011b9  HAL_LCD_SpiInit                                  
00001271  HAL_LCD_writeCommand                             
00001439  HAL_LCD_writeData                                
00000aeb  HardFault_Handler                                
20003fe6  Lcd_FlagRead                                     
20003fe7  Lcd_FontSolid                                    
20003fe8  Lcd_Orientation                                  
20003fe9  Lcd_PenSolid                                     
20003fe0  Lcd_ScreenHeigth                                 
20003fe2  Lcd_ScreenWidth                                  
20003fe4  Lcd_TouchTrim                                    
00000aeb  MemManage_Handler                                
00000aeb  NMI_Handler                                      
00000aeb  PCM_IRQHandler                                   
00000aeb  PORT1_IRQHandler                                 
00000aeb  PORT2_IRQHandler                                 
00000aeb  PORT3_IRQHandler                                 
00000aeb  PORT4_IRQHandler                                 
00000aeb  PORT5_IRQHandler                                 
00000aeb  PORT6_IRQHandler                                 
00000aeb  PSS_IRQHandler                                   
00000aeb  PendSV_Handler                                   
00000aeb  RTC_C_IRQHandler                                 
0000163f  Reset_Handler                                    
000017f0  SHT$$INIT_ARRAY$$Base                            
000017f4  SHT$$INIT_ARRAY$$Limit                           
0000159f  SPI_enableModule                                 
00000b75  SPI_initMaster                                   
00000aeb  SVC_Handler                                      
00000aeb  SysTick_Handler                                  
00000c6d  SystemInit                                       
00001045  T32_INT1_IRQHandler                              
00001045  T32_INT1_IRQHandler                              
00000aeb  T32_INT2_IRQHandler                              
00000aeb  T32_INTC_IRQHandler                              
00000aeb  TA0_0_IRQHandler                                 
00000aeb  TA0_N_IRQHandler                                 
00000aeb  TA1_0_IRQHandler                                 
00000aeb  TA1_N_IRQHandler                                 
00000aeb  TA2_0_IRQHandler                                 
00000aeb  TA2_N_IRQHandler                                 
00000aeb  TA3_0_IRQHandler                                 
00000aeb  TA3_N_IRQHandler                                 
00000aeb  UsageFault_Handler                               
4000480c  WDTCTL_SYM                                       
00000aeb  WDT_A_IRQHandler                                 
00000651  _Z5Setupv                                        
000015fd  _ZN10__cxxabiv117__class_type_infoD0Ev           
0000168f  _ZN10__cxxabiv117__class_type_infoD1Ev           
0000168f  _ZN10__cxxabiv117__class_type_infoD2Ev           
0000160b  _ZN10__cxxabiv120__si_class_type_infoD0Ev        
00001693  _ZN10__cxxabiv120__si_class_type_infoD1Ev        
00001693  _ZN10__cxxabiv120__si_class_type_infoD2Ev        
0000154d  _ZN3LED3runEv                                    
00001465  _ZN3LED5setupEv                                  
00001505  _ZN3LEDC1Et                                      
00001505  _ZN3LEDC2Et                                      
20004400  _ZN4Task14m_u8NextTaskIDE                        
0000164b  _ZN4Task3runEv                                   
00001657  _ZN4Task5setupEv                                 
00001319  _ZN4TaskC1Ev                                     
00001319  _ZN4TaskC2Ev                                     
000013ad  _ZN7Mailbox10getMailboxEv                        
00000855  _ZN7Mailbox12setupMailboxEh                      
20004418  _ZN7Mailbox7MailObjE                             
00001235  _ZN7MailboxC1Ev                                  
00001235  _ZN7MailboxC2Ev                                  
00001095  _ZN9Scheduler13NumberOfTasksEv                   
000003f1  _ZN9Scheduler3runEv                              
00000d5d  _ZN9Scheduler5setupEv                            
00000a51  _ZN9Scheduler6attachEP4Task8TaskType10TaskActivey
00000ff3  _ZN9SchedulerC1Ev                                
00000ff3  _ZN9SchedulerC2Ev                                
00000c6b  _ZNSt9type_infoD1Ev                              
00000c6b  _ZNSt9type_infoD2Ev                              
00001665  _ZSt15get_new_handlerv                           
0000169f  _ZSt17__throw_bad_allocv                         
000017a8  _ZTI3LED                                         
000017d4  _ZTI4Task                                        
000017b4  _ZTIN10__cxxabiv117__class_type_infoE            
000017c0  _ZTIN10__cxxabiv120__si_class_type_infoE         
000017dc  _ZTISt9type_info                                 
000017ea  _ZTS3LED                                         
000017e4  _ZTS4Task                                        
000016f9  _ZTSN10__cxxabiv117__class_type_infoE            
000016d4  _ZTSN10__cxxabiv120__si_class_type_infoE         
00001798  _ZTSSt9type_info                                 
00001758  _ZTV3LED                                         
00001768  _ZTV4Task                                        
00001778  _ZTVN10__cxxabiv117__class_type_infoE            
00001788  _ZTVN10__cxxabiv120__si_class_type_infoE         
00001687  _ZdlPv                                           
00001697  _ZdlPvj                                          
00001529  _Znwj                                            
20010000  __STACK_END                                      
00000200  __STACK_SIZE                                     
00000400  __SYSMEM_SIZE                                    
00001830  __TI_CINIT_Base                                  
00001840  __TI_CINIT_Limit                                 
0000181c  __TI_Handler_Table_Base                          
00001828  __TI_Handler_Table_Limit                         
00000eed  __TI_auto_init_nobinit                           
00000dc5  __TI_decompress_lzss                             
00001619  __TI_decompress_none                             
ffffffff  __TI_pprof_out_hndl                              
ffffffff  __TI_prof_data_size                              
ffffffff  __TI_prof_data_start                             
00000000  __TI_static_base__                               
00001671  __TI_zero_init                                   
00000bf1  __aeabi_memclr                                   
00000bf1  __aeabi_memclr4                                  
00000bf1  __aeabi_memclr8                                  
000009b5  __aeabi_memcpy                                   
000009b5  __aeabi_memcpy4                                  
000009b5  __aeabi_memcpy8                                  
00000bf3  __aeabi_memset                                   
00000bf3  __aeabi_memset4                                  
00000bf3  __aeabi_memset8                                  
ffffffff  __binit__                                        
ffffffff  __c_args__                                       
UNDEFED   __mpu_init                                       
2000fe00  __stack                                          
00001569  __sti___8_main_cpp_8ea94d19                      
000012a9  _c_int00_noargs                                  
20004410  _lock                                            
000010e3  _nop                                             
20003ff0  _sys_memory                                      
UNDEFED   _system_post_cinit                               
0000169b  _system_pre_init                                 
20004414  _unlock                                          
0000169f  abort                                            
ffffffff  binit                                            
0000077d  free                                             
20003fd8  g_Mailbox                                        
20000000  g_MainScheduler                                  
200043f0  g_iHeartBeatCount                                
0000171c  g_sCrystalfontz128x128_funcs                     
00000000  interruptVectors                                 
00000aed  main                                             
00000ce5  malloc                                           
000009b5  memcpy                                           
00000bf9  memset                                           
000012e1  minit                                            


GLOBAL SYMBOLS: SORTED BY Symbol Address 

address   name                                             
-------   ----                                             
00000000  __TI_static_base__                               
00000000  interruptVectors                                 
00000200  __STACK_SIZE                                     
000002bd  Crystalfontz128x128_SetDrawFrame                 
000003f1  _ZN9Scheduler3runEv                              
00000400  __SYSMEM_SIZE                                    
00000525  Crystalfontz128x128_Init                         
00000651  _Z5Setupv                                        
0000077d  free                                             
00000855  _ZN7Mailbox12setupMailboxEh                      
00000919  Crystalfontz128x128_RectFill                     
000009b5  __aeabi_memcpy                                   
000009b5  __aeabi_memcpy4                                  
000009b5  __aeabi_memcpy8                                  
000009b5  memcpy                                           
00000a51  _ZN9Scheduler6attachEP4Task8TaskType10TaskActivey
00000aeb  ADC14_IRQHandler                                 
00000aeb  AES256_IRQHandler                                
00000aeb  BusFault_Handler                                 
00000aeb  COMP_E0_IRQHandler                               
00000aeb  COMP_E1_IRQHandler                               
00000aeb  CS_IRQHandler                                    
00000aeb  DMA_ERR_IRQHandler                               
00000aeb  DMA_INT0_IRQHandler                              
00000aeb  DMA_INT1_IRQHandler                              
00000aeb  DMA_INT2_IRQHandler                              
00000aeb  DMA_INT3_IRQHandler                              
00000aeb  DebugMon_Handler                                 
00000aeb  Default_Handler                                  
00000aeb  EUSCIA0_IRQHandler                               
00000aeb  EUSCIA1_IRQHandler                               
00000aeb  EUSCIA2_IRQHandler                               
00000aeb  EUSCIA3_IRQHandler                               
00000aeb  EUSCIB0_IRQHandler                               
00000aeb  EUSCIB1_IRQHandler                               
00000aeb  EUSCIB2_IRQHandler                               
00000aeb  EUSCIB3_IRQHandler                               
00000aeb  FLCTL_IRQHandler                                 
00000aeb  FPU_IRQHandler                                   
00000aeb  HardFault_Handler                                
00000aeb  MemManage_Handler                                
00000aeb  NMI_Handler                                      
00000aeb  PCM_IRQHandler                                   
00000aeb  PORT1_IRQHandler                                 
00000aeb  PORT2_IRQHandler                                 
00000aeb  PORT3_IRQHandler                                 
00000aeb  PORT4_IRQHandler                                 
00000aeb  PORT5_IRQHandler                                 
00000aeb  PORT6_IRQHandler                                 
00000aeb  PSS_IRQHandler                                   
00000aeb  PendSV_Handler                                   
00000aeb  RTC_C_IRQHandler                                 
00000aeb  SVC_Handler                                      
00000aeb  SysTick_Handler                                  
00000aeb  T32_INT2_IRQHandler                              
00000aeb  T32_INTC_IRQHandler                              
00000aeb  TA0_0_IRQHandler                                 
00000aeb  TA0_N_IRQHandler                                 
00000aeb  TA1_0_IRQHandler                                 
00000aeb  TA1_N_IRQHandler                                 
00000aeb  TA2_0_IRQHandler                                 
00000aeb  TA2_N_IRQHandler                                 
00000aeb  TA3_0_IRQHandler                                 
00000aeb  TA3_N_IRQHandler                                 
00000aeb  UsageFault_Handler                               
00000aeb  WDT_A_IRQHandler                                 
00000aed  main                                             
00000b75  SPI_initMaster                                   
00000bf1  __aeabi_memclr                                   
00000bf1  __aeabi_memclr4                                  
00000bf1  __aeabi_memclr8                                  
00000bf3  __aeabi_memset                                   
00000bf3  __aeabi_memset4                                  
00000bf3  __aeabi_memset8                                  
00000bf9  memset                                           
00000c6b  _ZNSt9type_infoD1Ev                              
00000c6b  _ZNSt9type_infoD2Ev                              
00000c6d  SystemInit                                       
00000ce5  malloc                                           
00000d5d  _ZN9Scheduler5setupEv                            
00000dc5  __TI_decompress_lzss                             
00000e2d  Crystalfontz128x128_LineDrawH                    
00000eed  __TI_auto_init_nobinit                           
00000f4d  Crystalfontz128x128_SetOrientation               
00000fa1  Graphics_initContext                             
00000ff3  _ZN9SchedulerC1Ev                                
00000ff3  _ZN9SchedulerC2Ev                                
00001045  T32_INT1_IRQHandler                              
00001045  T32_INT1_IRQHandler                              
00001095  _ZN9Scheduler13NumberOfTasksEv                   
000010e3  _nop                                             
000010e5  GPIO_setAsPeripheralModuleFunctionOutputPin      
000011b9  HAL_LCD_SpiInit                                  
00001235  _ZN7MailboxC1Ev                                  
00001235  _ZN7MailboxC2Ev                                  
00001271  HAL_LCD_writeCommand                             
000012a9  _c_int00_noargs                                  
000012e1  minit                                            
00001319  _ZN4TaskC1Ev                                     
00001319  _ZN4TaskC2Ev                                     
0000134d  HAL_LCD_PortInit                                 
000013ad  _ZN7Mailbox10getMailboxEv                        
00001439  HAL_LCD_writeData                                
00001465  _ZN3LED5setupEv                                  
000014e1  GPIO_setAsOutputPin                              
00001505  _ZN3LEDC1Et                                      
00001505  _ZN3LEDC2Et                                      
00001529  _Znwj                                            
0000154d  _ZN3LED3runEv                                    
00001569  __sti___8_main_cpp_8ea94d19                      
00001585  Graphics_setBackgroundColor                      
0000159f  SPI_enableModule                                 
000015b9  GPIO_setOutputLowOnPin                           
000015d1  Graphics_translateColorOnDisplay                 
000015e9  GPIO_setOutputHighOnPin                          
000015fd  _ZN10__cxxabiv117__class_type_infoD0Ev           
0000160b  _ZN10__cxxabiv120__si_class_type_infoD0Ev        
00001619  __TI_decompress_none                             
00001627  EUSCI_A_SPI_enable                               
00001633  EUSCI_B_SPI_enable                               
0000163f  Reset_Handler                                    
0000164b  _ZN4Task3runEv                                   
00001657  _ZN4Task5setupEv                                 
00001665  _ZSt15get_new_handlerv                           
00001671  __TI_zero_init                                   
00001687  _ZdlPv                                           
0000168f  _ZN10__cxxabiv117__class_type_infoD1Ev           
0000168f  _ZN10__cxxabiv117__class_type_infoD2Ev           
00001693  _ZN10__cxxabiv120__si_class_type_infoD1Ev        
00001693  _ZN10__cxxabiv120__si_class_type_infoD2Ev        
00001697  _ZdlPvj                                          
0000169b  _system_pre_init                                 
0000169f  C$$EXIT                                          
0000169f  _ZSt17__throw_bad_allocv                         
0000169f  abort                                            
000016d4  _ZTSN10__cxxabiv120__si_class_type_infoE         
000016f9  _ZTSN10__cxxabiv117__class_type_infoE            
0000171c  g_sCrystalfontz128x128_funcs                     
00001758  _ZTV3LED                                         
00001768  _ZTV4Task                                        
00001778  _ZTVN10__cxxabiv117__class_type_infoE            
00001788  _ZTVN10__cxxabiv120__si_class_type_infoE         
00001798  _ZTSSt9type_info                                 
000017a8  _ZTI3LED                                         
000017b4  _ZTIN10__cxxabiv117__class_type_infoE            
000017c0  _ZTIN10__cxxabiv120__si_class_type_infoE         
000017d4  _ZTI4Task                                        
000017dc  _ZTISt9type_info                                 
000017e4  _ZTS4Task                                        
000017ea  _ZTS3LED                                         
000017f0  SHT$$INIT_ARRAY$$Base                            
000017f4  SHT$$INIT_ARRAY$$Limit                           
0000181c  __TI_Handler_Table_Base                          
00001828  __TI_Handler_Table_Limit                         
00001830  __TI_CINIT_Base                                  
00001840  __TI_CINIT_Limit                                 
20000000  g_MainScheduler                                  
20003fd8  g_Mailbox                                        
20003fe0  Lcd_ScreenHeigth                                 
20003fe2  Lcd_ScreenWidth                                  
20003fe4  Lcd_TouchTrim                                    
20003fe6  Lcd_FlagRead                                     
20003fe7  Lcd_FontSolid                                    
20003fe8  Lcd_Orientation                                  
20003fe9  Lcd_PenSolid                                     
20003ff0  _sys_memory                                      
200043f0  g_iHeartBeatCount                                
20004400  _ZN4Task14m_u8NextTaskIDE                        
20004410  _lock                                            
20004414  _unlock                                          
20004418  _ZN7Mailbox7MailObjE                             
2000fe00  __stack                                          
20010000  __STACK_END                                      
4000480c  WDTCTL_SYM                                       
ffffffff  __TI_pprof_out_hndl                              
ffffffff  __TI_prof_data_size                              
ffffffff  __TI_prof_data_start                             
ffffffff  __binit__                                        
ffffffff  __c_args__                                       
ffffffff  binit                                            
UNDEFED   __mpu_init                                       
UNDEFED   _system_post_cinit                               

[182 symbols]
