******************************************************************************
                  TI ARM Linker Unix v18.1.1                   
******************************************************************************
>> Linked Tue Jun  5 10:55:36 2018

OUTPUT FILE NAME:   <IE119-Lab2v0.1.out>
ENTRY POINT SYMBOL: "_c_int00_noargs"  address: 00000a11


MEMORY CONFIGURATION

         name            origin    length      used     unused   attr    fill
----------------------  --------  ---------  --------  --------  ----  --------
  MAIN                  00000000   00040000  00000daf  0003f251  R  X
  INFO                  00200000   00004000  00000000  00004000  R  X
  SRAM_CODE             01000000   00010000  00004614  0000b9ec  RW X
  SRAM_DATA             20000000   00010000  00004614  0000b9ec  RW  


SEGMENT ALLOCATION MAP

run origin  load origin   length   init length attrs members
----------  ----------- ---------- ----------- ----- -------
00000000    00000000    00000db0   00000db0    r-x
  00000000    00000000    000000e4   000000e4    r-- .intvecs
  000000e4    000000e4    00000ba8   00000ba8    r-x .text
  00000c8c    00000c8c    000000d7   000000d7    r-- .const
  00000d64    00000d64    00000004   00000004    r-- .init_array
  00000d68    00000d68    00000048   00000048    r-- .cinit
20000000    20000000    00004414   00000000    rw-
  20000000    20000000    00003fe8   00000000    rw- .bss
  20003fe8    20003fe8    00000400   00000000    rw- .sysmem
  200043e8    200043e8    0000002c   00000000    rw- .data
2000fe00    2000fe00    00000200   00000000    rw-
  2000fe00    2000fe00    00000200   00000000    rw- .stack


SECTION ALLOCATION MAP

 output                                  attributes/
section   page    origin      length       input sections
--------  ----  ----------  ----------   ----------------
.intvecs   0    00000000    000000e4     
                  00000000    000000e4     startup_msp432p401r_ccs.obj (.intvecs:retain)

.binit     0    00000000    00000000     

.text      0    000000e4    00000ba8     
                  000000e4    00000134     Scheduler.obj (.text:_ZN9Scheduler3runEv)
                  00000218    000000d8     rtsv7M4_T_le_v4SPD16_eabi.lib : memory.c.obj (.text:free)
                  000002f0    000000c8     Mailbox.obj (.text:_ZN7Mailbox12setupMailboxEh)
                  000003b8    0000009c     rtsv7M4_T_le_v4SPD16_eabi.lib : memcpy_t2.asm.obj (.text)
                  00000454    0000009a     Scheduler.obj (.text:_ZN9Scheduler6attachEP4Task8TaskType10TaskActivey)
                  000004ee    00000002     startup_msp432p401r_ccs.obj (.text:Default_Handler)
                  000004f0    00000088     main.obj (.text:main)
                  00000578    0000007a     rtsv7M4_T_le_v4SPD16_eabi.lib : memset_t2.asm.obj (.text)
                  000005f2    00000002                                   : stdlib_typeinfo.cpp.obj (.text:_ZNSt9type_infoD1Ev)
                  000005f4    00000078     system_msp432p401r.obj (.text:SystemInit)
                  0000066c    00000078     rtsv7M4_T_le_v4SPD16_eabi.lib : memory.c.obj (.text:malloc)
                  000006e4    00000070     Scheduler.obj (.text:_ZN9Scheduler5setupEv)
                  00000754    00000068     rtsv7M4_T_le_v4SPD16_eabi.lib : copy_decompress_lzss.c.obj (.text:decompress:lzss:__TI_decompress_lzss)
                  000007bc    00000060                                   : autoinit.c.obj (.text:__TI_auto_init_nobinit:__TI_auto_init_nobinit)
                  0000081c    00000054     main.obj (.text:T32_INT1_IRQHandler)
                  00000870    0000004e     Scheduler.obj (.text:_ZN9Scheduler13NumberOfTasksEv)
                  000008be    0000004e     Scheduler.obj (.text:_ZN9SchedulerC1Ev)
                  0000090c    00000048     main.obj (.text:_ZN29_INTERNAL_8_main_cpp_8ea94d1918__NVIC_SetPriorityE4IRQnj)
                  00000954    00000044     main.obj (.text:_Z5Setupv)
                  00000998    0000003c     rtsv7M4_T_le_v4SPD16_eabi.lib : memory.c.obj (.text:minsert)
                  000009d4    0000003a     Mailbox.obj (.text:_ZN7MailboxC1Ev)
                  00000a0e    00000002     rtsv7M4_T_le_v4SPD16_eabi.lib : _lock.c.obj (.text:_nop)
                  00000a10    00000038                                   : boot_cortex_m.c.obj (.text:_c_int00_noargs:_c_int00_noargs)
                  00000a48    00000038                                   : memory.c.obj (.text:minit)
                  00000a80    00000034     Task.obj (.text:_ZN4TaskC1Ev)
                  00000ab4    00000030     main.obj (.text:_ZN29_INTERNAL_8_main_cpp_8ea94d1916__NVIC_EnableIRQE4IRQn)
                  00000ae4    00000030     Mailbox.obj (.text:_ZN7Mailbox10getMailboxEv)
                  00000b14    0000002c     LED.obj (.text:_ZN3LED5setupEv)
                  00000b40    00000028     rtsv7M4_T_le_v4SPD16_eabi.lib : memory.c.obj (.text:mremove)
                  00000b68    00000024     LED.obj (.text:_ZN3LEDC1Et)
                  00000b8c    00000022     rtsv7M4_T_le_v4SPD16_eabi.lib : new.cpp.obj (.text:_Znwj)
                  00000bae    00000002     --HOLE-- [fill = 0]
                  00000bb0    00000020     main.obj (.text:ADC14_IRQHandler)
                  00000bd0    0000001c     LED.obj (.text:_ZN3LED3runEv)
                  00000bec    0000001c     main.obj (.text:__sti___8_main_cpp_8ea94d19)
                  00000c08    0000000e     rtsv7M4_T_le_v4SPD16_eabi.lib : typeinfo.c.obj (.text:_ZN10__cxxabiv117__class_type_infoD0Ev)
                  00000c16    0000000e                                   : typeinfo.c.obj (.text:_ZN10__cxxabiv120__si_class_type_infoD0Ev)
                  00000c24    0000000e                                   : copy_decompress_none.c.obj (.text:decompress:none:__TI_decompress_none)
                  00000c32    0000000c     startup_msp432p401r_ccs.obj (.text:Reset_Handler)
                  00000c3e    0000000c     Task.obj (.text:_ZN4Task3runEv)
                  00000c4a    0000000c     Task.obj (.text:_ZN4Task5setupEv)
                  00000c56    00000002     --HOLE-- [fill = 0]
                  00000c58    0000000c     rtsv7M4_T_le_v4SPD16_eabi.lib : new.cpp.obj (.text:_ZSt15get_new_handlerv)
                  00000c64    0000000c                                   : copy_zero_init.c.obj (.text:decompress:ZI:__TI_zero_init)
                  00000c70    00000008                                   : new.cpp.obj (.text:_ZdlPv)
                  00000c78    00000004                                   : typeinfo.c.obj (.text:_ZN10__cxxabiv117__class_type_infoD1Ev)
                  00000c7c    00000004                                   : typeinfo.c.obj (.text:_ZN10__cxxabiv120__si_class_type_infoD1Ev)
                  00000c80    00000004                                   : new.cpp.obj (.text:_ZdlPvj)
                  00000c84    00000004                                   : pre_init.c.obj (.text:_system_pre_init)
                  00000c88    00000004                                   : exit.c.obj (.text:abort:abort)

.const     0    00000c8c    000000d7     
                  00000c8c    00000025     rtsv7M4_T_le_v4SPD16_eabi.lib : typeinfo.c.obj (.const:.typeinfo:_ZTSN10__cxxabiv120__si_class_type_infoE)
                  00000cb1    00000022                                   : typeinfo.c.obj (.const:.typeinfo:_ZTSN10__cxxabiv117__class_type_infoE)
                  00000cd3    00000001     --HOLE-- [fill = 0]
                  00000cd4    00000010     LED.obj (.const:_ZTV3LED)
                  00000ce4    00000010     Task.obj (.const:_ZTV4Task)
                  00000cf4    00000010     rtsv7M4_T_le_v4SPD16_eabi.lib : typeinfo.c.obj (.const:_ZTVN10__cxxabiv117__class_type_infoE)
                  00000d04    00000010                                   : typeinfo.c.obj (.const:_ZTVN10__cxxabiv120__si_class_type_infoE)
                  00000d14    0000000d                                   : stdlib_typeinfo.cpp.obj (.const:.typeinfo:_ZTSSt9type_info)
                  00000d21    00000003     --HOLE-- [fill = 0]
                  00000d24    0000000c     LED.obj (.const:.typeinfo:_ZTI3LED)
                  00000d30    0000000c     rtsv7M4_T_le_v4SPD16_eabi.lib : typeinfo.c.obj (.const:.typeinfo:_ZTIN10__cxxabiv117__class_type_infoE)
                  00000d3c    0000000c                                   : typeinfo.c.obj (.const:.typeinfo:_ZTIN10__cxxabiv120__si_class_type_infoE)
                  00000d48    00000008     Task.obj (.const:.typeinfo:_ZTI4Task)
                  00000d50    00000008     rtsv7M4_T_le_v4SPD16_eabi.lib : stdlib_typeinfo.cpp.obj (.const:.typeinfo:_ZTISt9type_info)
                  00000d58    00000006     Task.obj (.const:.typeinfo:_ZTS4Task)
                  00000d5e    00000005     LED.obj (.const:.typeinfo:_ZTS3LED)

.cinit     0    00000d68    00000048     
                  00000d68    00000021     (.cinit..data.load) [load image, compression = lzss]
                  00000d89    00000003     --HOLE-- [fill = 0]
                  00000d8c    0000000c     (__TI_handler_table)
                  00000d98    00000008     (.cinit..bss.load) [load image, compression = zero_init]
                  00000da0    00000010     (__TI_cinit_table)

.init_array 
*          0    00000d64    00000004     
                  00000d64    00000004     main.obj (.init_array)

.bss       0    20000000    00003fe8     UNINITIALIZED
                  20000000    00003fe0     main.obj (.bss:g_MainScheduler)
                  20003fe0    00000004     main.obj (.bss)
                  20003fe4    00000004     rtsv7M4_T_le_v4SPD16_eabi.lib : new.cpp.obj (.bss)

.sysmem    0    20003fe8    00000400     UNINITIALIZED
                  20003fe8    00000008     rtsv7M4_T_le_v4SPD16_eabi.lib : memory.c.obj (.sysmem)
                  20003ff0    000003f8     --HOLE--

.data      0    200043e8    0000002c     UNINITIALIZED
                  200043e8    00000011     main.obj (.data)
                  200043f9    00000003     --HOLE--
                  200043fc    0000000c     rtsv7M4_T_le_v4SPD16_eabi.lib : memory.c.obj (.data:$O1$$)
                  20004408    00000008                                   : _lock.c.obj (.data:$O1$$)
                  20004410    00000004     Mailbox.obj (.data)

.stack     0    2000fe00    00000200     UNINITIALIZED
                  2000fe00    00000004     rtsv7M4_T_le_v4SPD16_eabi.lib : boot_cortex_m.c.obj (.stack)
                  2000fe04    000001fc     --HOLE--

MODULE SUMMARY

       Module                        code   ro data   rw data
       ------                        ----   -------   -------
    ./
       main.obj                      468    4         32746  
       Scheduler.obj                 730    0         0      
       Mailbox.obj                   306    0         8      
       system_msp432p401r.obj        120    0         0      
       Task.obj                      76     30        0      
    +--+-----------------------------+------+---------+---------+
       Total:                        1700   34        32754  
                                                             
    ./Tasks/
       LED.obj                       108    33        0      
    +--+-----------------------------+------+---------+---------+
       Total:                        108    33        0      
                                                             
    ./ccs/
       startup_msp432p401r_ccs.obj   14     228       0      
    +--+-----------------------------+------+---------+---------+
       Total:                        14     228       0      
                                                             
    /home/esteban/ti/ccsv7/tools/compiler/ti-cgt-arm_18.1.1.LTS/lib/rtsv7M4_T_le_v4SPD16_eabi.lib
       memory.c.obj                  492    0         24     
       typeinfo.c.obj                36     127       0      
       memcpy_t2.asm.obj             156    0         0      
       memset_t2.asm.obj             122    0         0      
       copy_decompress_lzss.c.obj    104    0         0      
       autoinit.c.obj                96     0         0      
       new.cpp.obj                   58     0         8      
       boot_cortex_m.c.obj           56     0         0      
       stdlib_typeinfo.cpp.obj       2      21        0      
       _lock.c.obj                   2      0         16     
       copy_decompress_none.c.obj    14     0         0      
       copy_zero_init.c.obj          12     0         0      
       exit.c.obj                    4      0         0      
       pre_init.c.obj                4      0         0      
    +--+-----------------------------+------+---------+---------+
       Total:                        1158   148       48     
                                                             
       Heap:                         0      0         2048   
       Stack:                        0      0         1024   
       Linker Generated:             0      69        0      
    +--+-----------------------------+------+---------+---------+
       Grand Total:                  2980   512       35874  


LINKER GENERATED COPY TABLES

__TI_cinit_table @ 00000da0 records: 2, size/record: 8, table size: 16
	.data: load addr=00000d68, load size=00000021 bytes, run addr=200043e8, run size=0000002c bytes, compression=lzss
	.bss: load addr=00000d98, load size=00000008 bytes, run addr=20000000, run size=00003fe8 bytes, compression=zero_init


LINKER GENERATED HANDLER TABLE

__TI_handler_table @ 00000d8c records: 3, size/record: 4, table size: 12
	index: 0, handler: __TI_decompress_lzss
	index: 1, handler: __TI_decompress_none
	index: 2, handler: __TI_zero_init


GLOBAL SYMBOLS: SORTED ALPHABETICALLY BY Name 

address   name                                             
-------   ----                                             
00000bb1  ADC14_IRQHandler                                 
00000bb1  ADC14_IRQHandler                                 
000004ef  AES256_IRQHandler                                
000004ef  BusFault_Handler                                 
00000c89  C$$EXIT                                          
000004ef  COMP_E0_IRQHandler                               
000004ef  COMP_E1_IRQHandler                               
000004ef  CS_IRQHandler                                    
000004ef  DMA_ERR_IRQHandler                               
000004ef  DMA_INT0_IRQHandler                              
000004ef  DMA_INT1_IRQHandler                              
000004ef  DMA_INT2_IRQHandler                              
000004ef  DMA_INT3_IRQHandler                              
000004ef  DebugMon_Handler                                 
000004ef  Default_Handler                                  
000004ef  EUSCIA0_IRQHandler                               
000004ef  EUSCIA1_IRQHandler                               
000004ef  EUSCIA2_IRQHandler                               
000004ef  EUSCIA3_IRQHandler                               
000004ef  EUSCIB0_IRQHandler                               
000004ef  EUSCIB1_IRQHandler                               
000004ef  EUSCIB2_IRQHandler                               
000004ef  EUSCIB3_IRQHandler                               
000004ef  FLCTL_IRQHandler                                 
000004ef  FPU_IRQHandler                                   
000004ef  HardFault_Handler                                
000004ef  MemManage_Handler                                
000004ef  NMI_Handler                                      
000004ef  PCM_IRQHandler                                   
000004ef  PORT1_IRQHandler                                 
000004ef  PORT2_IRQHandler                                 
000004ef  PORT3_IRQHandler                                 
000004ef  PORT4_IRQHandler                                 
000004ef  PORT5_IRQHandler                                 
000004ef  PORT6_IRQHandler                                 
000004ef  PSS_IRQHandler                                   
000004ef  PendSV_Handler                                   
000004ef  RTC_C_IRQHandler                                 
00000c33  Reset_Handler                                    
00000d64  SHT$$INIT_ARRAY$$Base                            
00000d68  SHT$$INIT_ARRAY$$Limit                           
000004ef  SVC_Handler                                      
000004ef  SysTick_Handler                                  
000005f5  SystemInit                                       
0000081d  T32_INT1_IRQHandler                              
0000081d  T32_INT1_IRQHandler                              
000004ef  T32_INT2_IRQHandler                              
000004ef  T32_INTC_IRQHandler                              
000004ef  TA0_0_IRQHandler                                 
000004ef  TA0_N_IRQHandler                                 
000004ef  TA1_0_IRQHandler                                 
000004ef  TA1_N_IRQHandler                                 
000004ef  TA2_0_IRQHandler                                 
000004ef  TA2_N_IRQHandler                                 
000004ef  TA3_0_IRQHandler                                 
000004ef  TA3_N_IRQHandler                                 
000004ef  UsageFault_Handler                               
4000480c  WDTCTL_SYM                                       
000004ef  WDT_A_IRQHandler                                 
00000955  _Z5Setupv                                        
00000c09  _ZN10__cxxabiv117__class_type_infoD0Ev           
00000c79  _ZN10__cxxabiv117__class_type_infoD1Ev           
00000c79  _ZN10__cxxabiv117__class_type_infoD2Ev           
00000c17  _ZN10__cxxabiv120__si_class_type_infoD0Ev        
00000c7d  _ZN10__cxxabiv120__si_class_type_infoD1Ev        
00000c7d  _ZN10__cxxabiv120__si_class_type_infoD2Ev        
00000bd1  _ZN3LED3runEv                                    
00000b15  _ZN3LED5setupEv                                  
00000b69  _ZN3LEDC1Et                                      
00000b69  _ZN3LEDC2Et                                      
200043f8  _ZN4Task14m_u8NextTaskIDE                        
00000c3f  _ZN4Task3runEv                                   
00000c4b  _ZN4Task5setupEv                                 
00000a81  _ZN4TaskC1Ev                                     
00000a81  _ZN4TaskC2Ev                                     
00000ae5  _ZN7Mailbox10getMailboxEv                        
000002f1  _ZN7Mailbox12setupMailboxEh                      
20004410  _ZN7Mailbox7MailObjE                             
000009d5  _ZN7MailboxC1Ev                                  
000009d5  _ZN7MailboxC2Ev                                  
00000871  _ZN9Scheduler13NumberOfTasksEv                   
000000e5  _ZN9Scheduler3runEv                              
000006e5  _ZN9Scheduler5setupEv                            
00000455  _ZN9Scheduler6attachEP4Task8TaskType10TaskActivey
000008bf  _ZN9SchedulerC1Ev                                
000008bf  _ZN9SchedulerC2Ev                                
000005f3  _ZNSt9type_infoD1Ev                              
000005f3  _ZNSt9type_infoD2Ev                              
00000c59  _ZSt15get_new_handlerv                           
00000c89  _ZSt17__throw_bad_allocv                         
00000d24  _ZTI3LED                                         
00000d48  _ZTI4Task                                        
00000d30  _ZTIN10__cxxabiv117__class_type_infoE            
00000d3c  _ZTIN10__cxxabiv120__si_class_type_infoE         
00000d50  _ZTISt9type_info                                 
00000d5e  _ZTS3LED                                         
00000d58  _ZTS4Task                                        
00000cb1  _ZTSN10__cxxabiv117__class_type_infoE            
00000c8c  _ZTSN10__cxxabiv120__si_class_type_infoE         
00000d14  _ZTSSt9type_info                                 
00000cd4  _ZTV3LED                                         
00000ce4  _ZTV4Task                                        
00000cf4  _ZTVN10__cxxabiv117__class_type_infoE            
00000d04  _ZTVN10__cxxabiv120__si_class_type_infoE         
00000c71  _ZdlPv                                           
00000c81  _ZdlPvj                                          
00000b8d  _Znwj                                            
20010000  __STACK_END                                      
00000200  __STACK_SIZE                                     
00000400  __SYSMEM_SIZE                                    
00000da0  __TI_CINIT_Base                                  
00000db0  __TI_CINIT_Limit                                 
00000d8c  __TI_Handler_Table_Base                          
00000d98  __TI_Handler_Table_Limit                         
000007bd  __TI_auto_init_nobinit                           
00000755  __TI_decompress_lzss                             
00000c25  __TI_decompress_none                             
ffffffff  __TI_pprof_out_hndl                              
ffffffff  __TI_prof_data_size                              
ffffffff  __TI_prof_data_start                             
00000000  __TI_static_base__                               
00000c65  __TI_zero_init                                   
00000579  __aeabi_memclr                                   
00000579  __aeabi_memclr4                                  
00000579  __aeabi_memclr8                                  
000003b9  __aeabi_memcpy                                   
000003b9  __aeabi_memcpy4                                  
000003b9  __aeabi_memcpy8                                  
0000057b  __aeabi_memset                                   
0000057b  __aeabi_memset4                                  
0000057b  __aeabi_memset8                                  
ffffffff  __binit__                                        
ffffffff  __c_args__                                       
UNDEFED   __mpu_init                                       
2000fe00  __stack                                          
00000bed  __sti___8_main_cpp_8ea94d19                      
00000a11  _c_int00_noargs                                  
20004408  _lock                                            
00000a0f  _nop                                             
20003fe8  _sys_memory                                      
UNDEFED   _system_post_cinit                               
00000c85  _system_pre_init                                 
2000440c  _unlock                                          
00000c89  abort                                            
ffffffff  binit                                            
00000219  free                                             
20003fe0  g_Mailbox                                        
20000000  g_MainScheduler                                  
200043e8  g_iHeartBeatCount                                
00000000  interruptVectors                                 
000004f1  main                                             
0000066d  malloc                                           
000003b9  memcpy                                           
00000581  memset                                           
00000a49  minit                                            


GLOBAL SYMBOLS: SORTED BY Symbol Address 

address   name                                             
-------   ----                                             
00000000  __TI_static_base__                               
00000000  interruptVectors                                 
000000e5  _ZN9Scheduler3runEv                              
00000200  __STACK_SIZE                                     
00000219  free                                             
000002f1  _ZN7Mailbox12setupMailboxEh                      
000003b9  __aeabi_memcpy                                   
000003b9  __aeabi_memcpy4                                  
000003b9  __aeabi_memcpy8                                  
000003b9  memcpy                                           
00000400  __SYSMEM_SIZE                                    
00000455  _ZN9Scheduler6attachEP4Task8TaskType10TaskActivey
000004ef  AES256_IRQHandler                                
000004ef  BusFault_Handler                                 
000004ef  COMP_E0_IRQHandler                               
000004ef  COMP_E1_IRQHandler                               
000004ef  CS_IRQHandler                                    
000004ef  DMA_ERR_IRQHandler                               
000004ef  DMA_INT0_IRQHandler                              
000004ef  DMA_INT1_IRQHandler                              
000004ef  DMA_INT2_IRQHandler                              
000004ef  DMA_INT3_IRQHandler                              
000004ef  DebugMon_Handler                                 
000004ef  Default_Handler                                  
000004ef  EUSCIA0_IRQHandler                               
000004ef  EUSCIA1_IRQHandler                               
000004ef  EUSCIA2_IRQHandler                               
000004ef  EUSCIA3_IRQHandler                               
000004ef  EUSCIB0_IRQHandler                               
000004ef  EUSCIB1_IRQHandler                               
000004ef  EUSCIB2_IRQHandler                               
000004ef  EUSCIB3_IRQHandler                               
000004ef  FLCTL_IRQHandler                                 
000004ef  FPU_IRQHandler                                   
000004ef  HardFault_Handler                                
000004ef  MemManage_Handler                                
000004ef  NMI_Handler                                      
000004ef  PCM_IRQHandler                                   
000004ef  PORT1_IRQHandler                                 
000004ef  PORT2_IRQHandler                                 
000004ef  PORT3_IRQHandler                                 
000004ef  PORT4_IRQHandler                                 
000004ef  PORT5_IRQHandler                                 
000004ef  PORT6_IRQHandler                                 
000004ef  PSS_IRQHandler                                   
000004ef  PendSV_Handler                                   
000004ef  RTC_C_IRQHandler                                 
000004ef  SVC_Handler                                      
000004ef  SysTick_Handler                                  
000004ef  T32_INT2_IRQHandler                              
000004ef  T32_INTC_IRQHandler                              
000004ef  TA0_0_IRQHandler                                 
000004ef  TA0_N_IRQHandler                                 
000004ef  TA1_0_IRQHandler                                 
000004ef  TA1_N_IRQHandler                                 
000004ef  TA2_0_IRQHandler                                 
000004ef  TA2_N_IRQHandler                                 
000004ef  TA3_0_IRQHandler                                 
000004ef  TA3_N_IRQHandler                                 
000004ef  UsageFault_Handler                               
000004ef  WDT_A_IRQHandler                                 
000004f1  main                                             
00000579  __aeabi_memclr                                   
00000579  __aeabi_memclr4                                  
00000579  __aeabi_memclr8                                  
0000057b  __aeabi_memset                                   
0000057b  __aeabi_memset4                                  
0000057b  __aeabi_memset8                                  
00000581  memset                                           
000005f3  _ZNSt9type_infoD1Ev                              
000005f3  _ZNSt9type_infoD2Ev                              
000005f5  SystemInit                                       
0000066d  malloc                                           
000006e5  _ZN9Scheduler5setupEv                            
00000755  __TI_decompress_lzss                             
000007bd  __TI_auto_init_nobinit                           
0000081d  T32_INT1_IRQHandler                              
0000081d  T32_INT1_IRQHandler                              
00000871  _ZN9Scheduler13NumberOfTasksEv                   
000008bf  _ZN9SchedulerC1Ev                                
000008bf  _ZN9SchedulerC2Ev                                
00000955  _Z5Setupv                                        
000009d5  _ZN7MailboxC1Ev                                  
000009d5  _ZN7MailboxC2Ev                                  
00000a0f  _nop                                             
00000a11  _c_int00_noargs                                  
00000a49  minit                                            
00000a81  _ZN4TaskC1Ev                                     
00000a81  _ZN4TaskC2Ev                                     
00000ae5  _ZN7Mailbox10getMailboxEv                        
00000b15  _ZN3LED5setupEv                                  
00000b69  _ZN3LEDC1Et                                      
00000b69  _ZN3LEDC2Et                                      
00000b8d  _Znwj                                            
00000bb1  ADC14_IRQHandler                                 
00000bb1  ADC14_IRQHandler                                 
00000bd1  _ZN3LED3runEv                                    
00000bed  __sti___8_main_cpp_8ea94d19                      
00000c09  _ZN10__cxxabiv117__class_type_infoD0Ev           
00000c17  _ZN10__cxxabiv120__si_class_type_infoD0Ev        
00000c25  __TI_decompress_none                             
00000c33  Reset_Handler                                    
00000c3f  _ZN4Task3runEv                                   
00000c4b  _ZN4Task5setupEv                                 
00000c59  _ZSt15get_new_handlerv                           
00000c65  __TI_zero_init                                   
00000c71  _ZdlPv                                           
00000c79  _ZN10__cxxabiv117__class_type_infoD1Ev           
00000c79  _ZN10__cxxabiv117__class_type_infoD2Ev           
00000c7d  _ZN10__cxxabiv120__si_class_type_infoD1Ev        
00000c7d  _ZN10__cxxabiv120__si_class_type_infoD2Ev        
00000c81  _ZdlPvj                                          
00000c85  _system_pre_init                                 
00000c89  C$$EXIT                                          
00000c89  _ZSt17__throw_bad_allocv                         
00000c89  abort                                            
00000c8c  _ZTSN10__cxxabiv120__si_class_type_infoE         
00000cb1  _ZTSN10__cxxabiv117__class_type_infoE            
00000cd4  _ZTV3LED                                         
00000ce4  _ZTV4Task                                        
00000cf4  _ZTVN10__cxxabiv117__class_type_infoE            
00000d04  _ZTVN10__cxxabiv120__si_class_type_infoE         
00000d14  _ZTSSt9type_info                                 
00000d24  _ZTI3LED                                         
00000d30  _ZTIN10__cxxabiv117__class_type_infoE            
00000d3c  _ZTIN10__cxxabiv120__si_class_type_infoE         
00000d48  _ZTI4Task                                        
00000d50  _ZTISt9type_info                                 
00000d58  _ZTS4Task                                        
00000d5e  _ZTS3LED                                         
00000d64  SHT$$INIT_ARRAY$$Base                            
00000d68  SHT$$INIT_ARRAY$$Limit                           
00000d8c  __TI_Handler_Table_Base                          
00000d98  __TI_Handler_Table_Limit                         
00000da0  __TI_CINIT_Base                                  
00000db0  __TI_CINIT_Limit                                 
20000000  g_MainScheduler                                  
20003fe0  g_Mailbox                                        
20003fe8  _sys_memory                                      
200043e8  g_iHeartBeatCount                                
200043f8  _ZN4Task14m_u8NextTaskIDE                        
20004408  _lock                                            
2000440c  _unlock                                          
20004410  _ZN7Mailbox7MailObjE                             
2000fe00  __stack                                          
20010000  __STACK_END                                      
4000480c  WDTCTL_SYM                                       
ffffffff  __TI_pprof_out_hndl                              
ffffffff  __TI_prof_data_size                              
ffffffff  __TI_prof_data_start                             
ffffffff  __binit__                                        
ffffffff  __c_args__                                       
ffffffff  binit                                            
UNDEFED   __mpu_init                                       
UNDEFED   _system_post_cinit                               

[155 symbols]
