******************************************************************************
                  TI ARM Linker Unix v18.1.1                   
******************************************************************************
>> Linked Wed May 30 16:11:04 2018

OUTPUT FILE NAME:   <IE119-Lab2v0.1.out>
ENTRY POINT SYMBOL: "_c_int00_noargs"  address: 0000113d


MEMORY CONFIGURATION

         name            origin    length      used     unused   attr    fill
----------------------  --------  ---------  --------  --------  ----  --------
  MAIN                  00000000   00040000  000016d9  0003e927  R  X
  INFO                  00200000   00004000  00000000  00004000  R  X
  SRAM_CODE             01000000   00010000  00004616  0000b9ea  RW X
  SRAM_DATA             20000000   00010000  00004616  0000b9ea  RW  


SEGMENT ALLOCATION MAP

run origin  load origin   length   init length attrs members
----------  ----------- ---------- ----------- ----- -------
00000000    00000000    000016e0   000016e0    r-x
  00000000    00000000    000000e4   000000e4    r-- .intvecs
  000000e4    000000e4    0000145e   0000145e    r-x .text
  00001544    00001544    0000014b   0000014b    r-- .const
  00001690    00001690    00000004   00000004    r-- .init_array
  00001698    00001698    00000048   00000048    r-- .cinit
20000000    20000000    0000441c   00000000    rw-
  20000000    20000000    00003fea   00000000    rw- .bss
  20003ff0    20003ff0    00000400   00000000    rw- .sysmem
  200043f0    200043f0    0000002c   00000000    rw- .data
2000fe00    2000fe00    00000200   00000000    rw-
  2000fe00    2000fe00    00000200   00000000    rw- .stack


SECTION ALLOCATION MAP

 output                                  attributes/
section   page    origin      length       input sections
--------  ----  ----------  ----------   ----------------
.intvecs   0    00000000    000000e4     
                  00000000    000000e4     startup_msp432p401r_ccs.obj (.intvecs:retain)

.binit     0    00000000    00000000     

.text      0    000000e4    0000145e     
                  000000e4    000001d8     Crystalfontz128x128_ST7735.obj (.text:Crystalfontz128x128_PixelDrawMultiple)
                  000002bc    00000134     Crystalfontz128x128_ST7735.obj (.text:Crystalfontz128x128_SetDrawFrame)
                  000003f0    00000134     Scheduler.obj (.text:_ZN9Scheduler3runEv)
                  00000524    0000012c     Crystalfontz128x128_ST7735.obj (.text:Crystalfontz128x128_Init)
                  00000650    0000012c     main.obj (.text:_Z5Setupv)
                  0000077c    000000d8     rtsv7M4_T_le_v4SPD16_eabi.lib : memory.c.obj (.text:free)
                  00000854    0000009c     Crystalfontz128x128_ST7735.obj (.text:Crystalfontz128x128_RectFill)
                  000008f0    0000009c     rtsv7M4_T_le_v4SPD16_eabi.lib : memcpy_t2.asm.obj (.text)
                  0000098c    0000009a     Scheduler.obj (.text:_ZN9Scheduler6attachEP4Task8TaskType10TaskActivey)
                  00000a26    00000002     startup_msp432p401r_ccs.obj (.text:Default_Handler)
                  00000a28    00000088     main.obj (.text:main)
                  00000ab0    0000007c     msp432p4xx_driverlib.lib : spi_MSP432P4XX.obj (.text:SPI_initMaster)
                  00000b2c    0000007a     rtsv7M4_T_le_v4SPD16_eabi.lib : memset_t2.asm.obj (.text)
                  00000ba6    00000002                                   : stdlib_typeinfo.cpp.obj (.text:_ZNSt9type_infoD1Ev)
                  00000ba8    00000078     system_msp432p401r.obj (.text:SystemInit)
                  00000c20    00000078     rtsv7M4_T_le_v4SPD16_eabi.lib : memory.c.obj (.text:malloc)
                  00000c98    00000068                                   : copy_decompress_lzss.c.obj (.text:decompress:lzss:__TI_decompress_lzss)
                  00000d00    00000060     Crystalfontz128x128_ST7735.obj (.text:Crystalfontz128x128_LineDrawH)
                  00000d60    00000060     Crystalfontz128x128_ST7735.obj (.text:Crystalfontz128x128_LineDrawV)
                  00000dc0    00000060     rtsv7M4_T_le_v4SPD16_eabi.lib : autoinit.c.obj (.text:__TI_auto_init_nobinit:__TI_auto_init_nobinit)
                  00000e20    00000054     Crystalfontz128x128_ST7735.obj (.text:Crystalfontz128x128_SetOrientation)
                  00000e74    00000052     grlib.a : context.obj (.text:Graphics_initContext)
                  00000ec6    00000052     Scheduler.obj (.text:_ZN9SchedulerC1Ev)
                  00000f18    00000050     main.obj (.text:T32_INT1_IRQHandler)
                  00000f68    0000004c     msp432p4xx_driverlib.lib : gpio_MSP432P4XX.obj (.text:GPIO_setAsPeripheralModuleFunctionOutputPin)
                  00000fb4    0000004c     Scheduler.obj (.text:_ZN9Scheduler5setupEv)
                  00001000    00000048     main.obj (.text:_ZN29_INTERNAL_8_main_cpp_8ea94d1918__NVIC_SetPriorityE4IRQnj)
                  00001048    00000040     Crystalfontz128x128_ST7735.obj (.text:Crystalfontz128x128_PixelDraw)
                  00001088    00000040     HAL_MSP_EXP432P401R_Crystalfontz128x128_ST7735.obj (.text:HAL_LCD_SpiInit)
                  000010c8    0000003c     rtsv7M4_T_le_v4SPD16_eabi.lib : memory.c.obj (.text:minsert)
                  00001104    00000038     HAL_MSP_EXP432P401R_Crystalfontz128x128_ST7735.obj (.text:HAL_LCD_writeCommand)
                  0000113c    00000038     rtsv7M4_T_le_v4SPD16_eabi.lib : boot_cortex_m.c.obj (.text:_c_int00_noargs:_c_int00_noargs)
                  00001174    00000038                                   : memory.c.obj (.text:minit)
                  000011ac    00000034     Task.obj (.text:_ZN4TaskC1Ev)
                  000011e0    00000030     HAL_MSP_EXP432P401R_Crystalfontz128x128_ST7735.obj (.text:HAL_LCD_PortInit)
                  00001210    00000030     main.obj (.text:_ZN29_INTERNAL_8_main_cpp_8ea94d1916__NVIC_EnableIRQE4IRQn)
                  00001240    00000030     Mailbox.obj (.text:_ZN7Mailbox10getMailboxEv)
                  00001270    00000030     msp432p4xx_driverlib.lib : spi_MSP432P4XX.obj (.text:is_A_Module)
                  000012a0    0000002c     Crystalfontz128x128_ST7735.obj (.text:Crystalfontz128x128_ClearScreen)
                  000012cc    0000002c     HAL_MSP_EXP432P401R_Crystalfontz128x128_ST7735.obj (.text:HAL_LCD_writeData)
                  000012f8    0000002c     LED.obj (.text:_ZN3LED5setupEv)
                  00001324    00000028     Crystalfontz128x128_ST7735.obj (.text:Crystalfontz128x128_ColorTranslate)
                  0000134c    00000028     rtsv7M4_T_le_v4SPD16_eabi.lib : memory.c.obj (.text:mremove)
                  00001374    00000024     msp432p4xx_driverlib.lib : gpio_MSP432P4XX.obj (.text:GPIO_setAsOutputPin)
                  00001398    00000024     LED.obj (.text:_ZN3LEDC1Et)
                  000013bc    00000022     rtsv7M4_T_le_v4SPD16_eabi.lib : new.cpp.obj (.text:_Znwj)
                  000013de    00000002                                   : _lock.c.obj (.text:_nop)
                  000013e0    0000001c     LED.obj (.text:_ZN3LED3runEv)
                  000013fc    0000001c     main.obj (.text:__sti___8_main_cpp_8ea94d19)
                  00001418    0000001a     grlib.a : context.obj (.text:Graphics_setBackgroundColor)
                  00001432    0000001a     msp432p4xx_driverlib.lib : spi_MSP432P4XX.obj (.text:SPI_enableModule)
                  0000144c    00000018                              : gpio_MSP432P4XX.obj (.text:GPIO_setOutputLowOnPin)
                  00001464    00000016     grlib.a : display.obj (.text:Graphics_translateColorOnDisplay)
                  0000147a    00000002     --HOLE-- [fill = 0]
                  0000147c    00000014     msp432p4xx_driverlib.lib : gpio_MSP432P4XX.obj (.text:GPIO_setOutputHighOnPin)
                  00001490    0000000e     rtsv7M4_T_le_v4SPD16_eabi.lib : typeinfo.c.obj (.text:_ZN10__cxxabiv117__class_type_infoD0Ev)
                  0000149e    0000000e                                   : typeinfo.c.obj (.text:_ZN10__cxxabiv120__si_class_type_infoD0Ev)
                  000014ac    0000000e                                   : copy_decompress_none.c.obj (.text:decompress:none:__TI_decompress_none)
                  000014ba    0000000c     msp432p4xx_driverlib.lib : spi_MSP432P4XX.obj (.text:EUSCI_A_SPI_enable)
                  000014c6    0000000c                              : spi_MSP432P4XX.obj (.text:EUSCI_B_SPI_enable)
                  000014d2    0000000c     startup_msp432p401r_ccs.obj (.text:Reset_Handler)
                  000014de    0000000c     Task.obj (.text:_ZN4Task3runEv)
                  000014ea    0000000c     Task.obj (.text:_ZN4Task5setupEv)
                  000014f6    0000000c     Mailbox.obj (.text:_ZN7MailboxC1Ev)
                  00001502    00000002     --HOLE-- [fill = 0]
                  00001504    0000000c     rtsv7M4_T_le_v4SPD16_eabi.lib : new.cpp.obj (.text:_ZSt15get_new_handlerv)
                  00001510    0000000c                                   : copy_zero_init.c.obj (.text:decompress:ZI:__TI_zero_init)
                  0000151c    0000000a     Crystalfontz128x128_ST7735.obj (.text:Crystalfontz128x128_Flush)
                  00001526    00000008     rtsv7M4_T_le_v4SPD16_eabi.lib : new.cpp.obj (.text:_ZdlPv)
                  0000152e    00000004                                   : typeinfo.c.obj (.text:_ZN10__cxxabiv117__class_type_infoD1Ev)
                  00001532    00000004                                   : typeinfo.c.obj (.text:_ZN10__cxxabiv120__si_class_type_infoD1Ev)
                  00001536    00000004                                   : new.cpp.obj (.text:_ZdlPvj)
                  0000153a    00000004                                   : pre_init.c.obj (.text:_system_pre_init)
                  0000153e    00000004                                   : exit.c.obj (.text:abort:abort)

.const     0    00001544    0000014b     
                  00001544    00000030     msp432p4xx_driverlib.lib : gpio_MSP432P4XX.obj (.const:GPIO_PORT_TO_BASE)
                  00001574    00000025     rtsv7M4_T_le_v4SPD16_eabi.lib : typeinfo.c.obj (.const:.typeinfo:_ZTSN10__cxxabiv120__si_class_type_infoE)
                  00001599    00000022                                   : typeinfo.c.obj (.const:.typeinfo:_ZTSN10__cxxabiv117__class_type_infoE)
                  000015bb    00000001     --HOLE-- [fill = 0]
                  000015bc    00000020     Crystalfontz128x128_ST7735.obj (.const:g_sCrystalfontz128x128_funcs)
                  000015dc    0000001c     HAL_MSP_EXP432P401R_Crystalfontz128x128_ST7735.obj (.const:$P$T0$1)
                  000015f8    00000010     LED.obj (.const:_ZTV3LED)
                  00001608    00000010     Task.obj (.const:_ZTV4Task)
                  00001618    00000010     rtsv7M4_T_le_v4SPD16_eabi.lib : typeinfo.c.obj (.const:_ZTVN10__cxxabiv117__class_type_infoE)
                  00001628    00000010                                   : typeinfo.c.obj (.const:_ZTVN10__cxxabiv120__si_class_type_infoE)
                  00001638    0000000d                                   : stdlib_typeinfo.cpp.obj (.const:.typeinfo:_ZTSSt9type_info)
                  00001645    00000003     --HOLE-- [fill = 0]
                  00001648    0000000c     LED.obj (.const:.typeinfo:_ZTI3LED)
                  00001654    0000000c     rtsv7M4_T_le_v4SPD16_eabi.lib : typeinfo.c.obj (.const:.typeinfo:_ZTIN10__cxxabiv117__class_type_infoE)
                  00001660    0000000c                                   : typeinfo.c.obj (.const:.typeinfo:_ZTIN10__cxxabiv120__si_class_type_infoE)
                  0000166c    00000008     Crystalfontz128x128_ST7735.obj (.const:$P$T0$1)
                  00001674    00000008     Task.obj (.const:.typeinfo:_ZTI4Task)
                  0000167c    00000008     rtsv7M4_T_le_v4SPD16_eabi.lib : stdlib_typeinfo.cpp.obj (.const:.typeinfo:_ZTISt9type_info)
                  00001684    00000006     Task.obj (.const:.typeinfo:_ZTS4Task)
                  0000168a    00000005     LED.obj (.const:.typeinfo:_ZTS3LED)

.cinit     0    00001698    00000048     
                  00001698    00000021     (.cinit..data.load) [load image, compression = lzss]
                  000016b9    00000003     --HOLE-- [fill = 0]
                  000016bc    0000000c     (__TI_handler_table)
                  000016c8    00000008     (.cinit..bss.load) [load image, compression = zero_init]
                  000016d0    00000010     (__TI_cinit_table)

.init_array 
*          0    00001690    00000004     
                  00001690    00000004     main.obj (.init_array)

.bss       0    20000000    00003fea     UNINITIALIZED
                  20000000    00003fd8     main.obj (.bss:g_MainScheduler)
                  20003fd8    00000004     main.obj (.bss)
                  20003fdc    00000004     rtsv7M4_T_le_v4SPD16_eabi.lib : new.cpp.obj (.bss)
                  20003fe0    00000002     (.common:Lcd_ScreenHeigth)
                  20003fe2    00000002     (.common:Lcd_ScreenWidth)
                  20003fe4    00000002     (.common:Lcd_TouchTrim)
                  20003fe6    00000001     (.common:Lcd_FlagRead)
                  20003fe7    00000001     (.common:Lcd_FontSolid)
                  20003fe8    00000001     (.common:Lcd_Orientation)
                  20003fe9    00000001     (.common:Lcd_PenSolid)

.sysmem    0    20003ff0    00000400     UNINITIALIZED
                  20003ff0    00000008     rtsv7M4_T_le_v4SPD16_eabi.lib : memory.c.obj (.sysmem)
                  20003ff8    000003f8     --HOLE--

.data      0    200043f0    0000002c     UNINITIALIZED
                  200043f0    00000011     main.obj (.data)
                  20004401    00000003     --HOLE--
                  20004404    0000000c     rtsv7M4_T_le_v4SPD16_eabi.lib : memory.c.obj (.data:$O1$$)
                  20004410    00000008                                   : _lock.c.obj (.data:$O1$$)
                  20004418    00000004     Mailbox.obj (.data)

.stack     0    2000fe00    00000200     UNINITIALIZED
                  2000fe00    00000004     rtsv7M4_T_le_v4SPD16_eabi.lib : boot_cortex_m.c.obj (.stack)
                  2000fe04    000001fc     --HOLE--

MODULE SUMMARY

       Module                                               code   ro data   rw data
       ------                                               ----   -------   -------
    ./
       main.obj                                             664    4         32730  
       Scheduler.obj                                        620    0         0      
       system_msp432p401r.obj                               120    0         0      
       Task.obj                                             76     30        0      
       Mailbox.obj                                          60     0         8      
    +--+----------------------------------------------------+------+---------+---------+
       Total:                                               1540   34        32738  
                                                                                    
    ./LcdDriver/
       Crystalfontz128x128_ST7735.obj                       1670   40        20     
       HAL_MSP_EXP432P401R_Crystalfontz128x128_ST7735.obj   212    28        0      
    +--+----------------------------------------------------+------+---------+---------+
       Total:                                               1882   68        20     
                                                                                    
    ./Tasks/
       LED.obj                                              108    33        0      
    +--+----------------------------------------------------+------+---------+---------+
       Total:                                               108    33        0      
                                                                                    
    ./ccs/
       startup_msp432p401r_ccs.obj                          14     228       0      
    +--+----------------------------------------------------+------+---------+---------+
       Total:                                               14     228       0      
                                                                                    
    /home/esteban/ti/ccsv7/tools/compiler/ti-cgt-arm_18.1.1.LTS/lib/rtsv7M4_T_le_v4SPD16_eabi.lib
       memory.c.obj                                         492    0         24     
       typeinfo.c.obj                                       36     127       0      
       memcpy_t2.asm.obj                                    156    0         0      
       memset_t2.asm.obj                                    122    0         0      
       copy_decompress_lzss.c.obj                           104    0         0      
       autoinit.c.obj                                       96     0         0      
       new.cpp.obj                                          58     0         8      
       boot_cortex_m.c.obj                                  56     0         0      
       stdlib_typeinfo.cpp.obj                              2      21        0      
       _lock.c.obj                                          2      0         16     
       copy_decompress_none.c.obj                           14     0         0      
       copy_zero_init.c.obj                                 12     0         0      
       exit.c.obj                                           4      0         0      
       pre_init.c.obj                                       4      0         0      
    +--+----------------------------------------------------+------+---------+---------+
       Total:                                               1158   148       48     
                                                                                    
    /home/esteban/ti/simplelink_msp432p4_sdk_2_10_00_14/source/ti/devices/msp432p4xx/driverlib/ccs/msp432p4xx_driverlib.lib
       spi_MSP432P4XX.obj                                   222    0         0      
       gpio_MSP432P4XX.obj                                  156    48        0      
    +--+----------------------------------------------------+------+---------+---------+
       Total:                                               378    48        0      
                                                                                    
    /home/esteban/ti/simplelink_msp432p4_sdk_2_10_00_14/source/ti/grlib/lib/ccs/m4f/grlib.a
       context.obj                                          108    0         0      
       display.obj                                          22     0         0      
    +--+----------------------------------------------------+------+---------+---------+
       Total:                                               130    0         0      
                                                                                    
       Heap:                                                0      0         2048   
       Stack:                                               0      0         1024   
       Linker Generated:                                    0      69        0      
    +--+----------------------------------------------------+------+---------+---------+
       Grand Total:                                         5210   628       35878  


LINKER GENERATED COPY TABLES

__TI_cinit_table @ 000016d0 records: 2, size/record: 8, table size: 16
	.data: load addr=00001698, load size=00000021 bytes, run addr=200043f0, run size=0000002c bytes, compression=lzss
	.bss: load addr=000016c8, load size=00000008 bytes, run addr=20000000, run size=00003fea bytes, compression=zero_init


LINKER GENERATED HANDLER TABLE

__TI_handler_table @ 000016bc records: 3, size/record: 4, table size: 12
	index: 0, handler: __TI_decompress_lzss
	index: 1, handler: __TI_decompress_none
	index: 2, handler: __TI_zero_init


GLOBAL SYMBOLS: SORTED ALPHABETICALLY BY Name 

address   name                                             
-------   ----                                             
00000a27  ADC14_IRQHandler                                 
00000a27  AES256_IRQHandler                                
00000a27  BusFault_Handler                                 
0000153f  C$$EXIT                                          
00000a27  COMP_E0_IRQHandler                               
00000a27  COMP_E1_IRQHandler                               
00000a27  CS_IRQHandler                                    
00000525  Crystalfontz128x128_Init                         
00000d01  Crystalfontz128x128_LineDrawH                    
00000855  Crystalfontz128x128_RectFill                     
000002bd  Crystalfontz128x128_SetDrawFrame                 
00000e21  Crystalfontz128x128_SetOrientation               
00000a27  DMA_ERR_IRQHandler                               
00000a27  DMA_INT0_IRQHandler                              
00000a27  DMA_INT1_IRQHandler                              
00000a27  DMA_INT2_IRQHandler                              
00000a27  DMA_INT3_IRQHandler                              
00000a27  DebugMon_Handler                                 
00000a27  Default_Handler                                  
00000a27  EUSCIA0_IRQHandler                               
00000a27  EUSCIA1_IRQHandler                               
00000a27  EUSCIA2_IRQHandler                               
00000a27  EUSCIA3_IRQHandler                               
00000a27  EUSCIB0_IRQHandler                               
00000a27  EUSCIB1_IRQHandler                               
00000a27  EUSCIB2_IRQHandler                               
00000a27  EUSCIB3_IRQHandler                               
000014bb  EUSCI_A_SPI_enable                               
000014c7  EUSCI_B_SPI_enable                               
00000a27  FLCTL_IRQHandler                                 
00000a27  FPU_IRQHandler                                   
00001375  GPIO_setAsOutputPin                              
00000f69  GPIO_setAsPeripheralModuleFunctionOutputPin      
0000147d  GPIO_setOutputHighOnPin                          
0000144d  GPIO_setOutputLowOnPin                           
00000e75  Graphics_initContext                             
00001419  Graphics_setBackgroundColor                      
00001465  Graphics_translateColorOnDisplay                 
000011e1  HAL_LCD_PortInit                                 
00001089  HAL_LCD_SpiInit                                  
00001105  HAL_LCD_writeCommand                             
000012cd  HAL_LCD_writeData                                
00000a27  HardFault_Handler                                
20003fe6  Lcd_FlagRead                                     
20003fe7  Lcd_FontSolid                                    
20003fe8  Lcd_Orientation                                  
20003fe9  Lcd_PenSolid                                     
20003fe0  Lcd_ScreenHeigth                                 
20003fe2  Lcd_ScreenWidth                                  
20003fe4  Lcd_TouchTrim                                    
00000a27  MemManage_Handler                                
00000a27  NMI_Handler                                      
00000a27  PCM_IRQHandler                                   
00000a27  PORT1_IRQHandler                                 
00000a27  PORT2_IRQHandler                                 
00000a27  PORT3_IRQHandler                                 
00000a27  PORT4_IRQHandler                                 
00000a27  PORT5_IRQHandler                                 
00000a27  PORT6_IRQHandler                                 
00000a27  PSS_IRQHandler                                   
00000a27  PendSV_Handler                                   
00000a27  RTC_C_IRQHandler                                 
000014d3  Reset_Handler                                    
00001690  SHT$$INIT_ARRAY$$Base                            
00001694  SHT$$INIT_ARRAY$$Limit                           
00001433  SPI_enableModule                                 
00000ab1  SPI_initMaster                                   
00000a27  SVC_Handler                                      
00000a27  SysTick_Handler                                  
00000ba9  SystemInit                                       
00000f19  T32_INT1_IRQHandler                              
00000f19  T32_INT1_IRQHandler                              
00000a27  T32_INT2_IRQHandler                              
00000a27  T32_INTC_IRQHandler                              
00000a27  TA0_0_IRQHandler                                 
00000a27  TA0_N_IRQHandler                                 
00000a27  TA1_0_IRQHandler                                 
00000a27  TA1_N_IRQHandler                                 
00000a27  TA2_0_IRQHandler                                 
00000a27  TA2_N_IRQHandler                                 
00000a27  TA3_0_IRQHandler                                 
00000a27  TA3_N_IRQHandler                                 
00000a27  UsageFault_Handler                               
4000480c  WDTCTL_SYM                                       
00000a27  WDT_A_IRQHandler                                 
00000651  _Z5Setupv                                        
00001491  _ZN10__cxxabiv117__class_type_infoD0Ev           
0000152f  _ZN10__cxxabiv117__class_type_infoD1Ev           
0000152f  _ZN10__cxxabiv117__class_type_infoD2Ev           
0000149f  _ZN10__cxxabiv120__si_class_type_infoD0Ev        
00001533  _ZN10__cxxabiv120__si_class_type_infoD1Ev        
00001533  _ZN10__cxxabiv120__si_class_type_infoD2Ev        
000013e1  _ZN3LED3runEv                                    
000012f9  _ZN3LED5setupEv                                  
00001399  _ZN3LEDC1Et                                      
00001399  _ZN3LEDC2Et                                      
20004400  _ZN4Task14m_u8NextTaskIDE                        
000014df  _ZN4Task3runEv                                   
000014eb  _ZN4Task5setupEv                                 
000011ad  _ZN4TaskC1Ev                                     
000011ad  _ZN4TaskC2Ev                                     
00001241  _ZN7Mailbox10getMailboxEv                        
20004418  _ZN7Mailbox7MailObjE                             
000014f7  _ZN7MailboxC1Ev                                  
000003f1  _ZN9Scheduler3runEv                              
00000fb5  _ZN9Scheduler5setupEv                            
0000098d  _ZN9Scheduler6attachEP4Task8TaskType10TaskActivey
00000ec7  _ZN9SchedulerC1Ev                                
00000ec7  _ZN9SchedulerC2Ev                                
00000ba7  _ZNSt9type_infoD1Ev                              
00000ba7  _ZNSt9type_infoD2Ev                              
00001505  _ZSt15get_new_handlerv                           
0000153f  _ZSt17__throw_bad_allocv                         
00001648  _ZTI3LED                                         
00001674  _ZTI4Task                                        
00001654  _ZTIN10__cxxabiv117__class_type_infoE            
00001660  _ZTIN10__cxxabiv120__si_class_type_infoE         
0000167c  _ZTISt9type_info                                 
0000168a  _ZTS3LED                                         
00001684  _ZTS4Task                                        
00001599  _ZTSN10__cxxabiv117__class_type_infoE            
00001574  _ZTSN10__cxxabiv120__si_class_type_infoE         
00001638  _ZTSSt9type_info                                 
000015f8  _ZTV3LED                                         
00001608  _ZTV4Task                                        
00001618  _ZTVN10__cxxabiv117__class_type_infoE            
00001628  _ZTVN10__cxxabiv120__si_class_type_infoE         
00001527  _ZdlPv                                           
00001537  _ZdlPvj                                          
000013bd  _Znwj                                            
20010000  __STACK_END                                      
00000200  __STACK_SIZE                                     
00000400  __SYSMEM_SIZE                                    
000016d0  __TI_CINIT_Base                                  
000016e0  __TI_CINIT_Limit                                 
000016bc  __TI_Handler_Table_Base                          
000016c8  __TI_Handler_Table_Limit                         
00000dc1  __TI_auto_init_nobinit                           
00000c99  __TI_decompress_lzss                             
000014ad  __TI_decompress_none                             
ffffffff  __TI_pprof_out_hndl                              
ffffffff  __TI_prof_data_size                              
ffffffff  __TI_prof_data_start                             
00000000  __TI_static_base__                               
00001511  __TI_zero_init                                   
00000b2d  __aeabi_memclr                                   
00000b2d  __aeabi_memclr4                                  
00000b2d  __aeabi_memclr8                                  
000008f1  __aeabi_memcpy                                   
000008f1  __aeabi_memcpy4                                  
000008f1  __aeabi_memcpy8                                  
00000b2f  __aeabi_memset                                   
00000b2f  __aeabi_memset4                                  
00000b2f  __aeabi_memset8                                  
ffffffff  __binit__                                        
ffffffff  __c_args__                                       
UNDEFED   __mpu_init                                       
2000fe00  __stack                                          
000013fd  __sti___8_main_cpp_8ea94d19                      
0000113d  _c_int00_noargs                                  
20004410  _lock                                            
000013df  _nop                                             
20003ff0  _sys_memory                                      
UNDEFED   _system_post_cinit                               
0000153b  _system_pre_init                                 
20004414  _unlock                                          
0000153f  abort                                            
ffffffff  binit                                            
0000077d  free                                             
20003fd8  g_Mailbox                                        
20000000  g_MainScheduler                                  
200043f0  g_iHeartBeatCount                                
000015bc  g_sCrystalfontz128x128_funcs                     
00000000  interruptVectors                                 
00000a29  main                                             
00000c21  malloc                                           
000008f1  memcpy                                           
00000b35  memset                                           
00001175  minit                                            


GLOBAL SYMBOLS: SORTED BY Symbol Address 

address   name                                             
-------   ----                                             
00000000  __TI_static_base__                               
00000000  interruptVectors                                 
00000200  __STACK_SIZE                                     
000002bd  Crystalfontz128x128_SetDrawFrame                 
000003f1  _ZN9Scheduler3runEv                              
00000400  __SYSMEM_SIZE                                    
00000525  Crystalfontz128x128_Init                         
00000651  _Z5Setupv                                        
0000077d  free                                             
00000855  Crystalfontz128x128_RectFill                     
000008f1  __aeabi_memcpy                                   
000008f1  __aeabi_memcpy4                                  
000008f1  __aeabi_memcpy8                                  
000008f1  memcpy                                           
0000098d  _ZN9Scheduler6attachEP4Task8TaskType10TaskActivey
00000a27  ADC14_IRQHandler                                 
00000a27  AES256_IRQHandler                                
00000a27  BusFault_Handler                                 
00000a27  COMP_E0_IRQHandler                               
00000a27  COMP_E1_IRQHandler                               
00000a27  CS_IRQHandler                                    
00000a27  DMA_ERR_IRQHandler                               
00000a27  DMA_INT0_IRQHandler                              
00000a27  DMA_INT1_IRQHandler                              
00000a27  DMA_INT2_IRQHandler                              
00000a27  DMA_INT3_IRQHandler                              
00000a27  DebugMon_Handler                                 
00000a27  Default_Handler                                  
00000a27  EUSCIA0_IRQHandler                               
00000a27  EUSCIA1_IRQHandler                               
00000a27  EUSCIA2_IRQHandler                               
00000a27  EUSCIA3_IRQHandler                               
00000a27  EUSCIB0_IRQHandler                               
00000a27  EUSCIB1_IRQHandler                               
00000a27  EUSCIB2_IRQHandler                               
00000a27  EUSCIB3_IRQHandler                               
00000a27  FLCTL_IRQHandler                                 
00000a27  FPU_IRQHandler                                   
00000a27  HardFault_Handler                                
00000a27  MemManage_Handler                                
00000a27  NMI_Handler                                      
00000a27  PCM_IRQHandler                                   
00000a27  PORT1_IRQHandler                                 
00000a27  PORT2_IRQHandler                                 
00000a27  PORT3_IRQHandler                                 
00000a27  PORT4_IRQHandler                                 
00000a27  PORT5_IRQHandler                                 
00000a27  PORT6_IRQHandler                                 
00000a27  PSS_IRQHandler                                   
00000a27  PendSV_Handler                                   
00000a27  RTC_C_IRQHandler                                 
00000a27  SVC_Handler                                      
00000a27  SysTick_Handler                                  
00000a27  T32_INT2_IRQHandler                              
00000a27  T32_INTC_IRQHandler                              
00000a27  TA0_0_IRQHandler                                 
00000a27  TA0_N_IRQHandler                                 
00000a27  TA1_0_IRQHandler                                 
00000a27  TA1_N_IRQHandler                                 
00000a27  TA2_0_IRQHandler                                 
00000a27  TA2_N_IRQHandler                                 
00000a27  TA3_0_IRQHandler                                 
00000a27  TA3_N_IRQHandler                                 
00000a27  UsageFault_Handler                               
00000a27  WDT_A_IRQHandler                                 
00000a29  main                                             
00000ab1  SPI_initMaster                                   
00000b2d  __aeabi_memclr                                   
00000b2d  __aeabi_memclr4                                  
00000b2d  __aeabi_memclr8                                  
00000b2f  __aeabi_memset                                   
00000b2f  __aeabi_memset4                                  
00000b2f  __aeabi_memset8                                  
00000b35  memset                                           
00000ba7  _ZNSt9type_infoD1Ev                              
00000ba7  _ZNSt9type_infoD2Ev                              
00000ba9  SystemInit                                       
00000c21  malloc                                           
00000c99  __TI_decompress_lzss                             
00000d01  Crystalfontz128x128_LineDrawH                    
00000dc1  __TI_auto_init_nobinit                           
00000e21  Crystalfontz128x128_SetOrientation               
00000e75  Graphics_initContext                             
00000ec7  _ZN9SchedulerC1Ev                                
00000ec7  _ZN9SchedulerC2Ev                                
00000f19  T32_INT1_IRQHandler                              
00000f19  T32_INT1_IRQHandler                              
00000f69  GPIO_setAsPeripheralModuleFunctionOutputPin      
00000fb5  _ZN9Scheduler5setupEv                            
00001089  HAL_LCD_SpiInit                                  
00001105  HAL_LCD_writeCommand                             
0000113d  _c_int00_noargs                                  
00001175  minit                                            
000011ad  _ZN4TaskC1Ev                                     
000011ad  _ZN4TaskC2Ev                                     
000011e1  HAL_LCD_PortInit                                 
00001241  _ZN7Mailbox10getMailboxEv                        
000012cd  HAL_LCD_writeData                                
000012f9  _ZN3LED5setupEv                                  
00001375  GPIO_setAsOutputPin                              
00001399  _ZN3LEDC1Et                                      
00001399  _ZN3LEDC2Et                                      
000013bd  _Znwj                                            
000013df  _nop                                             
000013e1  _ZN3LED3runEv                                    
000013fd  __sti___8_main_cpp_8ea94d19                      
00001419  Graphics_setBackgroundColor                      
00001433  SPI_enableModule                                 
0000144d  GPIO_setOutputLowOnPin                           
00001465  Graphics_translateColorOnDisplay                 
0000147d  GPIO_setOutputHighOnPin                          
00001491  _ZN10__cxxabiv117__class_type_infoD0Ev           
0000149f  _ZN10__cxxabiv120__si_class_type_infoD0Ev        
000014ad  __TI_decompress_none                             
000014bb  EUSCI_A_SPI_enable                               
000014c7  EUSCI_B_SPI_enable                               
000014d3  Reset_Handler                                    
000014df  _ZN4Task3runEv                                   
000014eb  _ZN4Task5setupEv                                 
000014f7  _ZN7MailboxC1Ev                                  
00001505  _ZSt15get_new_handlerv                           
00001511  __TI_zero_init                                   
00001527  _ZdlPv                                           
0000152f  _ZN10__cxxabiv117__class_type_infoD1Ev           
0000152f  _ZN10__cxxabiv117__class_type_infoD2Ev           
00001533  _ZN10__cxxabiv120__si_class_type_infoD1Ev        
00001533  _ZN10__cxxabiv120__si_class_type_infoD2Ev        
00001537  _ZdlPvj                                          
0000153b  _system_pre_init                                 
0000153f  C$$EXIT                                          
0000153f  _ZSt17__throw_bad_allocv                         
0000153f  abort                                            
00001574  _ZTSN10__cxxabiv120__si_class_type_infoE         
00001599  _ZTSN10__cxxabiv117__class_type_infoE            
000015bc  g_sCrystalfontz128x128_funcs                     
000015f8  _ZTV3LED                                         
00001608  _ZTV4Task                                        
00001618  _ZTVN10__cxxabiv117__class_type_infoE            
00001628  _ZTVN10__cxxabiv120__si_class_type_infoE         
00001638  _ZTSSt9type_info                                 
00001648  _ZTI3LED                                         
00001654  _ZTIN10__cxxabiv117__class_type_infoE            
00001660  _ZTIN10__cxxabiv120__si_class_type_infoE         
00001674  _ZTI4Task                                        
0000167c  _ZTISt9type_info                                 
00001684  _ZTS4Task                                        
0000168a  _ZTS3LED                                         
00001690  SHT$$INIT_ARRAY$$Base                            
00001694  SHT$$INIT_ARRAY$$Limit                           
000016bc  __TI_Handler_Table_Base                          
000016c8  __TI_Handler_Table_Limit                         
000016d0  __TI_CINIT_Base                                  
000016e0  __TI_CINIT_Limit                                 
20000000  g_MainScheduler                                  
20003fd8  g_Mailbox                                        
20003fe0  Lcd_ScreenHeigth                                 
20003fe2  Lcd_ScreenWidth                                  
20003fe4  Lcd_TouchTrim                                    
20003fe6  Lcd_FlagRead                                     
20003fe7  Lcd_FontSolid                                    
20003fe8  Lcd_Orientation                                  
20003fe9  Lcd_PenSolid                                     
20003ff0  _sys_memory                                      
200043f0  g_iHeartBeatCount                                
20004400  _ZN4Task14m_u8NextTaskIDE                        
20004410  _lock                                            
20004414  _unlock                                          
20004418  _ZN7Mailbox7MailObjE                             
2000fe00  __stack                                          
20010000  __STACK_END                                      
4000480c  WDTCTL_SYM                                       
ffffffff  __TI_pprof_out_hndl                              
ffffffff  __TI_prof_data_size                              
ffffffff  __TI_prof_data_start                             
ffffffff  __binit__                                        
ffffffff  __c_args__                                       
ffffffff  binit                                            
UNDEFED   __mpu_init                                       
UNDEFED   _system_post_cinit                               

[179 symbols]
