******************************************************************************
                  TI ARM Linker Unix v18.1.1                   
******************************************************************************
>> Linked Thu Jun  7 17:56:39 2018

OUTPUT FILE NAME:   <IE119-Lab2v0.1.out>
ENTRY POINT SYMBOL: "_c_int00_noargs"  address: 00001b75


MEMORY CONFIGURATION

         name            origin    length      used     unused   attr    fill
----------------------  --------  ---------  --------  --------  ----  --------
  MAIN                  00000000   00040000  00002254  0003ddac  R  X
  INFO                  00200000   00004000  00000000  00004000  R  X
  SRAM_CODE             01000000   00010000  0000461e  0000b9e2  RW X
  SRAM_DATA             20000000   00010000  0000461e  0000b9e2  RW  


SEGMENT ALLOCATION MAP

run origin  load origin   length   init length attrs members
----------  ----------- ---------- ----------- ----- -------
00000000    00000000    00002258   00002258    r-x
  00000000    00000000    000000e4   000000e4    r-- .intvecs
  000000e4    000000e4    00001f7e   00001f7e    r-x .text
  00002064    00002064    000001a6   000001a6    r-- .const
  0000220c    0000220c    00000004   00000004    r-- .init_array
  00002210    00002210    00000048   00000048    r-- .cinit
20000000    20000000    00004424   00000000    rw-
  20000000    20000000    00003ff2   00000000    rw- .bss
  20003ff8    20003ff8    00000400   00000000    rw- .sysmem
  200043f8    200043f8    0000002c   00000000    rw- .data
2000fe00    2000fe00    00000200   00000000    rw-
  2000fe00    2000fe00    00000200   00000000    rw- .stack


SECTION ALLOCATION MAP

 output                                  attributes/
section   page    origin      length       input sections
--------  ----  ----------  ----------   ----------------
.intvecs   0    00000000    000000e4     
                  00000000    000000e4     startup_msp432p401r_ccs.obj (.intvecs:retain)

.binit     0    00000000    00000000     

.text      0    000000e4    00001f7e     
                  000000e4    00000270     Scheduler.obj (.text:_ZN9Scheduler22SortScheduleByPriorityEv)
                  00000354    000001d0     Crystalfontz128x128_ST7735.obj (.text:Crystalfontz128x128_PixelDrawMultiple)
                  00000524    0000019e     SCREEN_UPDATE.obj (.text:_ZN13SCREEN_UPDATE3runEv)
                  000006c2    00000002     startup_msp432p401r_ccs.obj (.text:Default_Handler)
                  000006c4    00000134     Crystalfontz128x128_ST7735.obj (.text:Crystalfontz128x128_SetDrawFrame)
                  000007f8    0000012c     Crystalfontz128x128_ST7735.obj (.text:Crystalfontz128x128_Init)
                  00000924    00000120     Scheduler.obj (.text:_ZN9Scheduler3runEv)
                  00000a44    000000d8     rtsv7M4_T_le_v4SPD16_eabi.lib : memory.c.obj (.text:free)
                  00000b1c    000000d0     UPDATE_ADC.obj (.text:_ZN10UPDATE_ADC5setupEv)
                  00000bec    000000c6     Mailbox.obj (.text:_ZN7Mailbox15FindMessageSlotEhbt)
                  00000cb2    000000bc     Mailbox.obj (.text:_ZN7Mailbox10getMessageEht)
                  00000d6e    000000b2     LINE_COUNT.obj (.text:_ZN10LINE_COUNT3runEv)
                  00000e20    000000a2     Scheduler.obj (.text:_ZN9Scheduler6attachEP4Task8TaskType10TaskActivehy)
                  00000ec2    00000002     rtsv7M4_T_le_v4SPD16_eabi.lib : stdlib_typeinfo.cpp.obj (.text:_ZNSt9type_infoD1Ev)
                  00000ec4    000000a0     main.obj (.text:main)
                  00000f64    0000009c     Scheduler.obj (.text:_ZN9Scheduler9PairTasksEv)
                  00001000    0000009c     rtsv7M4_T_le_v4SPD16_eabi.lib : memcpy_t2.asm.obj (.text)
                  0000109c    0000009a     Crystalfontz128x128_ST7735.obj (.text:Crystalfontz128x128_RectFill)
                  00001136    00000092     Mailbox.obj (.text:_ZN7Mailbox11sendMessageE10st_Message)
                  000011c8    00000080     UPDATE_ADC.obj (.text:_ZN10UPDATE_ADC3runEv)
                  00001248    0000007c     msp432p4xx_driverlib.lib : spi_MSP432P4XX.obj (.text:SPI_initMaster)
                  000012c4    0000007a     Scheduler.obj (.text:_ZN9Scheduler5setupEv)
                  0000133e    0000007a     rtsv7M4_T_le_v4SPD16_eabi.lib : memset_t2.asm.obj (.text)
                  000013b8    00000078     system_msp432p401r.obj (.text:SystemInit)
                  00001430    00000078     rtsv7M4_T_le_v4SPD16_eabi.lib : memory.c.obj (.text:malloc)
                  000014a8    0000006c     main.obj (.text:_ZN10LINE_COUNTC1Ev)
                  00001514    00000068     Mailbox.obj (.text:_ZN7Mailbox12setupMailboxEh)
                  0000157c    00000068     rtsv7M4_T_le_v4SPD16_eabi.lib : copy_decompress_lzss.c.obj (.text:decompress:lzss:__TI_decompress_lzss)
                  000015e4    00000060                                   : autoinit.c.obj (.text:__TI_auto_init_nobinit:__TI_auto_init_nobinit)
                  00001644    0000005e     Crystalfontz128x128_ST7735.obj (.text:Crystalfontz128x128_LineDrawV)
                  000016a2    0000005a     Crystalfontz128x128_ST7735.obj (.text:Crystalfontz128x128_LineDrawH)
                  000016fc    00000054     Crystalfontz128x128_ST7735.obj (.text:Crystalfontz128x128_SetOrientation)
                  00001750    00000054     main.obj (.text:T32_INT1_IRQHandler)
                  000017a4    00000052     grlib.a : context.obj (.text:Graphics_initContext)
                  000017f6    0000004e     Scheduler.obj (.text:_ZN9Scheduler13NumberOfTasksEv)
                  00001844    0000004e     Scheduler.obj (.text:_ZN9SchedulerC1Ev)
                  00001892    00000002     rtsv7M4_T_le_v4SPD16_eabi.lib : _lock.c.obj (.text:_nop)
                  00001894    0000004c     msp432p4xx_driverlib.lib : gpio_MSP432P4XX.obj (.text:GPIO_setAsPeripheralModuleFunctionOutputPin)
                  000018e0    00000048     main.obj (.text:_ZN29_INTERNAL_8_main_cpp_8ea94d1918__NVIC_SetPriorityE4IRQnj)
                  00001928    00000048     UPDATE_ADC.obj (.text:_ZN36_INTERNAL_14_UPDATE_ADC_cpp_a204de0c18__NVIC_SetPriorityE4IRQnj)
                  00001970    00000048     Mailbox.obj (.text:_ZN7MailboxC1Ev)
                  000019b8    00000044     main.obj (.text:_Z5Setupv)
                  000019fc    00000044     SCREEN_UPDATE.obj (.text:_ZN13SCREEN_UPDATE5setupEv)
                  00001a40    00000040     HAL_MSP_EXP432P401R_Crystalfontz128x128_ST7735.obj (.text:HAL_LCD_SpiInit)
                  00001a80    00000040     Task.obj (.text:_ZN4TaskC1Ev)
                  00001ac0    0000003e     Crystalfontz128x128_ST7735.obj (.text:Crystalfontz128x128_PixelDraw)
                  00001afe    00000002     --HOLE-- [fill = 0]
                  00001b00    0000003c     rtsv7M4_T_le_v4SPD16_eabi.lib : memory.c.obj (.text:minsert)
                  00001b3c    00000038     HAL_MSP_EXP432P401R_Crystalfontz128x128_ST7735.obj (.text:HAL_LCD_writeCommand)
                  00001b74    00000038     rtsv7M4_T_le_v4SPD16_eabi.lib : boot_cortex_m.c.obj (.text:_c_int00_noargs:_c_int00_noargs)
                  00001bac    00000038                                   : memory.c.obj (.text:minit)
                  00001be4    00000030     HAL_MSP_EXP432P401R_Crystalfontz128x128_ST7735.obj (.text:HAL_LCD_PortInit)
                  00001c14    00000030     main.obj (.text:_ZN29_INTERNAL_8_main_cpp_8ea94d1916__NVIC_EnableIRQE4IRQn)
                  00001c44    00000030     UPDATE_ADC.obj (.text:_ZN36_INTERNAL_14_UPDATE_ADC_cpp_a204de0c16__NVIC_EnableIRQE4IRQn)
                  00001c74    00000030     Mailbox.obj (.text:_ZN7Mailbox10getMailboxEv)
                  00001ca4    00000030     msp432p4xx_driverlib.lib : spi_MSP432P4XX.obj (.text:is_A_Module)
                  00001cd4    0000002e     Task.obj (.text:_ZN4Task11sendMessageE10st_Message)
                  00001d02    00000002     --HOLE-- [fill = 0]
                  00001d04    0000002c     Crystalfontz128x128_ST7735.obj (.text:Crystalfontz128x128_ClearScreen)
                  00001d30    0000002c     HAL_MSP_EXP432P401R_Crystalfontz128x128_ST7735.obj (.text:HAL_LCD_writeData)
                  00001d5c    0000002c     Task.obj (.text:_ZN4Task21CheckMessageIntegrityE10st_Message)
                  00001d88    00000028     Crystalfontz128x128_ST7735.obj (.text:Crystalfontz128x128_ColorTranslate)
                  00001db0    00000028     rtsv7M4_T_le_v4SPD16_eabi.lib : memory.c.obj (.text:mremove)
                  00001dd8    00000024     msp432p4xx_driverlib.lib : gpio_MSP432P4XX.obj (.text:GPIO_setAsOutputPin)
                  00001dfc    00000024     main.obj (.text:_ZN10UPDATE_ADCC1Ev)
                  00001e20    00000022     rtsv7M4_T_le_v4SPD16_eabi.lib : new.cpp.obj (.text:_Znwj)
                  00001e42    00000002     --HOLE-- [fill = 0]
                  00001e44    00000020     main.obj (.text:ADC14_IRQHandler)
                  00001e64    0000001e     Task.obj (.text:_ZN4Task10getMessageEht)
                  00001e82    0000001c     Mailbox.obj (.text:_ZN7Mailbox17GetDefaultMessageEv)
                  00001e9e    00000002     --HOLE-- [fill = 0]
                  00001ea0    0000001c     main.obj (.text:__sti___8_main_cpp_8ea94d19)
                  00001ebc    0000001a     grlib.a : display.obj (.text:Graphics_clearDisplayOnDisplay)
                  00001ed6    0000001a             : context.obj (.text:Graphics_setBackgroundColor)
                  00001ef0    0000001a     msp432p4xx_driverlib.lib : spi_MSP432P4XX.obj (.text:SPI_enableModule)
                  00001f0a    00000002     --HOLE-- [fill = 0]
                  00001f0c    00000018                              : gpio_MSP432P4XX.obj (.text:GPIO_setOutputLowOnPin)
                  00001f24    00000018     LINE_COUNT.obj (.text:_ZN10LINE_COUNT5setupEv)
                  00001f3c    00000018     main.obj (.text:_ZN13SCREEN_UPDATEC1Ev)
                  00001f54    00000016     grlib.a : display.obj (.text:Graphics_translateColorOnDisplay)
                  00001f6a    00000002     --HOLE-- [fill = 0]
                  00001f6c    00000014     msp432p4xx_driverlib.lib : gpio_MSP432P4XX.obj (.text:GPIO_setOutputHighOnPin)
                  00001f80    00000012     grlib.a : context.obj (.text:Graphics_clearDisplay)
                  00001f92    0000000e     rtsv7M4_T_le_v4SPD16_eabi.lib : typeinfo.c.obj (.text:_ZN10__cxxabiv117__class_type_infoD0Ev)
                  00001fa0    0000000e                                   : typeinfo.c.obj (.text:_ZN10__cxxabiv120__si_class_type_infoD0Ev)
                  00001fae    0000000e     Task.obj (.text:_ZN4Task13GetNeededDataEv)
                  00001fbc    0000000e     Task.obj (.text:_ZN4Task14GetHandledDataEv)
                  00001fca    0000000e     Task.obj (.text:_ZN4Task17GetDefaultMessageEv)
                  00001fd8    0000000e     rtsv7M4_T_le_v4SPD16_eabi.lib : copy_decompress_none.c.obj (.text:decompress:none:__TI_decompress_none)
                  00001fe6    0000000c     msp432p4xx_driverlib.lib : spi_MSP432P4XX.obj (.text:EUSCI_A_SPI_enable)
                  00001ff2    0000000c                              : spi_MSP432P4XX.obj (.text:EUSCI_B_SPI_enable)
                  00001ffe    0000000c     startup_msp432p401r_ccs.obj (.text:Reset_Handler)
                  0000200a    0000000c     Task.obj (.text:_ZN4Task3runEv)
                  00002016    0000000c     Task.obj (.text:_ZN4Task5setupEv)
                  00002022    00000002     --HOLE-- [fill = 0]
                  00002024    0000000c     rtsv7M4_T_le_v4SPD16_eabi.lib : new.cpp.obj (.text:_ZSt15get_new_handlerv)
                  00002030    0000000c                                   : copy_zero_init.c.obj (.text:decompress:ZI:__TI_zero_init)
                  0000203c    0000000a     Crystalfontz128x128_ST7735.obj (.text:Crystalfontz128x128_Flush)
                  00002046    00000008     rtsv7M4_T_le_v4SPD16_eabi.lib : new.cpp.obj (.text:_ZdlPv)
                  0000204e    00000004                                   : typeinfo.c.obj (.text:_ZN10__cxxabiv117__class_type_infoD1Ev)
                  00002052    00000004                                   : typeinfo.c.obj (.text:_ZN10__cxxabiv120__si_class_type_infoD1Ev)
                  00002056    00000004                                   : new.cpp.obj (.text:_ZdlPvj)
                  0000205a    00000004                                   : pre_init.c.obj (.text:_system_pre_init)
                  0000205e    00000004                                   : exit.c.obj (.text:abort:abort)

.const     0    00002064    000001a6     
                  00002064    00000030     msp432p4xx_driverlib.lib : gpio_MSP432P4XX.obj (.const:GPIO_PORT_TO_BASE)
                  00002094    00000025     rtsv7M4_T_le_v4SPD16_eabi.lib : typeinfo.c.obj (.const:.typeinfo:_ZTSN10__cxxabiv120__si_class_type_infoE)
                  000020b9    00000022                                   : typeinfo.c.obj (.const:.typeinfo:_ZTSN10__cxxabiv117__class_type_infoE)
                  000020db    00000001     --HOLE-- [fill = 0]
                  000020dc    00000020     Crystalfontz128x128_ST7735.obj (.const:g_sCrystalfontz128x128_funcs)
                  000020fc    0000001c     HAL_MSP_EXP432P401R_Crystalfontz128x128_ST7735.obj (.const:$P$T0$1)
                  00002118    00000010     SCREEN_UPDATE.obj (.const:.typeinfo:_ZTS13SCREEN_UPDATE)
                  00002128    00000010     LINE_COUNT.obj (.const:_ZTV10LINE_COUNT)
                  00002138    00000010     UPDATE_ADC.obj (.const:_ZTV10UPDATE_ADC)
                  00002148    00000010     SCREEN_UPDATE.obj (.const:_ZTV13SCREEN_UPDATE)
                  00002158    00000010     Task.obj (.const:_ZTV4Task)
                  00002168    00000010     rtsv7M4_T_le_v4SPD16_eabi.lib : typeinfo.c.obj (.const:_ZTVN10__cxxabiv117__class_type_infoE)
                  00002178    00000010                                   : typeinfo.c.obj (.const:_ZTVN10__cxxabiv120__si_class_type_infoE)
                  00002188    0000000d     LINE_COUNT.obj (.const:.typeinfo:_ZTS10LINE_COUNT)
                  00002195    0000000d     UPDATE_ADC.obj (.const:.typeinfo:_ZTS10UPDATE_ADC)
                  000021a2    0000000d     rtsv7M4_T_le_v4SPD16_eabi.lib : stdlib_typeinfo.cpp.obj (.const:.typeinfo:_ZTSSt9type_info)
                  000021af    00000001     --HOLE-- [fill = 0]
                  000021b0    0000000c     LINE_COUNT.obj (.const:.typeinfo:_ZTI10LINE_COUNT)
                  000021bc    0000000c     UPDATE_ADC.obj (.const:.typeinfo:_ZTI10UPDATE_ADC)
                  000021c8    0000000c     SCREEN_UPDATE.obj (.const:.typeinfo:_ZTI13SCREEN_UPDATE)
                  000021d4    0000000c     rtsv7M4_T_le_v4SPD16_eabi.lib : typeinfo.c.obj (.const:.typeinfo:_ZTIN10__cxxabiv117__class_type_infoE)
                  000021e0    0000000c                                   : typeinfo.c.obj (.const:.typeinfo:_ZTIN10__cxxabiv120__si_class_type_infoE)
                  000021ec    00000008     Crystalfontz128x128_ST7735.obj (.const:$P$T0$1)
                  000021f4    00000008     Task.obj (.const:.typeinfo:_ZTI4Task)
                  000021fc    00000008     rtsv7M4_T_le_v4SPD16_eabi.lib : stdlib_typeinfo.cpp.obj (.const:.typeinfo:_ZTISt9type_info)
                  00002204    00000006     Task.obj (.const:.typeinfo:_ZTS4Task)

.cinit     0    00002210    00000048     
                  00002210    00000021     (.cinit..data.load) [load image, compression = lzss]
                  00002231    00000003     --HOLE-- [fill = 0]
                  00002234    0000000c     (__TI_handler_table)
                  00002240    00000008     (.cinit..bss.load) [load image, compression = zero_init]
                  00002248    00000010     (__TI_cinit_table)

.init_array 
*          0    0000220c    00000004     
                  0000220c    00000004     main.obj (.init_array)

.bss       0    20000000    00003ff2     UNINITIALIZED
                  20000000    00003fe0     main.obj (.bss:g_MainScheduler)
                  20003fe0    00000004     main.obj (.bss)
                  20003fe4    00000004     rtsv7M4_T_le_v4SPD16_eabi.lib : new.cpp.obj (.bss)
                  20003fe8    00000002     (.common:Lcd_ScreenHeigth)
                  20003fea    00000002     (.common:Lcd_ScreenWidth)
                  20003fec    00000002     (.common:Lcd_TouchTrim)
                  20003fee    00000001     (.common:Lcd_FlagRead)
                  20003fef    00000001     (.common:Lcd_FontSolid)
                  20003ff0    00000001     (.common:Lcd_Orientation)
                  20003ff1    00000001     (.common:Lcd_PenSolid)

.sysmem    0    20003ff8    00000400     UNINITIALIZED
                  20003ff8    00000008     rtsv7M4_T_le_v4SPD16_eabi.lib : memory.c.obj (.sysmem)
                  20004000    000003f8     --HOLE--

.data      0    200043f8    0000002c     UNINITIALIZED
                  200043f8    00000011     main.obj (.data)
                  20004409    00000003     --HOLE--
                  2000440c    0000000c     rtsv7M4_T_le_v4SPD16_eabi.lib : memory.c.obj (.data:$O1$$)
                  20004418    00000008                                   : _lock.c.obj (.data:$O1$$)
                  20004420    00000004     Mailbox.obj (.data)

.stack     0    2000fe00    00000200     UNINITIALIZED
                  2000fe00    00000004     rtsv7M4_T_le_v4SPD16_eabi.lib : boot_cortex_m.c.obj (.stack)
                  2000fe04    000001fc     --HOLE--

MODULE SUMMARY

       Module                                               code   ro data   rw data
       ------                                               ----   -------   -------
    ./
       main.obj                                             660    4         32746  
       Scheduler.obj                                        1508   0         0      
       Mailbox.obj                                          784    0         8      
       Task.obj                                             250    30        0      
       system_msp432p401r.obj                               120    0         0      
    +--+----------------------------------------------------+------+---------+---------+
       Total:                                               3322   34        32754  
                                                                                    
    ./LcdDriver/
       Crystalfontz128x128_ST7735.obj                       1650   40        20     
       HAL_MSP_EXP432P401R_Crystalfontz128x128_ST7735.obj   212    28        0      
    +--+----------------------------------------------------+------+---------+---------+
       Total:                                               1862   68        20     
                                                                                    
    ./Tasks/
       SCREEN_UPDATE.obj                                    482    44        0      
       UPDATE_ADC.obj                                       456    41        0      
       LINE_COUNT.obj                                       202    41        0      
    +--+----------------------------------------------------+------+---------+---------+
       Total:                                               1140   126       0      
                                                                                    
    ./ccs/
       startup_msp432p401r_ccs.obj                          14     228       0      
    +--+----------------------------------------------------+------+---------+---------+
       Total:                                               14     228       0      
                                                                                    
    /home/esteban/ti/ccsv7/tools/compiler/ti-cgt-arm_18.1.1.LTS/lib/rtsv7M4_T_le_v4SPD16_eabi.lib
       memory.c.obj                                         492    0         24     
       typeinfo.c.obj                                       36     127       0      
       memcpy_t2.asm.obj                                    156    0         0      
       memset_t2.asm.obj                                    122    0         0      
       copy_decompress_lzss.c.obj                           104    0         0      
       autoinit.c.obj                                       96     0         0      
       new.cpp.obj                                          58     0         8      
       boot_cortex_m.c.obj                                  56     0         0      
       stdlib_typeinfo.cpp.obj                              2      21        0      
       _lock.c.obj                                          2      0         16     
       copy_decompress_none.c.obj                           14     0         0      
       copy_zero_init.c.obj                                 12     0         0      
       exit.c.obj                                           4      0         0      
       pre_init.c.obj                                       4      0         0      
    +--+----------------------------------------------------+------+---------+---------+
       Total:                                               1158   148       48     
                                                                                    
    /home/esteban/ti/simplelink_msp432p4_sdk_2_10_00_14/source/ti/devices/msp432p4xx/driverlib/ccs/msp432p4xx_driverlib.lib
       spi_MSP432P4XX.obj                                   222    0         0      
       gpio_MSP432P4XX.obj                                  156    48        0      
    +--+----------------------------------------------------+------+---------+---------+
       Total:                                               378    48        0      
                                                                                    
    /home/esteban/ti/simplelink_msp432p4_sdk_2_10_00_14/source/ti/grlib/lib/ccs/m4f/grlib.a
       context.obj                                          126    0         0      
       display.obj                                          48     0         0      
    +--+----------------------------------------------------+------+---------+---------+
       Total:                                               174    0         0      
                                                                                    
       Heap:                                                0      0         2048   
       Stack:                                               0      0         1024   
       Linker Generated:                                    0      69        0      
    +--+----------------------------------------------------+------+---------+---------+
       Grand Total:                                         8048   721       35894  


LINKER GENERATED COPY TABLES

__TI_cinit_table @ 00002248 records: 2, size/record: 8, table size: 16
	.data: load addr=00002210, load size=00000021 bytes, run addr=200043f8, run size=0000002c bytes, compression=lzss
	.bss: load addr=00002240, load size=00000008 bytes, run addr=20000000, run size=00003ff2 bytes, compression=zero_init


LINKER GENERATED HANDLER TABLE

__TI_handler_table @ 00002234 records: 3, size/record: 4, table size: 12
	index: 0, handler: __TI_decompress_lzss
	index: 1, handler: __TI_decompress_none
	index: 2, handler: __TI_zero_init


GLOBAL SYMBOLS: SORTED ALPHABETICALLY BY Name 

address   name                                              
-------   ----                                              
00001e45  ADC14_IRQHandler                                  
00001e45  ADC14_IRQHandler                                  
000006c3  AES256_IRQHandler                                 
000006c3  BusFault_Handler                                  
0000205f  C$$EXIT                                           
000006c3  COMP_E0_IRQHandler                                
000006c3  COMP_E1_IRQHandler                                
000006c3  CS_IRQHandler                                     
000007f9  Crystalfontz128x128_Init                          
000016a3  Crystalfontz128x128_LineDrawH                     
0000109d  Crystalfontz128x128_RectFill                      
000006c5  Crystalfontz128x128_SetDrawFrame                  
000016fd  Crystalfontz128x128_SetOrientation                
000006c3  DMA_ERR_IRQHandler                                
000006c3  DMA_INT0_IRQHandler                               
000006c3  DMA_INT1_IRQHandler                               
000006c3  DMA_INT2_IRQHandler                               
000006c3  DMA_INT3_IRQHandler                               
000006c3  DebugMon_Handler                                  
000006c3  Default_Handler                                   
000006c3  EUSCIA0_IRQHandler                                
000006c3  EUSCIA1_IRQHandler                                
000006c3  EUSCIA2_IRQHandler                                
000006c3  EUSCIA3_IRQHandler                                
000006c3  EUSCIB0_IRQHandler                                
000006c3  EUSCIB1_IRQHandler                                
000006c3  EUSCIB2_IRQHandler                                
000006c3  EUSCIB3_IRQHandler                                
00001fe7  EUSCI_A_SPI_enable                                
00001ff3  EUSCI_B_SPI_enable                                
000006c3  FLCTL_IRQHandler                                  
000006c3  FPU_IRQHandler                                    
00001dd9  GPIO_setAsOutputPin                               
00001895  GPIO_setAsPeripheralModuleFunctionOutputPin       
00001f6d  GPIO_setOutputHighOnPin                           
00001f0d  GPIO_setOutputLowOnPin                            
00001f81  Graphics_clearDisplay                             
00001ebd  Graphics_clearDisplayOnDisplay                    
000017a5  Graphics_initContext                              
00001ed7  Graphics_setBackgroundColor                       
00001f55  Graphics_translateColorOnDisplay                  
00001be5  HAL_LCD_PortInit                                  
00001a41  HAL_LCD_SpiInit                                   
00001b3d  HAL_LCD_writeCommand                              
00001d31  HAL_LCD_writeData                                 
000006c3  HardFault_Handler                                 
20003fee  Lcd_FlagRead                                      
20003fef  Lcd_FontSolid                                     
20003ff0  Lcd_Orientation                                   
20003ff1  Lcd_PenSolid                                      
20003fe8  Lcd_ScreenHeigth                                  
20003fea  Lcd_ScreenWidth                                   
20003fec  Lcd_TouchTrim                                     
000006c3  MemManage_Handler                                 
000006c3  NMI_Handler                                       
000006c3  PCM_IRQHandler                                    
000006c3  PORT1_IRQHandler                                  
000006c3  PORT2_IRQHandler                                  
000006c3  PORT3_IRQHandler                                  
000006c3  PORT4_IRQHandler                                  
000006c3  PORT5_IRQHandler                                  
000006c3  PORT6_IRQHandler                                  
000006c3  PSS_IRQHandler                                    
000006c3  PendSV_Handler                                    
000006c3  RTC_C_IRQHandler                                  
00001fff  Reset_Handler                                     
0000220c  SHT$$INIT_ARRAY$$Base                             
00002210  SHT$$INIT_ARRAY$$Limit                            
00001ef1  SPI_enableModule                                  
00001249  SPI_initMaster                                    
000006c3  SVC_Handler                                       
000006c3  SysTick_Handler                                   
000013b9  SystemInit                                        
00001751  T32_INT1_IRQHandler                               
00001751  T32_INT1_IRQHandler                               
000006c3  T32_INT2_IRQHandler                               
000006c3  T32_INTC_IRQHandler                               
000006c3  TA0_0_IRQHandler                                  
000006c3  TA0_N_IRQHandler                                  
000006c3  TA1_0_IRQHandler                                  
000006c3  TA1_N_IRQHandler                                  
000006c3  TA2_0_IRQHandler                                  
000006c3  TA2_N_IRQHandler                                  
000006c3  TA3_0_IRQHandler                                  
000006c3  TA3_N_IRQHandler                                  
000006c3  UsageFault_Handler                                
4000480c  WDTCTL_SYM                                        
000006c3  WDT_A_IRQHandler                                  
000019b9  _Z5Setupv                                         
00000d6f  _ZN10LINE_COUNT3runEv                             
00001f25  _ZN10LINE_COUNT5setupEv                           
000014a9  _ZN10LINE_COUNTC1Ev                               
000011c9  _ZN10UPDATE_ADC3runEv                             
00000b1d  _ZN10UPDATE_ADC5setupEv                           
00001dfd  _ZN10UPDATE_ADCC1Ev                               
00001f93  _ZN10__cxxabiv117__class_type_infoD0Ev            
0000204f  _ZN10__cxxabiv117__class_type_infoD1Ev            
0000204f  _ZN10__cxxabiv117__class_type_infoD2Ev            
00001fa1  _ZN10__cxxabiv120__si_class_type_infoD0Ev         
00002053  _ZN10__cxxabiv120__si_class_type_infoD1Ev         
00002053  _ZN10__cxxabiv120__si_class_type_infoD2Ev         
00000525  _ZN13SCREEN_UPDATE3runEv                          
000019fd  _ZN13SCREEN_UPDATE5setupEv                        
00001f3d  _ZN13SCREEN_UPDATEC1Ev                            
00001e65  _ZN4Task10getMessageEht                           
00001cd5  _ZN4Task11sendMessageE10st_Message                
00001faf  _ZN4Task13GetNeededDataEv                         
00001fbd  _ZN4Task14GetHandledDataEv                        
20004408  _ZN4Task14m_u8NextTaskIDE                         
00001fcb  _ZN4Task17GetDefaultMessageEv                     
00001d5d  _ZN4Task21CheckMessageIntegrityE10st_Message      
0000200b  _ZN4Task3runEv                                    
00002017  _ZN4Task5setupEv                                  
00001a81  _ZN4TaskC1Ev                                      
00001a81  _ZN4TaskC2Ev                                      
00001c75  _ZN7Mailbox10getMailboxEv                         
00000cb3  _ZN7Mailbox10getMessageEht                        
00001137  _ZN7Mailbox11sendMessageE10st_Message             
00001515  _ZN7Mailbox12setupMailboxEh                       
00000bed  _ZN7Mailbox15FindMessageSlotEhbt                  
00001e83  _ZN7Mailbox17GetDefaultMessageEv                  
20004420  _ZN7Mailbox7MailObjE                              
00001971  _ZN7MailboxC1Ev                                   
00001971  _ZN7MailboxC2Ev                                   
000017f7  _ZN9Scheduler13NumberOfTasksEv                    
000000e5  _ZN9Scheduler22SortScheduleByPriorityEv           
00000925  _ZN9Scheduler3runEv                               
000012c5  _ZN9Scheduler5setupEv                             
00000e21  _ZN9Scheduler6attachEP4Task8TaskType10TaskActivehy
00000f65  _ZN9Scheduler9PairTasksEv                         
00001845  _ZN9SchedulerC1Ev                                 
00001845  _ZN9SchedulerC2Ev                                 
00000ec3  _ZNSt9type_infoD1Ev                               
00000ec3  _ZNSt9type_infoD2Ev                               
00002025  _ZSt15get_new_handlerv                            
0000205f  _ZSt17__throw_bad_allocv                          
000021b0  _ZTI10LINE_COUNT                                  
000021bc  _ZTI10UPDATE_ADC                                  
000021c8  _ZTI13SCREEN_UPDATE                               
000021f4  _ZTI4Task                                         
000021d4  _ZTIN10__cxxabiv117__class_type_infoE             
000021e0  _ZTIN10__cxxabiv120__si_class_type_infoE          
000021fc  _ZTISt9type_info                                  
00002188  _ZTS10LINE_COUNT                                  
00002195  _ZTS10UPDATE_ADC                                  
00002118  _ZTS13SCREEN_UPDATE                               
00002204  _ZTS4Task                                         
000020b9  _ZTSN10__cxxabiv117__class_type_infoE             
00002094  _ZTSN10__cxxabiv120__si_class_type_infoE          
000021a2  _ZTSSt9type_info                                  
00002128  _ZTV10LINE_COUNT                                  
00002138  _ZTV10UPDATE_ADC                                  
00002148  _ZTV13SCREEN_UPDATE                               
00002158  _ZTV4Task                                         
00002168  _ZTVN10__cxxabiv117__class_type_infoE             
00002178  _ZTVN10__cxxabiv120__si_class_type_infoE          
00002047  _ZdlPv                                            
00002057  _ZdlPvj                                           
00001e21  _Znwj                                             
20010000  __STACK_END                                       
00000200  __STACK_SIZE                                      
00000400  __SYSMEM_SIZE                                     
00002248  __TI_CINIT_Base                                   
00002258  __TI_CINIT_Limit                                  
00002234  __TI_Handler_Table_Base                           
00002240  __TI_Handler_Table_Limit                          
000015e5  __TI_auto_init_nobinit                            
0000157d  __TI_decompress_lzss                              
00001fd9  __TI_decompress_none                              
ffffffff  __TI_pprof_out_hndl                               
ffffffff  __TI_prof_data_size                               
ffffffff  __TI_prof_data_start                              
00000000  __TI_static_base__                                
00002031  __TI_zero_init                                    
0000133f  __aeabi_memclr                                    
0000133f  __aeabi_memclr4                                   
0000133f  __aeabi_memclr8                                   
00001001  __aeabi_memcpy                                    
00001001  __aeabi_memcpy4                                   
00001001  __aeabi_memcpy8                                   
00001341  __aeabi_memset                                    
00001341  __aeabi_memset4                                   
00001341  __aeabi_memset8                                   
ffffffff  __binit__                                         
ffffffff  __c_args__                                        
UNDEFED   __mpu_init                                        
2000fe00  __stack                                           
00001ea1  __sti___8_main_cpp_8ea94d19                       
00001b75  _c_int00_noargs                                   
20004418  _lock                                             
00001893  _nop                                              
20003ff8  _sys_memory                                       
UNDEFED   _system_post_cinit                                
0000205b  _system_pre_init                                  
2000441c  _unlock                                           
0000205f  abort                                             
ffffffff  binit                                             
00000a45  free                                              
20003fe0  g_Mailbox                                         
20000000  g_MainScheduler                                   
200043f8  g_iHeartBeatCount                                 
000020dc  g_sCrystalfontz128x128_funcs                      
00000000  interruptVectors                                  
00000ec5  main                                              
00001431  malloc                                            
00001001  memcpy                                            
00001347  memset                                            
00001bad  minit                                             


GLOBAL SYMBOLS: SORTED BY Symbol Address 

address   name                                              
-------   ----                                              
00000000  __TI_static_base__                                
00000000  interruptVectors                                  
000000e5  _ZN9Scheduler22SortScheduleByPriorityEv           
00000200  __STACK_SIZE                                      
00000400  __SYSMEM_SIZE                                     
00000525  _ZN13SCREEN_UPDATE3runEv                          
000006c3  AES256_IRQHandler                                 
000006c3  BusFault_Handler                                  
000006c3  COMP_E0_IRQHandler                                
000006c3  COMP_E1_IRQHandler                                
000006c3  CS_IRQHandler                                     
000006c3  DMA_ERR_IRQHandler                                
000006c3  DMA_INT0_IRQHandler                               
000006c3  DMA_INT1_IRQHandler                               
000006c3  DMA_INT2_IRQHandler                               
000006c3  DMA_INT3_IRQHandler                               
000006c3  DebugMon_Handler                                  
000006c3  Default_Handler                                   
000006c3  EUSCIA0_IRQHandler                                
000006c3  EUSCIA1_IRQHandler                                
000006c3  EUSCIA2_IRQHandler                                
000006c3  EUSCIA3_IRQHandler                                
000006c3  EUSCIB0_IRQHandler                                
000006c3  EUSCIB1_IRQHandler                                
000006c3  EUSCIB2_IRQHandler                                
000006c3  EUSCIB3_IRQHandler                                
000006c3  FLCTL_IRQHandler                                  
000006c3  FPU_IRQHandler                                    
000006c3  HardFault_Handler                                 
000006c3  MemManage_Handler                                 
000006c3  NMI_Handler                                       
000006c3  PCM_IRQHandler                                    
000006c3  PORT1_IRQHandler                                  
000006c3  PORT2_IRQHandler                                  
000006c3  PORT3_IRQHandler                                  
000006c3  PORT4_IRQHandler                                  
000006c3  PORT5_IRQHandler                                  
000006c3  PORT6_IRQHandler                                  
000006c3  PSS_IRQHandler                                    
000006c3  PendSV_Handler                                    
000006c3  RTC_C_IRQHandler                                  
000006c3  SVC_Handler                                       
000006c3  SysTick_Handler                                   
000006c3  T32_INT2_IRQHandler                               
000006c3  T32_INTC_IRQHandler                               
000006c3  TA0_0_IRQHandler                                  
000006c3  TA0_N_IRQHandler                                  
000006c3  TA1_0_IRQHandler                                  
000006c3  TA1_N_IRQHandler                                  
000006c3  TA2_0_IRQHandler                                  
000006c3  TA2_N_IRQHandler                                  
000006c3  TA3_0_IRQHandler                                  
000006c3  TA3_N_IRQHandler                                  
000006c3  UsageFault_Handler                                
000006c3  WDT_A_IRQHandler                                  
000006c5  Crystalfontz128x128_SetDrawFrame                  
000007f9  Crystalfontz128x128_Init                          
00000925  _ZN9Scheduler3runEv                               
00000a45  free                                              
00000b1d  _ZN10UPDATE_ADC5setupEv                           
00000bed  _ZN7Mailbox15FindMessageSlotEhbt                  
00000cb3  _ZN7Mailbox10getMessageEht                        
00000d6f  _ZN10LINE_COUNT3runEv                             
00000e21  _ZN9Scheduler6attachEP4Task8TaskType10TaskActivehy
00000ec3  _ZNSt9type_infoD1Ev                               
00000ec3  _ZNSt9type_infoD2Ev                               
00000ec5  main                                              
00000f65  _ZN9Scheduler9PairTasksEv                         
00001001  __aeabi_memcpy                                    
00001001  __aeabi_memcpy4                                   
00001001  __aeabi_memcpy8                                   
00001001  memcpy                                            
0000109d  Crystalfontz128x128_RectFill                      
00001137  _ZN7Mailbox11sendMessageE10st_Message             
000011c9  _ZN10UPDATE_ADC3runEv                             
00001249  SPI_initMaster                                    
000012c5  _ZN9Scheduler5setupEv                             
0000133f  __aeabi_memclr                                    
0000133f  __aeabi_memclr4                                   
0000133f  __aeabi_memclr8                                   
00001341  __aeabi_memset                                    
00001341  __aeabi_memset4                                   
00001341  __aeabi_memset8                                   
00001347  memset                                            
000013b9  SystemInit                                        
00001431  malloc                                            
000014a9  _ZN10LINE_COUNTC1Ev                               
00001515  _ZN7Mailbox12setupMailboxEh                       
0000157d  __TI_decompress_lzss                              
000015e5  __TI_auto_init_nobinit                            
000016a3  Crystalfontz128x128_LineDrawH                     
000016fd  Crystalfontz128x128_SetOrientation                
00001751  T32_INT1_IRQHandler                               
00001751  T32_INT1_IRQHandler                               
000017a5  Graphics_initContext                              
000017f7  _ZN9Scheduler13NumberOfTasksEv                    
00001845  _ZN9SchedulerC1Ev                                 
00001845  _ZN9SchedulerC2Ev                                 
00001893  _nop                                              
00001895  GPIO_setAsPeripheralModuleFunctionOutputPin       
00001971  _ZN7MailboxC1Ev                                   
00001971  _ZN7MailboxC2Ev                                   
000019b9  _Z5Setupv                                         
000019fd  _ZN13SCREEN_UPDATE5setupEv                        
00001a41  HAL_LCD_SpiInit                                   
00001a81  _ZN4TaskC1Ev                                      
00001a81  _ZN4TaskC2Ev                                      
00001b3d  HAL_LCD_writeCommand                              
00001b75  _c_int00_noargs                                   
00001bad  minit                                             
00001be5  HAL_LCD_PortInit                                  
00001c75  _ZN7Mailbox10getMailboxEv                         
00001cd5  _ZN4Task11sendMessageE10st_Message                
00001d31  HAL_LCD_writeData                                 
00001d5d  _ZN4Task21CheckMessageIntegrityE10st_Message      
00001dd9  GPIO_setAsOutputPin                               
00001dfd  _ZN10UPDATE_ADCC1Ev                               
00001e21  _Znwj                                             
00001e45  ADC14_IRQHandler                                  
00001e45  ADC14_IRQHandler                                  
00001e65  _ZN4Task10getMessageEht                           
00001e83  _ZN7Mailbox17GetDefaultMessageEv                  
00001ea1  __sti___8_main_cpp_8ea94d19                       
00001ebd  Graphics_clearDisplayOnDisplay                    
00001ed7  Graphics_setBackgroundColor                       
00001ef1  SPI_enableModule                                  
00001f0d  GPIO_setOutputLowOnPin                            
00001f25  _ZN10LINE_COUNT5setupEv                           
00001f3d  _ZN13SCREEN_UPDATEC1Ev                            
00001f55  Graphics_translateColorOnDisplay                  
00001f6d  GPIO_setOutputHighOnPin                           
00001f81  Graphics_clearDisplay                             
00001f93  _ZN10__cxxabiv117__class_type_infoD0Ev            
00001fa1  _ZN10__cxxabiv120__si_class_type_infoD0Ev         
00001faf  _ZN4Task13GetNeededDataEv                         
00001fbd  _ZN4Task14GetHandledDataEv                        
00001fcb  _ZN4Task17GetDefaultMessageEv                     
00001fd9  __TI_decompress_none                              
00001fe7  EUSCI_A_SPI_enable                                
00001ff3  EUSCI_B_SPI_enable                                
00001fff  Reset_Handler                                     
0000200b  _ZN4Task3runEv                                    
00002017  _ZN4Task5setupEv                                  
00002025  _ZSt15get_new_handlerv                            
00002031  __TI_zero_init                                    
00002047  _ZdlPv                                            
0000204f  _ZN10__cxxabiv117__class_type_infoD1Ev            
0000204f  _ZN10__cxxabiv117__class_type_infoD2Ev            
00002053  _ZN10__cxxabiv120__si_class_type_infoD1Ev         
00002053  _ZN10__cxxabiv120__si_class_type_infoD2Ev         
00002057  _ZdlPvj                                           
0000205b  _system_pre_init                                  
0000205f  C$$EXIT                                           
0000205f  _ZSt17__throw_bad_allocv                          
0000205f  abort                                             
00002094  _ZTSN10__cxxabiv120__si_class_type_infoE          
000020b9  _ZTSN10__cxxabiv117__class_type_infoE             
000020dc  g_sCrystalfontz128x128_funcs                      
00002118  _ZTS13SCREEN_UPDATE                               
00002128  _ZTV10LINE_COUNT                                  
00002138  _ZTV10UPDATE_ADC                                  
00002148  _ZTV13SCREEN_UPDATE                               
00002158  _ZTV4Task                                         
00002168  _ZTVN10__cxxabiv117__class_type_infoE             
00002178  _ZTVN10__cxxabiv120__si_class_type_infoE          
00002188  _ZTS10LINE_COUNT                                  
00002195  _ZTS10UPDATE_ADC                                  
000021a2  _ZTSSt9type_info                                  
000021b0  _ZTI10LINE_COUNT                                  
000021bc  _ZTI10UPDATE_ADC                                  
000021c8  _ZTI13SCREEN_UPDATE                               
000021d4  _ZTIN10__cxxabiv117__class_type_infoE             
000021e0  _ZTIN10__cxxabiv120__si_class_type_infoE          
000021f4  _ZTI4Task                                         
000021fc  _ZTISt9type_info                                  
00002204  _ZTS4Task                                         
0000220c  SHT$$INIT_ARRAY$$Base                             
00002210  SHT$$INIT_ARRAY$$Limit                            
00002234  __TI_Handler_Table_Base                           
00002240  __TI_Handler_Table_Limit                          
00002248  __TI_CINIT_Base                                   
00002258  __TI_CINIT_Limit                                  
20000000  g_MainScheduler                                   
20003fe0  g_Mailbox                                         
20003fe8  Lcd_ScreenHeigth                                  
20003fea  Lcd_ScreenWidth                                   
20003fec  Lcd_TouchTrim                                     
20003fee  Lcd_FlagRead                                      
20003fef  Lcd_FontSolid                                     
20003ff0  Lcd_Orientation                                   
20003ff1  Lcd_PenSolid                                      
20003ff8  _sys_memory                                       
200043f8  g_iHeartBeatCount                                 
20004408  _ZN4Task14m_u8NextTaskIDE                         
20004418  _lock                                             
2000441c  _unlock                                           
20004420  _ZN7Mailbox7MailObjE                              
2000fe00  __stack                                           
20010000  __STACK_END                                       
4000480c  WDTCTL_SYM                                        
ffffffff  __TI_pprof_out_hndl                               
ffffffff  __TI_prof_data_size                               
ffffffff  __TI_prof_data_start                              
ffffffff  __binit__                                         
ffffffff  __c_args__                                        
ffffffff  binit                                             
UNDEFED   __mpu_init                                        
UNDEFED   _system_post_cinit                                

[208 symbols]
