<?xml version="1.0" encoding="ISO-8859-1" ?>
<link_info>
   <banner>TI ARM Linker Unix v18.1.1.LTS</banner>
   <copyright>Copyright (c) 1996-2017 Texas Instruments Incorporated</copyright>
   <link_time>0x5b16e8da</link_time>
   <link_errors>0x0</link_errors>
   <output_file>IE119-Lab2v0.1.out</output_file>
   <entry_point>
      <name>_c_int00_noargs</name>
      <address>0xa51</address>
   </entry_point>
   <input_file_list>
      <input_file id="fl-2">
         <path>./</path>
         <kind>object</kind>
         <file>Mailbox.obj</file>
         <name>Mailbox.obj</name>
      </input_file>
      <input_file id="fl-3">
         <path>./</path>
         <kind>object</kind>
         <file>Scheduler.obj</file>
         <name>Scheduler.obj</name>
      </input_file>
      <input_file id="fl-4">
         <path>./</path>
         <kind>object</kind>
         <file>Task.obj</file>
         <name>Task.obj</name>
      </input_file>
      <input_file id="fl-5">
         <path>./</path>
         <kind>object</kind>
         <file>main.obj</file>
         <name>main.obj</name>
      </input_file>
      <input_file id="fl-6">
         <path>./</path>
         <kind>object</kind>
         <file>system_msp432p401r.obj</file>
         <name>system_msp432p401r.obj</name>
      </input_file>
      <input_file id="fl-7">
         <path>./LcdDriver/</path>
         <kind>object</kind>
         <file>Crystalfontz128x128_ST7735.obj</file>
         <name>Crystalfontz128x128_ST7735.obj</name>
      </input_file>
      <input_file id="fl-8">
         <path>./LcdDriver/</path>
         <kind>object</kind>
         <file>HAL_MSP_EXP432P401R_Crystalfontz128x128_ST7735.obj</file>
         <name>HAL_MSP_EXP432P401R_Crystalfontz128x128_ST7735.obj</name>
      </input_file>
      <input_file id="fl-9">
         <path>./Tasks/</path>
         <kind>object</kind>
         <file>LED.obj</file>
         <name>LED.obj</name>
      </input_file>
      <input_file id="fl-a">
         <path>./Tasks/</path>
         <kind>object</kind>
         <file>LINE_COUNT.obj</file>
         <name>LINE_COUNT.obj</name>
      </input_file>
      <input_file id="fl-b">
         <path>./Tasks/</path>
         <kind>object</kind>
         <file>SCREEN_UPDATE.obj</file>
         <name>SCREEN_UPDATE.obj</name>
      </input_file>
      <input_file id="fl-c">
         <path>./Tasks/</path>
         <kind>object</kind>
         <file>UPDATE_ADC.obj</file>
         <name>UPDATE_ADC.obj</name>
      </input_file>
      <input_file id="fl-d">
         <path>./ccs/</path>
         <kind>object</kind>
         <file>startup_msp432p401r_ccs.obj</file>
         <name>startup_msp432p401r_ccs.obj</name>
      </input_file>
      <input_file id="fl-17">
         <kind>object</kind>
         <file>&lt;internal&gt;</file>
         <name>&lt;internal&gt;</name>
      </input_file>
      <input_file id="fl-18">
         <path>/home/esteban/ti/simplelink_msp432p4_sdk_2_10_00_14/source/ti/grlib/lib/ccs/m4f/</path>
         <kind>archive</kind>
         <file>grlib.a</file>
         <name>context.obj</name>
      </input_file>
      <input_file id="fl-19">
         <path>/home/esteban/ti/simplelink_msp432p4_sdk_2_10_00_14/source/ti/grlib/lib/ccs/m4f/</path>
         <kind>archive</kind>
         <file>grlib.a</file>
         <name>display.obj</name>
      </input_file>
      <input_file id="fl-1a">
         <path>/home/esteban/ti/simplelink_msp432p4_sdk_2_10_00_14/source/ti/devices/msp432p4xx/driverlib/ccs/</path>
         <kind>archive</kind>
         <file>msp432p4xx_driverlib.lib</file>
         <name>gpio_MSP432P4XX.obj</name>
      </input_file>
      <input_file id="fl-1b">
         <path>/home/esteban/ti/simplelink_msp432p4_sdk_2_10_00_14/source/ti/devices/msp432p4xx/driverlib/ccs/</path>
         <kind>archive</kind>
         <file>msp432p4xx_driverlib.lib</file>
         <name>interrupt_MSP432P4XX.obj</name>
      </input_file>
      <input_file id="fl-1c">
         <path>/home/esteban/ti/simplelink_msp432p4_sdk_2_10_00_14/source/ti/devices/msp432p4xx/driverlib/ccs/</path>
         <kind>archive</kind>
         <file>msp432p4xx_driverlib.lib</file>
         <name>spi_MSP432P4XX.obj</name>
      </input_file>
      <input_file id="fl-1d">
         <path>/home/esteban/ti/simplelink_msp432p4_sdk_2_10_00_14/source/ti/devices/msp432p4xx/driverlib/ccs/</path>
         <kind>archive</kind>
         <file>msp432p4xx_driverlib.lib</file>
         <name>cpu_MSP432P4XX.obj</name>
      </input_file>
      <input_file id="fl-d3">
         <path>/home/esteban/ti/ccsv7/tools/compiler/ti-cgt-arm_18.1.1.LTS/lib/</path>
         <kind>archive</kind>
         <file>rtsv7M4_T_le_v4SPD16_eabi.lib</file>
         <name>new.cpp.obj</name>
      </input_file>
      <input_file id="fl-d4">
         <path>/home/esteban/ti/ccsv7/tools/compiler/ti-cgt-arm_18.1.1.LTS/lib/</path>
         <kind>archive</kind>
         <file>rtsv7M4_T_le_v4SPD16_eabi.lib</file>
         <name>typeinfo.c.obj</name>
      </input_file>
      <input_file id="fl-d5">
         <path>/home/esteban/ti/ccsv7/tools/compiler/ti-cgt-arm_18.1.1.LTS/lib/</path>
         <kind>archive</kind>
         <file>rtsv7M4_T_le_v4SPD16_eabi.lib</file>
         <name>stdlib_typeinfo.cpp.obj</name>
      </input_file>
      <input_file id="fl-d6">
         <path>/home/esteban/ti/ccsv7/tools/compiler/ti-cgt-arm_18.1.1.LTS/lib/</path>
         <kind>archive</kind>
         <file>rtsv7M4_T_le_v4SPD16_eabi.lib</file>
         <name>memcpy_t2.asm.obj</name>
      </input_file>
      <input_file id="fl-d7">
         <path>/home/esteban/ti/ccsv7/tools/compiler/ti-cgt-arm_18.1.1.LTS/lib/</path>
         <kind>archive</kind>
         <file>rtsv7M4_T_le_v4SPD16_eabi.lib</file>
         <name>copy_zero_init.c.obj</name>
      </input_file>
      <input_file id="fl-d8">
         <path>/home/esteban/ti/ccsv7/tools/compiler/ti-cgt-arm_18.1.1.LTS/lib/</path>
         <kind>archive</kind>
         <file>rtsv7M4_T_le_v4SPD16_eabi.lib</file>
         <name>copy_decompress_none.c.obj</name>
      </input_file>
      <input_file id="fl-d9">
         <path>/home/esteban/ti/ccsv7/tools/compiler/ti-cgt-arm_18.1.1.LTS/lib/</path>
         <kind>archive</kind>
         <file>rtsv7M4_T_le_v4SPD16_eabi.lib</file>
         <name>copy_decompress_lzss.c.obj</name>
      </input_file>
      <input_file id="fl-da">
         <path>/home/esteban/ti/ccsv7/tools/compiler/ti-cgt-arm_18.1.1.LTS/lib/</path>
         <kind>archive</kind>
         <file>rtsv7M4_T_le_v4SPD16_eabi.lib</file>
         <name>boot_cortex_m.c.obj</name>
      </input_file>
      <input_file id="fl-db">
         <path>/home/esteban/ti/ccsv7/tools/compiler/ti-cgt-arm_18.1.1.LTS/lib/</path>
         <kind>archive</kind>
         <file>rtsv7M4_T_le_v4SPD16_eabi.lib</file>
         <name>exit.c.obj</name>
      </input_file>
      <input_file id="fl-dc">
         <path>/home/esteban/ti/ccsv7/tools/compiler/ti-cgt-arm_18.1.1.LTS/lib/</path>
         <kind>archive</kind>
         <file>rtsv7M4_T_le_v4SPD16_eabi.lib</file>
         <name>memory.c.obj</name>
      </input_file>
      <input_file id="fl-dd">
         <path>/home/esteban/ti/ccsv7/tools/compiler/ti-cgt-arm_18.1.1.LTS/lib/</path>
         <kind>archive</kind>
         <file>rtsv7M4_T_le_v4SPD16_eabi.lib</file>
         <name>_lock.c.obj</name>
      </input_file>
      <input_file id="fl-de">
         <path>/home/esteban/ti/ccsv7/tools/compiler/ti-cgt-arm_18.1.1.LTS/lib/</path>
         <kind>archive</kind>
         <file>rtsv7M4_T_le_v4SPD16_eabi.lib</file>
         <name>args_main.c.obj</name>
      </input_file>
      <input_file id="fl-df">
         <path>/home/esteban/ti/ccsv7/tools/compiler/ti-cgt-arm_18.1.1.LTS/lib/</path>
         <kind>archive</kind>
         <file>rtsv7M4_T_le_v4SPD16_eabi.lib</file>
         <name>stdlib_exception.cpp.obj</name>
      </input_file>
      <input_file id="fl-e0">
         <path>/home/esteban/ti/ccsv7/tools/compiler/ti-cgt-arm_18.1.1.LTS/lib/</path>
         <kind>archive</kind>
         <file>rtsv7M4_T_le_v4SPD16_eabi.lib</file>
         <name>memset_t2.asm.obj</name>
      </input_file>
      <input_file id="fl-e1">
         <path>/home/esteban/ti/ccsv7/tools/compiler/ti-cgt-arm_18.1.1.LTS/lib/</path>
         <kind>archive</kind>
         <file>rtsv7M4_T_le_v4SPD16_eabi.lib</file>
         <name>autoinit.c.obj</name>
      </input_file>
      <input_file id="fl-e2">
         <path>/home/esteban/ti/ccsv7/tools/compiler/ti-cgt-arm_18.1.1.LTS/lib/</path>
         <kind>archive</kind>
         <file>rtsv7M4_T_le_v4SPD16_eabi.lib</file>
         <name>pre_init.c.obj</name>
      </input_file>
      <input_file id="fl-e3">
         <path>/home/esteban/ti/ccsv7/tools/compiler/ti-cgt-arm_18.1.1.LTS/lib/</path>
         <kind>archive</kind>
         <file>rtsv7M4_T_le_v4SPD16_eabi.lib</file>
         <name>cpy_tbl.c.obj</name>
      </input_file>
   </input_file_list>
   <object_component_list>
      <object_component id="oc-24">
         <name>.intvecs:retain</name>
         <load_address>0x0</load_address>
         <run_address>0x0</run_address>
         <size>0xe4</size>
         <input_file_ref idref="fl-d"/>
      </object_component>
      <object_component id="oc-11d">
         <name>.text:_ZN9Scheduler3runEv</name>
         <load_address>0xe4</load_address>
         <run_address>0xe4</run_address>
         <size>0x134</size>
         <input_file_ref idref="fl-3"/>
      </object_component>
      <object_component id="oc-377">
         <name>.text:free</name>
         <load_address>0x218</load_address>
         <run_address>0x218</run_address>
         <size>0xd8</size>
         <input_file_ref idref="fl-dc"/>
      </object_component>
      <object_component id="oc-1c6">
         <name>.text:_ZN7Mailbox12setupMailboxEh</name>
         <load_address>0x2f0</load_address>
         <run_address>0x2f0</run_address>
         <size>0xc8</size>
         <input_file_ref idref="fl-2"/>
      </object_component>
      <object_component id="oc-38">
         <name>.text</name>
         <load_address>0x3b8</load_address>
         <run_address>0x3b8</run_address>
         <size>0x9c</size>
         <input_file_ref idref="fl-d6"/>
      </object_component>
      <object_component id="oc-111">
         <name>.text:_ZN9Scheduler6attachEP4Task8TaskType10TaskActivey</name>
         <load_address>0x454</load_address>
         <run_address>0x454</run_address>
         <size>0x9a</size>
         <input_file_ref idref="fl-3"/>
      </object_component>
      <object_component id="oc-74">
         <name>.text:Default_Handler</name>
         <load_address>0x4ee</load_address>
         <run_address>0x4ee</run_address>
         <size>0x2</size>
         <input_file_ref idref="fl-d"/>
      </object_component>
      <object_component id="oc-b0">
         <name>.text:main</name>
         <load_address>0x4f0</load_address>
         <run_address>0x4f0</run_address>
         <size>0x88</size>
         <input_file_ref idref="fl-5"/>
      </object_component>
      <object_component id="oc-a4">
         <name>.text</name>
         <load_address>0x578</load_address>
         <run_address>0x578</run_address>
         <size>0x7a</size>
         <input_file_ref idref="fl-e0"/>
      </object_component>
      <object_component id="oc-35b">
         <name>.text:_ZNSt9type_infoD1Ev</name>
         <load_address>0x5f2</load_address>
         <run_address>0x5f2</run_address>
         <size>0x2</size>
         <input_file_ref idref="fl-d5"/>
      </object_component>
      <object_component id="oc-d5">
         <name>.text:SystemInit</name>
         <load_address>0x5f4</load_address>
         <run_address>0x5f4</run_address>
         <size>0x78</size>
         <input_file_ref idref="fl-6"/>
      </object_component>
      <object_component id="oc-1ee">
         <name>.text:malloc</name>
         <load_address>0x66c</load_address>
         <run_address>0x66c</run_address>
         <size>0x78</size>
         <input_file_ref idref="fl-dc"/>
      </object_component>
      <object_component id="oc-117">
         <name>.text:_ZN9Scheduler5setupEv</name>
         <load_address>0x6e4</load_address>
         <run_address>0x6e4</run_address>
         <size>0x70</size>
         <input_file_ref idref="fl-3"/>
      </object_component>
      <object_component id="oc-14">
         <name>.text:decompress:lzss:__TI_decompress_lzss</name>
         <load_address>0x754</load_address>
         <run_address>0x754</run_address>
         <size>0x68</size>
         <input_file_ref idref="fl-d9"/>
      </object_component>
      <object_component id="oc-13b">
         <name>.text:__TI_auto_init_nobinit:__TI_auto_init_nobinit</name>
         <load_address>0x7bc</load_address>
         <run_address>0x7bc</run_address>
         <size>0x60</size>
         <input_file_ref idref="fl-e1"/>
      </object_component>
      <object_component id="oc-80">
         <name>.text:T32_INT1_IRQHandler</name>
         <load_address>0x81c</load_address>
         <run_address>0x81c</run_address>
         <size>0x54</size>
         <input_file_ref idref="fl-5"/>
      </object_component>
      <object_component id="oc-1c0">
         <name>.text:_ZN9Scheduler13NumberOfTasksEv</name>
         <load_address>0x870</load_address>
         <run_address>0x870</run_address>
         <size>0x4e</size>
         <input_file_ref idref="fl-3"/>
      </object_component>
      <object_component id="oc-c8">
         <name>.text:_ZN9SchedulerC1Ev</name>
         <load_address>0x8be</load_address>
         <run_address>0x8be</run_address>
         <size>0x4e</size>
         <input_file_ref idref="fl-3"/>
      </object_component>
      <object_component id="oc-1b2">
         <name>.text:_ZN29_INTERNAL_8_main_cpp_8ea94d1918__NVIC_SetPriorityE4IRQnj</name>
         <load_address>0x90c</load_address>
         <run_address>0x90c</run_address>
         <size>0x48</size>
         <input_file_ref idref="fl-5"/>
      </object_component>
      <object_component id="oc-10b">
         <name>.text:_Z5Setupv</name>
         <load_address>0x954</load_address>
         <run_address>0x954</run_address>
         <size>0x44</size>
         <input_file_ref idref="fl-5"/>
      </object_component>
      <object_component id="oc-1a4">
         <name>.text:_ZN4TaskC1Ev</name>
         <load_address>0x998</load_address>
         <run_address>0x998</run_address>
         <size>0x40</size>
         <input_file_ref idref="fl-4"/>
      </object_component>
      <object_component id="oc-2bd">
         <name>.text:minsert</name>
         <load_address>0x9d8</load_address>
         <run_address>0x9d8</run_address>
         <size>0x3c</size>
         <input_file_ref idref="fl-dc"/>
      </object_component>
      <object_component id="oc-16d">
         <name>.text:_ZN7MailboxC1Ev</name>
         <load_address>0xa14</load_address>
         <run_address>0xa14</run_address>
         <size>0x3a</size>
         <input_file_ref idref="fl-2"/>
      </object_component>
      <object_component id="oc-292">
         <name>.text:_nop</name>
         <load_address>0xa4e</load_address>
         <run_address>0xa4e</run_address>
         <size>0x2</size>
         <input_file_ref idref="fl-dd"/>
      </object_component>
      <object_component id="oc-56">
         <name>.text:_c_int00_noargs:_c_int00_noargs</name>
         <load_address>0xa50</load_address>
         <run_address>0xa50</run_address>
         <size>0x38</size>
         <input_file_ref idref="fl-da"/>
      </object_component>
      <object_component id="oc-2b1">
         <name>.text:minit</name>
         <load_address>0xa88</load_address>
         <run_address>0xa88</run_address>
         <size>0x38</size>
         <input_file_ref idref="fl-dc"/>
      </object_component>
      <object_component id="oc-1b8">
         <name>.text:_ZN29_INTERNAL_8_main_cpp_8ea94d1916__NVIC_EnableIRQE4IRQn</name>
         <load_address>0xac0</load_address>
         <run_address>0xac0</run_address>
         <size>0x30</size>
         <input_file_ref idref="fl-5"/>
      </object_component>
      <object_component id="oc-c2">
         <name>.text:_ZN7Mailbox10getMailboxEv</name>
         <load_address>0xaf0</load_address>
         <run_address>0xaf0</run_address>
         <size>0x30</size>
         <input_file_ref idref="fl-2"/>
      </object_component>
      <object_component id="oc-284">
         <name>.text:_ZN3LED5setupEv</name>
         <load_address>0xb20</load_address>
         <run_address>0xb20</run_address>
         <size>0x2c</size>
         <input_file_ref idref="fl-9"/>
      </object_component>
      <object_component id="oc-2b7">
         <name>.text:mremove</name>
         <load_address>0xb4c</load_address>
         <run_address>0xb4c</run_address>
         <size>0x28</size>
         <input_file_ref idref="fl-dc"/>
      </object_component>
      <object_component id="oc-105">
         <name>.text:_ZN3LEDC1Et</name>
         <load_address>0xb74</load_address>
         <run_address>0xb74</run_address>
         <size>0x24</size>
         <input_file_ref idref="fl-9"/>
      </object_component>
      <object_component id="oc-167">
         <name>.text:_Znwj</name>
         <load_address>0xb98</load_address>
         <run_address>0xb98</run_address>
         <size>0x22</size>
         <input_file_ref idref="fl-d3"/>
      </object_component>
      <object_component id="oc-7a">
         <name>.text:ADC14_IRQHandler</name>
         <load_address>0xbbc</load_address>
         <run_address>0xbbc</run_address>
         <size>0x20</size>
         <input_file_ref idref="fl-5"/>
      </object_component>
      <object_component id="oc-27e">
         <name>.text:_ZN3LED3runEv</name>
         <load_address>0xbdc</load_address>
         <run_address>0xbdc</run_address>
         <size>0x1c</size>
         <input_file_ref idref="fl-9"/>
      </object_component>
      <object_component id="oc-68">
         <name>.text:__sti___8_main_cpp_8ea94d19</name>
         <load_address>0xbf8</load_address>
         <run_address>0xbf8</run_address>
         <size>0x1c</size>
         <input_file_ref idref="fl-5"/>
      </object_component>
      <object_component id="oc-331">
         <name>.text:_ZN10__cxxabiv117__class_type_infoD0Ev</name>
         <load_address>0xc14</load_address>
         <run_address>0xc14</run_address>
         <size>0xe</size>
         <input_file_ref idref="fl-d4"/>
      </object_component>
      <object_component id="oc-31e">
         <name>.text:_ZN10__cxxabiv120__si_class_type_infoD0Ev</name>
         <load_address>0xc22</load_address>
         <run_address>0xc22</run_address>
         <size>0xe</size>
         <input_file_ref idref="fl-d4"/>
      </object_component>
      <object_component id="oc-1a">
         <name>.text:decompress:none:__TI_decompress_none</name>
         <load_address>0xc30</load_address>
         <run_address>0xc30</run_address>
         <size>0xe</size>
         <input_file_ref idref="fl-d8"/>
      </object_component>
      <object_component id="oc-6e">
         <name>.text:Reset_Handler</name>
         <load_address>0xc3e</load_address>
         <run_address>0xc3e</run_address>
         <size>0xc</size>
         <input_file_ref idref="fl-d"/>
      </object_component>
      <object_component id="oc-2d7">
         <name>.text:_ZN4Task3runEv</name>
         <load_address>0xc4a</load_address>
         <run_address>0xc4a</run_address>
         <size>0xc</size>
         <input_file_ref idref="fl-4"/>
      </object_component>
      <object_component id="oc-2de">
         <name>.text:_ZN4Task5setupEv</name>
         <load_address>0xc56</load_address>
         <run_address>0xc56</run_address>
         <size>0xc</size>
         <input_file_ref idref="fl-4"/>
      </object_component>
      <object_component id="oc-1f4">
         <name>.text:_ZSt15get_new_handlerv</name>
         <load_address>0xc64</load_address>
         <run_address>0xc64</run_address>
         <size>0xc</size>
         <input_file_ref idref="fl-d3"/>
      </object_component>
      <object_component id="oc-4a">
         <name>.text:decompress:ZI:__TI_zero_init</name>
         <load_address>0xc70</load_address>
         <run_address>0xc70</run_address>
         <size>0xc</size>
         <input_file_ref idref="fl-d7"/>
      </object_component>
      <object_component id="oc-363">
         <name>.text:_ZdlPv</name>
         <load_address>0xc7c</load_address>
         <run_address>0xc7c</run_address>
         <size>0x8</size>
         <input_file_ref idref="fl-d3"/>
      </object_component>
      <object_component id="oc-32b">
         <name>.text:_ZN10__cxxabiv117__class_type_infoD1Ev</name>
         <load_address>0xc84</load_address>
         <run_address>0xc84</run_address>
         <size>0x4</size>
         <input_file_ref idref="fl-d4"/>
      </object_component>
      <object_component id="oc-318">
         <name>.text:_ZN10__cxxabiv120__si_class_type_infoD1Ev</name>
         <load_address>0xc88</load_address>
         <run_address>0xc88</run_address>
         <size>0x4</size>
         <input_file_ref idref="fl-d4"/>
      </object_component>
      <object_component id="oc-342">
         <name>.text:_ZdlPvj</name>
         <load_address>0xc8c</load_address>
         <run_address>0xc8c</run_address>
         <size>0x4</size>
         <input_file_ref idref="fl-d3"/>
      </object_component>
      <object_component id="oc-aa">
         <name>.text:_system_pre_init</name>
         <load_address>0xc90</load_address>
         <run_address>0xc90</run_address>
         <size>0x4</size>
         <input_file_ref idref="fl-e2"/>
      </object_component>
      <object_component id="oc-129">
         <name>.text:abort:abort</name>
         <load_address>0xc94</load_address>
         <run_address>0xc94</run_address>
         <size>0x4</size>
         <input_file_ref idref="fl-db"/>
      </object_component>
      <object_component id="oc-337">
         <name>.const:.typeinfo:_ZTSN10__cxxabiv120__si_class_type_infoE</name>
         <load_address>0xc98</load_address>
         <run_address>0xc98</run_address>
         <size>0x25</size>
         <input_file_ref idref="fl-d4"/>
      </object_component>
      <object_component id="oc-351">
         <name>.const:.typeinfo:_ZTSN10__cxxabiv117__class_type_infoE</name>
         <load_address>0xcbd</load_address>
         <run_address>0xcbd</run_address>
         <size>0x22</size>
         <input_file_ref idref="fl-d4"/>
      </object_component>
      <object_component id="oc-1aa">
         <name>.const:_ZTV3LED</name>
         <load_address>0xce0</load_address>
         <run_address>0xce0</run_address>
         <size>0x10</size>
         <input_file_ref idref="fl-9"/>
      </object_component>
      <object_component id="oc-271">
         <name>.const:_ZTV4Task</name>
         <load_address>0xcf0</load_address>
         <run_address>0xcf0</run_address>
         <size>0x10</size>
         <input_file_ref idref="fl-4"/>
      </object_component>
      <object_component id="oc-309">
         <name>.const:_ZTVN10__cxxabiv117__class_type_infoE</name>
         <load_address>0xd00</load_address>
         <run_address>0xd00</run_address>
         <size>0x10</size>
         <input_file_ref idref="fl-d4"/>
      </object_component>
      <object_component id="oc-2e7">
         <name>.const:_ZTVN10__cxxabiv120__si_class_type_infoE</name>
         <load_address>0xd10</load_address>
         <run_address>0xd10</run_address>
         <size>0x10</size>
         <input_file_ref idref="fl-d4"/>
      </object_component>
      <object_component id="oc-36a">
         <name>.const:.typeinfo:_ZTSSt9type_info</name>
         <load_address>0xd20</load_address>
         <run_address>0xd20</run_address>
         <size>0xd</size>
         <input_file_ref idref="fl-d5"/>
      </object_component>
      <object_component id="oc-279">
         <name>.const:.typeinfo:_ZTI3LED</name>
         <load_address>0xd30</load_address>
         <run_address>0xd30</run_address>
         <size>0xc</size>
         <input_file_ref idref="fl-9"/>
      </object_component>
      <object_component id="oc-326">
         <name>.const:.typeinfo:_ZTIN10__cxxabiv117__class_type_infoE</name>
         <load_address>0xd3c</load_address>
         <run_address>0xd3c</run_address>
         <size>0xc</size>
         <input_file_ref idref="fl-d4"/>
      </object_component>
      <object_component id="oc-313">
         <name>.const:.typeinfo:_ZTIN10__cxxabiv120__si_class_type_infoE</name>
         <load_address>0xd48</load_address>
         <run_address>0xd48</run_address>
         <size>0xc</size>
         <input_file_ref idref="fl-d4"/>
      </object_component>
      <object_component id="oc-2d2">
         <name>.const:.typeinfo:_ZTI4Task</name>
         <load_address>0xd54</load_address>
         <run_address>0xd54</run_address>
         <size>0x8</size>
         <input_file_ref idref="fl-4"/>
      </object_component>
      <object_component id="oc-356">
         <name>.const:.typeinfo:_ZTISt9type_info</name>
         <load_address>0xd5c</load_address>
         <run_address>0xd5c</run_address>
         <size>0x8</size>
         <input_file_ref idref="fl-d5"/>
      </object_component>
      <object_component id="oc-30e">
         <name>.const:.typeinfo:_ZTS4Task</name>
         <load_address>0xd64</load_address>
         <run_address>0xd64</run_address>
         <size>0x6</size>
         <input_file_ref idref="fl-4"/>
      </object_component>
      <object_component id="oc-2ec">
         <name>.const:.typeinfo:_ZTS3LED</name>
         <load_address>0xd6a</load_address>
         <run_address>0xd6a</run_address>
         <size>0x5</size>
         <input_file_ref idref="fl-9"/>
      </object_component>
      <object_component id="oc-3ba">
         <name>.cinit..data.load</name>
         <load_address>0xd78</load_address>
         <run_address>0xd78</run_address>
         <size>0x20</size>
      </object_component>
      <object_component id="oc-3b8">
         <name>__TI_handler_table</name>
         <load_address>0xd98</load_address>
         <run_address>0xd98</run_address>
         <size>0xc</size>
      </object_component>
      <object_component id="oc-3bb">
         <name>.cinit..bss.load</name>
         <load_address>0xda8</load_address>
         <run_address>0xda8</run_address>
         <size>0x8</size>
      </object_component>
      <object_component id="oc-3b9">
         <name>__TI_cinit_table</name>
         <load_address>0xdb0</load_address>
         <run_address>0xdb0</run_address>
         <size>0x10</size>
      </object_component>
      <object_component id="oc-23">
         <name>.init_array</name>
         <load_address>0xd70</load_address>
         <run_address>0xd70</run_address>
         <size>0x4</size>
         <input_file_ref idref="fl-5"/>
      </object_component>
      <object_component id="oc-3bc">
         <name>SHT$$INIT_ARRAY$$Limit</name>
         <load_address>0xd74</load_address>
         <run_address>0xd74</run_address>
         <size>0x0</size>
      </object_component>
      <object_component id="oc-38d">
         <name>.binit</name>
         <load_address>0x0</load_address>
         <run_address>0x0</run_address>
         <size>0x0</size>
      </object_component>
      <object_component id="oc-173">
         <name>.data</name>
         <load_address>0x20004410</load_address>
         <run_address>0x20004410</run_address>
         <size>0x4</size>
         <input_file_ref idref="fl-2"/>
      </object_component>
      <object_component id="oc-de">
         <name>.data</name>
         <load_address>0x200043e8</load_address>
         <run_address>0x200043e8</run_address>
         <size>0x11</size>
         <input_file_ref idref="fl-5"/>
      </object_component>
      <object_component id="oc-2c3">
         <name>.data:$O1$$</name>
         <load_address>0x200043fc</load_address>
         <run_address>0x200043fc</run_address>
         <size>0xc</size>
         <input_file_ref idref="fl-dc"/>
      </object_component>
      <object_component id="oc-1d2">
         <name>.data:$O1$$</name>
         <load_address>0x20004408</load_address>
         <run_address>0x20004408</run_address>
         <size>0x8</size>
         <input_file_ref idref="fl-dd"/>
      </object_component>
      <object_component id="oc-ce">
         <name>.bss</name>
         <uninitialized>true</uninitialized>
         <run_address>0x20003fe0</run_address>
         <size>0x4</size>
         <input_file_ref idref="fl-5"/>
      </object_component>
      <object_component id="oc-d1">
         <name>.bss:g_MainScheduler</name>
         <uninitialized>true</uninitialized>
         <run_address>0x20000000</run_address>
         <size>0x3fe0</size>
         <input_file_ref idref="fl-5"/>
      </object_component>
      <object_component id="oc-2c7">
         <name>.bss</name>
         <uninitialized>true</uninitialized>
         <run_address>0x20003fe4</run_address>
         <size>0x4</size>
         <input_file_ref idref="fl-d3"/>
      </object_component>
      <object_component id="oc-2a">
         <name>.sysmem</name>
         <uninitialized>true</uninitialized>
         <run_address>0x20003fe8</run_address>
         <size>0x8</size>
         <input_file_ref idref="fl-dc"/>
      </object_component>
      <object_component id="oc-3be">
         <name>.sysmem</name>
         <uninitialized>true</uninitialized>
         <run_address>0x20003fe8</run_address>
         <size>0x0</size>
      </object_component>
      <object_component id="oc-27">
         <name>.stack</name>
         <uninitialized>true</uninitialized>
         <run_address>0x2000fe00</run_address>
         <size>0x4</size>
         <input_file_ref idref="fl-da"/>
      </object_component>
      <object_component id="oc-3bd">
         <name>.stack</name>
         <uninitialized>true</uninitialized>
         <run_address>0x2000fe00</run_address>
         <size>0x0</size>
      </object_component>
      <object_component id="oc-181">
         <name>.debug_info</name>
         <load_address>0x0</load_address>
         <run_address>0x0</run_address>
         <size>0x1980</size>
         <input_file_ref idref="fl-2"/>
      </object_component>
      <object_component id="oc-174">
         <name>.debug_info</name>
         <load_address>0x1980</load_address>
         <run_address>0x1980</run_address>
         <size>0xeb</size>
         <input_file_ref idref="fl-2"/>
      </object_component>
      <object_component id="oc-c3">
         <name>.debug_info</name>
         <load_address>0x1a6b</load_address>
         <run_address>0x1a6b</run_address>
         <size>0x179</size>
         <input_file_ref idref="fl-2"/>
      </object_component>
      <object_component id="oc-1c7">
         <name>.debug_info</name>
         <load_address>0x1be4</load_address>
         <run_address>0x1be4</run_address>
         <size>0x26d</size>
         <input_file_ref idref="fl-2"/>
      </object_component>
      <object_component id="oc-16e">
         <name>.debug_info</name>
         <load_address>0x1e51</load_address>
         <run_address>0x1e51</run_address>
         <size>0x133</size>
         <input_file_ref idref="fl-2"/>
      </object_component>
      <object_component id="oc-20c">
         <name>.debug_info</name>
         <load_address>0x1f84</load_address>
         <run_address>0x1f84</run_address>
         <size>0x139b</size>
         <input_file_ref idref="fl-2"/>
      </object_component>
      <object_component id="oc-211">
         <name>.debug_info</name>
         <load_address>0x331f</load_address>
         <run_address>0x331f</run_address>
         <size>0x46de</size>
         <input_file_ref idref="fl-2"/>
      </object_component>
      <object_component id="oc-177">
         <name>.debug_info</name>
         <load_address>0x79fd</load_address>
         <run_address>0x79fd</run_address>
         <size>0x291</size>
         <input_file_ref idref="fl-2"/>
      </object_component>
      <object_component id="oc-216">
         <name>.debug_info</name>
         <load_address>0x7c8e</load_address>
         <run_address>0x7c8e</run_address>
         <size>0x73</size>
         <input_file_ref idref="fl-2"/>
      </object_component>
      <object_component id="oc-17c">
         <name>.debug_info</name>
         <load_address>0x7d01</load_address>
         <run_address>0x7d01</run_address>
         <size>0x8b</size>
         <input_file_ref idref="fl-2"/>
      </object_component>
      <object_component id="oc-22a">
         <name>.debug_info</name>
         <load_address>0x7d8c</load_address>
         <run_address>0x7d8c</run_address>
         <size>0x198</size>
         <input_file_ref idref="fl-2"/>
      </object_component>
      <object_component id="oc-225">
         <name>.debug_info</name>
         <load_address>0x7f24</load_address>
         <run_address>0x7f24</run_address>
         <size>0x2c9</size>
         <input_file_ref idref="fl-2"/>
      </object_component>
      <object_component id="oc-2cd">
         <name>.debug_info</name>
         <load_address>0x81ed</load_address>
         <run_address>0x81ed</run_address>
         <size>0xef</size>
         <input_file_ref idref="fl-2"/>
      </object_component>
      <object_component id="oc-199">
         <name>.debug_info</name>
         <load_address>0x82dc</load_address>
         <run_address>0x82dc</run_address>
         <size>0xbb</size>
         <input_file_ref idref="fl-2"/>
      </object_component>
      <object_component id="oc-21b">
         <name>.debug_info</name>
         <load_address>0x8397</load_address>
         <run_address>0x8397</run_address>
         <size>0x2a1</size>
         <input_file_ref idref="fl-2"/>
      </object_component>
      <object_component id="oc-220">
         <name>.debug_info</name>
         <load_address>0x8638</load_address>
         <run_address>0x8638</run_address>
         <size>0xfe</size>
         <input_file_ref idref="fl-2"/>
      </object_component>
      <object_component id="oc-189">
         <name>.debug_info</name>
         <load_address>0x8736</load_address>
         <run_address>0x8736</run_address>
         <size>0x1b2c</size>
         <input_file_ref idref="fl-3"/>
      </object_component>
      <object_component id="oc-c9">
         <name>.debug_info</name>
         <load_address>0xa262</load_address>
         <run_address>0xa262</run_address>
         <size>0x17f</size>
         <input_file_ref idref="fl-3"/>
      </object_component>
      <object_component id="oc-112">
         <name>.debug_info</name>
         <load_address>0xa3e1</load_address>
         <run_address>0xa3e1</run_address>
         <size>0x28e</size>
         <input_file_ref idref="fl-3"/>
      </object_component>
      <object_component id="oc-11e">
         <name>.debug_info</name>
         <load_address>0xa66f</load_address>
         <run_address>0xa66f</run_address>
         <size>0x1c2</size>
         <input_file_ref idref="fl-3"/>
      </object_component>
      <object_component id="oc-118">
         <name>.debug_info</name>
         <load_address>0xa831</load_address>
         <run_address>0xa831</run_address>
         <size>0x1f9</size>
         <input_file_ref idref="fl-3"/>
      </object_component>
      <object_component id="oc-1c1">
         <name>.debug_info</name>
         <load_address>0xaa2a</load_address>
         <run_address>0xaa2a</run_address>
         <size>0x1b1</size>
         <input_file_ref idref="fl-3"/>
      </object_component>
      <object_component id="oc-184">
         <name>.debug_info</name>
         <load_address>0xabdb</load_address>
         <run_address>0xabdb</run_address>
         <size>0x2d4</size>
         <input_file_ref idref="fl-3"/>
      </object_component>
      <object_component id="oc-194">
         <name>.debug_info</name>
         <load_address>0xaeaf</load_address>
         <run_address>0xaeaf</run_address>
         <size>0x261</size>
         <input_file_ref idref="fl-3"/>
      </object_component>
      <object_component id="oc-277">
         <name>.debug_info</name>
         <load_address>0xb110</load_address>
         <run_address>0xb110</run_address>
         <size>0x2025</size>
         <input_file_ref idref="fl-4"/>
      </object_component>
      <object_component id="oc-272">
         <name>.debug_info</name>
         <load_address>0xd135</load_address>
         <run_address>0xd135</run_address>
         <size>0xe8</size>
         <input_file_ref idref="fl-4"/>
      </object_component>
      <object_component id="oc-2d3">
         <name>.debug_info</name>
         <load_address>0xd21d</load_address>
         <run_address>0xd21d</run_address>
         <size>0xda</size>
         <input_file_ref idref="fl-4"/>
      </object_component>
      <object_component id="oc-30f">
         <name>.debug_info</name>
         <load_address>0xd2f7</load_address>
         <run_address>0xd2f7</run_address>
         <size>0xdf</size>
         <input_file_ref idref="fl-4"/>
      </object_component>
      <object_component id="oc-2d8">
         <name>.debug_info</name>
         <load_address>0xd3d6</load_address>
         <run_address>0xd3d6</run_address>
         <size>0x125</size>
         <input_file_ref idref="fl-4"/>
      </object_component>
      <object_component id="oc-2df">
         <name>.debug_info</name>
         <load_address>0xd4fb</load_address>
         <run_address>0xd4fb</run_address>
         <size>0x129</size>
         <input_file_ref idref="fl-4"/>
      </object_component>
      <object_component id="oc-1a5">
         <name>.debug_info</name>
         <load_address>0xd624</load_address>
         <run_address>0xd624</run_address>
         <size>0x144</size>
         <input_file_ref idref="fl-4"/>
      </object_component>
      <object_component id="oc-18d">
         <name>.debug_info</name>
         <load_address>0xd768</load_address>
         <run_address>0xd768</run_address>
         <size>0x218e</size>
         <input_file_ref idref="fl-5"/>
      </object_component>
      <object_component id="oc-df">
         <name>.debug_info</name>
         <load_address>0xf8f6</load_address>
         <run_address>0xf8f6</run_address>
         <size>0x14e</size>
         <input_file_ref idref="fl-5"/>
      </object_component>
      <object_component id="oc-cf">
         <name>.debug_info</name>
         <load_address>0xfa44</load_address>
         <run_address>0xfa44</run_address>
         <size>0xd2</size>
         <input_file_ref idref="fl-5"/>
      </object_component>
      <object_component id="oc-d2">
         <name>.debug_info</name>
         <load_address>0xfb16</load_address>
         <run_address>0xfb16</run_address>
         <size>0xde</size>
         <input_file_ref idref="fl-5"/>
      </object_component>
      <object_component id="oc-1b9">
         <name>.debug_info</name>
         <load_address>0xfbf4</load_address>
         <run_address>0xfbf4</run_address>
         <size>0x205</size>
         <input_file_ref idref="fl-5"/>
      </object_component>
      <object_component id="oc-1b3">
         <name>.debug_info</name>
         <load_address>0xfdf9</load_address>
         <run_address>0xfdf9</run_address>
         <size>0x23d</size>
         <input_file_ref idref="fl-5"/>
      </object_component>
      <object_component id="oc-10c">
         <name>.debug_info</name>
         <load_address>0x10036</load_address>
         <run_address>0x10036</run_address>
         <size>0x181</size>
         <input_file_ref idref="fl-5"/>
      </object_component>
      <object_component id="oc-b1">
         <name>.debug_info</name>
         <load_address>0x101b7</load_address>
         <run_address>0x101b7</run_address>
         <size>0x25c</size>
         <input_file_ref idref="fl-5"/>
      </object_component>
      <object_component id="oc-81">
         <name>.debug_info</name>
         <load_address>0x10413</load_address>
         <run_address>0x10413</run_address>
         <size>0x114</size>
         <input_file_ref idref="fl-5"/>
      </object_component>
      <object_component id="oc-7b">
         <name>.debug_info</name>
         <load_address>0x10527</load_address>
         <run_address>0x10527</run_address>
         <size>0x10e</size>
         <input_file_ref idref="fl-5"/>
      </object_component>
      <object_component id="oc-69">
         <name>.debug_info</name>
         <load_address>0x10635</load_address>
         <run_address>0x10635</run_address>
         <size>0x13d</size>
         <input_file_ref idref="fl-5"/>
      </object_component>
      <object_component id="oc-233">
         <name>.debug_info</name>
         <load_address>0x10772</load_address>
         <run_address>0x10772</run_address>
         <size>0x57e</size>
         <input_file_ref idref="fl-5"/>
      </object_component>
      <object_component id="oc-124">
         <name>.debug_info</name>
         <load_address>0x10cf0</load_address>
         <run_address>0x10cf0</run_address>
         <size>0x124</size>
         <input_file_ref idref="fl-5"/>
      </object_component>
      <object_component id="oc-238">
         <name>.debug_info</name>
         <load_address>0x10e14</load_address>
         <run_address>0x10e14</run_address>
         <size>0x221</size>
         <input_file_ref idref="fl-5"/>
      </object_component>
      <object_component id="oc-23d">
         <name>.debug_info</name>
         <load_address>0x11035</load_address>
         <run_address>0x11035</run_address>
         <size>0xd0</size>
         <input_file_ref idref="fl-5"/>
      </object_component>
      <object_component id="oc-242">
         <name>.debug_info</name>
         <load_address>0x11105</load_address>
         <run_address>0x11105</run_address>
         <size>0xbc</size>
         <input_file_ref idref="fl-5"/>
      </object_component>
      <object_component id="oc-247">
         <name>.debug_info</name>
         <load_address>0x111c1</load_address>
         <run_address>0x111c1</run_address>
         <size>0xf8</size>
         <input_file_ref idref="fl-5"/>
      </object_component>
      <object_component id="oc-24c">
         <name>.debug_info</name>
         <load_address>0x112b9</load_address>
         <run_address>0x112b9</run_address>
         <size>0x46d</size>
         <input_file_ref idref="fl-5"/>
      </object_component>
      <object_component id="oc-251">
         <name>.debug_info</name>
         <load_address>0x11726</load_address>
         <run_address>0x11726</run_address>
         <size>0x195</size>
         <input_file_ref idref="fl-5"/>
      </object_component>
      <object_component id="oc-256">
         <name>.debug_info</name>
         <load_address>0x118bb</load_address>
         <run_address>0x118bb</run_address>
         <size>0x120</size>
         <input_file_ref idref="fl-5"/>
      </object_component>
      <object_component id="oc-25b">
         <name>.debug_info</name>
         <load_address>0x119db</load_address>
         <run_address>0x119db</run_address>
         <size>0xd0</size>
         <input_file_ref idref="fl-5"/>
      </object_component>
      <object_component id="oc-1a3">
         <name>.debug_info</name>
         <load_address>0x11aab</load_address>
         <run_address>0x11aab</run_address>
         <size>0x533</size>
         <input_file_ref idref="fl-6"/>
      </object_component>
      <object_component id="oc-d6">
         <name>.debug_info</name>
         <load_address>0x11fde</load_address>
         <run_address>0x11fde</run_address>
         <size>0x129</size>
         <input_file_ref idref="fl-6"/>
      </object_component>
      <object_component id="oc-262">
         <name>.debug_info</name>
         <load_address>0x12107</load_address>
         <run_address>0x12107</run_address>
         <size>0x37e2</size>
         <input_file_ref idref="fl-6"/>
      </object_component>
      <object_component id="oc-267">
         <name>.debug_info</name>
         <load_address>0x158e9</load_address>
         <run_address>0x158e9</run_address>
         <size>0x1055</size>
         <input_file_ref idref="fl-6"/>
      </object_component>
      <object_component id="oc-e4">
         <name>.debug_info</name>
         <load_address>0x1693e</load_address>
         <run_address>0x1693e</run_address>
         <size>0x26b</size>
         <input_file_ref idref="fl-6"/>
      </object_component>
      <object_component id="oc-33">
         <name>.debug_info</name>
         <load_address>0x16ba9</load_address>
         <run_address>0x16ba9</run_address>
         <size>0x84</size>
         <input_file_ref idref="fl-6"/>
      </object_component>
      <object_component id="oc-19e">
         <name>.debug_info</name>
         <load_address>0x16c2d</load_address>
         <run_address>0x16c2d</run_address>
         <size>0x297</size>
         <input_file_ref idref="fl-6"/>
      </object_component>
      <object_component id="oc-26c">
         <name>.debug_info</name>
         <load_address>0x16ec4</load_address>
         <run_address>0x16ec4</run_address>
         <size>0xbb</size>
         <input_file_ref idref="fl-6"/>
      </object_component>
      <object_component id="oc-1b0">
         <name>.debug_info</name>
         <load_address>0x16f7f</load_address>
         <run_address>0x16f7f</run_address>
         <size>0x1f8c</size>
         <input_file_ref idref="fl-9"/>
      </object_component>
      <object_component id="oc-1ab">
         <name>.debug_info</name>
         <load_address>0x18f0b</load_address>
         <run_address>0x18f0b</run_address>
         <size>0xeb</size>
         <input_file_ref idref="fl-9"/>
      </object_component>
      <object_component id="oc-27a">
         <name>.debug_info</name>
         <load_address>0x18ff6</load_address>
         <run_address>0x18ff6</run_address>
         <size>0xdd</size>
         <input_file_ref idref="fl-9"/>
      </object_component>
      <object_component id="oc-2ed">
         <name>.debug_info</name>
         <load_address>0x190d3</load_address>
         <run_address>0x190d3</run_address>
         <size>0xe2</size>
         <input_file_ref idref="fl-9"/>
      </object_component>
      <object_component id="oc-106">
         <name>.debug_info</name>
         <load_address>0x191b5</load_address>
         <run_address>0x191b5</run_address>
         <size>0x16f</size>
         <input_file_ref idref="fl-9"/>
      </object_component>
      <object_component id="oc-27f">
         <name>.debug_info</name>
         <load_address>0x19324</load_address>
         <run_address>0x19324</run_address>
         <size>0x133</size>
         <input_file_ref idref="fl-9"/>
      </object_component>
      <object_component id="oc-285">
         <name>.debug_info</name>
         <load_address>0x19457</load_address>
         <run_address>0x19457</run_address>
         <size>0x137</size>
         <input_file_ref idref="fl-9"/>
      </object_component>
      <object_component id="oc-88">
         <name>.debug_info</name>
         <load_address>0x1958e</load_address>
         <run_address>0x1958e</run_address>
         <size>0x2c9</size>
         <input_file_ref idref="fl-d"/>
      </object_component>
      <object_component id="oc-25">
         <name>.debug_info</name>
         <load_address>0x19857</load_address>
         <run_address>0x19857</run_address>
         <size>0xf5</size>
         <input_file_ref idref="fl-d"/>
      </object_component>
      <object_component id="oc-6f">
         <name>.debug_info</name>
         <load_address>0x1994c</load_address>
         <run_address>0x1994c</run_address>
         <size>0x158</size>
         <input_file_ref idref="fl-d"/>
      </object_component>
      <object_component id="oc-75">
         <name>.debug_info</name>
         <load_address>0x19aa4</load_address>
         <run_address>0x19aa4</run_address>
         <size>0x140</size>
         <input_file_ref idref="fl-d"/>
      </object_component>
      <object_component id="oc-1fb">
         <name>.debug_info</name>
         <load_address>0x19be4</load_address>
         <run_address>0x19be4</run_address>
         <size>0x46a</size>
         <input_file_ref idref="fl-d3"/>
      </object_component>
      <object_component id="oc-2c8">
         <name>.debug_info</name>
         <load_address>0x1a04e</load_address>
         <run_address>0x1a04e</run_address>
         <size>0x149</size>
         <input_file_ref idref="fl-d3"/>
      </object_component>
      <object_component id="oc-1f5">
         <name>.debug_info</name>
         <load_address>0x1a197</load_address>
         <run_address>0x1a197</run_address>
         <size>0x197</size>
         <input_file_ref idref="fl-d3"/>
      </object_component>
      <object_component id="oc-168">
         <name>.debug_info</name>
         <load_address>0x1a32e</load_address>
         <run_address>0x1a32e</run_address>
         <size>0x1b1</size>
         <input_file_ref idref="fl-d3"/>
      </object_component>
      <object_component id="oc-364">
         <name>.debug_info</name>
         <load_address>0x1a4df</load_address>
         <run_address>0x1a4df</run_address>
         <size>0x170</size>
         <input_file_ref idref="fl-d3"/>
      </object_component>
      <object_component id="oc-343">
         <name>.debug_info</name>
         <load_address>0x1a64f</load_address>
         <run_address>0x1a64f</run_address>
         <size>0x171</size>
         <input_file_ref idref="fl-d3"/>
      </object_component>
      <object_component id="oc-202">
         <name>.debug_info</name>
         <load_address>0x1a7c0</load_address>
         <run_address>0x1a7c0</run_address>
         <size>0x6c</size>
         <input_file_ref idref="fl-d3"/>
      </object_component>
      <object_component id="oc-1fd">
         <name>.debug_info</name>
         <load_address>0x1a82c</load_address>
         <run_address>0x1a82c</run_address>
         <size>0x2c</size>
         <input_file_ref idref="fl-d3"/>
      </object_component>
      <object_component id="oc-323">
         <name>.debug_info</name>
         <load_address>0x1a858</load_address>
         <run_address>0x1a858</run_address>
         <size>0x903</size>
         <input_file_ref idref="fl-d4"/>
      </object_component>
      <object_component id="oc-30a">
         <name>.debug_info</name>
         <load_address>0x1b15b</load_address>
         <run_address>0x1b15b</run_address>
         <size>0x14a</size>
         <input_file_ref idref="fl-d4"/>
      </object_component>
      <object_component id="oc-2e8">
         <name>.debug_info</name>
         <load_address>0x1b2a5</load_address>
         <run_address>0x1b2a5</run_address>
         <size>0x150</size>
         <input_file_ref idref="fl-d4"/>
      </object_component>
      <object_component id="oc-327">
         <name>.debug_info</name>
         <load_address>0x1b3f5</load_address>
         <run_address>0x1b3f5</run_address>
         <size>0x13c</size>
         <input_file_ref idref="fl-d4"/>
      </object_component>
      <object_component id="oc-314">
         <name>.debug_info</name>
         <load_address>0x1b531</load_address>
         <run_address>0x1b531</run_address>
         <size>0x142</size>
         <input_file_ref idref="fl-d4"/>
      </object_component>
      <object_component id="oc-352">
         <name>.debug_info</name>
         <load_address>0x1b673</load_address>
         <run_address>0x1b673</run_address>
         <size>0x141</size>
         <input_file_ref idref="fl-d4"/>
      </object_component>
      <object_component id="oc-338">
         <name>.debug_info</name>
         <load_address>0x1b7b4</load_address>
         <run_address>0x1b7b4</run_address>
         <size>0x147</size>
         <input_file_ref idref="fl-d4"/>
      </object_component>
      <object_component id="oc-32c">
         <name>.debug_info</name>
         <load_address>0x1b8fb</load_address>
         <run_address>0x1b8fb</run_address>
         <size>0x188</size>
         <input_file_ref idref="fl-d4"/>
      </object_component>
      <object_component id="oc-319">
         <name>.debug_info</name>
         <load_address>0x1ba83</load_address>
         <run_address>0x1ba83</run_address>
         <size>0x1a1</size>
         <input_file_ref idref="fl-d4"/>
      </object_component>
      <object_component id="oc-31f">
         <name>.debug_info</name>
         <load_address>0x1bc24</load_address>
         <run_address>0x1bc24</run_address>
         <size>0x195</size>
         <input_file_ref idref="fl-d4"/>
      </object_component>
      <object_component id="oc-332">
         <name>.debug_info</name>
         <load_address>0x1bdb9</load_address>
         <run_address>0x1bdb9</run_address>
         <size>0x17c</size>
         <input_file_ref idref="fl-d4"/>
      </object_component>
      <object_component id="oc-33d">
         <name>.debug_info</name>
         <load_address>0x1bf35</load_address>
         <run_address>0x1bf35</run_address>
         <size>0x59b</size>
         <input_file_ref idref="fl-d4"/>
      </object_component>
      <object_component id="oc-34c">
         <name>.debug_info</name>
         <load_address>0x1c4d0</load_address>
         <run_address>0x1c4d0</run_address>
         <size>0x110</size>
         <input_file_ref idref="fl-d4"/>
      </object_component>
      <object_component id="oc-36f">
         <name>.debug_info</name>
         <load_address>0x1c5e0</load_address>
         <run_address>0x1c5e0</run_address>
         <size>0x728</size>
         <input_file_ref idref="fl-d5"/>
      </object_component>
      <object_component id="oc-357">
         <name>.debug_info</name>
         <load_address>0x1cd08</load_address>
         <run_address>0x1cd08</run_address>
         <size>0x121</size>
         <input_file_ref idref="fl-d5"/>
      </object_component>
      <object_component id="oc-36b">
         <name>.debug_info</name>
         <load_address>0x1ce29</load_address>
         <run_address>0x1ce29</run_address>
         <size>0x126</size>
         <input_file_ref idref="fl-d5"/>
      </object_component>
      <object_component id="oc-35c">
         <name>.debug_info</name>
         <load_address>0x1cf4f</load_address>
         <run_address>0x1cf4f</run_address>
         <size>0x170</size>
         <input_file_ref idref="fl-d5"/>
      </object_component>
      <object_component id="oc-380">
         <name>.debug_info</name>
         <load_address>0x1d0bf</load_address>
         <run_address>0x1d0bf</run_address>
         <size>0x2c</size>
         <input_file_ref idref="fl-d5"/>
      </object_component>
      <object_component id="oc-372">
         <name>.debug_info</name>
         <load_address>0x1d0eb</load_address>
         <run_address>0x1d0eb</run_address>
         <size>0x21e</size>
         <input_file_ref idref="fl-d5"/>
      </object_component>
      <object_component id="oc-385">
         <name>.debug_info</name>
         <load_address>0x1d309</load_address>
         <run_address>0x1d309</run_address>
         <size>0x9c</size>
         <input_file_ref idref="fl-d5"/>
      </object_component>
      <object_component id="oc-39">
         <name>.debug_info</name>
         <load_address>0x1d3a5</load_address>
         <run_address>0x1d3a5</run_address>
         <size>0x111</size>
         <input_file_ref idref="fl-d6"/>
      </object_component>
      <object_component id="oc-a3">
         <name>.debug_info</name>
         <load_address>0x1d4b6</load_address>
         <run_address>0x1d4b6</run_address>
         <size>0x313</size>
         <input_file_ref idref="fl-d7"/>
      </object_component>
      <object_component id="oc-4b">
         <name>.debug_info</name>
         <load_address>0x1d7c9</load_address>
         <run_address>0x1d7c9</run_address>
         <size>0x1aa</size>
         <input_file_ref idref="fl-d7"/>
      </object_component>
      <object_component id="oc-9e">
         <name>.debug_info</name>
         <load_address>0x1d973</load_address>
         <run_address>0x1d973</run_address>
         <size>0x46</size>
         <input_file_ref idref="fl-d7"/>
      </object_component>
      <object_component id="oc-fc">
         <name>.debug_info</name>
         <load_address>0x1d9b9</load_address>
         <run_address>0x1d9b9</run_address>
         <size>0x2c</size>
         <input_file_ref idref="fl-d7"/>
      </object_component>
      <object_component id="oc-43">
         <name>.debug_info</name>
         <load_address>0x1d9e5</load_address>
         <run_address>0x1d9e5</run_address>
         <size>0x29d</size>
         <input_file_ref idref="fl-d8"/>
      </object_component>
      <object_component id="oc-1b">
         <name>.debug_info</name>
         <load_address>0x1dc82</load_address>
         <run_address>0x1dc82</run_address>
         <size>0x1df</size>
         <input_file_ref idref="fl-d8"/>
      </object_component>
      <object_component id="oc-3e">
         <name>.debug_info</name>
         <load_address>0x1de61</load_address>
         <run_address>0x1de61</run_address>
         <size>0x46</size>
         <input_file_ref idref="fl-d8"/>
      </object_component>
      <object_component id="oc-96">
         <name>.debug_info</name>
         <load_address>0x1dea7</load_address>
         <run_address>0x1dea7</run_address>
         <size>0x2c</size>
         <input_file_ref idref="fl-d8"/>
      </object_component>
      <object_component id="oc-94">
         <name>.debug_info</name>
         <load_address>0x1ded3</load_address>
         <run_address>0x1ded3</run_address>
         <size>0x293</size>
         <input_file_ref idref="fl-d9"/>
      </object_component>
      <object_component id="oc-15">
         <name>.debug_info</name>
         <load_address>0x1e166</load_address>
         <run_address>0x1e166</run_address>
         <size>0x245</size>
         <input_file_ref idref="fl-d9"/>
      </object_component>
      <object_component id="oc-2e">
         <name>.debug_info</name>
         <load_address>0x1e3ab</load_address>
         <run_address>0x1e3ab</run_address>
         <size>0x60</size>
         <input_file_ref idref="fl-d9"/>
      </object_component>
      <object_component id="oc-f5">
         <name>.debug_info</name>
         <load_address>0x1e40b</load_address>
         <run_address>0x1e40b</run_address>
         <size>0x46</size>
         <input_file_ref idref="fl-d9"/>
      </object_component>
      <object_component id="oc-8f">
         <name>.debug_info</name>
         <load_address>0x1e451</load_address>
         <run_address>0x1e451</run_address>
         <size>0x39</size>
         <input_file_ref idref="fl-d9"/>
      </object_component>
      <object_component id="oc-28">
         <name>.debug_info</name>
         <load_address>0x1e48a</load_address>
         <run_address>0x1e48a</run_address>
         <size>0x100</size>
         <input_file_ref idref="fl-da"/>
      </object_component>
      <object_component id="oc-57">
         <name>.debug_info</name>
         <load_address>0x1e58a</load_address>
         <run_address>0x1e58a</run_address>
         <size>0x1a4</size>
         <input_file_ref idref="fl-da"/>
      </object_component>
      <object_component id="oc-12a">
         <name>.debug_info</name>
         <load_address>0x1e72e</load_address>
         <run_address>0x1e72e</run_address>
         <size>0x117</size>
         <input_file_ref idref="fl-db"/>
      </object_component>
      <object_component id="oc-8d">
         <name>.debug_info</name>
         <load_address>0x1e845</load_address>
         <run_address>0x1e845</run_address>
         <size>0x3bb</size>
         <input_file_ref idref="fl-dc"/>
      </object_component>
      <object_component id="oc-2b">
         <name>.debug_info</name>
         <load_address>0x1ec00</load_address>
         <run_address>0x1ec00</run_address>
         <size>0x101</size>
         <input_file_ref idref="fl-dc"/>
      </object_component>
      <object_component id="oc-2c4">
         <name>.debug_info</name>
         <load_address>0x1ed01</load_address>
         <run_address>0x1ed01</run_address>
         <size>0x14c</size>
         <input_file_ref idref="fl-dc"/>
      </object_component>
      <object_component id="oc-2b2">
         <name>.debug_info</name>
         <load_address>0x1ee4d</load_address>
         <run_address>0x1ee4d</run_address>
         <size>0x139</size>
         <input_file_ref idref="fl-dc"/>
      </object_component>
      <object_component id="oc-2b8">
         <name>.debug_info</name>
         <load_address>0x1ef86</load_address>
         <run_address>0x1ef86</run_address>
         <size>0x174</size>
         <input_file_ref idref="fl-dc"/>
      </object_component>
      <object_component id="oc-2be">
         <name>.debug_info</name>
         <load_address>0x1f0fa</load_address>
         <run_address>0x1f0fa</run_address>
         <size>0x172</size>
         <input_file_ref idref="fl-dc"/>
      </object_component>
      <object_component id="oc-1ef">
         <name>.debug_info</name>
         <load_address>0x1f26c</load_address>
         <run_address>0x1f26c</run_address>
         <size>0x1db</size>
         <input_file_ref idref="fl-dc"/>
      </object_component>
      <object_component id="oc-378">
         <name>.debug_info</name>
         <load_address>0x1f447</load_address>
         <run_address>0x1f447</run_address>
         <size>0x1e6</size>
         <input_file_ref idref="fl-dc"/>
      </object_component>
      <object_component id="oc-eb">
         <name>.debug_info</name>
         <load_address>0x1f62d</load_address>
         <run_address>0x1f62d</run_address>
         <size>0x2c</size>
         <input_file_ref idref="fl-dc"/>
      </object_component>
      <object_component id="oc-f0">
         <name>.debug_info</name>
         <load_address>0x1f659</load_address>
         <run_address>0x1f659</run_address>
         <size>0x62</size>
         <input_file_ref idref="fl-dc"/>
      </object_component>
      <object_component id="oc-29a">
         <name>.debug_info</name>
         <load_address>0x1f6bb</load_address>
         <run_address>0x1f6bb</run_address>
         <size>0x2be</size>
         <input_file_ref idref="fl-dd"/>
      </object_component>
      <object_component id="oc-1d3">
         <name>.debug_info</name>
         <load_address>0x1f979</load_address>
         <run_address>0x1f979</run_address>
         <size>0x113</size>
         <input_file_ref idref="fl-dd"/>
      </object_component>
      <object_component id="oc-293">
         <name>.debug_info</name>
         <load_address>0x1fa8c</load_address>
         <run_address>0x1fa8c</run_address>
         <size>0x123</size>
         <input_file_ref idref="fl-dd"/>
      </object_component>
      <object_component id="oc-a5">
         <name>.debug_info</name>
         <load_address>0x1fbaf</load_address>
         <run_address>0x1fbaf</run_address>
         <size>0x13f</size>
         <input_file_ref idref="fl-e0"/>
      </object_component>
      <object_component id="oc-1d9">
         <name>.debug_info</name>
         <load_address>0x1fcee</load_address>
         <run_address>0x1fcee</run_address>
         <size>0x547</size>
         <input_file_ref idref="fl-e1"/>
      </object_component>
      <object_component id="oc-13c">
         <name>.debug_info</name>
         <load_address>0x20235</load_address>
         <run_address>0x20235</run_address>
         <size>0x192</size>
         <input_file_ref idref="fl-e1"/>
      </object_component>
      <object_component id="oc-2a0">
         <name>.debug_info</name>
         <load_address>0x203c7</load_address>
         <run_address>0x203c7</run_address>
         <size>0x39</size>
         <input_file_ref idref="fl-e1"/>
      </object_component>
      <object_component id="oc-2f6">
         <name>.debug_info</name>
         <load_address>0x20400</load_address>
         <run_address>0x20400</run_address>
         <size>0x39</size>
         <input_file_ref idref="fl-e1"/>
      </object_component>
      <object_component id="oc-2a5">
         <name>.debug_info</name>
         <load_address>0x20439</load_address>
         <run_address>0x20439</run_address>
         <size>0x39</size>
         <input_file_ref idref="fl-e1"/>
      </object_component>
      <object_component id="oc-2aa">
         <name>.debug_info</name>
         <load_address>0x20472</load_address>
         <run_address>0x20472</run_address>
         <size>0xcd</size>
         <input_file_ref idref="fl-e1"/>
      </object_component>
      <object_component id="oc-ab">
         <name>.debug_info</name>
         <load_address>0x2053f</load_address>
         <run_address>0x2053f</run_address>
         <size>0x148</size>
         <input_file_ref idref="fl-e2"/>
      </object_component>
      <object_component id="oc-3bf">
         <name>.debug_info</name>
         <load_address>0x20687</load_address>
         <run_address>0x20687</run_address>
         <size>0xa0</size>
      </object_component>
      <object_component id="oc-20b">
         <name>.debug_line</name>
         <load_address>0x0</load_address>
         <run_address>0x0</run_address>
         <size>0x70</size>
         <input_file_ref idref="fl-2"/>
      </object_component>
      <object_component id="oc-209">
         <name>.debug_line</name>
         <load_address>0x70</load_address>
         <run_address>0x70</run_address>
         <size>0x32</size>
         <input_file_ref idref="fl-2"/>
      </object_component>
      <object_component id="oc-c6">
         <name>.debug_line</name>
         <load_address>0xa2</load_address>
         <run_address>0xa2</run_address>
         <size>0x4f</size>
         <input_file_ref idref="fl-2"/>
      </object_component>
      <object_component id="oc-1ca">
         <name>.debug_line</name>
         <load_address>0xf1</load_address>
         <run_address>0xf1</run_address>
         <size>0x7e</size>
         <input_file_ref idref="fl-2"/>
      </object_component>
      <object_component id="oc-171">
         <name>.debug_line</name>
         <load_address>0x16f</load_address>
         <run_address>0x16f</run_address>
         <size>0x4d</size>
         <input_file_ref idref="fl-2"/>
      </object_component>
      <object_component id="oc-20f">
         <name>.debug_line</name>
         <load_address>0x1bc</load_address>
         <run_address>0x1bc</run_address>
         <size>0x83</size>
         <input_file_ref idref="fl-2"/>
      </object_component>
      <object_component id="oc-214">
         <name>.debug_line</name>
         <load_address>0x23f</load_address>
         <run_address>0x23f</run_address>
         <size>0x86</size>
         <input_file_ref idref="fl-2"/>
      </object_component>
      <object_component id="oc-17a">
         <name>.debug_line</name>
         <load_address>0x2c5</load_address>
         <run_address>0x2c5</run_address>
         <size>0x59</size>
         <input_file_ref idref="fl-2"/>
      </object_component>
      <object_component id="oc-219">
         <name>.debug_line</name>
         <load_address>0x31e</load_address>
         <run_address>0x31e</run_address>
         <size>0x89</size>
         <input_file_ref idref="fl-2"/>
      </object_component>
      <object_component id="oc-17f">
         <name>.debug_line</name>
         <load_address>0x3a7</load_address>
         <run_address>0x3a7</run_address>
         <size>0x20</size>
         <input_file_ref idref="fl-2"/>
      </object_component>
      <object_component id="oc-22d">
         <name>.debug_line</name>
         <load_address>0x3c7</load_address>
         <run_address>0x3c7</run_address>
         <size>0x70</size>
         <input_file_ref idref="fl-2"/>
      </object_component>
      <object_component id="oc-228">
         <name>.debug_line</name>
         <load_address>0x437</load_address>
         <run_address>0x437</run_address>
         <size>0x78</size>
         <input_file_ref idref="fl-2"/>
      </object_component>
      <object_component id="oc-2d0">
         <name>.debug_line</name>
         <load_address>0x4af</load_address>
         <run_address>0x4af</run_address>
         <size>0x74</size>
         <input_file_ref idref="fl-2"/>
      </object_component>
      <object_component id="oc-19c">
         <name>.debug_line</name>
         <load_address>0x523</load_address>
         <run_address>0x523</run_address>
         <size>0x75</size>
         <input_file_ref idref="fl-2"/>
      </object_component>
      <object_component id="oc-21e">
         <name>.debug_line</name>
         <load_address>0x598</load_address>
         <run_address>0x598</run_address>
         <size>0x74</size>
         <input_file_ref idref="fl-2"/>
      </object_component>
      <object_component id="oc-223">
         <name>.debug_line</name>
         <load_address>0x60c</load_address>
         <run_address>0x60c</run_address>
         <size>0x6f</size>
         <input_file_ref idref="fl-2"/>
      </object_component>
      <object_component id="oc-230">
         <name>.debug_line</name>
         <load_address>0x67b</load_address>
         <run_address>0x67b</run_address>
         <size>0x82</size>
         <input_file_ref idref="fl-3"/>
      </object_component>
      <object_component id="oc-cc">
         <name>.debug_line</name>
         <load_address>0x6fd</load_address>
         <run_address>0x6fd</run_address>
         <size>0x5e</size>
         <input_file_ref idref="fl-3"/>
      </object_component>
      <object_component id="oc-115">
         <name>.debug_line</name>
         <load_address>0x75b</load_address>
         <run_address>0x75b</run_address>
         <size>0x66</size>
         <input_file_ref idref="fl-3"/>
      </object_component>
      <object_component id="oc-121">
         <name>.debug_line</name>
         <load_address>0x7c1</load_address>
         <run_address>0x7c1</run_address>
         <size>0xa3</size>
         <input_file_ref idref="fl-3"/>
      </object_component>
      <object_component id="oc-11b">
         <name>.debug_line</name>
         <load_address>0x864</load_address>
         <run_address>0x864</run_address>
         <size>0x69</size>
         <input_file_ref idref="fl-3"/>
      </object_component>
      <object_component id="oc-1c4">
         <name>.debug_line</name>
         <load_address>0x8cd</load_address>
         <run_address>0x8cd</run_address>
         <size>0x64</size>
         <input_file_ref idref="fl-3"/>
      </object_component>
      <object_component id="oc-187">
         <name>.debug_line</name>
         <load_address>0x931</load_address>
         <run_address>0x931</run_address>
         <size>0x34</size>
         <input_file_ref idref="fl-3"/>
      </object_component>
      <object_component id="oc-197">
         <name>.debug_line</name>
         <load_address>0x965</load_address>
         <run_address>0x965</run_address>
         <size>0x2f</size>
         <input_file_ref idref="fl-3"/>
      </object_component>
      <object_component id="oc-2e6">
         <name>.debug_line</name>
         <load_address>0x994</load_address>
         <run_address>0x994</run_address>
         <size>0x50</size>
         <input_file_ref idref="fl-4"/>
      </object_component>
      <object_component id="oc-275">
         <name>.debug_line</name>
         <load_address>0x9e4</load_address>
         <run_address>0x9e4</run_address>
         <size>0x2f</size>
         <input_file_ref idref="fl-4"/>
      </object_component>
      <object_component id="oc-2d6">
         <name>.debug_line</name>
         <load_address>0xa13</load_address>
         <run_address>0xa13</run_address>
         <size>0x2f</size>
         <input_file_ref idref="fl-4"/>
      </object_component>
      <object_component id="oc-312">
         <name>.debug_line</name>
         <load_address>0xa42</load_address>
         <run_address>0xa42</run_address>
         <size>0x2f</size>
         <input_file_ref idref="fl-4"/>
      </object_component>
      <object_component id="oc-2db">
         <name>.debug_line</name>
         <load_address>0xa71</load_address>
         <run_address>0xa71</run_address>
         <size>0x44</size>
         <input_file_ref idref="fl-4"/>
      </object_component>
      <object_component id="oc-2e2">
         <name>.debug_line</name>
         <load_address>0xab5</load_address>
         <run_address>0xab5</run_address>
         <size>0x44</size>
         <input_file_ref idref="fl-4"/>
      </object_component>
      <object_component id="oc-1a8">
         <name>.debug_line</name>
         <load_address>0xaf9</load_address>
         <run_address>0xaf9</run_address>
         <size>0x47</size>
         <input_file_ref idref="fl-4"/>
      </object_component>
      <object_component id="oc-232">
         <name>.debug_line</name>
         <load_address>0xb40</load_address>
         <run_address>0xb40</run_address>
         <size>0x5a</size>
         <input_file_ref idref="fl-5"/>
      </object_component>
      <object_component id="oc-193">
         <name>.debug_line</name>
         <load_address>0xb9a</load_address>
         <run_address>0xb9a</run_address>
         <size>0x2f</size>
         <input_file_ref idref="fl-5"/>
      </object_component>
      <object_component id="oc-18c">
         <name>.debug_line</name>
         <load_address>0xbc9</load_address>
         <run_address>0xbc9</run_address>
         <size>0x2f</size>
         <input_file_ref idref="fl-5"/>
      </object_component>
      <object_component id="oc-190">
         <name>.debug_line</name>
         <load_address>0xbf8</load_address>
         <run_address>0xbf8</run_address>
         <size>0x2f</size>
         <input_file_ref idref="fl-5"/>
      </object_component>
      <object_component id="oc-1bc">
         <name>.debug_line</name>
         <load_address>0xc27</load_address>
         <run_address>0xc27</run_address>
         <size>0x9e</size>
         <input_file_ref idref="fl-5"/>
      </object_component>
      <object_component id="oc-1b6">
         <name>.debug_line</name>
         <load_address>0xcc5</load_address>
         <run_address>0xcc5</run_address>
         <size>0xa4</size>
         <input_file_ref idref="fl-5"/>
      </object_component>
      <object_component id="oc-10f">
         <name>.debug_line</name>
         <load_address>0xd69</load_address>
         <run_address>0xd69</run_address>
         <size>0x4b</size>
         <input_file_ref idref="fl-5"/>
      </object_component>
      <object_component id="oc-b4">
         <name>.debug_line</name>
         <load_address>0xdb4</load_address>
         <run_address>0xdb4</run_address>
         <size>0x64</size>
         <input_file_ref idref="fl-5"/>
      </object_component>
      <object_component id="oc-84">
         <name>.debug_line</name>
         <load_address>0xe18</load_address>
         <run_address>0xe18</run_address>
         <size>0x55</size>
         <input_file_ref idref="fl-5"/>
      </object_component>
      <object_component id="oc-7e">
         <name>.debug_line</name>
         <load_address>0xe6d</load_address>
         <run_address>0xe6d</run_address>
         <size>0x4b</size>
         <input_file_ref idref="fl-5"/>
      </object_component>
      <object_component id="oc-6c">
         <name>.debug_line</name>
         <load_address>0xeb8</load_address>
         <run_address>0xeb8</run_address>
         <size>0x41</size>
         <input_file_ref idref="fl-5"/>
      </object_component>
      <object_component id="oc-236">
         <name>.debug_line</name>
         <load_address>0xef9</load_address>
         <run_address>0xef9</run_address>
         <size>0x6f</size>
         <input_file_ref idref="fl-5"/>
      </object_component>
      <object_component id="oc-127">
         <name>.debug_line</name>
         <load_address>0xf68</load_address>
         <run_address>0xf68</run_address>
         <size>0x34</size>
         <input_file_ref idref="fl-5"/>
      </object_component>
      <object_component id="oc-23b">
         <name>.debug_line</name>
         <load_address>0xf9c</load_address>
         <run_address>0xf9c</run_address>
         <size>0x87</size>
         <input_file_ref idref="fl-5"/>
      </object_component>
      <object_component id="oc-240">
         <name>.debug_line</name>
         <load_address>0x1023</load_address>
         <run_address>0x1023</run_address>
         <size>0x87</size>
         <input_file_ref idref="fl-5"/>
      </object_component>
      <object_component id="oc-245">
         <name>.debug_line</name>
         <load_address>0x10aa</load_address>
         <run_address>0x10aa</run_address>
         <size>0x84</size>
         <input_file_ref idref="fl-5"/>
      </object_component>
      <object_component id="oc-24a">
         <name>.debug_line</name>
         <load_address>0x112e</load_address>
         <run_address>0x112e</run_address>
         <size>0x86</size>
         <input_file_ref idref="fl-5"/>
      </object_component>
      <object_component id="oc-24f">
         <name>.debug_line</name>
         <load_address>0x11b4</load_address>
         <run_address>0x11b4</run_address>
         <size>0x88</size>
         <input_file_ref idref="fl-5"/>
      </object_component>
      <object_component id="oc-254">
         <name>.debug_line</name>
         <load_address>0x123c</load_address>
         <run_address>0x123c</run_address>
         <size>0x84</size>
         <input_file_ref idref="fl-5"/>
      </object_component>
      <object_component id="oc-259">
         <name>.debug_line</name>
         <load_address>0x12c0</load_address>
         <run_address>0x12c0</run_address>
         <size>0x85</size>
         <input_file_ref idref="fl-5"/>
      </object_component>
      <object_component id="oc-25e">
         <name>.debug_line</name>
         <load_address>0x1345</load_address>
         <run_address>0x1345</run_address>
         <size>0x84</size>
         <input_file_ref idref="fl-5"/>
      </object_component>
      <object_component id="oc-261">
         <name>.debug_line</name>
         <load_address>0x13c9</load_address>
         <run_address>0x13c9</run_address>
         <size>0x20</size>
         <input_file_ref idref="fl-6"/>
      </object_component>
      <object_component id="oc-d9">
         <name>.debug_line</name>
         <load_address>0x13e9</load_address>
         <run_address>0x13e9</run_address>
         <size>0x65</size>
         <input_file_ref idref="fl-6"/>
      </object_component>
      <object_component id="oc-265">
         <name>.debug_line</name>
         <load_address>0x144e</load_address>
         <run_address>0x144e</run_address>
         <size>0x86</size>
         <input_file_ref idref="fl-6"/>
      </object_component>
      <object_component id="oc-26a">
         <name>.debug_line</name>
         <load_address>0x14d4</load_address>
         <run_address>0x14d4</run_address>
         <size>0x83</size>
         <input_file_ref idref="fl-6"/>
      </object_component>
      <object_component id="oc-e7">
         <name>.debug_line</name>
         <load_address>0x1557</load_address>
         <run_address>0x1557</run_address>
         <size>0x74</size>
         <input_file_ref idref="fl-6"/>
      </object_component>
      <object_component id="oc-36">
         <name>.debug_line</name>
         <load_address>0x15cb</load_address>
         <run_address>0x15cb</run_address>
         <size>0x20</size>
         <input_file_ref idref="fl-6"/>
      </object_component>
      <object_component id="oc-1a1">
         <name>.debug_line</name>
         <load_address>0x15eb</load_address>
         <run_address>0x15eb</run_address>
         <size>0x78</size>
         <input_file_ref idref="fl-6"/>
      </object_component>
      <object_component id="oc-26f">
         <name>.debug_line</name>
         <load_address>0x1663</load_address>
[...]
      <symbol id="sm-10">
         <name>__TI_prof_data_size</name>
         <value>0xffffffff</value>
      </symbol>
      <symbol id="sm-90">
         <name>_ZN7Mailbox10getMailboxEv</name>
         <value>0xaf1</value>
         <object_component_ref idref="oc-c2"/>
      </symbol>
      <symbol id="sm-91">
         <name>_ZN7Mailbox12setupMailboxEh</name>
         <value>0x2f1</value>
         <object_component_ref idref="oc-1c6"/>
      </symbol>
      <symbol id="sm-92">
         <name>_ZN7Mailbox7MailObjE</name>
         <value>0x20004410</value>
         <object_component_ref idref="oc-173"/>
      </symbol>
      <symbol id="sm-93">
         <name>_ZN7MailboxC1Ev</name>
         <value>0xa15</value>
         <object_component_ref idref="oc-16d"/>
      </symbol>
      <symbol id="sm-94">
         <name>_ZN7MailboxC2Ev</name>
         <value>0xa15</value>
         <object_component_ref idref="oc-16d"/>
      </symbol>
      <symbol id="sm-e1">
         <name>_ZN9Scheduler5setupEv</name>
         <value>0x6e5</value>
         <object_component_ref idref="oc-117"/>
      </symbol>
      <symbol id="sm-e2">
         <name>_ZN9Scheduler3runEv</name>
         <value>0xe5</value>
         <object_component_ref idref="oc-11d"/>
      </symbol>
      <symbol id="sm-e3">
         <name>_ZN9Scheduler13NumberOfTasksEv</name>
         <value>0x871</value>
         <object_component_ref idref="oc-1c0"/>
      </symbol>
      <symbol id="sm-e4">
         <name>_ZN9Scheduler6attachEP4Task8TaskType10TaskActivey</name>
         <value>0x455</value>
         <object_component_ref idref="oc-111"/>
      </symbol>
      <symbol id="sm-e5">
         <name>_ZN9SchedulerC1Ev</name>
         <value>0x8bf</value>
         <object_component_ref idref="oc-c8"/>
      </symbol>
      <symbol id="sm-e6">
         <name>_ZN9SchedulerC2Ev</name>
         <value>0x8bf</value>
         <object_component_ref idref="oc-c8"/>
      </symbol>
      <symbol id="sm-119">
         <name>_ZN4Task5setupEv</name>
         <value>0xc57</value>
         <object_component_ref idref="oc-2de"/>
      </symbol>
      <symbol id="sm-11a">
         <name>_ZN4Task3runEv</name>
         <value>0xc4b</value>
         <object_component_ref idref="oc-2d7"/>
      </symbol>
      <symbol id="sm-11b">
         <name>_ZN4TaskC1Ev</name>
         <value>0x999</value>
         <object_component_ref idref="oc-1a4"/>
      </symbol>
      <symbol id="sm-11c">
         <name>_ZTI4Task</name>
         <value>0xd54</value>
         <object_component_ref idref="oc-2d2"/>
      </symbol>
      <symbol id="sm-11d">
         <name>_ZTS4Task</name>
         <value>0xd64</value>
         <object_component_ref idref="oc-30e"/>
      </symbol>
      <symbol id="sm-11e">
         <name>_ZTV4Task</name>
         <value>0xcf0</value>
         <object_component_ref idref="oc-271"/>
      </symbol>
      <symbol id="sm-11f">
         <name>_ZN4TaskC2Ev</name>
         <value>0x999</value>
         <object_component_ref idref="oc-1a4"/>
      </symbol>
      <symbol id="sm-1c4">
         <name>g_Mailbox</name>
         <value>0x20003fe0</value>
         <object_component_ref idref="oc-ce"/>
      </symbol>
      <symbol id="sm-1c5">
         <name>_ZN4Task14m_u8NextTaskIDE</name>
         <value>0x200043f8</value>
         <object_component_ref idref="oc-de"/>
      </symbol>
      <symbol id="sm-1c6">
         <name>__sti___8_main_cpp_8ea94d19</name>
         <value>0xbf9</value>
         <object_component_ref idref="oc-68"/>
      </symbol>
      <symbol id="sm-1c7">
         <name>main</name>
         <value>0x4f1</value>
         <object_component_ref idref="oc-b0"/>
      </symbol>
      <symbol id="sm-1c8">
         <name>g_iHeartBeatCount</name>
         <value>0x200043e8</value>
         <object_component_ref idref="oc-de"/>
      </symbol>
      <symbol id="sm-1c9">
         <name>ADC14_IRQHandler</name>
         <value>0xbbd</value>
         <object_component_ref idref="oc-7a"/>
      </symbol>
      <symbol id="sm-1ca">
         <name>g_MainScheduler</name>
         <value>0x20000000</value>
         <object_component_ref idref="oc-d1"/>
      </symbol>
      <symbol id="sm-1cb">
         <name>T32_INT1_IRQHandler</name>
         <value>0x81d</value>
         <object_component_ref idref="oc-80"/>
      </symbol>
      <symbol id="sm-1cc">
         <name>_Z5Setupv</name>
         <value>0x955</value>
         <object_component_ref idref="oc-10b"/>
      </symbol>
      <symbol id="sm-200">
         <name>SystemInit</name>
         <value>0x5f5</value>
         <object_component_ref idref="oc-d5"/>
      </symbol>
      <symbol id="sm-239">
         <name>_ZN3LEDC1Et</name>
         <value>0xb75</value>
         <object_component_ref idref="oc-105"/>
      </symbol>
      <symbol id="sm-23a">
         <name>_ZN3LED3runEv</name>
         <value>0xbdd</value>
         <object_component_ref idref="oc-27e"/>
      </symbol>
      <symbol id="sm-23b">
         <name>_ZTS3LED</name>
         <value>0xd6a</value>
         <object_component_ref idref="oc-2ec"/>
      </symbol>
      <symbol id="sm-23c">
         <name>_ZTV3LED</name>
         <value>0xce0</value>
         <object_component_ref idref="oc-1aa"/>
      </symbol>
      <symbol id="sm-23d">
         <name>_ZTI3LED</name>
         <value>0xd30</value>
         <object_component_ref idref="oc-279"/>
      </symbol>
      <symbol id="sm-23e">
         <name>_ZN3LEDC2Et</name>
         <value>0xb75</value>
         <object_component_ref idref="oc-105"/>
      </symbol>
      <symbol id="sm-23f">
         <name>_ZN3LED5setupEv</name>
         <value>0xb21</value>
         <object_component_ref idref="oc-284"/>
      </symbol>
      <symbol id="sm-25e">
         <name>Reset_Handler</name>
         <value>0xc3f</value>
         <object_component_ref idref="oc-6e"/>
      </symbol>
      <symbol id="sm-25f">
         <name>Default_Handler</name>
         <value>0x4ef</value>
         <object_component_ref idref="oc-74"/>
      </symbol>
      <symbol id="sm-260">
         <name>interruptVectors</name>
         <value>0x0</value>
         <object_component_ref idref="oc-24"/>
      </symbol>
      <symbol id="sm-2a2">
         <name>_ZSt15get_new_handlerv</name>
         <value>0xc65</value>
         <object_component_ref idref="oc-1f4"/>
      </symbol>
      <symbol id="sm-2a3">
         <name>_Znwj</name>
         <value>0xb99</value>
         <object_component_ref idref="oc-167"/>
      </symbol>
      <symbol id="sm-2a4">
         <name>_ZdlPv</name>
         <value>0xc7d</value>
         <object_component_ref idref="oc-363"/>
      </symbol>
      <symbol id="sm-2a5">
         <name>_ZdlPvj</name>
         <value>0xc8d</value>
         <object_component_ref idref="oc-342"/>
      </symbol>
      <symbol id="sm-2fa">
         <name>_ZN10__cxxabiv117__class_type_infoD1Ev</name>
         <value>0xc85</value>
         <object_component_ref idref="oc-32b"/>
      </symbol>
      <symbol id="sm-2fb">
         <name>_ZTSN10__cxxabiv120__si_class_type_infoE</name>
         <value>0xc98</value>
         <object_component_ref idref="oc-337"/>
      </symbol>
      <symbol id="sm-2fc">
         <name>_ZTSN10__cxxabiv117__class_type_infoE</name>
         <value>0xcbd</value>
         <object_component_ref idref="oc-351"/>
      </symbol>
      <symbol id="sm-2fd">
         <name>_ZN10__cxxabiv117__class_type_infoD2Ev</name>
         <value>0xc85</value>
         <object_component_ref idref="oc-32b"/>
      </symbol>
      <symbol id="sm-2fe">
         <name>_ZN10__cxxabiv120__si_class_type_infoD2Ev</name>
         <value>0xc89</value>
         <object_component_ref idref="oc-318"/>
      </symbol>
      <symbol id="sm-2ff">
         <name>_ZTVN10__cxxabiv117__class_type_infoE</name>
         <value>0xd00</value>
         <object_component_ref idref="oc-309"/>
      </symbol>
      <symbol id="sm-300">
         <name>_ZTIN10__cxxabiv117__class_type_infoE</name>
         <value>0xd3c</value>
         <object_component_ref idref="oc-326"/>
      </symbol>
      <symbol id="sm-301">
         <name>_ZN10__cxxabiv120__si_class_type_infoD1Ev</name>
         <value>0xc89</value>
         <object_component_ref idref="oc-318"/>
      </symbol>
      <symbol id="sm-302">
         <name>_ZTIN10__cxxabiv120__si_class_type_infoE</name>
         <value>0xd48</value>
         <object_component_ref idref="oc-313"/>
      </symbol>
      <symbol id="sm-303">
         <name>_ZN10__cxxabiv117__class_type_infoD0Ev</name>
         <value>0xc15</value>
         <object_component_ref idref="oc-331"/>
      </symbol>
      <symbol id="sm-304">
         <name>_ZTVN10__cxxabiv120__si_class_type_infoE</name>
         <value>0xd10</value>
         <object_component_ref idref="oc-2e7"/>
      </symbol>
      <symbol id="sm-305">
         <name>_ZN10__cxxabiv120__si_class_type_infoD0Ev</name>
         <value>0xc23</value>
         <object_component_ref idref="oc-31e"/>
      </symbol>
      <symbol id="sm-32e">
         <name>_ZTSSt9type_info</name>
         <value>0xd20</value>
         <object_component_ref idref="oc-36a"/>
      </symbol>
      <symbol id="sm-32f">
         <name>_ZNSt9type_infoD2Ev</name>
         <value>0x5f3</value>
         <object_component_ref idref="oc-35b"/>
      </symbol>
      <symbol id="sm-330">
         <name>_ZNSt9type_infoD1Ev</name>
         <value>0x5f3</value>
         <object_component_ref idref="oc-35b"/>
      </symbol>
      <symbol id="sm-331">
         <name>_ZTISt9type_info</name>
         <value>0xd5c</value>
         <object_component_ref idref="oc-356"/>
      </symbol>
      <symbol id="sm-34c">
         <name>memcpy</name>
         <value>0x3b9</value>
         <object_component_ref idref="oc-38"/>
      </symbol>
      <symbol id="sm-34d">
         <name>__aeabi_memcpy</name>
         <value>0x3b9</value>
         <object_component_ref idref="oc-38"/>
      </symbol>
      <symbol id="sm-34e">
         <name>__aeabi_memcpy8</name>
         <value>0x3b9</value>
         <object_component_ref idref="oc-38"/>
      </symbol>
      <symbol id="sm-34f">
         <name>__aeabi_memcpy4</name>
         <value>0x3b9</value>
         <object_component_ref idref="oc-38"/>
      </symbol>
      <symbol id="sm-366">
         <name>__TI_zero_init</name>
         <value>0xc71</value>
         <object_component_ref idref="oc-4a"/>
      </symbol>
      <symbol id="sm-37d">
         <name>__TI_decompress_none</name>
         <value>0xc31</value>
         <object_component_ref idref="oc-1a"/>
      </symbol>
      <symbol id="sm-3a0">
         <name>__TI_decompress_lzss</name>
         <value>0x755</value>
         <object_component_ref idref="oc-14"/>
      </symbol>
      <symbol id="sm-3b3">
         <name>__stack</name>
         <value>0x2000fe00</value>
         <object_component_ref idref="oc-27"/>
      </symbol>
      <symbol id="sm-3b4">
         <name>_c_int00_noargs</name>
         <value>0xa51</value>
         <object_component_ref idref="oc-56"/>
      </symbol>
      <symbol id="sm-3bf">
         <name>C$$EXIT</name>
         <value>0xc95</value>
         <object_component_ref idref="oc-129"/>
      </symbol>
      <symbol id="sm-3c0">
         <name>abort</name>
         <value>0xc95</value>
         <object_component_ref idref="oc-129"/>
      </symbol>
      <symbol id="sm-43b">
         <name>_sys_memory</name>
         <value>0x20003fe8</value>
         <object_component_ref idref="oc-2a"/>
      </symbol>
      <symbol id="sm-43c">
         <name>free</name>
         <value>0x219</value>
         <object_component_ref idref="oc-377"/>
      </symbol>
      <symbol id="sm-43d">
         <name>malloc</name>
         <value>0x66d</value>
         <object_component_ref idref="oc-1ee"/>
      </symbol>
      <symbol id="sm-43e">
         <name>minit</name>
         <value>0xa89</value>
         <object_component_ref idref="oc-2b1"/>
      </symbol>
      <symbol id="sm-453">
         <name>_nop</name>
         <value>0xa4f</value>
         <object_component_ref idref="oc-292"/>
      </symbol>
      <symbol id="sm-454">
         <name>_lock</name>
         <value>0x20004408</value>
         <object_component_ref idref="oc-1d2"/>
      </symbol>
      <symbol id="sm-455">
         <name>_unlock</name>
         <value>0x2000440c</value>
         <object_component_ref idref="oc-1d2"/>
      </symbol>
      <symbol id="sm-466">
         <name>__aeabi_memset</name>
         <value>0x57b</value>
         <object_component_ref idref="oc-a4"/>
      </symbol>
      <symbol id="sm-467">
         <name>memset</name>
         <value>0x581</value>
         <object_component_ref idref="oc-a4"/>
      </symbol>
      <symbol id="sm-468">
         <name>__aeabi_memset8</name>
         <value>0x57b</value>
         <object_component_ref idref="oc-a4"/>
      </symbol>
      <symbol id="sm-469">
         <name>__aeabi_memset4</name>
         <value>0x57b</value>
         <object_component_ref idref="oc-a4"/>
      </symbol>
      <symbol id="sm-46a">
         <name>__aeabi_memclr8</name>
         <value>0x579</value>
         <object_component_ref idref="oc-a4"/>
      </symbol>
      <symbol id="sm-46b">
         <name>__aeabi_memclr4</name>
         <value>0x579</value>
         <object_component_ref idref="oc-a4"/>
      </symbol>
      <symbol id="sm-46c">
         <name>__aeabi_memclr</name>
         <value>0x579</value>
         <object_component_ref idref="oc-a4"/>
      </symbol>
      <symbol id="sm-499">
         <name>__TI_auto_init_nobinit</name>
         <value>0x7bd</value>
         <object_component_ref idref="oc-13b"/>
      </symbol>
      <symbol id="sm-4a3">
         <name>_system_pre_init</name>
         <value>0xc91</value>
         <object_component_ref idref="oc-aa"/>
      </symbol>
      <symbol id="sm-4a5">
         <name>__TI_static_base__</name>
         <value>0x0</value>
      </symbol>
      <symbol id="sm-4a8">
         <name>__mpu_init</name>
         <value>0x0</value>
      </symbol>
      <symbol id="sm-4a9">
         <name>_system_post_cinit</name>
         <value>0x0</value>
      </symbol>
      <symbol id="sm-4aa">
         <name>NMI_Handler</name>
         <value>0x4ef</value>
      </symbol>
      <symbol id="sm-4ab">
         <name>HardFault_Handler</name>
         <value>0x4ef</value>
      </symbol>
      <symbol id="sm-4ac">
         <name>MemManage_Handler</name>
         <value>0x4ef</value>
      </symbol>
      <symbol id="sm-4ad">
         <name>BusFault_Handler</name>
         <value>0x4ef</value>
      </symbol>
      <symbol id="sm-4ae">
         <name>UsageFault_Handler</name>
         <value>0x4ef</value>
      </symbol>
      <symbol id="sm-4af">
         <name>SVC_Handler</name>
         <value>0x4ef</value>
      </symbol>
      <symbol id="sm-4b0">
         <name>DebugMon_Handler</name>
         <value>0x4ef</value>
      </symbol>
      <symbol id="sm-4b1">
         <name>PendSV_Handler</name>
         <value>0x4ef</value>
      </symbol>
      <symbol id="sm-4b2">
         <name>SysTick_Handler</name>
         <value>0x4ef</value>
      </symbol>
      <symbol id="sm-4b3">
         <name>PSS_IRQHandler</name>
         <value>0x4ef</value>
      </symbol>
      <symbol id="sm-4b4">
         <name>CS_IRQHandler</name>
         <value>0x4ef</value>
      </symbol>
      <symbol id="sm-4b5">
         <name>PCM_IRQHandler</name>
         <value>0x4ef</value>
      </symbol>
      <symbol id="sm-4b6">
         <name>WDT_A_IRQHandler</name>
         <value>0x4ef</value>
      </symbol>
      <symbol id="sm-4b7">
         <name>FPU_IRQHandler</name>
         <value>0x4ef</value>
      </symbol>
      <symbol id="sm-4b8">
         <name>FLCTL_IRQHandler</name>
         <value>0x4ef</value>
      </symbol>
      <symbol id="sm-4b9">
         <name>COMP_E0_IRQHandler</name>
         <value>0x4ef</value>
      </symbol>
      <symbol id="sm-4ba">
         <name>COMP_E1_IRQHandler</name>
         <value>0x4ef</value>
      </symbol>
      <symbol id="sm-4bb">
         <name>TA0_0_IRQHandler</name>
         <value>0x4ef</value>
      </symbol>
      <symbol id="sm-4bc">
         <name>TA0_N_IRQHandler</name>
         <value>0x4ef</value>
      </symbol>
      <symbol id="sm-4bd">
         <name>TA1_0_IRQHandler</name>
         <value>0x4ef</value>
      </symbol>
      <symbol id="sm-4be">
         <name>TA1_N_IRQHandler</name>
         <value>0x4ef</value>
      </symbol>
      <symbol id="sm-4bf">
         <name>TA2_0_IRQHandler</name>
         <value>0x4ef</value>
      </symbol>
      <symbol id="sm-4c0">
         <name>TA2_N_IRQHandler</name>
         <value>0x4ef</value>
      </symbol>
      <symbol id="sm-4c1">
         <name>TA3_0_IRQHandler</name>
         <value>0x4ef</value>
      </symbol>
      <symbol id="sm-4c2">
         <name>TA3_N_IRQHandler</name>
         <value>0x4ef</value>
      </symbol>
      <symbol id="sm-4c3">
         <name>EUSCIA0_IRQHandler</name>
         <value>0x4ef</value>
      </symbol>
      <symbol id="sm-4c4">
         <name>EUSCIA1_IRQHandler</name>
         <value>0x4ef</value>
      </symbol>
      <symbol id="sm-4c5">
         <name>EUSCIA2_IRQHandler</name>
         <value>0x4ef</value>
      </symbol>
      <symbol id="sm-4c6">
         <name>EUSCIA3_IRQHandler</name>
         <value>0x4ef</value>
      </symbol>
      <symbol id="sm-4c7">
         <name>EUSCIB0_IRQHandler</name>
         <value>0x4ef</value>
      </symbol>
      <symbol id="sm-4c8">
         <name>EUSCIB1_IRQHandler</name>
         <value>0x4ef</value>
      </symbol>
      <symbol id="sm-4c9">
         <name>EUSCIB2_IRQHandler</name>
         <value>0x4ef</value>
      </symbol>
      <symbol id="sm-4ca">
         <name>EUSCIB3_IRQHandler</name>
         <value>0x4ef</value>
      </symbol>
      <symbol id="sm-4cb">
         <name>ADC14_IRQHandler</name>
         <value>0xbbd</value>
      </symbol>
      <symbol id="sm-4cc">
         <name>T32_INT1_IRQHandler</name>
         <value>0x81d</value>
      </symbol>
      <symbol id="sm-4cd">
         <name>T32_INT2_IRQHandler</name>
         <value>0x4ef</value>
      </symbol>
      <symbol id="sm-4ce">
         <name>T32_INTC_IRQHandler</name>
         <value>0x4ef</value>
      </symbol>
      <symbol id="sm-4cf">
         <name>AES256_IRQHandler</name>
         <value>0x4ef</value>
      </symbol>
      <symbol id="sm-4d0">
         <name>RTC_C_IRQHandler</name>
         <value>0x4ef</value>
      </symbol>
      <symbol id="sm-4d1">
         <name>DMA_ERR_IRQHandler</name>
         <value>0x4ef</value>
      </symbol>
      <symbol id="sm-4d2">
         <name>DMA_INT3_IRQHandler</name>
         <value>0x4ef</value>
      </symbol>
      <symbol id="sm-4d3">
         <name>DMA_INT2_IRQHandler</name>
         <value>0x4ef</value>
      </symbol>
      <symbol id="sm-4d4">
         <name>DMA_INT1_IRQHandler</name>
         <value>0x4ef</value>
      </symbol>
      <symbol id="sm-4d5">
         <name>DMA_INT0_IRQHandler</name>
         <value>0x4ef</value>
      </symbol>
      <symbol id="sm-4d6">
         <name>PORT1_IRQHandler</name>
         <value>0x4ef</value>
      </symbol>
      <symbol id="sm-4d7">
         <name>PORT2_IRQHandler</name>
         <value>0x4ef</value>
      </symbol>
      <symbol id="sm-4d8">
         <name>PORT3_IRQHandler</name>
         <value>0x4ef</value>
      </symbol>
      <symbol id="sm-4d9">
         <name>PORT4_IRQHandler</name>
         <value>0x4ef</value>
      </symbol>
      <symbol id="sm-4da">
         <name>PORT5_IRQHandler</name>
         <value>0x4ef</value>
      </symbol>
      <symbol id="sm-4db">
         <name>PORT6_IRQHandler</name>
         <value>0x4ef</value>
      </symbol>
      <symbol id="sm-4dc">
         <name>_ZSt17__throw_bad_allocv</name>
         <value>0xc95</value>
      </symbol>
   </symbol_table>
   <title>Link successful</title>
</link_info>
