******************************************************************************
                  TI ARM Linker Unix v18.1.1                   
******************************************************************************
>> Linked Sun Jun  3 23:29:02 2018

OUTPUT FILE NAME:   <IE119-Lab2v0.1.out>
ENTRY POINT SYMBOL: "_c_int00_noargs"  address: 00000ad9


MEMORY CONFIGURATION

         name            origin    length      used     unused   attr    fill
----------------------  --------  ---------  --------  --------  ----  --------
  MAIN                  00000000   00040000  00000e57  0003f1a9  R  X
  INFO                  00200000   00004000  00000000  00004000  R  X
  SRAM_CODE             01000000   00010000  00004614  0000b9ec  RW X
  SRAM_DATA             20000000   00010000  00004614  0000b9ec  RW  


SEGMENT ALLOCATION MAP

run origin  load origin   length   init length attrs members
----------  ----------- ---------- ----------- ----- -------
00000000    00000000    00000e58   00000e58    r-x
  00000000    00000000    000000e4   000000e4    r-- .intvecs
  000000e4    000000e4    00000c50   00000c50    r-x .text
  00000d34    00000d34    000000d7   000000d7    r-- .const
  00000e0c    00000e0c    00000004   00000004    r-- .init_array
  00000e10    00000e10    00000048   00000048    r-- .cinit
20000000    20000000    00004414   00000000    rw-
  20000000    20000000    00003fe8   00000000    rw- .bss
  20003fe8    20003fe8    00000400   00000000    rw- .sysmem
  200043e8    200043e8    0000002c   00000000    rw- .data
2000fe00    2000fe00    00000200   00000000    rw-
  2000fe00    2000fe00    00000200   00000000    rw- .stack


SECTION ALLOCATION MAP

 output                                  attributes/
section   page    origin      length       input sections
--------  ----  ----------  ----------   ----------------
.intvecs   0    00000000    000000e4     
                  00000000    000000e4     startup_msp432p401r_ccs.obj (.intvecs:retain)

.binit     0    00000000    00000000     

.text      0    000000e4    00000c50     
                  000000e4    00000134     Scheduler.obj (.text:_ZN9Scheduler3runEv)
                  00000218    00000104     main.obj (.text:_Z5Setupv)
                  0000031c    000000d8     rtsv7M4_T_le_v4SPD16_eabi.lib : memory.c.obj (.text:free)
                  000003f4    000000c8     Mailbox.obj (.text:_ZN7Mailbox12setupMailboxEh)
                  000004bc    0000009c     rtsv7M4_T_le_v4SPD16_eabi.lib : memcpy_t2.asm.obj (.text)
                  00000558    0000009a     Scheduler.obj (.text:_ZN9Scheduler6attachEP4Task8TaskType10TaskActivey)
                  000005f2    00000002     startup_msp432p401r_ccs.obj (.text:Default_Handler)
                  000005f4    00000088     main.obj (.text:main)
                  0000067c    0000007a     rtsv7M4_T_le_v4SPD16_eabi.lib : memset_t2.asm.obj (.text)
                  000006f6    00000002                                   : stdlib_typeinfo.cpp.obj (.text:_ZNSt9type_infoD1Ev)
                  000006f8    00000078     system_msp432p401r.obj (.text:SystemInit)
                  00000770    00000078     rtsv7M4_T_le_v4SPD16_eabi.lib : memory.c.obj (.text:malloc)
                  000007e8    00000074     Scheduler.obj (.text:_ZN9Scheduler5setupEv)
                  0000085c    00000068     rtsv7M4_T_le_v4SPD16_eabi.lib : copy_decompress_lzss.c.obj (.text:decompress:lzss:__TI_decompress_lzss)
                  000008c4    00000060                                   : autoinit.c.obj (.text:__TI_auto_init_nobinit:__TI_auto_init_nobinit)
                  00000924    00000052     Scheduler.obj (.text:_ZN9SchedulerC1Ev)
                  00000976    00000002     rtsv7M4_T_le_v4SPD16_eabi.lib : _lock.c.obj (.text:_nop)
                  00000978    00000050     main.obj (.text:T32_INT1_IRQHandler)
                  000009c8    0000004e     Scheduler.obj (.text:_ZN9Scheduler13NumberOfTasksEv)
                  00000a16    00000002     --HOLE-- [fill = 0]
                  00000a18    00000048     main.obj (.text:_ZN29_INTERNAL_8_main_cpp_8ea94d1918__NVIC_SetPriorityE4IRQnj)
                  00000a60    0000003c     rtsv7M4_T_le_v4SPD16_eabi.lib : memory.c.obj (.text:minsert)
                  00000a9c    0000003a     Mailbox.obj (.text:_ZN7MailboxC1Ev)
                  00000ad6    00000002     --HOLE-- [fill = 0]
                  00000ad8    00000038     rtsv7M4_T_le_v4SPD16_eabi.lib : boot_cortex_m.c.obj (.text:_c_int00_noargs:_c_int00_noargs)
                  00000b10    00000038                                   : memory.c.obj (.text:minit)
                  00000b48    00000034     Task.obj (.text:_ZN4TaskC1Ev)
                  00000b7c    00000030     main.obj (.text:_ZN29_INTERNAL_8_main_cpp_8ea94d1916__NVIC_EnableIRQE4IRQn)
                  00000bac    00000030     Mailbox.obj (.text:_ZN7Mailbox10getMailboxEv)
                  00000bdc    0000002c     LED.obj (.text:_ZN3LED5setupEv)
                  00000c08    00000028     rtsv7M4_T_le_v4SPD16_eabi.lib : memory.c.obj (.text:mremove)
                  00000c30    00000024     LED.obj (.text:_ZN3LEDC1Et)
                  00000c54    00000022     rtsv7M4_T_le_v4SPD16_eabi.lib : new.cpp.obj (.text:_Znwj)
                  00000c76    00000002     --HOLE-- [fill = 0]
                  00000c78    0000001c     LED.obj (.text:_ZN3LED3runEv)
                  00000c94    0000001c     main.obj (.text:__sti___8_main_cpp_8ea94d19)
                  00000cb0    0000000e     rtsv7M4_T_le_v4SPD16_eabi.lib : typeinfo.c.obj (.text:_ZN10__cxxabiv117__class_type_infoD0Ev)
                  00000cbe    0000000e                                   : typeinfo.c.obj (.text:_ZN10__cxxabiv120__si_class_type_infoD0Ev)
                  00000ccc    0000000e                                   : copy_decompress_none.c.obj (.text:decompress:none:__TI_decompress_none)
                  00000cda    0000000c     startup_msp432p401r_ccs.obj (.text:Reset_Handler)
                  00000ce6    0000000c     Task.obj (.text:_ZN4Task3runEv)
                  00000cf2    0000000c     Task.obj (.text:_ZN4Task5setupEv)
                  00000cfe    00000002     --HOLE-- [fill = 0]
                  00000d00    0000000c     rtsv7M4_T_le_v4SPD16_eabi.lib : new.cpp.obj (.text:_ZSt15get_new_handlerv)
                  00000d0c    0000000c                                   : copy_zero_init.c.obj (.text:decompress:ZI:__TI_zero_init)
                  00000d18    00000008                                   : new.cpp.obj (.text:_ZdlPv)
                  00000d20    00000004                                   : typeinfo.c.obj (.text:_ZN10__cxxabiv117__class_type_infoD1Ev)
                  00000d24    00000004                                   : typeinfo.c.obj (.text:_ZN10__cxxabiv120__si_class_type_infoD1Ev)
                  00000d28    00000004                                   : new.cpp.obj (.text:_ZdlPvj)
                  00000d2c    00000004                                   : pre_init.c.obj (.text:_system_pre_init)
                  00000d30    00000004                                   : exit.c.obj (.text:abort:abort)

.const     0    00000d34    000000d7     
                  00000d34    00000025     rtsv7M4_T_le_v4SPD16_eabi.lib : typeinfo.c.obj (.const:.typeinfo:_ZTSN10__cxxabiv120__si_class_type_infoE)
                  00000d59    00000022                                   : typeinfo.c.obj (.const:.typeinfo:_ZTSN10__cxxabiv117__class_type_infoE)
                  00000d7b    00000001     --HOLE-- [fill = 0]
                  00000d7c    00000010     LED.obj (.const:_ZTV3LED)
                  00000d8c    00000010     Task.obj (.const:_ZTV4Task)
                  00000d9c    00000010     rtsv7M4_T_le_v4SPD16_eabi.lib : typeinfo.c.obj (.const:_ZTVN10__cxxabiv117__class_type_infoE)
                  00000dac    00000010                                   : typeinfo.c.obj (.const:_ZTVN10__cxxabiv120__si_class_type_infoE)
                  00000dbc    0000000d                                   : stdlib_typeinfo.cpp.obj (.const:.typeinfo:_ZTSSt9type_info)
                  00000dc9    00000003     --HOLE-- [fill = 0]
                  00000dcc    0000000c     LED.obj (.const:.typeinfo:_ZTI3LED)
                  00000dd8    0000000c     rtsv7M4_T_le_v4SPD16_eabi.lib : typeinfo.c.obj (.const:.typeinfo:_ZTIN10__cxxabiv117__class_type_infoE)
                  00000de4    0000000c                                   : typeinfo.c.obj (.const:.typeinfo:_ZTIN10__cxxabiv120__si_class_type_infoE)
                  00000df0    00000008     Task.obj (.const:.typeinfo:_ZTI4Task)
                  00000df8    00000008     rtsv7M4_T_le_v4SPD16_eabi.lib : stdlib_typeinfo.cpp.obj (.const:.typeinfo:_ZTISt9type_info)
                  00000e00    00000006     Task.obj (.const:.typeinfo:_ZTS4Task)
                  00000e06    00000005     LED.obj (.const:.typeinfo:_ZTS3LED)

.cinit     0    00000e10    00000048     
                  00000e10    00000021     (.cinit..data.load) [load image, compression = lzss]
                  00000e31    00000003     --HOLE-- [fill = 0]
                  00000e34    0000000c     (__TI_handler_table)
                  00000e40    00000008     (.cinit..bss.load) [load image, compression = zero_init]
                  00000e48    00000010     (__TI_cinit_table)

.init_array 
*          0    00000e0c    00000004     
                  00000e0c    00000004     main.obj (.init_array)

.bss       0    20000000    00003fe8     UNINITIALIZED
                  20000000    00003fe0     main.obj (.bss:g_MainScheduler)
                  20003fe0    00000004     main.obj (.bss)
                  20003fe4    00000004     rtsv7M4_T_le_v4SPD16_eabi.lib : new.cpp.obj (.bss)

.sysmem    0    20003fe8    00000400     UNINITIALIZED
                  20003fe8    00000008     rtsv7M4_T_le_v4SPD16_eabi.lib : memory.c.obj (.sysmem)
                  20003ff0    000003f8     --HOLE--

.data      0    200043e8    0000002c     UNINITIALIZED
                  200043e8    00000011     main.obj (.data)
                  200043f9    00000003     --HOLE--
                  200043fc    0000000c     rtsv7M4_T_le_v4SPD16_eabi.lib : memory.c.obj (.data:$O1$$)
                  20004408    00000008                                   : _lock.c.obj (.data:$O1$$)
                  20004410    00000004     Mailbox.obj (.data)

.stack     0    2000fe00    00000200     UNINITIALIZED
                  2000fe00    00000004     rtsv7M4_T_le_v4SPD16_eabi.lib : boot_cortex_m.c.obj (.stack)
                  2000fe04    000001fc     --HOLE--

MODULE SUMMARY

       Module                        code   ro data   rw data
       ------                        ----   -------   -------
    ./
       main.obj                      624    4         32746  
       Scheduler.obj                 738    0         0      
       Mailbox.obj                   306    0         8      
       system_msp432p401r.obj        120    0         0      
       Task.obj                      76     30        0      
    +--+-----------------------------+------+---------+---------+
       Total:                        1864   34        32754  
                                                             
    ./Tasks/
       LED.obj                       108    33        0      
    +--+-----------------------------+------+---------+---------+
       Total:                        108    33        0      
                                                             
    ./ccs/
       startup_msp432p401r_ccs.obj   14     228       0      
    +--+-----------------------------+------+---------+---------+
       Total:                        14     228       0      
                                                             
    /home/esteban/ti/ccsv7/tools/compiler/ti-cgt-arm_18.1.1.LTS/lib/rtsv7M4_T_le_v4SPD16_eabi.lib
       memory.c.obj                  492    0         24     
       typeinfo.c.obj                36     127       0      
       memcpy_t2.asm.obj             156    0         0      
       memset_t2.asm.obj             122    0         0      
       copy_decompress_lzss.c.obj    104    0         0      
       autoinit.c.obj                96     0         0      
       new.cpp.obj                   58     0         8      
       boot_cortex_m.c.obj           56     0         0      
       stdlib_typeinfo.cpp.obj       2      21        0      
       _lock.c.obj                   2      0         16     
       copy_decompress_none.c.obj    14     0         0      
       copy_zero_init.c.obj          12     0         0      
       exit.c.obj                    4      0         0      
       pre_init.c.obj                4      0         0      
    +--+-----------------------------+------+---------+---------+
       Total:                        1158   148       48     
                                                             
       Heap:                         0      0         2048   
       Stack:                        0      0         1024   
       Linker Generated:             0      69        0      
    +--+-----------------------------+------+---------+---------+
       Grand Total:                  3144   512       35874  


LINKER GENERATED COPY TABLES

__TI_cinit_table @ 00000e48 records: 2, size/record: 8, table size: 16
	.data: load addr=00000e10, load size=00000021 bytes, run addr=200043e8, run size=0000002c bytes, compression=lzss
	.bss: load addr=00000e40, load size=00000008 bytes, run addr=20000000, run size=00003fe8 bytes, compression=zero_init


LINKER GENERATED HANDLER TABLE

__TI_handler_table @ 00000e34 records: 3, size/record: 4, table size: 12
	index: 0, handler: __TI_decompress_lzss
	index: 1, handler: __TI_decompress_none
	index: 2, handler: __TI_zero_init


GLOBAL SYMBOLS: SORTED ALPHABETICALLY BY Name 

address   name                                             
-------   ----                                             
000005f3  ADC14_IRQHandler                                 
000005f3  AES256_IRQHandler                                
000005f3  BusFault_Handler                                 
00000d31  C$$EXIT                                          
000005f3  COMP_E0_IRQHandler                               
000005f3  COMP_E1_IRQHandler                               
000005f3  CS_IRQHandler                                    
000005f3  DMA_ERR_IRQHandler                               
000005f3  DMA_INT0_IRQHandler                              
000005f3  DMA_INT1_IRQHandler                              
000005f3  DMA_INT2_IRQHandler                              
000005f3  DMA_INT3_IRQHandler                              
000005f3  DebugMon_Handler                                 
000005f3  Default_Handler                                  
000005f3  EUSCIA0_IRQHandler                               
000005f3  EUSCIA1_IRQHandler                               
000005f3  EUSCIA2_IRQHandler                               
000005f3  EUSCIA3_IRQHandler                               
000005f3  EUSCIB0_IRQHandler                               
000005f3  EUSCIB1_IRQHandler                               
000005f3  EUSCIB2_IRQHandler                               
000005f3  EUSCIB3_IRQHandler                               
000005f3  FLCTL_IRQHandler                                 
000005f3  FPU_IRQHandler                                   
000005f3  HardFault_Handler                                
000005f3  MemManage_Handler                                
000005f3  NMI_Handler                                      
000005f3  PCM_IRQHandler                                   
000005f3  PORT1_IRQHandler                                 
000005f3  PORT2_IRQHandler                                 
000005f3  PORT3_IRQHandler                                 
000005f3  PORT4_IRQHandler                                 
000005f3  PORT5_IRQHandler                                 
000005f3  PORT6_IRQHandler                                 
000005f3  PSS_IRQHandler                                   
000005f3  PendSV_Handler                                   
000005f3  RTC_C_IRQHandler                                 
00000cdb  Reset_Handler                                    
00000e0c  SHT$$INIT_ARRAY$$Base                            
00000e10  SHT$$INIT_ARRAY$$Limit                           
000005f3  SVC_Handler                                      
000005f3  SysTick_Handler                                  
000006f9  SystemInit                                       
00000979  T32_INT1_IRQHandler                              
00000979  T32_INT1_IRQHandler                              
000005f3  T32_INT2_IRQHandler                              
000005f3  T32_INTC_IRQHandler                              
000005f3  TA0_0_IRQHandler                                 
000005f3  TA0_N_IRQHandler                                 
000005f3  TA1_0_IRQHandler                                 
000005f3  TA1_N_IRQHandler                                 
000005f3  TA2_0_IRQHandler                                 
000005f3  TA2_N_IRQHandler                                 
000005f3  TA3_0_IRQHandler                                 
000005f3  TA3_N_IRQHandler                                 
000005f3  UsageFault_Handler                               
4000480c  WDTCTL_SYM                                       
000005f3  WDT_A_IRQHandler                                 
00000219  _Z5Setupv                                        
00000cb1  _ZN10__cxxabiv117__class_type_infoD0Ev           
00000d21  _ZN10__cxxabiv117__class_type_infoD1Ev           
00000d21  _ZN10__cxxabiv117__class_type_infoD2Ev           
00000cbf  _ZN10__cxxabiv120__si_class_type_infoD0Ev        
00000d25  _ZN10__cxxabiv120__si_class_type_infoD1Ev        
00000d25  _ZN10__cxxabiv120__si_class_type_infoD2Ev        
00000c79  _ZN3LED3runEv                                    
00000bdd  _ZN3LED5setupEv                                  
00000c31  _ZN3LEDC1Et                                      
00000c31  _ZN3LEDC2Et                                      
200043f8  _ZN4Task14m_u8NextTaskIDE                        
00000ce7  _ZN4Task3runEv                                   
00000cf3  _ZN4Task5setupEv                                 
00000b49  _ZN4TaskC1Ev                                     
00000b49  _ZN4TaskC2Ev                                     
00000bad  _ZN7Mailbox10getMailboxEv                        
000003f5  _ZN7Mailbox12setupMailboxEh                      
20004410  _ZN7Mailbox7MailObjE                             
00000a9d  _ZN7MailboxC1Ev                                  
00000a9d  _ZN7MailboxC2Ev                                  
000009c9  _ZN9Scheduler13NumberOfTasksEv                   
000000e5  _ZN9Scheduler3runEv                              
000007e9  _ZN9Scheduler5setupEv                            
00000559  _ZN9Scheduler6attachEP4Task8TaskType10TaskActivey
00000925  _ZN9SchedulerC1Ev                                
00000925  _ZN9SchedulerC2Ev                                
000006f7  _ZNSt9type_infoD1Ev                              
000006f7  _ZNSt9type_infoD2Ev                              
00000d01  _ZSt15get_new_handlerv                           
00000d31  _ZSt17__throw_bad_allocv                         
00000dcc  _ZTI3LED                                         
00000df0  _ZTI4Task                                        
00000dd8  _ZTIN10__cxxabiv117__class_type_infoE            
00000de4  _ZTIN10__cxxabiv120__si_class_type_infoE         
00000df8  _ZTISt9type_info                                 
00000e06  _ZTS3LED                                         
00000e00  _ZTS4Task                                        
00000d59  _ZTSN10__cxxabiv117__class_type_infoE            
00000d34  _ZTSN10__cxxabiv120__si_class_type_infoE         
00000dbc  _ZTSSt9type_info                                 
00000d7c  _ZTV3LED                                         
00000d8c  _ZTV4Task                                        
00000d9c  _ZTVN10__cxxabiv117__class_type_infoE            
00000dac  _ZTVN10__cxxabiv120__si_class_type_infoE         
00000d19  _ZdlPv                                           
00000d29  _ZdlPvj                                          
00000c55  _Znwj                                            
20010000  __STACK_END                                      
00000200  __STACK_SIZE                                     
00000400  __SYSMEM_SIZE                                    
00000e48  __TI_CINIT_Base                                  
00000e58  __TI_CINIT_Limit                                 
00000e34  __TI_Handler_Table_Base                          
00000e40  __TI_Handler_Table_Limit                         
000008c5  __TI_auto_init_nobinit                           
0000085d  __TI_decompress_lzss                             
00000ccd  __TI_decompress_none                             
ffffffff  __TI_pprof_out_hndl                              
ffffffff  __TI_prof_data_size                              
ffffffff  __TI_prof_data_start                             
00000000  __TI_static_base__                               
00000d0d  __TI_zero_init                                   
0000067d  __aeabi_memclr                                   
0000067d  __aeabi_memclr4                                  
0000067d  __aeabi_memclr8                                  
000004bd  __aeabi_memcpy                                   
000004bd  __aeabi_memcpy4                                  
000004bd  __aeabi_memcpy8                                  
0000067f  __aeabi_memset                                   
0000067f  __aeabi_memset4                                  
0000067f  __aeabi_memset8                                  
ffffffff  __binit__                                        
ffffffff  __c_args__                                       
UNDEFED   __mpu_init                                       
2000fe00  __stack                                          
00000c95  __sti___8_main_cpp_8ea94d19                      
00000ad9  _c_int00_noargs                                  
20004408  _lock                                            
00000977  _nop                                             
20003fe8  _sys_memory                                      
UNDEFED   _system_post_cinit                               
00000d2d  _system_pre_init                                 
2000440c  _unlock                                          
00000d31  abort                                            
ffffffff  binit                                            
0000031d  free                                             
20003fe0  g_Mailbox                                        
20000000  g_MainScheduler                                  
200043e8  g_iHeartBeatCount                                
00000000  interruptVectors                                 
000005f5  main                                             
00000771  malloc                                           
000004bd  memcpy                                           
00000685  memset                                           
00000b11  minit                                            


GLOBAL SYMBOLS: SORTED BY Symbol Address 

address   name                                             
-------   ----                                             
00000000  __TI_static_base__                               
00000000  interruptVectors                                 
000000e5  _ZN9Scheduler3runEv                              
00000200  __STACK_SIZE                                     
00000219  _Z5Setupv                                        
0000031d  free                                             
000003f5  _ZN7Mailbox12setupMailboxEh                      
00000400  __SYSMEM_SIZE                                    
000004bd  __aeabi_memcpy                                   
000004bd  __aeabi_memcpy4                                  
000004bd  __aeabi_memcpy8                                  
000004bd  memcpy                                           
00000559  _ZN9Scheduler6attachEP4Task8TaskType10TaskActivey
000005f3  ADC14_IRQHandler                                 
000005f3  AES256_IRQHandler                                
000005f3  BusFault_Handler                                 
000005f3  COMP_E0_IRQHandler                               
000005f3  COMP_E1_IRQHandler                               
000005f3  CS_IRQHandler                                    
000005f3  DMA_ERR_IRQHandler                               
000005f3  DMA_INT0_IRQHandler                              
000005f3  DMA_INT1_IRQHandler                              
000005f3  DMA_INT2_IRQHandler                              
000005f3  DMA_INT3_IRQHandler                              
000005f3  DebugMon_Handler                                 
000005f3  Default_Handler                                  
000005f3  EUSCIA0_IRQHandler                               
000005f3  EUSCIA1_IRQHandler                               
000005f3  EUSCIA2_IRQHandler                               
000005f3  EUSCIA3_IRQHandler                               
000005f3  EUSCIB0_IRQHandler                               
000005f3  EUSCIB1_IRQHandler                               
000005f3  EUSCIB2_IRQHandler                               
000005f3  EUSCIB3_IRQHandler                               
000005f3  FLCTL_IRQHandler                                 
000005f3  FPU_IRQHandler                                   
000005f3  HardFault_Handler                                
000005f3  MemManage_Handler                                
000005f3  NMI_Handler                                      
000005f3  PCM_IRQHandler                                   
000005f3  PORT1_IRQHandler                                 
000005f3  PORT2_IRQHandler                                 
000005f3  PORT3_IRQHandler                                 
000005f3  PORT4_IRQHandler                                 
000005f3  PORT5_IRQHandler                                 
000005f3  PORT6_IRQHandler                                 
000005f3  PSS_IRQHandler                                   
000005f3  PendSV_Handler                                   
000005f3  RTC_C_IRQHandler                                 
000005f3  SVC_Handler                                      
000005f3  SysTick_Handler                                  
000005f3  T32_INT2_IRQHandler                              
000005f3  T32_INTC_IRQHandler                              
000005f3  TA0_0_IRQHandler                                 
000005f3  TA0_N_IRQHandler                                 
000005f3  TA1_0_IRQHandler                                 
000005f3  TA1_N_IRQHandler                                 
000005f3  TA2_0_IRQHandler                                 
000005f3  TA2_N_IRQHandler                                 
000005f3  TA3_0_IRQHandler                                 
000005f3  TA3_N_IRQHandler                                 
000005f3  UsageFault_Handler                               
000005f3  WDT_A_IRQHandler                                 
000005f5  main                                             
0000067d  __aeabi_memclr                                   
0000067d  __aeabi_memclr4                                  
0000067d  __aeabi_memclr8                                  
0000067f  __aeabi_memset                                   
0000067f  __aeabi_memset4                                  
0000067f  __aeabi_memset8                                  
00000685  memset                                           
000006f7  _ZNSt9type_infoD1Ev                              
000006f7  _ZNSt9type_infoD2Ev                              
000006f9  SystemInit                                       
00000771  malloc                                           
000007e9  _ZN9Scheduler5setupEv                            
0000085d  __TI_decompress_lzss                             
000008c5  __TI_auto_init_nobinit                           
00000925  _ZN9SchedulerC1Ev                                
00000925  _ZN9SchedulerC2Ev                                
00000977  _nop                                             
00000979  T32_INT1_IRQHandler                              
00000979  T32_INT1_IRQHandler                              
000009c9  _ZN9Scheduler13NumberOfTasksEv                   
00000a9d  _ZN7MailboxC1Ev                                  
00000a9d  _ZN7MailboxC2Ev                                  
00000ad9  _c_int00_noargs                                  
00000b11  minit                                            
00000b49  _ZN4TaskC1Ev                                     
00000b49  _ZN4TaskC2Ev                                     
00000bad  _ZN7Mailbox10getMailboxEv                        
00000bdd  _ZN3LED5setupEv                                  
00000c31  _ZN3LEDC1Et                                      
00000c31  _ZN3LEDC2Et                                      
00000c55  _Znwj                                            
00000c79  _ZN3LED3runEv                                    
00000c95  __sti___8_main_cpp_8ea94d19                      
00000cb1  _ZN10__cxxabiv117__class_type_infoD0Ev           
00000cbf  _ZN10__cxxabiv120__si_class_type_infoD0Ev        
00000ccd  __TI_decompress_none                             
00000cdb  Reset_Handler                                    
00000ce7  _ZN4Task3runEv                                   
00000cf3  _ZN4Task5setupEv                                 
00000d01  _ZSt15get_new_handlerv                           
00000d0d  __TI_zero_init                                   
00000d19  _ZdlPv                                           
00000d21  _ZN10__cxxabiv117__class_type_infoD1Ev           
00000d21  _ZN10__cxxabiv117__class_type_infoD2Ev           
00000d25  _ZN10__cxxabiv120__si_class_type_infoD1Ev        
00000d25  _ZN10__cxxabiv120__si_class_type_infoD2Ev        
00000d29  _ZdlPvj                                          
00000d2d  _system_pre_init                                 
00000d31  C$$EXIT                                          
00000d31  _ZSt17__throw_bad_allocv                         
00000d31  abort                                            
00000d34  _ZTSN10__cxxabiv120__si_class_type_infoE         
00000d59  _ZTSN10__cxxabiv117__class_type_infoE            
00000d7c  _ZTV3LED                                         
00000d8c  _ZTV4Task                                        
00000d9c  _ZTVN10__cxxabiv117__class_type_infoE            
00000dac  _ZTVN10__cxxabiv120__si_class_type_infoE         
00000dbc  _ZTSSt9type_info                                 
00000dcc  _ZTI3LED                                         
00000dd8  _ZTIN10__cxxabiv117__class_type_infoE            
00000de4  _ZTIN10__cxxabiv120__si_class_type_infoE         
00000df0  _ZTI4Task                                        
00000df8  _ZTISt9type_info                                 
00000e00  _ZTS4Task                                        
00000e06  _ZTS3LED                                         
00000e0c  SHT$$INIT_ARRAY$$Base                            
00000e10  SHT$$INIT_ARRAY$$Limit                           
00000e34  __TI_Handler_Table_Base                          
00000e40  __TI_Handler_Table_Limit                         
00000e48  __TI_CINIT_Base                                  
00000e58  __TI_CINIT_Limit                                 
20000000  g_MainScheduler                                  
20003fe0  g_Mailbox                                        
20003fe8  _sys_memory                                      
200043e8  g_iHeartBeatCount                                
200043f8  _ZN4Task14m_u8NextTaskIDE                        
20004408  _lock                                            
2000440c  _unlock                                          
20004410  _ZN7Mailbox7MailObjE                             
2000fe00  __stack                                          
20010000  __STACK_END                                      
4000480c  WDTCTL_SYM                                       
ffffffff  __TI_pprof_out_hndl                              
ffffffff  __TI_prof_data_size                              
ffffffff  __TI_prof_data_start                             
ffffffff  __binit__                                        
ffffffff  __c_args__                                       
ffffffff  binit                                            
UNDEFED   __mpu_init                                       
UNDEFED   _system_post_cinit                               

[154 symbols]
