Archive member included to satisfy reference by file (symbol)

c:/ti/ccsv7/tools/compiler/gcc-arm-none-eabi-6-2017-q1-update/bin/../lib/gcc/arm-none-eabi/6.3.1/../../../../arm-none-eabi/lib/thumb/v7e-m/fpv4-sp/hard\libc.a(lib_a-exit.o)
                              c:/ti/ccsv7/tools/compiler/gcc-arm-none-eabi-6-2017-q1-update/bin/../lib/gcc/arm-none-eabi/6.3.1/../../../../arm-none-eabi/lib/thumb/v7e-m/fpv4-sp/hard/crt0.o (exit)
c:/ti/ccsv7/tools/compiler/gcc-arm-none-eabi-6-2017-q1-update/bin/../lib/gcc/arm-none-eabi/6.3.1/../../../../arm-none-eabi/lib/thumb/v7e-m/fpv4-sp/hard\libc.a(lib_a-impure.o)
                              c:/ti/ccsv7/tools/compiler/gcc-arm-none-eabi-6-2017-q1-update/bin/../lib/gcc/arm-none-eabi/6.3.1/../../../../arm-none-eabi/lib/thumb/v7e-m/fpv4-sp/hard\libc.a(lib_a-exit.o) (_global_impure_ptr)
c:/ti/ccsv7/tools/compiler/gcc-arm-none-eabi-6-2017-q1-update/bin/../lib/gcc/arm-none-eabi/6.3.1/../../../../arm-none-eabi/lib/thumb/v7e-m/fpv4-sp/hard\libc.a(lib_a-init.o)
                              c:/ti/ccsv7/tools/compiler/gcc-arm-none-eabi-6-2017-q1-update/bin/../lib/gcc/arm-none-eabi/6.3.1/../../../../arm-none-eabi/lib/thumb/v7e-m/fpv4-sp/hard/crt0.o (__libc_init_array)
c:/ti/ccsv7/tools/compiler/gcc-arm-none-eabi-6-2017-q1-update/bin/../lib/gcc/arm-none-eabi/6.3.1/../../../../arm-none-eabi/lib/thumb/v7e-m/fpv4-sp/hard\libc.a(lib_a-memset.o)
                              c:/ti/ccsv7/tools/compiler/gcc-arm-none-eabi-6-2017-q1-update/bin/../lib/gcc/arm-none-eabi/6.3.1/../../../../arm-none-eabi/lib/thumb/v7e-m/fpv4-sp/hard/crt0.o (memset)
c:/ti/ccsv7/tools/compiler/gcc-arm-none-eabi-6-2017-q1-update/bin/../lib/gcc/arm-none-eabi/6.3.1/../../../../arm-none-eabi/lib/thumb/v7e-m/fpv4-sp/hard\libc.a(lib_a-__call_atexit.o)
                              c:/ti/ccsv7/tools/compiler/gcc-arm-none-eabi-6-2017-q1-update/bin/../lib/gcc/arm-none-eabi/6.3.1/../../../../arm-none-eabi/lib/thumb/v7e-m/fpv4-sp/hard\libc.a(lib_a-exit.o) (__call_exitprocs)
c:/ti/ccsv7/tools/compiler/gcc-arm-none-eabi-6-2017-q1-update/bin/../lib/gcc/arm-none-eabi/6.3.1/../../../../arm-none-eabi/lib/thumb/v7e-m/fpv4-sp/hard\libc.a(lib_a-atexit.o)
                              c:/ti/ccsv7/tools/compiler/gcc-arm-none-eabi-6-2017-q1-update/bin/../lib/gcc/arm-none-eabi/6.3.1/../../../../arm-none-eabi/lib/thumb/v7e-m/fpv4-sp/hard\libc.a(lib_a-__call_atexit.o) (atexit)
c:/ti/ccsv7/tools/compiler/gcc-arm-none-eabi-6-2017-q1-update/bin/../lib/gcc/arm-none-eabi/6.3.1/../../../../arm-none-eabi/lib/thumb/v7e-m/fpv4-sp/hard\libc.a(lib_a-fini.o)
                              c:/ti/ccsv7/tools/compiler/gcc-arm-none-eabi-6-2017-q1-update/bin/../lib/gcc/arm-none-eabi/6.3.1/../../../../arm-none-eabi/lib/thumb/v7e-m/fpv4-sp/hard\libc.a(lib_a-__call_atexit.o) (__libc_fini_array)
c:/ti/ccsv7/tools/compiler/gcc-arm-none-eabi-6-2017-q1-update/bin/../lib/gcc/arm-none-eabi/6.3.1/../../../../arm-none-eabi/lib/thumb/v7e-m/fpv4-sp/hard\libc.a(lib_a-lock.o)
                              c:/ti/ccsv7/tools/compiler/gcc-arm-none-eabi-6-2017-q1-update/bin/../lib/gcc/arm-none-eabi/6.3.1/../../../../arm-none-eabi/lib/thumb/v7e-m/fpv4-sp/hard\libc.a(lib_a-__call_atexit.o) (__retarget_lock_acquire_recursive)
c:/ti/ccsv7/tools/compiler/gcc-arm-none-eabi-6-2017-q1-update/bin/../lib/gcc/arm-none-eabi/6.3.1/../../../../arm-none-eabi/lib/thumb/v7e-m/fpv4-sp/hard\libc.a(lib_a-__atexit.o)
                              c:/ti/ccsv7/tools/compiler/gcc-arm-none-eabi-6-2017-q1-update/bin/../lib/gcc/arm-none-eabi/6.3.1/../../../../arm-none-eabi/lib/thumb/v7e-m/fpv4-sp/hard\libc.a(lib_a-atexit.o) (__register_exitproc)
c:/ti/ccsv7/tools/compiler/gcc-arm-none-eabi-6-2017-q1-update/bin/../lib/gcc/arm-none-eabi/6.3.1/../../../../arm-none-eabi/lib/thumb/v7e-m/fpv4-sp/hard\libnosys.a(_exit.o)
                              c:/ti/ccsv7/tools/compiler/gcc-arm-none-eabi-6-2017-q1-update/bin/../lib/gcc/arm-none-eabi/6.3.1/../../../../arm-none-eabi/lib/thumb/v7e-m/fpv4-sp/hard\libc.a(lib_a-exit.o) (_exit)

Allocating common symbols
Common symbol       size              file

__lock___atexit_recursive_mutex
                    0x1               c:/ti/ccsv7/tools/compiler/gcc-arm-none-eabi-6-2017-q1-update/bin/../lib/gcc/arm-none-eabi/6.3.1/../../../../arm-none-eabi/lib/thumb/v7e-m/fpv4-sp/hard\libc.a(lib_a-lock.o)
__lock___arc4random_mutex
                    0x1               c:/ti/ccsv7/tools/compiler/gcc-arm-none-eabi-6-2017-q1-update/bin/../lib/gcc/arm-none-eabi/6.3.1/../../../../arm-none-eabi/lib/thumb/v7e-m/fpv4-sp/hard\libc.a(lib_a-lock.o)
__lock___env_recursive_mutex
                    0x1               c:/ti/ccsv7/tools/compiler/gcc-arm-none-eabi-6-2017-q1-update/bin/../lib/gcc/arm-none-eabi/6.3.1/../../../../arm-none-eabi/lib/thumb/v7e-m/fpv4-sp/hard\libc.a(lib_a-lock.o)
__lock___sinit_recursive_mutex
                    0x1               c:/ti/ccsv7/tools/compiler/gcc-arm-none-eabi-6-2017-q1-update/bin/../lib/gcc/arm-none-eabi/6.3.1/../../../../arm-none-eabi/lib/thumb/v7e-m/fpv4-sp/hard\libc.a(lib_a-lock.o)
__lock___malloc_recursive_mutex
                    0x1               c:/ti/ccsv7/tools/compiler/gcc-arm-none-eabi-6-2017-q1-update/bin/../lib/gcc/arm-none-eabi/6.3.1/../../../../arm-none-eabi/lib/thumb/v7e-m/fpv4-sp/hard\libc.a(lib_a-lock.o)
__lock___at_quick_exit_mutex
                    0x1               c:/ti/ccsv7/tools/compiler/gcc-arm-none-eabi-6-2017-q1-update/bin/../lib/gcc/arm-none-eabi/6.3.1/../../../../arm-none-eabi/lib/thumb/v7e-m/fpv4-sp/hard\libc.a(lib_a-lock.o)
__lock___dd_hash_mutex
                    0x1               c:/ti/ccsv7/tools/compiler/gcc-arm-none-eabi-6-2017-q1-update/bin/../lib/gcc/arm-none-eabi/6.3.1/../../../../arm-none-eabi/lib/thumb/v7e-m/fpv4-sp/hard\libc.a(lib_a-lock.o)
__lock___tz_mutex   0x1               c:/ti/ccsv7/tools/compiler/gcc-arm-none-eabi-6-2017-q1-update/bin/../lib/gcc/arm-none-eabi/6.3.1/../../../../arm-none-eabi/lib/thumb/v7e-m/fpv4-sp/hard\libc.a(lib_a-lock.o)
__lock___sfp_recursive_mutex
                    0x1               c:/ti/ccsv7/tools/compiler/gcc-arm-none-eabi-6-2017-q1-update/bin/../lib/gcc/arm-none-eabi/6.3.1/../../../../arm-none-eabi/lib/thumb/v7e-m/fpv4-sp/hard\libc.a(lib_a-lock.o)

Memory Configuration

Name             Origin             Length             Attributes
MAIN_FLASH       0x00000000         0x00040000         xr
INFO_FLASH       0x00200000         0x00004000         xr
SRAM_CODE        0x01000000         0x00010000         xrw
SRAM_DATA        0x20000000         0x00010000         rw
*default*        0x00000000         0xffffffff

Linker script and memory map

LOAD c:/ti/ccsv7/tools/compiler/gcc-arm-none-eabi-6-2017-q1-update/bin/../lib/gcc/arm-none-eabi/6.3.1/thumb/v7e-m/fpv4-sp/hard/crti.o
LOAD c:/ti/ccsv7/tools/compiler/gcc-arm-none-eabi-6-2017-q1-update/bin/../lib/gcc/arm-none-eabi/6.3.1/thumb/v7e-m/fpv4-sp/hard/crtbegin.o
LOAD c:/ti/ccsv7/tools/compiler/gcc-arm-none-eabi-6-2017-q1-update/bin/../lib/gcc/arm-none-eabi/6.3.1/../../../../arm-none-eabi/lib/thumb/v7e-m/fpv4-sp/hard/crt0.o
LOAD ./main.o
LOAD ./startup_msp432p401r_gcc.o
LOAD ./system_msp432p401r.o
                0x00000000                PROVIDE (_intvecs_base_address, DEFINED (_intvecs_base_address)?_intvecs_base_address:0x0)

.intvecs        0x00000000       0xe4
 *(.intvecs)
 .intvecs       0x00000000       0xe4 ./startup_msp432p401r_gcc.o
                0x00000000                interruptVectors
                0x00200000                PROVIDE (_mailbox_base_address, 0x200000)

.flashMailbox
 *(.flashMailbox)
                0x00201000                PROVIDE (_tlv_base_address, 0x201000)

.tlvTable
 *(.tlvTable)
                0x00202000                PROVIDE (_bsl_base_address, 0x202000)

.bslArea
 *(.bslArea)
                0x20000000                PROVIDE (_vtable_base_address, DEFINED (_vtable_base_address)?_vtable_base_address:0x20000000)

.vtable
 *(.vtable)

.text           0x000000e4      0xa08
 CREATE_OBJECT_SYMBOLS
 *(.text)
 .text          0x000000e4        0x0 c:/ti/ccsv7/tools/compiler/gcc-arm-none-eabi-6-2017-q1-update/bin/../lib/gcc/arm-none-eabi/6.3.1/thumb/v7e-m/fpv4-sp/hard/crti.o
 .text          0x000000e4       0x6c c:/ti/ccsv7/tools/compiler/gcc-arm-none-eabi-6-2017-q1-update/bin/../lib/gcc/arm-none-eabi/6.3.1/thumb/v7e-m/fpv4-sp/hard/crtbegin.o
 .text          0x00000150       0x74 c:/ti/ccsv7/tools/compiler/gcc-arm-none-eabi-6-2017-q1-update/bin/../lib/gcc/arm-none-eabi/6.3.1/../../../../arm-none-eabi/lib/thumb/v7e-m/fpv4-sp/hard/crt0.o
                0x00000150                _start
                0x00000150                _mainCRTStartup
 .text          0x000001c4      0x1a0 ./main.o
                0x0000025c                main
                0x000002f4                T32_INT1_IRQHandler
                0x00000334                ADC14_IRQHandler
 .text          0x00000364       0x4c ./startup_msp432p401r_gcc.o
                0x00000364                Reset_Handler
                0x000003a8                DebugMon_Handler
                0x000003a8                AES256_IRQHandler
                0x000003a8                HardFault_Handler
                0x000003a8                SysTick_Handler
                0x000003a8                PendSV_Handler
                0x000003a8                NMI_Handler
                0x000003a8                RTC_C_IRQHandler
                0x000003a8                PORT1_IRQHandler
                0x000003a8                FPU_IRQHandler
                0x000003a8                PORT2_IRQHandler
                0x000003a8                TA3_0_IRQHandler
                0x000003a8                UsageFault_Handler
                0x000003a8                DMA_INT3_IRQHandler
                0x000003a8                TA2_0_IRQHandler
                0x000003a8                DMA_INT1_IRQHandler
                0x000003a8                WDT_A_IRQHandler
                0x000003a8                TA2_N_IRQHandler
                0x000003a8                TA1_0_IRQHandler
                0x000003a8                CS_IRQHandler
                0x000003a8                PSS_IRQHandler
                0x000003a8                DMA_INT2_IRQHandler
                0x000003a8                EUSCIA3_IRQHandler
                0x000003a8                DMA_INT0_IRQHandler
                0x000003a8                PORT4_IRQHandler
                0x000003a8                PORT5_IRQHandler
                0x000003a8                EUSCIB0_IRQHandler
                0x000003a8                Default_Handler
                0x000003a8                T32_INTC_IRQHandler
                0x000003a8                TA3_N_IRQHandler
                0x000003a8                TA0_0_IRQHandler
                0x000003a8                EUSCIA2_IRQHandler
                0x000003a8                PORT6_IRQHandler
                0x000003a8                PORT3_IRQHandler
                0x000003a8                MemManage_Handler
                0x000003a8                SVC_Handler
                0x000003a8                TA1_N_IRQHandler
                0x000003a8                EUSCIA1_IRQHandler
                0x000003a8                COMP_E1_IRQHandler
                0x000003a8                EUSCIB2_IRQHandler
                0x000003a8                FLCTL_IRQHandler
                0x000003a8                EUSCIB3_IRQHandler
                0x000003a8                DMA_ERR_IRQHandler
                0x000003a8                EUSCIA0_IRQHandler
                0x000003a8                BusFault_Handler
                0x000003a8                PCM_IRQHandler
                0x000003a8                TA0_N_IRQHandler
                0x000003a8                COMP_E0_IRQHandler
                0x000003a8                EUSCIB1_IRQHandler
                0x000003a8                T32_INT2_IRQHandler
 .text          0x000003b0      0x3e0 ./system_msp432p401r.o
                0x000003b0                SystemCoreClockUpdate
                0x000006a0                SystemInit
 .text          0x00000790        0x0 c:/ti/ccsv7/tools/compiler/gcc-arm-none-eabi-6-2017-q1-update/bin/../lib/gcc/arm-none-eabi/6.3.1/../../../../arm-none-eabi/lib/thumb/v7e-m/fpv4-sp/hard\libc.a(lib_a-exit.o)
 .text          0x00000790        0x0 c:/ti/ccsv7/tools/compiler/gcc-arm-none-eabi-6-2017-q1-update/bin/../lib/gcc/arm-none-eabi/6.3.1/../../../../arm-none-eabi/lib/thumb/v7e-m/fpv4-sp/hard\libc.a(lib_a-impure.o)
 .text          0x00000790        0x0 c:/ti/ccsv7/tools/compiler/gcc-arm-none-eabi-6-2017-q1-update/bin/../lib/gcc/arm-none-eabi/6.3.1/../../../../arm-none-eabi/lib/thumb/v7e-m/fpv4-sp/hard\libc.a(lib_a-init.o)
 .text          0x00000790        0x0 c:/ti/ccsv7/tools/compiler/gcc-arm-none-eabi-6-2017-q1-update/bin/../lib/gcc/arm-none-eabi/6.3.1/../../../../arm-none-eabi/lib/thumb/v7e-m/fpv4-sp/hard\libc.a(lib_a-memset.o)
 .text          0x00000790        0x0 c:/ti/ccsv7/tools/compiler/gcc-arm-none-eabi-6-2017-q1-update/bin/../lib/gcc/arm-none-eabi/6.3.1/../../../../arm-none-eabi/lib/thumb/v7e-m/fpv4-sp/hard\libc.a(lib_a-__call_atexit.o)
 .text          0x00000790        0x0 c:/ti/ccsv7/tools/compiler/gcc-arm-none-eabi-6-2017-q1-update/bin/../lib/gcc/arm-none-eabi/6.3.1/../../../../arm-none-eabi/lib/thumb/v7e-m/fpv4-sp/hard\libc.a(lib_a-atexit.o)
 .text          0x00000790        0x0 c:/ti/ccsv7/tools/compiler/gcc-arm-none-eabi-6-2017-q1-update/bin/../lib/gcc/arm-none-eabi/6.3.1/../../../../arm-none-eabi/lib/thumb/v7e-m/fpv4-sp/hard\libc.a(lib_a-fini.o)
 .text          0x00000790        0x0 c:/ti/ccsv7/tools/compiler/gcc-arm-none-eabi-6-2017-q1-update/bin/../lib/gcc/arm-none-eabi/6.3.1/../../../../arm-none-eabi/lib/thumb/v7e-m/fpv4-sp/hard\libc.a(lib_a-lock.o)
 .text          0x00000790        0x0 c:/ti/ccsv7/tools/compiler/gcc-arm-none-eabi-6-2017-q1-update/bin/../lib/gcc/arm-none-eabi/6.3.1/../../../../arm-none-eabi/lib/thumb/v7e-m/fpv4-sp/hard\libc.a(lib_a-__atexit.o)
 .text          0x00000790        0x0 c:/ti/ccsv7/tools/compiler/gcc-arm-none-eabi-6-2017-q1-update/bin/../lib/gcc/arm-none-eabi/6.3.1/../../../../arm-none-eabi/lib/thumb/v7e-m/fpv4-sp/hard\libnosys.a(_exit.o)
 .text          0x00000790        0x0 c:/ti/ccsv7/tools/compiler/gcc-arm-none-eabi-6-2017-q1-update/bin/../lib/gcc/arm-none-eabi/6.3.1/thumb/v7e-m/fpv4-sp/hard/crtend.o
 .text          0x00000790        0x0 c:/ti/ccsv7/tools/compiler/gcc-arm-none-eabi-6-2017-q1-update/bin/../lib/gcc/arm-none-eabi/6.3.1/thumb/v7e-m/fpv4-sp/hard/crtn.o
 *(.text.*)
 .text.exit     0x00000790       0x20 c:/ti/ccsv7/tools/compiler/gcc-arm-none-eabi-6-2017-q1-update/bin/../lib/gcc/arm-none-eabi/6.3.1/../../../../arm-none-eabi/lib/thumb/v7e-m/fpv4-sp/hard\libc.a(lib_a-exit.o)
                0x00000790                exit
 .text.__libc_init_array
                0x000007b0       0x50 c:/ti/ccsv7/tools/compiler/gcc-arm-none-eabi-6-2017-q1-update/bin/../lib/gcc/arm-none-eabi/6.3.1/../../../../arm-none-eabi/lib/thumb/v7e-m/fpv4-sp/hard\libc.a(lib_a-init.o)
                0x000007b0                __libc_init_array
 .text.memset   0x00000800       0x9c c:/ti/ccsv7/tools/compiler/gcc-arm-none-eabi-6-2017-q1-update/bin/../lib/gcc/arm-none-eabi/6.3.1/../../../../arm-none-eabi/lib/thumb/v7e-m/fpv4-sp/hard\libc.a(lib_a-memset.o)
                0x00000800                memset
 .text.startup.register_fini
                0x0000089c       0x14 c:/ti/ccsv7/tools/compiler/gcc-arm-none-eabi-6-2017-q1-update/bin/../lib/gcc/arm-none-eabi/6.3.1/../../../../arm-none-eabi/lib/thumb/v7e-m/fpv4-sp/hard\libc.a(lib_a-__call_atexit.o)
 .text.__call_exitprocs
                0x000008b0       0xe8 c:/ti/ccsv7/tools/compiler/gcc-arm-none-eabi-6-2017-q1-update/bin/../lib/gcc/arm-none-eabi/6.3.1/../../../../arm-none-eabi/lib/thumb/v7e-m/fpv4-sp/hard\libc.a(lib_a-__call_atexit.o)
                0x000008b0                __call_exitprocs
 .text.atexit   0x00000998        0xc c:/ti/ccsv7/tools/compiler/gcc-arm-none-eabi-6-2017-q1-update/bin/../lib/gcc/arm-none-eabi/6.3.1/../../../../arm-none-eabi/lib/thumb/v7e-m/fpv4-sp/hard\libc.a(lib_a-atexit.o)
                0x00000998                atexit
 .text.__libc_fini_array
                0x000009a4       0x34 c:/ti/ccsv7/tools/compiler/gcc-arm-none-eabi-6-2017-q1-update/bin/../lib/gcc/arm-none-eabi/6.3.1/../../../../arm-none-eabi/lib/thumb/v7e-m/fpv4-sp/hard\libc.a(lib_a-fini.o)
                0x000009a4                __libc_fini_array
 .text.__retarget_lock_init
                0x000009d8        0x4 c:/ti/ccsv7/tools/compiler/gcc-arm-none-eabi-6-2017-q1-update/bin/../lib/gcc/arm-none-eabi/6.3.1/../../../../arm-none-eabi/lib/thumb/v7e-m/fpv4-sp/hard\libc.a(lib_a-lock.o)
                0x000009d8                __retarget_lock_init
 .text.__retarget_lock_init_recursive
                0x000009dc        0x4 c:/ti/ccsv7/tools/compiler/gcc-arm-none-eabi-6-2017-q1-update/bin/../lib/gcc/arm-none-eabi/6.3.1/../../../../arm-none-eabi/lib/thumb/v7e-m/fpv4-sp/hard\libc.a(lib_a-lock.o)
                0x000009dc                __retarget_lock_init_recursive
 .text.__retarget_lock_close
                0x000009e0        0x4 c:/ti/ccsv7/tools/compiler/gcc-arm-none-eabi-6-2017-q1-update/bin/../lib/gcc/arm-none-eabi/6.3.1/../../../../arm-none-eabi/lib/thumb/v7e-m/fpv4-sp/hard\libc.a(lib_a-lock.o)
                0x000009e0                __retarget_lock_close
 .text.__retarget_lock_close_recursive
                0x000009e4        0x4 c:/ti/ccsv7/tools/compiler/gcc-arm-none-eabi-6-2017-q1-update/bin/../lib/gcc/arm-none-eabi/6.3.1/../../../../arm-none-eabi/lib/thumb/v7e-m/fpv4-sp/hard\libc.a(lib_a-lock.o)
                0x000009e4                __retarget_lock_close_recursive
 .text.__retarget_lock_acquire
                0x000009e8        0x4 c:/ti/ccsv7/tools/compiler/gcc-arm-none-eabi-6-2017-q1-update/bin/../lib/gcc/arm-none-eabi/6.3.1/../../../../arm-none-eabi/lib/thumb/v7e-m/fpv4-sp/hard\libc.a(lib_a-lock.o)
                0x000009e8                __retarget_lock_acquire
 .text.__retarget_lock_acquire_recursive
                0x000009ec        0x4 c:/ti/ccsv7/tools/compiler/gcc-arm-none-eabi-6-2017-q1-update/bin/../lib/gcc/arm-none-eabi/6.3.1/../../../../arm-none-eabi/lib/thumb/v7e-m/fpv4-sp/hard\libc.a(lib_a-lock.o)
                0x000009ec                __retarget_lock_acquire_recursive
 .text.__retarget_lock_try_acquire
                0x000009f0        0x4 c:/ti/ccsv7/tools/compiler/gcc-arm-none-eabi-6-2017-q1-update/bin/../lib/gcc/arm-none-eabi/6.3.1/../../../../arm-none-eabi/lib/thumb/v7e-m/fpv4-sp/hard\libc.a(lib_a-lock.o)
                0x000009f0                __retarget_lock_try_acquire
 .text.__retarget_lock_try_acquire_recursive
                0x000009f4        0x4 c:/ti/ccsv7/tools/compiler/gcc-arm-none-eabi-6-2017-q1-update/bin/../lib/gcc/arm-none-eabi/6.3.1/../../../../arm-none-eabi/lib/thumb/v7e-m/fpv4-sp/hard\libc.a(lib_a-lock.o)
                0x000009f4                __retarget_lock_try_acquire_recursive
 .text.__retarget_lock_release
                0x000009f8        0x4 c:/ti/ccsv7/tools/compiler/gcc-arm-none-eabi-6-2017-q1-update/bin/../lib/gcc/arm-none-eabi/6.3.1/../../../../arm-none-eabi/lib/thumb/v7e-m/fpv4-sp/hard\libc.a(lib_a-lock.o)
                0x000009f8                __retarget_lock_release
 .text.__retarget_lock_release_recursive
                0x000009fc        0x4 c:/ti/ccsv7/tools/compiler/gcc-arm-none-eabi-6-2017-q1-update/bin/../lib/gcc/arm-none-eabi/6.3.1/../../../../arm-none-eabi/lib/thumb/v7e-m/fpv4-sp/hard\libc.a(lib_a-lock.o)
                0x000009fc                __retarget_lock_release_recursive
 .text.__register_exitproc
                0x00000a00       0xc4 c:/ti/ccsv7/tools/compiler/gcc-arm-none-eabi-6-2017-q1-update/bin/../lib/gcc/arm-none-eabi/6.3.1/../../../../arm-none-eabi/lib/thumb/v7e-m/fpv4-sp/hard\libc.a(lib_a-__atexit.o)
                0x00000a00                __register_exitproc
 .text._exit    0x00000ac4        0x4 c:/ti/ccsv7/tools/compiler/gcc-arm-none-eabi-6-2017-q1-update/bin/../lib/gcc/arm-none-eabi/6.3.1/../../../../arm-none-eabi/lib/thumb/v7e-m/fpv4-sp/hard\libnosys.a(_exit.o)
                0x00000ac4                _exit
                0x00000ac8                . = ALIGN (0x4)
 *(.ctors)
                0x00000ac8                . = ALIGN (0x4)
 *(.dtors)
                0x00000ac8                . = ALIGN (0x4)
                0x00000ac8                __init_array_start = .
 *(.init_array*)
 .init_array    0x00000ac8        0x4 c:/ti/ccsv7/tools/compiler/gcc-arm-none-eabi-6-2017-q1-update/bin/../lib/gcc/arm-none-eabi/6.3.1/thumb/v7e-m/fpv4-sp/hard/crtbegin.o
 .init_array.00000
                0x00000acc        0x4 c:/ti/ccsv7/tools/compiler/gcc-arm-none-eabi-6-2017-q1-update/bin/../lib/gcc/arm-none-eabi/6.3.1/../../../../arm-none-eabi/lib/thumb/v7e-m/fpv4-sp/hard\libc.a(lib_a-__call_atexit.o)
                0x00000ad0                __init_array_end = .
 *(.init)
 .init          0x00000ad0        0x4 c:/ti/ccsv7/tools/compiler/gcc-arm-none-eabi-6-2017-q1-update/bin/../lib/gcc/arm-none-eabi/6.3.1/thumb/v7e-m/fpv4-sp/hard/crti.o
                0x00000ad0                _init
 .init          0x00000ad4        0x8 c:/ti/ccsv7/tools/compiler/gcc-arm-none-eabi-6-2017-q1-update/bin/../lib/gcc/arm-none-eabi/6.3.1/thumb/v7e-m/fpv4-sp/hard/crtn.o
 *(.fini*)
 .fini          0x00000adc        0x4 c:/ti/ccsv7/tools/compiler/gcc-arm-none-eabi-6-2017-q1-update/bin/../lib/gcc/arm-none-eabi/6.3.1/thumb/v7e-m/fpv4-sp/hard/crti.o
                0x00000adc                _fini
 .fini_array    0x00000ae0        0x4 c:/ti/ccsv7/tools/compiler/gcc-arm-none-eabi-6-2017-q1-update/bin/../lib/gcc/arm-none-eabi/6.3.1/thumb/v7e-m/fpv4-sp/hard/crtbegin.o
 .fini          0x00000ae4        0x8 c:/ti/ccsv7/tools/compiler/gcc-arm-none-eabi-6-2017-q1-update/bin/../lib/gcc/arm-none-eabi/6.3.1/thumb/v7e-m/fpv4-sp/hard/crtn.o

.glue_7         0x00000aec        0x0
 .glue_7        0x00000aec        0x0 linker stubs

.glue_7t        0x00000aec        0x0
 .glue_7t       0x00000aec        0x0 linker stubs

.vfp11_veneer   0x00000aec        0x0
 .vfp11_veneer  0x00000aec        0x0 linker stubs

.v4_bx          0x00000aec        0x0
 .v4_bx         0x00000aec        0x0 linker stubs

.iplt           0x00000aec        0x0
 .iplt          0x00000aec        0x0 c:/ti/ccsv7/tools/compiler/gcc-arm-none-eabi-6-2017-q1-update/bin/../lib/gcc/arm-none-eabi/6.3.1/thumb/v7e-m/fpv4-sp/hard/crtbegin.o

.rodata         0x00000aec        0x4
 *(.rodata)
 *(.rodata.*)
 .rodata._global_impure_ptr
                0x00000aec        0x4 c:/ti/ccsv7/tools/compiler/gcc-arm-none-eabi-6-2017-q1-update/bin/../lib/gcc/arm-none-eabi/6.3.1/../../../../arm-none-eabi/lib/thumb/v7e-m/fpv4-sp/hard\libc.a(lib_a-impure.o)
                0x00000aec                _global_impure_ptr

.eh_frame       0x00000af0        0x4
 .eh_frame      0x00000af0        0x0 c:/ti/ccsv7/tools/compiler/gcc-arm-none-eabi-6-2017-q1-update/bin/../lib/gcc/arm-none-eabi/6.3.1/thumb/v7e-m/fpv4-sp/hard/crtbegin.o
 .eh_frame      0x00000af0        0x4 c:/ti/ccsv7/tools/compiler/gcc-arm-none-eabi-6-2017-q1-update/bin/../lib/gcc/arm-none-eabi/6.3.1/thumb/v7e-m/fpv4-sp/hard/crtend.o

.ARM.exidx      0x00000af4        0x8
                0x00000af4                __exidx_start = .
 *(.ARM.exidx* .gnu.linkonce.armexidx.*)
 .ARM.exidx     0x00000af4        0x8 c:/ti/ccsv7/tools/compiler/gcc-arm-none-eabi-6-2017-q1-update/bin/../lib/gcc/arm-none-eabi/6.3.1/../../../../arm-none-eabi/lib/thumb/v7e-m/fpv4-sp/hard/crt0.o
 .ARM.exidx     0x00000afc        0x0 ./main.o
                                 0x28 (size before relaxing)
                0x00000afc                __exidx_end = .

.ARM.extab      0x00000afc        0x0
 *(.ARM.extab* .gnu.linkonce.armextab.*)
 .ARM.extab     0x00000afc        0x0 c:/ti/ccsv7/tools/compiler/gcc-arm-none-eabi-6-2017-q1-update/bin/../lib/gcc/arm-none-eabi/6.3.1/../../../../arm-none-eabi/lib/thumb/v7e-m/fpv4-sp/hard/crt0.o
 .ARM.extab     0x00000afc        0x0 ./main.o
                0x00000afc                __etext = .

.rel.dyn        0x00000afc        0x0
 .rel.iplt      0x00000afc        0x0 c:/ti/ccsv7/tools/compiler/gcc-arm-none-eabi-6-2017-q1-update/bin/../lib/gcc/arm-none-eabi/6.3.1/thumb/v7e-m/fpv4-sp/hard/crtbegin.o

.data           0x20000000      0x43c load address 0x00000afc
                0x00000afc                __data_load__ = LOADADDR (.data)
                0x20000000                __data_start__ = .
 *(.data)
 .data          0x20000000        0x0 c:/ti/ccsv7/tools/compiler/gcc-arm-none-eabi-6-2017-q1-update/bin/../lib/gcc/arm-none-eabi/6.3.1/thumb/v7e-m/fpv4-sp/hard/crti.o
 .data          0x20000000        0x4 c:/ti/ccsv7/tools/compiler/gcc-arm-none-eabi-6-2017-q1-update/bin/../lib/gcc/arm-none-eabi/6.3.1/thumb/v7e-m/fpv4-sp/hard/crtbegin.o
                0x20000000                __dso_handle
 .data          0x20000004        0x0 c:/ti/ccsv7/tools/compiler/gcc-arm-none-eabi-6-2017-q1-update/bin/../lib/gcc/arm-none-eabi/6.3.1/../../../../arm-none-eabi/lib/thumb/v7e-m/fpv4-sp/hard/crt0.o
 .data          0x20000004        0x0 ./main.o
 .data          0x20000004        0x0 ./startup_msp432p401r_gcc.o
 .data          0x20000004        0x4 ./system_msp432p401r.o
                0x20000004                SystemCoreClock
 .data          0x20000008        0x0 c:/ti/ccsv7/tools/compiler/gcc-arm-none-eabi-6-2017-q1-update/bin/../lib/gcc/arm-none-eabi/6.3.1/../../../../arm-none-eabi/lib/thumb/v7e-m/fpv4-sp/hard\libc.a(lib_a-exit.o)
 .data          0x20000008        0x0 c:/ti/ccsv7/tools/compiler/gcc-arm-none-eabi-6-2017-q1-update/bin/../lib/gcc/arm-none-eabi/6.3.1/../../../../arm-none-eabi/lib/thumb/v7e-m/fpv4-sp/hard\libc.a(lib_a-impure.o)
 .data          0x20000008        0x0 c:/ti/ccsv7/tools/compiler/gcc-arm-none-eabi-6-2017-q1-update/bin/../lib/gcc/arm-none-eabi/6.3.1/../../../../arm-none-eabi/lib/thumb/v7e-m/fpv4-sp/hard\libc.a(lib_a-init.o)
 .data          0x20000008        0x0 c:/ti/ccsv7/tools/compiler/gcc-arm-none-eabi-6-2017-q1-update/bin/../lib/gcc/arm-none-eabi/6.3.1/../../../../arm-none-eabi/lib/thumb/v7e-m/fpv4-sp/hard\libc.a(lib_a-memset.o)
 .data          0x20000008        0x0 c:/ti/ccsv7/tools/compiler/gcc-arm-none-eabi-6-2017-q1-update/bin/../lib/gcc/arm-none-eabi/6.3.1/../../../../arm-none-eabi/lib/thumb/v7e-m/fpv4-sp/hard\libc.a(lib_a-__call_atexit.o)
 .data          0x20000008        0x0 c:/ti/ccsv7/tools/compiler/gcc-arm-none-eabi-6-2017-q1-update/bin/../lib/gcc/arm-none-eabi/6.3.1/../../../../arm-none-eabi/lib/thumb/v7e-m/fpv4-sp/hard\libc.a(lib_a-atexit.o)
 .data          0x20000008        0x0 c:/ti/ccsv7/tools/compiler/gcc-arm-none-eabi-6-2017-q1-update/bin/../lib/gcc/arm-none-eabi/6.3.1/../../../../arm-none-eabi/lib/thumb/v7e-m/fpv4-sp/hard\libc.a(lib_a-fini.o)
 .data          0x20000008        0x0 c:/ti/ccsv7/tools/compiler/gcc-arm-none-eabi-6-2017-q1-update/bin/../lib/gcc/arm-none-eabi/6.3.1/../../../../arm-none-eabi/lib/thumb/v7e-m/fpv4-sp/hard\libc.a(lib_a-lock.o)
 .data          0x20000008        0x0 c:/ti/ccsv7/tools/compiler/gcc-arm-none-eabi-6-2017-q1-update/bin/../lib/gcc/arm-none-eabi/6.3.1/../../../../arm-none-eabi/lib/thumb/v7e-m/fpv4-sp/hard\libc.a(lib_a-__atexit.o)
 .data          0x20000008        0x0 c:/ti/ccsv7/tools/compiler/gcc-arm-none-eabi-6-2017-q1-update/bin/../lib/gcc/arm-none-eabi/6.3.1/../../../../arm-none-eabi/lib/thumb/v7e-m/fpv4-sp/hard\libnosys.a(_exit.o)
 .data          0x20000008        0x0 c:/ti/ccsv7/tools/compiler/gcc-arm-none-eabi-6-2017-q1-update/bin/../lib/gcc/arm-none-eabi/6.3.1/thumb/v7e-m/fpv4-sp/hard/crtend.o
 .data          0x20000008        0x0 c:/ti/ccsv7/tools/compiler/gcc-arm-none-eabi-6-2017-q1-update/bin/../lib/gcc/arm-none-eabi/6.3.1/thumb/v7e-m/fpv4-sp/hard/crtn.o
 *(.data*)
 .data._impure_ptr
                0x20000008        0x4 c:/ti/ccsv7/tools/compiler/gcc-arm-none-eabi-6-2017-q1-update/bin/../lib/gcc/arm-none-eabi/6.3.1/../../../../arm-none-eabi/lib/thumb/v7e-m/fpv4-sp/hard\libc.a(lib_a-impure.o)
                0x20000008                _impure_ptr
 *fill*         0x2000000c        0x4 
 .data.impure_data
                0x20000010      0x428 c:/ti/ccsv7/tools/compiler/gcc-arm-none-eabi-6-2017-q1-update/bin/../lib/gcc/arm-none-eabi/6.3.1/../../../../arm-none-eabi/lib/thumb/v7e-m/fpv4-sp/hard\libc.a(lib_a-impure.o)
 .data.__atexit_recursive_mutex
                0x20000438        0x4 c:/ti/ccsv7/tools/compiler/gcc-arm-none-eabi-6-2017-q1-update/bin/../lib/gcc/arm-none-eabi/6.3.1/../../../../arm-none-eabi/lib/thumb/v7e-m/fpv4-sp/hard\libc.a(lib_a-__call_atexit.o)
                0x20000438                __atexit_recursive_mutex
                0x2000043c                . = ALIGN (0x4)
                0x2000043c                __data_end__ = .

.jcr            0x2000043c        0x4 load address 0x00000f38
 .jcr           0x2000043c        0x0 c:/ti/ccsv7/tools/compiler/gcc-arm-none-eabi-6-2017-q1-update/bin/../lib/gcc/arm-none-eabi/6.3.1/thumb/v7e-m/fpv4-sp/hard/crtbegin.o
 .jcr           0x2000043c        0x4 c:/ti/ccsv7/tools/compiler/gcc-arm-none-eabi-6-2017-q1-update/bin/../lib/gcc/arm-none-eabi/6.3.1/thumb/v7e-m/fpv4-sp/hard/crtend.o

.igot.plt       0x20000440        0x0 load address 0x00000f3c
 .igot.plt      0x20000440        0x0 c:/ti/ccsv7/tools/compiler/gcc-arm-none-eabi-6-2017-q1-update/bin/../lib/gcc/arm-none-eabi/6.3.1/thumb/v7e-m/fpv4-sp/hard/crtbegin.o

.bss            0x20000440       0x44
                0x20000440                __bss_start__ = .
 *(.shbss)
 *(.bss)
 .bss           0x20000440        0x0 c:/ti/ccsv7/tools/compiler/gcc-arm-none-eabi-6-2017-q1-update/bin/../lib/gcc/arm-none-eabi/6.3.1/thumb/v7e-m/fpv4-sp/hard/crti.o
 .bss           0x20000440       0x1c c:/ti/ccsv7/tools/compiler/gcc-arm-none-eabi-6-2017-q1-update/bin/../lib/gcc/arm-none-eabi/6.3.1/thumb/v7e-m/fpv4-sp/hard/crtbegin.o
 .bss           0x2000045c        0x0 c:/ti/ccsv7/tools/compiler/gcc-arm-none-eabi-6-2017-q1-update/bin/../lib/gcc/arm-none-eabi/6.3.1/../../../../arm-none-eabi/lib/thumb/v7e-m/fpv4-sp/hard/crt0.o
 .bss           0x2000045c        0x2 ./main.o
                0x2000045c                ADC14Result
 .bss           0x2000045e        0x0 ./startup_msp432p401r_gcc.o
 .bss           0x2000045e        0x0 ./system_msp432p401r.o
 .bss           0x2000045e        0x0 c:/ti/ccsv7/tools/compiler/gcc-arm-none-eabi-6-2017-q1-update/bin/../lib/gcc/arm-none-eabi/6.3.1/../../../../arm-none-eabi/lib/thumb/v7e-m/fpv4-sp/hard\libc.a(lib_a-exit.o)
 .bss           0x2000045e        0x0 c:/ti/ccsv7/tools/compiler/gcc-arm-none-eabi-6-2017-q1-update/bin/../lib/gcc/arm-none-eabi/6.3.1/../../../../arm-none-eabi/lib/thumb/v7e-m/fpv4-sp/hard\libc.a(lib_a-impure.o)
 .bss           0x2000045e        0x0 c:/ti/ccsv7/tools/compiler/gcc-arm-none-eabi-6-2017-q1-update/bin/../lib/gcc/arm-none-eabi/6.3.1/../../../../arm-none-eabi/lib/thumb/v7e-m/fpv4-sp/hard\libc.a(lib_a-init.o)
 .bss           0x2000045e        0x0 c:/ti/ccsv7/tools/compiler/gcc-arm-none-eabi-6-2017-q1-update/bin/../lib/gcc/arm-none-eabi/6.3.1/../../../../arm-none-eabi/lib/thumb/v7e-m/fpv4-sp/hard\libc.a(lib_a-memset.o)
 .bss           0x2000045e        0x0 c:/ti/ccsv7/tools/compiler/gcc-arm-none-eabi-6-2017-q1-update/bin/../lib/gcc/arm-none-eabi/6.3.1/../../../../arm-none-eabi/lib/thumb/v7e-m/fpv4-sp/hard\libc.a(lib_a-__call_atexit.o)
 .bss           0x2000045e        0x0 c:/ti/ccsv7/tools/compiler/gcc-arm-none-eabi-6-2017-q1-update/bin/../lib/gcc/arm-none-eabi/6.3.1/../../../../arm-none-eabi/lib/thumb/v7e-m/fpv4-sp/hard\libc.a(lib_a-atexit.o)
 .bss           0x2000045e        0x0 c:/ti/ccsv7/tools/compiler/gcc-arm-none-eabi-6-2017-q1-update/bin/../lib/gcc/arm-none-eabi/6.3.1/../../../../arm-none-eabi/lib/thumb/v7e-m/fpv4-sp/hard\libc.a(lib_a-fini.o)
 .bss           0x2000045e        0x0 c:/ti/ccsv7/tools/compiler/gcc-arm-none-eabi-6-2017-q1-update/bin/../lib/gcc/arm-none-eabi/6.3.1/../../../../arm-none-eabi/lib/thumb/v7e-m/fpv4-sp/hard\libc.a(lib_a-lock.o)
 .bss           0x2000045e        0x0 c:/ti/ccsv7/tools/compiler/gcc-arm-none-eabi-6-2017-q1-update/bin/../lib/gcc/arm-none-eabi/6.3.1/../../../../arm-none-eabi/lib/thumb/v7e-m/fpv4-sp/hard\libc.a(lib_a-__atexit.o)
 .bss           0x2000045e        0x0 c:/ti/ccsv7/tools/compiler/gcc-arm-none-eabi-6-2017-q1-update/bin/../lib/gcc/arm-none-eabi/6.3.1/../../../../arm-none-eabi/lib/thumb/v7e-m/fpv4-sp/hard\libnosys.a(_exit.o)
 .bss           0x2000045e        0x0 c:/ti/ccsv7/tools/compiler/gcc-arm-none-eabi-6-2017-q1-update/bin/../lib/gcc/arm-none-eabi/6.3.1/thumb/v7e-m/fpv4-sp/hard/crtend.o
 .bss           0x2000045e        0x0 c:/ti/ccsv7/tools/compiler/gcc-arm-none-eabi-6-2017-q1-update/bin/../lib/gcc/arm-none-eabi/6.3.1/thumb/v7e-m/fpv4-sp/hard/crtn.o
 *(.bss.*)
 *(COMMON)
 *fill*         0x2000045e        0x2 
 COMMON         0x20000460       0x21 c:/ti/ccsv7/tools/compiler/gcc-arm-none-eabi-6-2017-q1-update/bin/../lib/gcc/arm-none-eabi/6.3.1/../../../../arm-none-eabi/lib/thumb/v7e-m/fpv4-sp/hard\libc.a(lib_a-lock.o)
                0x20000460                __lock___atexit_recursive_mutex
                0x20000464                __lock___arc4random_mutex
                0x20000468                __lock___env_recursive_mutex
                0x2000046c                __lock___sinit_recursive_mutex
                0x20000470                __lock___malloc_recursive_mutex
                0x20000474                __lock___at_quick_exit_mutex
                0x20000478                __lock___dd_hash_mutex
                0x2000047c                __lock___tz_mutex
                0x20000480                __lock___sfp_recursive_mutex
                0x20000484                . = ALIGN (0x4)
 *fill*         0x20000481        0x3 
                0x20000484                __bss_end__ = .

.heap           0x20000484        0x0
                0x20000484                __heap_start__ = .
                0x20000484                end = __heap_start__
                0x20000484                _end = end
                0x20000484                __end = end
 *(.heap)
                0x20000484                __heap_end__ = .
                0x20000484                __HeapLimit = __heap_end__

.stack          0x20000488        0x0
                0x20000488                _stack = .
 *(.stack)
                0x20010000                __StackTop = (ORIGIN (REGION_STACK) + LENGTH (REGION_STACK))
                0x20010000                PROVIDE (__stack, __StackTop)
START GROUP
LOAD c:/ti/ccsv7/tools/compiler/gcc-arm-none-eabi-6-2017-q1-update/bin/../lib/gcc/arm-none-eabi/6.3.1/thumb/v7e-m/fpv4-sp/hard\libgcc.a
LOAD c:/ti/ccsv7/tools/compiler/gcc-arm-none-eabi-6-2017-q1-update/bin/../lib/gcc/arm-none-eabi/6.3.1/../../../../arm-none-eabi/lib/thumb/v7e-m/fpv4-sp/hard\libnosys.a
LOAD c:/ti/ccsv7/tools/compiler/gcc-arm-none-eabi-6-2017-q1-update/bin/../lib/gcc/arm-none-eabi/6.3.1/../../../../arm-none-eabi/lib/thumb/v7e-m/fpv4-sp/hard\libc.a
END GROUP
START GROUP
LOAD c:/ti/ccsv7/tools/compiler/gcc-arm-none-eabi-6-2017-q1-update/bin/../lib/gcc/arm-none-eabi/6.3.1/thumb/v7e-m/fpv4-sp/hard\libgcc.a
LOAD c:/ti/ccsv7/tools/compiler/gcc-arm-none-eabi-6-2017-q1-update/bin/../lib/gcc/arm-none-eabi/6.3.1/../../../../arm-none-eabi/lib/thumb/v7e-m/fpv4-sp/hard\libg.a
LOAD c:/ti/ccsv7/tools/compiler/gcc-arm-none-eabi-6-2017-q1-update/bin/../lib/gcc/arm-none-eabi/6.3.1/../../../../arm-none-eabi/lib/thumb/v7e-m/fpv4-sp/hard\libc.a
END GROUP
LOAD c:/ti/ccsv7/tools/compiler/gcc-arm-none-eabi-6-2017-q1-update/bin/../lib/gcc/arm-none-eabi/6.3.1/thumb/v7e-m/fpv4-sp/hard/crtend.o
LOAD c:/ti/ccsv7/tools/compiler/gcc-arm-none-eabi-6-2017-q1-update/bin/../lib/gcc/arm-none-eabi/6.3.1/thumb/v7e-m/fpv4-sp/hard/crtn.o
OUTPUT(Clase 4.out elf32-littlearm)

.ARM.attributes
                0x00000000       0x30
 .ARM.attributes
                0x00000000       0x22 c:/ti/ccsv7/tools/compiler/gcc-arm-none-eabi-6-2017-q1-update/bin/../lib/gcc/arm-none-eabi/6.3.1/thumb/v7e-m/fpv4-sp/hard/crti.o
 .ARM.attributes
                0x00000022       0x34 c:/ti/ccsv7/tools/compiler/gcc-arm-none-eabi-6-2017-q1-update/bin/../lib/gcc/arm-none-eabi/6.3.1/thumb/v7e-m/fpv4-sp/hard/crtbegin.o
 .ARM.attributes
                0x00000056       0x20 c:/ti/ccsv7/tools/compiler/gcc-arm-none-eabi-6-2017-q1-update/bin/../lib/gcc/arm-none-eabi/6.3.1/../../../../arm-none-eabi/lib/thumb/v7e-m/fpv4-sp/hard/crt0.o
 .ARM.attributes
                0x00000076       0x39 ./main.o
 .ARM.attributes
                0x000000af       0x39 ./startup_msp432p401r_gcc.o
 .ARM.attributes
                0x000000e8       0x39 ./system_msp432p401r.o
 .ARM.attributes
                0x00000121       0x34 c:/ti/ccsv7/tools/compiler/gcc-arm-none-eabi-6-2017-q1-update/bin/../lib/gcc/arm-none-eabi/6.3.1/../../../../arm-none-eabi/lib/thumb/v7e-m/fpv4-sp/hard\libc.a(lib_a-exit.o)
 .ARM.attributes
                0x00000155       0x34 c:/ti/ccsv7/tools/compiler/gcc-arm-none-eabi-6-2017-q1-update/bin/../lib/gcc/arm-none-eabi/6.3.1/../../../../arm-none-eabi/lib/thumb/v7e-m/fpv4-sp/hard\libc.a(lib_a-impure.o)
 .ARM.attributes
                0x00000189       0x34 c:/ti/ccsv7/tools/compiler/gcc-arm-none-eabi-6-2017-q1-update/bin/../lib/gcc/arm-none-eabi/6.3.1/../../../../arm-none-eabi/lib/thumb/v7e-m/fpv4-sp/hard\libc.a(lib_a-init.o)
 .ARM.attributes
                0x000001bd       0x34 c:/ti/ccsv7/tools/compiler/gcc-arm-none-eabi-6-2017-q1-update/bin/../lib/gcc/arm-none-eabi/6.3.1/../../../../arm-none-eabi/lib/thumb/v7e-m/fpv4-sp/hard\libc.a(lib_a-memset.o)
 .ARM.attributes
                0x000001f1       0x34 c:/ti/ccsv7/tools/compiler/gcc-arm-none-eabi-6-2017-q1-update/bin/../lib/gcc/arm-none-eabi/6.3.1/../../../../arm-none-eabi/lib/thumb/v7e-m/fpv4-sp/hard\libc.a(lib_a-__call_atexit.o)
 .ARM.attributes
                0x00000225       0x34 c:/ti/ccsv7/tools/compiler/gcc-arm-none-eabi-6-2017-q1-update/bin/../lib/gcc/arm-none-eabi/6.3.1/../../../../arm-none-eabi/lib/thumb/v7e-m/fpv4-sp/hard\libc.a(lib_a-atexit.o)
 .ARM.attributes
                0x00000259       0x34 c:/ti/ccsv7/tools/compiler/gcc-arm-none-eabi-6-2017-q1-update/bin/../lib/gcc/arm-none-eabi/6.3.1/../../../../arm-none-eabi/lib/thumb/v7e-m/fpv4-sp/hard\libc.a(lib_a-fini.o)
 .ARM.attributes
                0x0000028d       0x34 c:/ti/ccsv7/tools/compiler/gcc-arm-none-eabi-6-2017-q1-update/bin/../lib/gcc/arm-none-eabi/6.3.1/../../../../arm-none-eabi/lib/thumb/v7e-m/fpv4-sp/hard\libc.a(lib_a-lock.o)
 .ARM.attributes
                0x000002c1       0x34 c:/ti/ccsv7/tools/compiler/gcc-arm-none-eabi-6-2017-q1-update/bin/../lib/gcc/arm-none-eabi/6.3.1/../../../../arm-none-eabi/lib/thumb/v7e-m/fpv4-sp/hard\libc.a(lib_a-__atexit.o)
 .ARM.attributes
                0x000002f5       0x34 c:/ti/ccsv7/tools/compiler/gcc-arm-none-eabi-6-2017-q1-update/bin/../lib/gcc/arm-none-eabi/6.3.1/../../../../arm-none-eabi/lib/thumb/v7e-m/fpv4-sp/hard\libnosys.a(_exit.o)
 .ARM.attributes
                0x00000329       0x34 c:/ti/ccsv7/tools/compiler/gcc-arm-none-eabi-6-2017-q1-update/bin/../lib/gcc/arm-none-eabi/6.3.1/thumb/v7e-m/fpv4-sp/hard/crtend.o
 .ARM.attributes
                0x0000035d       0x22 c:/ti/ccsv7/tools/compiler/gcc-arm-none-eabi-6-2017-q1-update/bin/../lib/gcc/arm-none-eabi/6.3.1/thumb/v7e-m/fpv4-sp/hard/crtn.o

.comment        0x00000000       0x7f
 .comment       0x00000000       0x7f ./main.o
                                 0x80 (size before relaxing)
 .comment       0x0000007f       0x80 ./startup_msp432p401r_gcc.o
 .comment       0x0000007f       0x80 ./system_msp432p401r.o

.debug_info     0x00000000     0x18fe
 .debug_info    0x00000000      0xa44 ./main.o
 .debug_info    0x00000a44      0x149 ./startup_msp432p401r_gcc.o
 .debug_info    0x00000b8d      0xd71 ./system_msp432p401r.o

.debug_abbrev   0x00000000      0x359
 .debug_abbrev  0x00000000      0x187 ./main.o
 .debug_abbrev  0x00000187       0xbd ./startup_msp432p401r_gcc.o
 .debug_abbrev  0x00000244      0x115 ./system_msp432p401r.o

.debug_aranges  0x00000000       0x60
 .debug_aranges
                0x00000000       0x20 ./main.o
 .debug_aranges
                0x00000020       0x20 ./startup_msp432p401r_gcc.o
 .debug_aranges
                0x00000040       0x20 ./system_msp432p401r.o

.debug_line     0x00000000      0x53a
 .debug_line    0x00000000      0x1eb ./main.o
 .debug_line    0x000001eb      0x12b ./startup_msp432p401r_gcc.o
 .debug_line    0x00000316      0x224 ./system_msp432p401r.o

.debug_str      0x00000000      0xf7d
 .debug_str     0x00000000      0x644 ./main.o
                                0x721 (size before relaxing)
 .debug_str     0x00000644      0x14a ./startup_msp432p401r_gcc.o
                                0x222 (size before relaxing)
 .debug_str     0x0000078e      0x7ef ./system_msp432p401r.o
                                0xabe (size before relaxing)

.debug_frame    0x00000000      0x39c
 .debug_frame   0x00000000       0xbc ./main.o
 .debug_frame   0x000000bc       0x4c ./startup_msp432p401r_gcc.o
 .debug_frame   0x00000108       0x58 ./system_msp432p401r.o
 .debug_frame   0x00000160       0x28 c:/ti/ccsv7/tools/compiler/gcc-arm-none-eabi-6-2017-q1-update/bin/../lib/gcc/arm-none-eabi/6.3.1/../../../../arm-none-eabi/lib/thumb/v7e-m/fpv4-sp/hard\libc.a(lib_a-exit.o)
 .debug_frame   0x00000188       0x2c c:/ti/ccsv7/tools/compiler/gcc-arm-none-eabi-6-2017-q1-update/bin/../lib/gcc/arm-none-eabi/6.3.1/../../../../arm-none-eabi/lib/thumb/v7e-m/fpv4-sp/hard\libc.a(lib_a-init.o)
 .debug_frame   0x000001b4       0x34 c:/ti/ccsv7/tools/compiler/gcc-arm-none-eabi-6-2017-q1-update/bin/../lib/gcc/arm-none-eabi/6.3.1/../../../../arm-none-eabi/lib/thumb/v7e-m/fpv4-sp/hard\libc.a(lib_a-memset.o)
 .debug_frame   0x000001e8       0x5c c:/ti/ccsv7/tools/compiler/gcc-arm-none-eabi-6-2017-q1-update/bin/../lib/gcc/arm-none-eabi/6.3.1/../../../../arm-none-eabi/lib/thumb/v7e-m/fpv4-sp/hard\libc.a(lib_a-__call_atexit.o)
 .debug_frame   0x00000244       0x20 c:/ti/ccsv7/tools/compiler/gcc-arm-none-eabi-6-2017-q1-update/bin/../lib/gcc/arm-none-eabi/6.3.1/../../../../arm-none-eabi/lib/thumb/v7e-m/fpv4-sp/hard\libc.a(lib_a-atexit.o)
 .debug_frame   0x00000264       0x34 c:/ti/ccsv7/tools/compiler/gcc-arm-none-eabi-6-2017-q1-update/bin/../lib/gcc/arm-none-eabi/6.3.1/../../../../arm-none-eabi/lib/thumb/v7e-m/fpv4-sp/hard\libc.a(lib_a-fini.o)
 .debug_frame   0x00000298       0xb0 c:/ti/ccsv7/tools/compiler/gcc-arm-none-eabi-6-2017-q1-update/bin/../lib/gcc/arm-none-eabi/6.3.1/../../../../arm-none-eabi/lib/thumb/v7e-m/fpv4-sp/hard\libc.a(lib_a-lock.o)
 .debug_frame   0x00000348       0x34 c:/ti/ccsv7/tools/compiler/gcc-arm-none-eabi-6-2017-q1-update/bin/../lib/gcc/arm-none-eabi/6.3.1/../../../../arm-none-eabi/lib/thumb/v7e-m/fpv4-sp/hard\libc.a(lib_a-__atexit.o)
 .debug_frame   0x0000037c       0x20 c:/ti/ccsv7/tools/compiler/gcc-arm-none-eabi-6-2017-q1-update/bin/../lib/gcc/arm-none-eabi/6.3.1/../../../../arm-none-eabi/lib/thumb/v7e-m/fpv4-sp/hard\libnosys.a(_exit.o)
